[2026-07-31 14:14:26] Starting orchestrator (orch-20260731-141425)
[2026-07-31 14:14:26] Bootstrapping worktrees...
[2026-07-31 14:14:31] Seeding topic failure flags from history...
[2026-07-31 14:14:31] flags seed: {"blockedStems":14,"blockedThemes":6,"failures":31}
[2026-07-31 14:14:31] Recovering any orphaned merge state...
[2026-07-31 14:14:31] merge recover: {
  "recover": true,
  "recovered": false,
  "reason": "no stash state"
}
[2026-07-31 14:14:59] Assigning recovery job job-ms95h2me-nnvtq (ai-financing-research-2026) -> worker 5
[2026-07-31 14:14:59] Assigning job job-ms95h2me-nnvtq -> worker 5
[2026-07-31 14:15:29] Assigning job job-ms99ja60-qok79 -> worker 4
[2026-07-31 14:15:43] Assigning recovery job job-ms993lcq-evjtu (industrial-robotics-research-2026) -> worker 5
[2026-07-31 14:15:43] Assigning job job-ms993lcq-evjtu -> worker 5
[2026-07-31 14:15:58] Worker 1 marked busy but process gone - clearing slot (job=job-ms98umw1-fb4kn)
[2026-07-31 14:16:06] Assigning job job-ms99k46j-4q67n -> worker 1
[2026-07-31 14:16:12] Assigning job job-ms99ja60-qok79 -> worker 4
[2026-07-31 14:16:24] Assigning recovery job job-ms993lcq-evjtu (industrial-robotics-research-2026) -> worker 5
[2026-07-31 14:16:24] Assigning job job-ms993lcq-evjtu -> worker 5
[2026-07-31 14:16:41] Assigning job job-ms99k46j-4q67n -> worker 1
[2026-07-31 14:16:46] Assigning job job-ms99ja60-qok79 -> worker 4
[2026-07-31 14:16:57] Assigning recovery job job-ms993lcq-evjtu (industrial-robotics-research-2026) -> worker 5
[2026-07-31 14:16:57] Assigning job job-ms993lcq-evjtu -> worker 5
[2026-07-31 14:17:16] Assigning job job-ms99k46j-4q67n -> worker 1
[2026-07-31 14:17:23] Assigning job job-ms99ja60-qok79 -> worker 4
[2026-07-31 14:17:43] Assigning recovery job job-ms993lcq-evjtu (industrial-robotics-research-2026) -> worker 5
[2026-07-31 14:17:43] Assigning job job-ms993lcq-evjtu -> worker 5
[2026-07-31 14:18:01] Assigning job job-ms99k46j-4q67n -> worker 1
[2026-07-31 14:18:07] Assigning job job-ms99ja60-qok79 -> worker 4
[2026-07-31 14:18:24] Assigning recovery job job-ms993lcq-evjtu (industrial-robotics-research-2026) -> worker 5
[2026-07-31 14:18:24] Assigning job job-ms993lcq-evjtu -> worker 5
[2026-07-31 14:19:01] Assigning job job-ms99k46j-4q67n -> worker 1
[2026-07-31 14:20:13] Assigning job job-ms99pelm-odfan -> worker 1
[2026-07-31 14:20:34] Worker 5 marked busy but process gone - clearing slot (job=job-ms98umw1-fb4kn)
[2026-07-31 14:21:01] Assigning recovery job job-ms993lcq-evjtu (industrial-robotics-research-2026) -> worker 5
[2026-07-31 14:21:01] Assigning job job-ms993lcq-evjtu -> worker 5
[2026-07-31 14:23:01] Assigning job job-ms99sz9l-1cock -> worker 2
[2026-07-31 14:25:45] Assigning job job-ms99k46j-4q67n -> worker 4
[2026-07-31 14:26:17] Assigning job job-ms99x5q9-dvrcm -> worker 3
