[2026-07-31 23:20:06] Starting orchestrator (orch-20260731-232006)
[2026-07-31 23:20:06] Bootstrapping worktrees...
[2026-07-31 23:20:09] Seeding topic failure flags from history...
[2026-07-31 23:20:09] flags seed: {"blockedStems":0,"blockedThemes":0,"failures":161}
[2026-07-31 23:20:09] Recovering any orphaned merge state...
[2026-07-31 23:20:09] merge recover: {
  "recover": true,
  "recovered": false,
  "reason": "no stash state"
}
[2026-07-31 23:20:11] Worker 1 marked busy but process gone - clearing slot (job=job-ms9sfs3o-xpkey)
[2026-07-31 23:20:18] Assigning recovery job job-ms9sfs3o-xpkey (commercial-aircraft-final-assembly-geography-2026) -> worker 5
[2026-07-31 23:20:18] Assigning job job-ms9sfs3o-xpkey -> worker 5
[2026-07-31 23:20:30] Assigning recovery job job-ms9sfs3o-xpkey (commercial-aircraft-final-assembly-geography-2026) -> worker 5
[2026-07-31 23:20:30] Assigning job job-ms9sfs3o-xpkey -> worker 5
[2026-07-31 23:20:54] Assigning recovery job job-ms9sfs3o-xpkey (commercial-aircraft-final-assembly-geography-2026) -> worker 5
[2026-07-31 23:20:54] Assigning job job-ms9sfs3o-xpkey -> worker 5
[2026-07-31 23:21:18] Assigning recovery job job-ms9sfs3o-xpkey (commercial-aircraft-final-assembly-geography-2026) -> worker 5
[2026-07-31 23:21:18] Assigning job job-ms9sfs3o-xpkey -> worker 5
[2026-07-31 23:21:32] Assigning recovery job job-ms9sfs3o-xpkey (commercial-aircraft-final-assembly-geography-2026) -> worker 5
[2026-07-31 23:21:32] Assigning job job-ms9sfs3o-xpkey -> worker 5
[2026-07-31 23:21:47] Assigning recovery job job-ms9sfs3o-xpkey (commercial-aircraft-final-assembly-geography-2026) -> worker 5
[2026-07-31 23:21:47] Assigning job job-ms9sfs3o-xpkey -> worker 5
[2026-07-31 23:22:14] Assigning recovery job job-ms9sfs3o-xpkey (commercial-aircraft-final-assembly-geography-2026) -> worker 5
[2026-07-31 23:22:14] Assigning job job-ms9sfs3o-xpkey -> worker 5
[2026-07-31 23:22:58] Assigning recovery job job-ms9sfs3o-xpkey (commercial-aircraft-final-assembly-geography-2026) -> worker 5
[2026-07-31 23:22:58] Assigning job job-ms9sfs3o-xpkey -> worker 5
[2026-07-31 23:23:14] Assigning recovery job job-ms9sfs3o-xpkey (commercial-aircraft-final-assembly-geography-2026) -> worker 5
[2026-07-31 23:23:14] Assigning job job-ms9sfs3o-xpkey -> worker 5
[2026-07-31 23:23:31] Assigning recovery job job-ms9sfs3o-xpkey (commercial-aircraft-final-assembly-geography-2026) -> worker 5
[2026-07-31 23:23:31] Assigning job job-ms9sfs3o-xpkey -> worker 5
[2026-07-31 23:23:47] Assigning recovery job job-ms9sfs3o-xpkey (commercial-aircraft-final-assembly-geography-2026) -> worker 5
[2026-07-31 23:23:47] Assigning job job-ms9sfs3o-xpkey -> worker 5
[2026-07-31 23:24:00] WARN: claim-next-topics exit=-1073740791
[2026-07-31 23:24:00] Assigning recovery job job-ms9sfs3o-xpkey (commercial-aircraft-final-assembly-geography-2026) -> worker 5
[2026-07-31 23:24:00] Assigning job job-ms9sfs3o-xpkey -> worker 5
[2026-07-31 23:24:15] Assigning recovery job job-ms9sfs3o-xpkey (commercial-aircraft-final-assembly-geography-2026) -> worker 5
[2026-07-31 23:24:15] Assigning job job-ms9sfs3o-xpkey -> worker 5
[2026-07-31 23:24:29] Assigning recovery job job-ms9sfs3o-xpkey (commercial-aircraft-final-assembly-geography-2026) -> worker 5
[2026-07-31 23:24:29] Assigning job job-ms9sfs3o-xpkey -> worker 5
[2026-07-31 23:24:44] Assigning recovery job job-ms9sfs3o-xpkey (commercial-aircraft-final-assembly-geography-2026) -> worker 5
[2026-07-31 23:24:44] Assigning job job-ms9sfs3o-xpkey -> worker 5
[2026-07-31 23:24:57] Assigning recovery job job-ms9sfs3o-xpkey (commercial-aircraft-final-assembly-geography-2026) -> worker 5
[2026-07-31 23:24:57] Assigning job job-ms9sfs3o-xpkey -> worker 5
[2026-07-31 23:25:12] Assigning recovery job job-ms9sfs3o-xpkey (commercial-aircraft-final-assembly-geography-2026) -> worker 5
[2026-07-31 23:25:12] Assigning job job-ms9sfs3o-xpkey -> worker 5
[2026-07-31 23:25:27] Assigning recovery job job-ms9sfs3o-xpkey (commercial-aircraft-final-assembly-geography-2026) -> worker 5
[2026-07-31 23:25:27] Assigning job job-ms9sfs3o-xpkey -> worker 5
[2026-07-31 23:25:44] Assigning recovery job job-ms9sfs3o-xpkey (commercial-aircraft-final-assembly-geography-2026) -> worker 5
[2026-07-31 23:25:44] Assigning job job-ms9sfs3o-xpkey -> worker 5
[2026-07-31 23:26:02] Assigning recovery job job-ms9sfs3o-xpkey (commercial-aircraft-final-assembly-geography-2026) -> worker 5
[2026-07-31 23:26:02] Assigning job job-ms9sfs3o-xpkey -> worker 5
[2026-07-31 23:26:15] Assigning recovery job job-ms9sfs3o-xpkey (commercial-aircraft-final-assembly-geography-2026) -> worker 5
[2026-07-31 23:26:15] Assigning job job-ms9sfs3o-xpkey -> worker 5
[2026-07-31 23:26:31] Assigning recovery job job-ms9sfs3o-xpkey (commercial-aircraft-final-assembly-geography-2026) -> worker 5
[2026-07-31 23:26:31] Assigning job job-ms9sfs3o-xpkey -> worker 5
[2026-07-31 23:26:45] Assigning recovery job job-ms9sfs3o-xpkey (commercial-aircraft-final-assembly-geography-2026) -> worker 5
[2026-07-31 23:26:45] Assigning job job-ms9sfs3o-xpkey -> worker 5
[2026-07-31 23:27:00] Assigning recovery job job-ms9sfs3o-xpkey (commercial-aircraft-final-assembly-geography-2026) -> worker 5
[2026-07-31 23:27:00] Assigning job job-ms9sfs3o-xpkey -> worker 5
[2026-07-31 23:27:13] Assigning recovery job job-ms9sfs3o-xpkey (commercial-aircraft-final-assembly-geography-2026) -> worker 5
[2026-07-31 23:27:13] Assigning job job-ms9sfs3o-xpkey -> worker 5
[2026-07-31 23:27:27] Assigning recovery job job-ms9sfs3o-xpkey (commercial-aircraft-final-assembly-geography-2026) -> worker 5
[2026-07-31 23:27:27] Assigning job job-ms9sfs3o-xpkey -> worker 5
[2026-07-31 23:27:41] Assigning recovery job job-ms9sfs3o-xpkey (commercial-aircraft-final-assembly-geography-2026) -> worker 5
[2026-07-31 23:27:41] Assigning job job-ms9sfs3o-xpkey -> worker 5
[2026-07-31 23:27:54] Assigning recovery job job-ms9sfs3o-xpkey (commercial-aircraft-final-assembly-geography-2026) -> worker 5
[2026-07-31 23:27:54] Assigning job job-ms9sfs3o-xpkey -> worker 5
[2026-07-31 23:28:09] Assigning recovery job job-ms9sfs3o-xpkey (commercial-aircraft-final-assembly-geography-2026) -> worker 5
[2026-07-31 23:28:09] Assigning job job-ms9sfs3o-xpkey -> worker 5
[2026-07-31 23:28:23] Assigning recovery job job-ms9sfs3o-xpkey (commercial-aircraft-final-assembly-geography-2026) -> worker 5
[2026-07-31 23:28:23] Assigning job job-ms9sfs3o-xpkey -> worker 5
[2026-07-31 23:28:37] Assigning recovery job job-ms9sfs3o-xpkey (commercial-aircraft-final-assembly-geography-2026) -> worker 5
[2026-07-31 23:28:37] Assigning job job-ms9sfs3o-xpkey -> worker 5
[2026-07-31 23:28:49] Assigning recovery job job-ms9sfs3o-xpkey (commercial-aircraft-final-assembly-geography-2026) -> worker 5
[2026-07-31 23:28:49] Assigning job job-ms9sfs3o-xpkey -> worker 5
[2026-07-31 23:29:01] Assigning recovery job job-ms9sfs3o-xpkey (commercial-aircraft-final-assembly-geography-2026) -> worker 5
[2026-07-31 23:29:01] Assigning job job-ms9sfs3o-xpkey -> worker 5
[2026-07-31 23:29:13] Assigning recovery job job-ms9sfs3o-xpkey (commercial-aircraft-final-assembly-geography-2026) -> worker 5
[2026-07-31 23:29:13] Assigning job job-ms9sfs3o-xpkey -> worker 5
[2026-07-31 23:29:25] Assigning recovery job job-ms9sfs3o-xpkey (commercial-aircraft-final-assembly-geography-2026) -> worker 5
[2026-07-31 23:29:25] Assigning job job-ms9sfs3o-xpkey -> worker 5
[2026-07-31 23:29:37] Assigning recovery job job-ms9sfs3o-xpkey (commercial-aircraft-final-assembly-geography-2026) -> worker 5
[2026-07-31 23:29:37] Assigning job job-ms9sfs3o-xpkey -> worker 5
[2026-07-31 23:29:49] Assigning recovery job job-ms9sfs3o-xpkey (commercial-aircraft-final-assembly-geography-2026) -> worker 5
[2026-07-31 23:29:49] Assigning job job-ms9sfs3o-xpkey -> worker 5
[2026-07-31 23:30:02] Assigning recovery job job-ms9sfs3o-xpkey (commercial-aircraft-final-assembly-geography-2026) -> worker 5
[2026-07-31 23:30:02] Assigning job job-ms9sfs3o-xpkey -> worker 5
[2026-07-31 23:30:14] Assigning recovery job job-ms9sfs3o-xpkey (commercial-aircraft-final-assembly-geography-2026) -> worker 5
[2026-07-31 23:30:14] Assigning job job-ms9sfs3o-xpkey -> worker 5
[2026-07-31 23:30:26] Assigning recovery job job-ms9sfs3o-xpkey (commercial-aircraft-final-assembly-geography-2026) -> worker 5
[2026-07-31 23:30:26] Assigning job job-ms9sfs3o-xpkey -> worker 5
[2026-07-31 23:30:38] Assigning recovery job job-ms9sfs3o-xpkey (commercial-aircraft-final-assembly-geography-2026) -> worker 5
[2026-07-31 23:30:38] Assigning job job-ms9sfs3o-xpkey -> worker 5
[2026-07-31 23:30:50] Assigning recovery job job-ms9sfs3o-xpkey (commercial-aircraft-final-assembly-geography-2026) -> worker 5
[2026-07-31 23:30:50] Assigning job job-ms9sfs3o-xpkey -> worker 5
[2026-07-31 23:31:03] Assigning recovery job job-ms9sfs3o-xpkey (commercial-aircraft-final-assembly-geography-2026) -> worker 5
[2026-07-31 23:31:03] Assigning job job-ms9sfs3o-xpkey -> worker 5
[2026-07-31 23:31:15] Assigning recovery job job-ms9sfs3o-xpkey (commercial-aircraft-final-assembly-geography-2026) -> worker 5
[2026-07-31 23:31:15] Assigning job job-ms9sfs3o-xpkey -> worker 5
[2026-07-31 23:31:27] Assigning recovery job job-ms9sfs3o-xpkey (commercial-aircraft-final-assembly-geography-2026) -> worker 5
[2026-07-31 23:31:27] Assigning job job-ms9sfs3o-xpkey -> worker 5
[2026-07-31 23:31:39] Assigning recovery job job-ms9sfs3o-xpkey (commercial-aircraft-final-assembly-geography-2026) -> worker 5
[2026-07-31 23:31:39] Assigning job job-ms9sfs3o-xpkey -> worker 5
[2026-07-31 23:31:50] Assigning recovery job job-ms9sfs3o-xpkey (commercial-aircraft-final-assembly-geography-2026) -> worker 5
[2026-07-31 23:31:50] Assigning job job-ms9sfs3o-xpkey -> worker 5
[2026-07-31 23:32:02] Assigning recovery job job-ms9sfs3o-xpkey (commercial-aircraft-final-assembly-geography-2026) -> worker 5
[2026-07-31 23:32:02] Assigning job job-ms9sfs3o-xpkey -> worker 5
[2026-07-31 23:32:14] Assigning recovery job job-ms9sfs3o-xpkey (commercial-aircraft-final-assembly-geography-2026) -> worker 5
[2026-07-31 23:32:14] Assigning job job-ms9sfs3o-xpkey -> worker 5
[2026-07-31 23:32:26] Assigning recovery job job-ms9sfs3o-xpkey (commercial-aircraft-final-assembly-geography-2026) -> worker 5
[2026-07-31 23:32:26] Assigning job job-ms9sfs3o-xpkey -> worker 5
[2026-07-31 23:32:38] Assigning recovery job job-ms9sfs3o-xpkey (commercial-aircraft-final-assembly-geography-2026) -> worker 5
[2026-07-31 23:32:38] Assigning job job-ms9sfs3o-xpkey -> worker 5
[2026-07-31 23:32:50] Assigning recovery job job-ms9sfs3o-xpkey (commercial-aircraft-final-assembly-geography-2026) -> worker 5
[2026-07-31 23:32:50] Assigning job job-ms9sfs3o-xpkey -> worker 5
[2026-07-31 23:33:04] Assigning recovery job job-ms9sfs3o-xpkey (commercial-aircraft-final-assembly-geography-2026) -> worker 5
[2026-07-31 23:33:04] Assigning job job-ms9sfs3o-xpkey -> worker 5
[2026-07-31 23:33:18] Assigning recovery job job-ms9sfs3o-xpkey (commercial-aircraft-final-assembly-geography-2026) -> worker 5
[2026-07-31 23:33:18] Assigning job job-ms9sfs3o-xpkey -> worker 5
[2026-07-31 23:33:33] Assigning recovery job job-ms9sfs3o-xpkey (commercial-aircraft-final-assembly-geography-2026) -> worker 5
[2026-07-31 23:33:33] Assigning job job-ms9sfs3o-xpkey -> worker 5
[2026-07-31 23:33:47] Assigning recovery job job-ms9sfs3o-xpkey (commercial-aircraft-final-assembly-geography-2026) -> worker 5
[2026-07-31 23:33:47] Assigning job job-ms9sfs3o-xpkey -> worker 5
[2026-07-31 23:34:01] Assigning recovery job job-ms9sfs3o-xpkey (commercial-aircraft-final-assembly-geography-2026) -> worker 5
[2026-07-31 23:34:01] Assigning job job-ms9sfs3o-xpkey -> worker 5
[2026-07-31 23:34:17] Assigning recovery job job-ms9sfs3o-xpkey (commercial-aircraft-final-assembly-geography-2026) -> worker 5
[2026-07-31 23:34:17] Assigning job job-ms9sfs3o-xpkey -> worker 5
[2026-07-31 23:34:31] Assigning recovery job job-ms9sfs3o-xpkey (commercial-aircraft-final-assembly-geography-2026) -> worker 5
[2026-07-31 23:34:31] Assigning job job-ms9sfs3o-xpkey -> worker 5
[2026-07-31 23:34:47] Assigning recovery job job-ms9sfs3o-xpkey (commercial-aircraft-final-assembly-geography-2026) -> worker 5
[2026-07-31 23:34:47] Assigning job job-ms9sfs3o-xpkey -> worker 5
[2026-07-31 23:35:03] Assigning recovery job job-ms9sfs3o-xpkey (commercial-aircraft-final-assembly-geography-2026) -> worker 5
[2026-07-31 23:35:03] Assigning job job-ms9sfs3o-xpkey -> worker 5
[2026-07-31 23:35:19] Assigning recovery job job-ms9sfs3o-xpkey (commercial-aircraft-final-assembly-geography-2026) -> worker 5
[2026-07-31 23:35:19] Assigning job job-ms9sfs3o-xpkey -> worker 5
[2026-07-31 23:35:35] Assigning recovery job job-ms9sfs3o-xpkey (commercial-aircraft-final-assembly-geography-2026) -> worker 5
[2026-07-31 23:35:35] Assigning job job-ms9sfs3o-xpkey -> worker 5
[2026-07-31 23:35:55] Assigning recovery job job-ms9sfs3o-xpkey (commercial-aircraft-final-assembly-geography-2026) -> worker 5
[2026-07-31 23:35:55] Assigning job job-ms9sfs3o-xpkey -> worker 5
[2026-07-31 23:36:13] Assigning recovery job job-ms9sfs3o-xpkey (commercial-aircraft-final-assembly-geography-2026) -> worker 5
[2026-07-31 23:36:13] Assigning job job-ms9sfs3o-xpkey -> worker 5
[2026-07-31 23:36:29] Assigning recovery job job-ms9sfs3o-xpkey (commercial-aircraft-final-assembly-geography-2026) -> worker 5
[2026-07-31 23:36:29] Assigning job job-ms9sfs3o-xpkey -> worker 5
[2026-07-31 23:36:45] Assigning recovery job job-ms9sfs3o-xpkey (commercial-aircraft-final-assembly-geography-2026) -> worker 5
[2026-07-31 23:36:45] Assigning job job-ms9sfs3o-xpkey -> worker 5
[2026-07-31 23:36:59] Assigning recovery job job-ms9sfs3o-xpkey (commercial-aircraft-final-assembly-geography-2026) -> worker 5
[2026-07-31 23:36:59] Assigning job job-ms9sfs3o-xpkey -> worker 5
[2026-07-31 23:37:14] Assigning recovery job job-ms9sfs3o-xpkey (commercial-aircraft-final-assembly-geography-2026) -> worker 5
[2026-07-31 23:37:14] Assigning job job-ms9sfs3o-xpkey -> worker 5
[2026-07-31 23:37:28] Assigning recovery job job-ms9sfs3o-xpkey (commercial-aircraft-final-assembly-geography-2026) -> worker 5
[2026-07-31 23:37:28] Assigning job job-ms9sfs3o-xpkey -> worker 5
