[2026-07-31 23:44:07] Starting orchestrator (orch-20260731-234407)
[2026-07-31 23:44:07] Bootstrapping worktrees...
[2026-07-31 23:44:08] Seeding topic failure flags from history...
[2026-07-31 23:44:08] flags seed: {"blockedStems":1,"blockedThemes":0,"failures":162}
[2026-07-31 23:44:08] Recovering any orphaned merge state...
[2026-07-31 23:44:09] merge recover: {
  "recover": true,
  "recovered": false,
  "reason": "no stash state"
}
[2026-07-31 23:44:09] Assigning recovery job job-ms9sfs3o-xpkey (commercial-aircraft-final-assembly-geography-2026) -> worker 5
[2026-07-31 23:44:09] Assigning job job-ms9sfs3o-xpkey -> worker 5
[2026-07-31 23:44:10] Spawned worker 5 shell pid=17424 for job-ms9sfs3o-xpkey
[2026-07-31 23:54:05] Assigning job job-ms9u7axx-a787v -> worker 1
[2026-07-31 23:54:05] Spawned worker 1 shell pid=20076 for job-ms9u7axx-a787v
[2026-07-31 23:54:10] Assigning job job-ms9u7axx-b9ymw -> worker 2
[2026-07-31 23:54:12] Spawned worker 2 shell pid=20640 for job-ms9u7axx-b9ymw
[2026-07-31 23:54:18] Assigning job job-ms9u7axx-e38na -> worker 3
[2026-07-31 23:54:18] Spawned worker 3 shell pid=10576 for job-ms9u7axx-e38na
[2026-07-31 23:54:24] Assigning job job-ms9u7axx-qigeg -> worker 4
[2026-07-31 23:54:25] Spawned worker 4 shell pid=1672 for job-ms9u7axx-qigeg
[2026-08-01 00:01:16] Worker 5 marked busy but process gone - clearing slot (job=job-ms9sfs3o-xpkey)
[2026-08-01 00:01:37] Worker 3 marked busy but process gone - clearing slot (job=job-ms9u7axx-e38na)
[2026-08-01 00:01:38] Worker 5 marked busy but process gone - clearing slot (job=job-ms9sfs3o-xpkey)
[2026-08-01 00:01:59] Worker 3 marked busy but process gone - clearing slot (job=job-ms9u7axx-e38na)
[2026-08-01 00:02:00] Worker 5 marked busy but process gone - clearing slot (job=job-ms9sfs3o-xpkey)
[2026-08-01 00:02:21] Worker 3 marked busy but process gone - clearing slot (job=job-ms9u7axx-e38na)
[2026-08-01 00:02:21] Worker 5 marked busy but process gone - clearing slot (job=job-ms9sfs3o-xpkey)
[2026-08-01 00:02:42] Worker 3 marked busy but process gone - clearing slot (job=job-ms9u7axx-e38na)
[2026-08-01 00:02:43] Worker 5 marked busy but process gone - clearing slot (job=job-ms9sfs3o-xpkey)
[2026-08-01 00:03:04] Worker 3 marked busy but process gone - clearing slot (job=job-ms9u7axx-e38na)
[2026-08-01 00:03:04] Worker 5 marked busy but process gone - clearing slot (job=job-ms9sfs3o-xpkey)
[2026-08-01 00:03:26] Worker 3 marked busy but process gone - clearing slot (job=job-ms9u7axx-e38na)
[2026-08-01 00:03:26] Worker 5 marked busy but process gone - clearing slot (job=job-ms9sfs3o-xpkey)
[2026-08-01 00:03:48] Worker 3 marked busy but process gone - clearing slot (job=job-ms9u7axx-e38na)
[2026-08-01 00:03:48] Worker 5 marked busy but process gone - clearing slot (job=job-ms9sfs3o-xpkey)
[2026-08-01 00:04:10] Worker 3 marked busy but process gone - clearing slot (job=job-ms9u7axx-e38na)
[2026-08-01 00:04:11] Worker 5 marked busy but process gone - clearing slot (job=job-ms9sfs3o-xpkey)
[2026-08-01 00:04:32] Worker 3 marked busy but process gone - clearing slot (job=job-ms9u7axx-e38na)
[2026-08-01 00:04:33] Worker 5 marked busy but process gone - clearing slot (job=job-ms9sfs3o-xpkey)
[2026-08-01 00:04:55] Worker 3 marked busy but process gone - clearing slot (job=job-ms9u7axx-e38na)
[2026-08-01 00:04:59] Worker 5 marked busy but process gone - clearing slot (job=job-ms9sfs3o-xpkey)
[2026-08-01 00:05:21] Worker 3 marked busy but process gone - clearing slot (job=job-ms9u7axx-e38na)
[2026-08-01 00:05:21] Worker 5 marked busy but process gone - clearing slot (job=job-ms9sfs3o-xpkey)
[2026-08-01 00:05:43] Worker 5 marked busy but process gone - clearing slot (job=job-ms9sfs3o-xpkey)
[2026-08-01 00:05:44] Assigning job job-ms9u7axx-e38na -> worker 3
[2026-08-01 00:05:46] Spawned worker 3 shell pid=19472 for job-ms9u7axx-e38na
[2026-08-01 00:05:56] Worker 5 marked busy but process gone - clearing slot (job=job-ms9sfs3o-xpkey)
[2026-08-01 00:06:18] WARN: orchestrator loop error (continuing): The process cannot access the file 'E:\AI Projects\data-insights-blog\artifacts\agent-jobs.json' because it is being used by another process.
[2026-08-01 00:06:40] Assigning recovery job job-ms9sfs3o-xpkey (commercial-aircraft-final-assembly-geography-2026) -> worker 5
[2026-08-01 00:06:40] Assigning job job-ms9sfs3o-xpkey -> worker 5
[2026-08-01 00:06:41] Spawned worker 5 shell pid=20580 for job-ms9sfs3o-xpkey
