[2026-08-20 18:11:46] Starting orchestrator (orch-20260820-181145)
[2026-08-20 18:11:46] Transport mitigations: producers=4 spawnStagger=20s (env BLOG_PRODUCTION_WORKER_COUNT / BLOG_WORKER_SPAWN_STAGGER_SEC)
[2026-08-20 18:11:46] Bootstrapping worker clones + Docker containers...
[2026-08-20 18:11:54] Seeding topic failure flags from history...
[2026-08-20 18:11:54] flags seed: {"blockedStems":4,"blockedThemes":0,"failures":5}
[2026-08-20 18:11:54] Recovering any orphaned merge state...
[2026-08-20 18:11:55] merge recover: {
  "recover": true,
  "recovered": false,
  "reason": "no stash state"
}
[2026-08-20 18:11:56] W5 idle (no recovery candidate) - assigning producer job-mt22sfn8-2r33f (ai-power-grid-update-2026)
[2026-08-20 18:11:56] Assigning job job-mt22sfn8-2r33f -> worker 5
[2026-08-20 18:11:57] Spawned worker 5 shell pid=2332 for job-mt22sfn8-2r33f (attempt 1)
[2026-08-20 18:12:01] WARN: worker 5 pid=2332 exited immediately after spawn (attempt 1)
[2026-08-20 18:12:03] Spawned worker 5 shell pid=5332 for job-mt22sfn8-2r33f (attempt 2)
[2026-08-20 18:12:07] WARN: worker 5 pid=5332 exited immediately after spawn (attempt 2)
[2026-08-20 18:12:09] ERROR: worker 5 failed to stay up after spawn retries for job-mt22sfn8-2r33f
[2026-08-20 18:12:16] W5 idle (no recovery candidate) - assigning producer job-mt22sfn8-2r33f (ai-power-grid-update-2026)
[2026-08-20 18:12:16] Assigning job job-mt22sfn8-2r33f -> worker 5
[2026-08-20 18:12:16] Spawned worker 5 shell pid=13800 for job-mt22sfn8-2r33f (attempt 1)
[2026-08-20 18:12:20] WARN: worker 5 pid=13800 exited immediately after spawn (attempt 1)
[2026-08-20 18:12:22] Spawned worker 5 shell pid=18176 for job-mt22sfn8-2r33f (attempt 2)
[2026-08-20 18:12:26] WARN: worker 5 pid=18176 exited immediately after spawn (attempt 2)
[2026-08-20 18:12:28] ERROR: worker 5 failed to stay up after spawn retries for job-mt22sfn8-2r33f
[2026-08-20 18:12:35] W5 idle (no recovery candidate) - assigning producer job-mt22sfn8-2r33f (ai-power-grid-update-2026)
[2026-08-20 18:12:35] Assigning job job-mt22sfn8-2r33f -> worker 5
[2026-08-20 18:12:35] Spawned worker 5 shell pid=32000 for job-mt22sfn8-2r33f (attempt 1)
[2026-08-20 18:12:39] WARN: worker 5 pid=32000 exited immediately after spawn (attempt 1)
[2026-08-20 18:12:41] Spawned worker 5 shell pid=27736 for job-mt22sfn8-2r33f (attempt 2)
[2026-08-20 18:12:45] WARN: worker 5 pid=27736 exited immediately after spawn (attempt 2)
[2026-08-20 18:12:47] ERROR: worker 5 failed to stay up after spawn retries for job-mt22sfn8-2r33f
[2026-08-20 18:12:54] W5 idle (no recovery candidate) - assigning producer job-mt22to3j-l8rfm (ai-power-grid-update-2026q3)
[2026-08-20 18:12:54] Assigning job job-mt22to3j-l8rfm -> worker 5
[2026-08-20 18:12:54] Spawned worker 5 shell pid=31012 for job-mt22to3j-l8rfm (attempt 1)
[2026-08-20 18:12:58] WARN: worker 5 pid=31012 exited immediately after spawn (attempt 1)
[2026-08-20 18:13:00] Spawned worker 5 shell pid=25196 for job-mt22to3j-l8rfm (attempt 2)
[2026-08-20 18:13:04] WARN: worker 5 pid=25196 exited immediately after spawn (attempt 2)
[2026-08-20 18:13:06] ERROR: worker 5 failed to stay up after spawn retries for job-mt22to3j-l8rfm
[2026-08-20 18:13:13] W5 idle (no recovery candidate) - assigning producer job-mt22to3j-l8rfm (ai-power-grid-update-2026q3)
[2026-08-20 18:13:13] Assigning job job-mt22to3j-l8rfm -> worker 5
[2026-08-20 18:13:13] Spawned worker 5 shell pid=26788 for job-mt22to3j-l8rfm (attempt 1)
[2026-08-20 18:13:17] WARN: worker 5 pid=26788 exited immediately after spawn (attempt 1)
[2026-08-20 18:13:19] Spawned worker 5 shell pid=15092 for job-mt22to3j-l8rfm (attempt 2)
[2026-08-20 18:13:23] WARN: worker 5 pid=15092 exited immediately after spawn (attempt 2)
[2026-08-20 18:13:25] ERROR: worker 5 failed to stay up after spawn retries for job-mt22to3j-l8rfm
[2026-08-20 18:13:32] W5 idle (no recovery candidate) - assigning producer job-mt22to3j-l8rfm (ai-power-grid-update-2026q3)
[2026-08-20 18:13:32] Assigning job job-mt22to3j-l8rfm -> worker 5
[2026-08-20 18:13:32] Spawned worker 5 shell pid=23128 for job-mt22to3j-l8rfm (attempt 1)
[2026-08-20 18:13:36] WARN: worker 5 pid=23128 exited immediately after spawn (attempt 1)
[2026-08-20 18:13:39] Spawned worker 5 shell pid=16532 for job-mt22to3j-l8rfm (attempt 2)
[2026-08-20 18:13:43] WARN: worker 5 pid=16532 exited immediately after spawn (attempt 2)
[2026-08-20 18:13:45] ERROR: worker 5 failed to stay up after spawn retries for job-mt22to3j-l8rfm
[2026-08-20 18:13:52] W5 idle (no recovery candidate) - assigning producer job-mt22uwou-5fpmu (ai-power-grid-update-202608)
[2026-08-20 18:13:52] Assigning job job-mt22uwou-5fpmu -> worker 5
[2026-08-20 18:13:52] Spawned worker 5 shell pid=28556 for job-mt22uwou-5fpmu (attempt 1)
[2026-08-20 18:13:56] WARN: worker 5 pid=28556 exited immediately after spawn (attempt 1)
[2026-08-20 18:13:58] Spawned worker 5 shell pid=5304 for job-mt22uwou-5fpmu (attempt 2)
[2026-08-20 18:14:02] WARN: worker 5 pid=5304 exited immediately after spawn (attempt 2)
[2026-08-20 18:14:04] ERROR: worker 5 failed to stay up after spawn retries for job-mt22uwou-5fpmu
[2026-08-20 18:14:13] W5 idle (no recovery candidate) - assigning producer job-mt22uwou-5fpmu (ai-power-grid-update-202608)
[2026-08-20 18:14:13] Assigning job job-mt22uwou-5fpmu -> worker 5
[2026-08-20 18:14:14] Spawned worker 5 shell pid=27120 for job-mt22uwou-5fpmu (attempt 1)
[2026-08-20 18:14:18] WARN: worker 5 pid=27120 exited immediately after spawn (attempt 1)
[2026-08-20 18:14:20] Spawned worker 5 shell pid=26656 for job-mt22uwou-5fpmu (attempt 2)
[2026-08-20 18:14:24] WARN: worker 5 pid=26656 exited immediately after spawn (attempt 2)
[2026-08-20 18:14:26] ERROR: worker 5 failed to stay up after spawn retries for job-mt22uwou-5fpmu
[2026-08-20 18:14:35] W5 idle (no recovery candidate) - assigning producer job-mt22uwou-5fpmu (ai-power-grid-update-202608)
[2026-08-20 18:14:35] Assigning job job-mt22uwou-5fpmu -> worker 5
[2026-08-20 18:14:36] Spawned worker 5 shell pid=21120 for job-mt22uwou-5fpmu (attempt 1)
[2026-08-20 18:14:40] WARN: worker 5 pid=21120 exited immediately after spawn (attempt 1)
[2026-08-20 18:14:42] Spawned worker 5 shell pid=26788 for job-mt22uwou-5fpmu (attempt 2)
[2026-08-20 18:14:46] WARN: worker 5 pid=26788 exited immediately after spawn (attempt 2)
[2026-08-20 18:14:48] ERROR: worker 5 failed to stay up after spawn retries for job-mt22uwou-5fpmu
[2026-08-20 18:14:57] W5 idle (no recovery candidate) - assigning producer job-mt22wamv-m9j84 (ai-power-grid-concentration-2026)
[2026-08-20 18:14:57] Assigning job job-mt22wamv-m9j84 -> worker 5
[2026-08-20 18:14:58] Spawned worker 5 shell pid=20580 for job-mt22wamv-m9j84 (attempt 1)
