[2026-08-01 00:06:48] Starting orchestrator (orch-20260801-000647)
[2026-08-01 00:06:49] Bootstrapping worktrees...
[2026-08-01 00:06:51] Seeding topic failure flags from history...
[2026-08-01 00:06:52] flags seed: {"blockedStems":1,"blockedThemes":0,"failures":3}
[2026-08-01 00:06:53] Recovering any orphaned merge state...
[2026-08-01 00:06:53] merge recover: {
  "recover": true,
  "recovered": false,
  "reason": "no stash state"
}
[2026-08-01 00:14:50] Assigning job job-ms9uy2m8-j98zf -> worker 1
[2026-08-01 00:14:55] Spawned worker 1 shell pid=22204 for job-ms9uy2m8-j98zf
[2026-08-01 00:16:48] Assigning job job-ms9v0m5m-218jn -> worker 4
[2026-08-01 00:16:50] Spawned worker 4 shell pid=23964 for job-ms9v0m5m-218jn
[2026-08-01 00:31:25] Assigning job job-ms9u7axx-a787v -> worker 2
[2026-08-01 00:31:28] Spawned worker 2 shell pid=29624 for job-ms9u7axx-a787v
[2026-08-01 00:40:30] Assigning recovery job job-ms9u7axx-b9ymw (demographic-cash-flows-research-2026) -> worker 5
[2026-08-01 00:40:30] Assigning job job-ms9u7axx-b9ymw -> worker 5
[2026-08-01 00:40:34] Spawned worker 5 shell pid=7608 for job-ms9u7axx-b9ymw
[2026-08-01 00:44:10] Assigning job job-ms9u7axx-qigeg -> worker 3
[2026-08-01 00:44:14] Spawned worker 3 shell pid=27948 for job-ms9u7axx-qigeg
[2026-08-01 00:58:33] Assigning job job-ms9v0m5m-218jn -> worker 1
[2026-08-01 00:58:43] Spawned worker 1 shell pid=668 for job-ms9v0m5m-218jn
[2026-08-01 00:59:07] Assigning job job-ms9u7axx-e38na -> worker 4
[2026-08-01 00:59:10] Spawned worker 4 shell pid=6672 for job-ms9u7axx-e38na
[2026-08-01 00:59:13] ERROR: worker 4 pid=6672 exited immediately after spawn
[2026-08-01 00:59:25] Assigning job job-ms9wjerx-0gpc8 -> worker 4
[2026-08-01 00:59:29] Spawned worker 4 shell pid=28044 for job-ms9wjerx-0gpc8
[2026-08-01 00:59:32] WARN: orchestrator loop error (continuing): The process cannot access the file 'E:\AI Projects\data-insights-blog\artifacts\agent-jobs.json' because it is being used by another process.
[2026-08-01 01:13:27] Stale job job-ms9uy2m8-j98zf (consumer-finance-markets-research-2026) age=40.1285922833333m - failing + killing worker
[2026-08-01 01:13:27] Skip kill worker 1 for failed job-ms9uy2m8-j98zf - slot now on job-ms9v0m5m-218jn
[2026-08-01 01:13:56] Assigning job job-ms9u7axx-e38na -> worker 2
[2026-08-01 01:13:58] Spawned worker 2 shell pid=29880 for job-ms9u7axx-e38na
[2026-08-01 01:17:38] WARN: orchestrator loop error (continuing): Stream was not readable.
[2026-08-01 01:17:59] Worker 4 marked busy but process gone - clearing slot (job=job-ms9wjerx-0gpc8)
[2026-08-01 01:18:02] Assigning recovery job job-ms9u7axx-qigeg (us-tax-expenditure-catalog-2026) -> worker 5
[2026-08-01 01:18:02] Assigning job job-ms9u7axx-qigeg -> worker 5
[2026-08-01 01:18:02] Spawned worker 5 shell pid=21344 for job-ms9u7axx-qigeg
[2026-08-01 01:32:31] Assigning job job-ms9wjerx-0gpc8 -> worker 1
[2026-08-01 01:32:31] Spawned worker 1 shell pid=29900 for job-ms9wjerx-0gpc8
[2026-08-01 01:32:36] Assigning job job-ms9v0m5m-218jn -> worker 2
[2026-08-01 01:32:37] Spawned worker 2 shell pid=22868 for job-ms9v0m5m-218jn
[2026-08-01 01:32:42] WARN: orchestrator loop error (continuing): The process cannot access the file 'E:\AI Projects\data-insights-blog\artifacts\agent-jobs.json' because it is being used by another process.
[2026-08-01 01:33:03] Assigning job job-ms9uy2m8-j98zf -> worker 3
[2026-08-01 01:33:04] Spawned worker 3 shell pid=9900 for job-ms9uy2m8-j98zf
[2026-08-01 01:33:09] Assigning job job-ms9u7axx-a787v -> worker 4
[2026-08-01 01:33:09] Spawned worker 4 shell pid=30492 for job-ms9u7axx-a787v
[2026-08-01 01:51:42] Assigning recovery job job-ms9u7axx-qigeg (us-tax-expenditure-catalog-2026) -> worker 5
[2026-08-01 01:51:44] Assigning job job-ms9u7axx-qigeg -> worker 5
[2026-08-01 01:51:46] Spawned worker 5 shell pid=22412 for job-ms9u7axx-qigeg
[2026-08-01 01:51:49] ERROR: worker 5 pid=22412 exited immediately after spawn
[2026-08-01 01:55:34] Merging ready job job-ms9u7axx-qigeg (us-tax-expenditure-catalog-2026) from post/us-tax-expenditure-catalog-2026-w3
[2026-08-01 01:55:34] merge-ready-job exit=1
[2026-08-01 01:55:35] merge-ready-job out: {
  "ok": false,
  "error": "merge_lock",
  "detail": "merge lock held by merge:us-tax-expenditure-catalog-2026 (age 11s)",
  "log": [
    "merge start slug=us-tax-expenditure-catalog-2026 branch=post/us-tax-expenditure-catalog-2026-w3"
  ]
}
[2026-08-01 01:55:35] Merge deferred for us-tax-expenditure-catalog-2026 (merge_lock) - re-queue ready
[2026-08-01 01:55:49] Merging ready job job-ms9u7axx-qigeg (us-tax-expenditure-catalog-2026) from post/us-tax-expenditure-catalog-2026-w3
[2026-08-01 01:55:50] merge-ready-job exit=1
[2026-08-01 01:55:51] merge-ready-job out: {
  "ok": false,
  "error": "merge_lock",
  "detail": "merge lock held by merge:us-tax-expenditure-catalog-2026 (age 27s)",
  "log": [
    "merge start slug=us-tax-expenditure-catalog-2026 branch=post/us-tax-expenditure-catalog-2026-w3"
  ]
}
[2026-08-01 01:55:51] Merge deferred for us-tax-expenditure-catalog-2026 (merge_lock) - re-queue ready
[2026-08-01 01:56:05] Merging ready job job-ms9u7axx-qigeg (us-tax-expenditure-catalog-2026) from post/us-tax-expenditure-catalog-2026-w3
[2026-08-01 01:56:06] merge-ready-job exit=1
[2026-08-01 01:56:07] merge-ready-job out: {
  "ok": false,
  "error": "merge_lock",
  "detail": "merge lock held by merge:us-tax-expenditure-catalog-2026 (age 43s)",
  "log": [
    "merge start slug=us-tax-expenditure-catalog-2026 branch=post/us-tax-expenditure-catalog-2026-w3"
  ]
}
[2026-08-01 01:56:07] Merge deferred for us-tax-expenditure-catalog-2026 (merge_lock) - re-queue ready
[2026-08-01 01:56:19] Merging ready job job-ms9u7axx-qigeg (us-tax-expenditure-catalog-2026) from post/us-tax-expenditure-catalog-2026-w3
[2026-08-01 01:56:21] merge-ready-job exit=1
[2026-08-01 01:56:21] merge-ready-job out: {
  "ok": false,
  "error": "merge_lock",
  "detail": "merge lock held by merge:us-tax-expenditure-catalog-2026 (age 57s)",
  "log": [
    "merge start slug=us-tax-expenditure-catalog-2026 branch=post/us-tax-expenditure-catalog-2026-w3"
  ]
}
[2026-08-01 01:56:21] Merge deferred for us-tax-expenditure-catalog-2026 (merge_lock) - re-queue ready
[2026-08-01 01:56:34] Merging ready job job-ms9u7axx-qigeg (us-tax-expenditure-catalog-2026) from post/us-tax-expenditure-catalog-2026-w3
[2026-08-01 01:56:36] merge-ready-job exit=1
[2026-08-01 01:56:36] merge-ready-job out: {
  "ok": false,
  "error": "merge_lock",
  "detail": "merge lock held by merge:us-tax-expenditure-catalog-2026 (age 72s)",
  "log": [
    "merge start slug=us-tax-expenditure-catalog-2026 branch=post/us-tax-expenditure-catalog-2026-w3"
  ]
}
[2026-08-01 01:56:36] Merge deferred for us-tax-expenditure-catalog-2026 (merge_lock) - re-queue ready
[2026-08-01 01:56:48] Merging ready job job-ms9u7axx-qigeg (us-tax-expenditure-catalog-2026) from post/us-tax-expenditure-catalog-2026-w3
[2026-08-01 01:56:49] merge-ready-job exit=1
[2026-08-01 01:56:49] merge-ready-job out: {
  "ok": false,
  "error": "merge_lock",
  "detail": "merge lock held by merge:us-tax-expenditure-catalog-2026 (age 85s)",
  "log": [
    "merge start slug=us-tax-expenditure-catalog-2026 branch=post/us-tax-expenditure-catalog-2026-w3"
  ]
}
[2026-08-01 01:56:49] Merge deferred for us-tax-expenditure-catalog-2026 (merge_lock) - re-queue ready
[2026-08-01 01:57:06] Merging ready job job-ms9u7axx-qigeg (us-tax-expenditure-catalog-2026) from post/us-tax-expenditure-catalog-2026-w3
[2026-08-01 01:57:08] merge-ready-job exit=2
[2026-08-01 01:57:08] merge-ready-job out: {
  "ok": false,
  "error": "branch_missing",
  "detail": "fatal: Needed a single revision",
  "log": [
    "merge start slug=us-tax-expenditure-catalog-2026 branch=post/us-tax-expenditure-catalog-2026-w3"
  ]
}
[2026-08-01 02:00:24] WARN: orchestrator loop error (continuing): The process cannot access the file 'E:\AI Projects\data-insights-blog\artifacts\blog-production-lock.json' because it is being used by another process.
[2026-08-01 02:00:58] WARN: orchestrator loop error (continuing): The process cannot access the file 'E:\AI Projects\data-insights-blog\artifacts\agent-jobs.json' because it is being used by another process.
[2026-08-01 02:01:27] Worker 1 marked busy but process gone - clearing slot (job=job-ms9wjerx-0gpc8)
[2026-08-01 02:01:30] Assigning job job-ms9u7axx-e38na -> worker 1
[2026-08-01 02:01:32] Spawned worker 1 shell pid=21340 for job-ms9u7axx-e38na
[2026-08-01 02:01:35] ERROR: worker 1 pid=21340 exited immediately after spawn
[2026-08-01 02:01:47] Assigning job job-ms9u7axx-b9ymw -> worker 1
[2026-08-01 02:01:49] Spawned worker 1 shell pid=25584 for job-ms9u7axx-b9ymw
[2026-08-01 02:01:52] ERROR: worker 1 pid=25584 exited immediately after spawn
[2026-08-01 02:02:03] Assigning job job-ms9yrz2h-b91a1 -> worker 1
[2026-08-01 02:02:06] Spawned worker 1 shell pid=10392 for job-ms9yrz2h-b91a1
[2026-08-01 02:02:09] ERROR: worker 1 pid=10392 exited immediately after spawn
[2026-08-01 02:02:20] Assigning job job-ms9ysbli-3msym -> worker 1
[2026-08-01 02:02:24] Spawned worker 1 shell pid=21164 for job-ms9ysbli-3msym
[2026-08-01 02:02:28] ERROR: worker 1 pid=21164 exited immediately after spawn
[2026-08-01 02:02:42] Assigning job job-ms9ysspu-es03m -> worker 1
[2026-08-01 02:02:46] Spawned worker 1 shell pid=19604 for job-ms9ysspu-es03m
[2026-08-01 02:02:50] ERROR: worker 1 pid=19604 exited immediately after spawn
[2026-08-01 02:03:04] Assigning job job-ms9yta57-vt2b4 -> worker 1
[2026-08-01 02:03:09] Spawned worker 1 shell pid=19756 for job-ms9yta57-vt2b4
[2026-08-01 02:03:12] ERROR: worker 1 pid=19756 exited immediately after spawn
[2026-08-01 02:03:26] Assigning job job-ms9ytq8j-c9ken -> worker 1
[2026-08-01 02:03:29] Spawned worker 1 shell pid=24944 for job-ms9ytq8j-c9ken
[2026-08-01 02:03:33] ERROR: worker 1 pid=24944 exited immediately after spawn
[2026-08-01 02:03:45] Assigning job job-ms9yu5hp-7ja3q -> worker 1
[2026-08-01 02:03:50] Spawned worker 1 shell pid=22984 for job-ms9yu5hp-7ja3q
[2026-08-01 02:03:53] ERROR: worker 1 pid=22984 exited immediately after spawn
[2026-08-01 02:04:03] Assigning job job-ms9yujbs-0c2km -> worker 1
[2026-08-01 02:04:06] Spawned worker 1 shell pid=28576 for job-ms9yujbs-0c2km
[2026-08-01 02:04:09] ERROR: worker 1 pid=28576 exited immediately after spawn
[2026-08-01 02:04:30] Assigning job job-ms9yv4c2-o2np7 -> worker 1
[2026-08-01 02:04:33] Spawned worker 1 shell pid=27432 for job-ms9yv4c2-o2np7
[2026-08-01 02:04:37] ERROR: worker 1 pid=27432 exited immediately after spawn
[2026-08-01 02:05:00] Assigning job job-ms9yvq89-law13 -> worker 1
[2026-08-01 02:05:06] Spawned worker 1 shell pid=21188 for job-ms9yvq89-law13
[2026-08-01 02:05:09] ERROR: worker 1 pid=21188 exited immediately after spawn
[2026-08-01 02:05:23] Assigning job job-ms9yw8ou-rxt0x -> worker 1
[2026-08-01 02:05:28] Spawned worker 1 shell pid=5784 for job-ms9yw8ou-rxt0x
[2026-08-01 02:05:32] ERROR: worker 1 pid=5784 exited immediately after spawn
[2026-08-01 02:05:45] Worker 1 marked busy but process gone - clearing slot (job=job-ms9yw8ou-rxt0x)
[2026-08-01 02:05:48] Assigning job job-ms9ywss3-l68ty -> worker 1
[2026-08-01 02:05:51] Spawned worker 1 shell pid=27172 for job-ms9ywss3-l68ty
[2026-08-01 02:05:54] ERROR: worker 1 pid=27172 exited immediately after spawn
[2026-08-01 02:06:02] Worker 1 marked busy but process gone - clearing slot (job=job-ms9ywss3-l68ty)
[2026-08-01 02:06:12] Worker 1 marked busy but process gone - clearing slot (job=job-ms9ywss3-l68ty)
[2026-08-01 02:06:13] Assigning job job-ms9yxcbn-9u9cf -> worker 1
[2026-08-01 02:06:14] Spawned worker 1 shell pid=27396 for job-ms9yxcbn-9u9cf
[2026-08-01 02:06:17] ERROR: worker 1 pid=27396 exited immediately after spawn
[2026-08-01 02:06:24] Assigning job job-ms9yxknb-xou5c -> worker 1
[2026-08-01 02:06:25] Spawned worker 1 shell pid=12692 for job-ms9yxknb-xou5c
[2026-08-01 02:06:28] ERROR: worker 1 pid=12692 exited immediately after spawn
[2026-08-01 02:06:32] Assigning job job-ms9yxknb-von6m -> worker 3
[2026-08-01 02:06:33] Spawned worker 3 shell pid=18628 for job-ms9yxknb-von6m
[2026-08-01 02:06:36] ERROR: worker 3 pid=18628 exited immediately after spawn
[2026-08-01 02:06:44] Assigning job job-ms9yy00t-wyo2s -> worker 1
[2026-08-01 02:06:46] Spawned worker 1 shell pid=23560 for job-ms9yy00t-wyo2s
[2026-08-01 02:06:49] ERROR: worker 1 pid=23560 exited immediately after spawn
[2026-08-01 02:06:53] Assigning job job-ms9yy00t-dj5o9 -> worker 3
[2026-08-01 02:06:54] Spawned worker 3 shell pid=9972 for job-ms9yy00t-dj5o9
[2026-08-01 02:06:57] ERROR: worker 3 pid=9972 exited immediately after spawn
[2026-08-01 02:07:05] Assigning job job-ms9yyg9b-kthnp -> worker 1
[2026-08-01 02:07:06] Spawned worker 1 shell pid=1692 for job-ms9yyg9b-kthnp
[2026-08-01 02:07:09] ERROR: worker 1 pid=1692 exited immediately after spawn
[2026-08-01 02:07:12] Assigning job job-ms9yyg9b-q9urm -> worker 3
[2026-08-01 02:07:13] Spawned worker 3 shell pid=7040 for job-ms9yyg9b-q9urm
[2026-08-01 02:07:16] ERROR: worker 3 pid=7040 exited immediately after spawn
[2026-08-01 02:07:23] Assigning job job-ms9yyu3l-xscr8 -> worker 1
[2026-08-01 02:07:23] Spawned worker 1 shell pid=24816 for job-ms9yyu3l-xscr8
[2026-08-01 02:07:27] ERROR: worker 1 pid=24816 exited immediately after spawn
[2026-08-01 02:07:30] Assigning job job-ms9yyu3l-ms5qw -> worker 3
[2026-08-01 02:07:32] Spawned worker 3 shell pid=23140 for job-ms9yyu3l-ms5qw
[2026-08-01 02:07:35] ERROR: worker 3 pid=23140 exited immediately after spawn
[2026-08-01 02:07:45] Assigning job job-ms9yzasy-9gojf -> worker 1
[2026-08-01 02:07:46] Spawned worker 1 shell pid=5744 for job-ms9yzasy-9gojf
[2026-08-01 02:07:49] ERROR: worker 1 pid=5744 exited immediately after spawn
[2026-08-01 02:07:52] Assigning job job-ms9yzasy-vfu9f -> worker 3
[2026-08-01 02:07:53] Spawned worker 3 shell pid=18880 for job-ms9yzasy-vfu9f
[2026-08-01 02:07:56] ERROR: worker 3 pid=18880 exited immediately after spawn
[2026-08-01 02:08:03] Assigning job job-ms9yzp9d-rl7ap -> worker 1
[2026-08-01 02:08:04] Spawned worker 1 shell pid=30300 for job-ms9yzp9d-rl7ap
[2026-08-01 02:08:07] ERROR: worker 1 pid=30300 exited immediately after spawn
[2026-08-01 02:08:10] Assigning job job-ms9yzp9d-56r7v -> worker 3
[2026-08-01 02:08:11] Spawned worker 3 shell pid=11092 for job-ms9yzp9d-56r7v
[2026-08-01 02:08:14] ERROR: worker 3 pid=11092 exited immediately after spawn
[2026-08-01 02:08:21] Assigning job job-ms9z02kr-cezf9 -> worker 1
[2026-08-01 02:08:21] Spawned worker 1 shell pid=29308 for job-ms9z02kr-cezf9
[2026-08-01 02:08:24] ERROR: worker 1 pid=29308 exited immediately after spawn
[2026-08-01 02:08:27] Assigning job job-ms9z02kr-nk0me -> worker 3
[2026-08-01 02:08:28] Spawned worker 3 shell pid=1920 for job-ms9z02kr-nk0me
[2026-08-01 02:08:31] ERROR: worker 3 pid=1920 exited immediately after spawn
[2026-08-01 02:08:38] Assigning job job-ms9z0g33-4xmdu -> worker 1
[2026-08-01 02:08:41] Spawned worker 1 shell pid=29864 for job-ms9z0g33-4xmdu
[2026-08-01 02:08:44] ERROR: worker 1 pid=29864 exited immediately after spawn
[2026-08-01 02:08:47] Assigning job job-ms9z0g32-mhvmq -> worker 3
[2026-08-01 02:08:47] Spawned worker 3 shell pid=6356 for job-ms9z0g32-mhvmq
[2026-08-01 02:08:50] ERROR: worker 3 pid=6356 exited immediately after spawn
[2026-08-01 02:08:58] Assigning job job-ms9z0v0x-kxnh3 -> worker 1
[2026-08-01 02:08:58] Spawned worker 1 shell pid=23064 for job-ms9z0v0x-kxnh3
[2026-08-01 02:09:01] ERROR: worker 1 pid=23064 exited immediately after spawn
[2026-08-01 02:09:04] Assigning job job-ms9z0v0x-dhp0e -> worker 3
[2026-08-01 02:09:05] Spawned worker 3 shell pid=23952 for job-ms9z0v0x-dhp0e
[2026-08-01 02:09:08] ERROR: worker 3 pid=23952 exited immediately after spawn
[2026-08-01 02:09:15] Assigning job job-ms9z185n-68tdc -> worker 1
[2026-08-01 02:09:15] Spawned worker 1 shell pid=21536 for job-ms9z185n-68tdc
[2026-08-01 02:09:18] ERROR: worker 1 pid=21536 exited immediately after spawn
[2026-08-01 02:09:21] Assigning job job-ms9z185n-mup6u -> worker 3
[2026-08-01 02:09:21] Spawned worker 3 shell pid=19364 for job-ms9z185n-mup6u
[2026-08-01 02:09:24] ERROR: worker 3 pid=19364 exited immediately after spawn
[2026-08-01 02:09:31] Assigning job job-ms9z1kyv-ly9x2 -> worker 1
[2026-08-01 02:09:32] Spawned worker 1 shell pid=23528 for job-ms9z1kyv-ly9x2
[2026-08-01 02:09:35] ERROR: worker 1 pid=23528 exited immediately after spawn
[2026-08-01 02:09:37] Assigning job job-ms9z1kyv-e7hri -> worker 3
[2026-08-01 02:09:38] Spawned worker 3 shell pid=25792 for job-ms9z1kyv-e7hri
[2026-08-01 02:09:41] ERROR: worker 3 pid=25792 exited immediately after spawn
[2026-08-01 02:09:48] Assigning job job-ms9z1xxw-9f89q -> worker 1
[2026-08-01 02:09:49] Spawned worker 1 shell pid=21184 for job-ms9z1xxw-9f89q
[2026-08-01 02:09:52] ERROR: worker 1 pid=21184 exited immediately after spawn
[2026-08-01 02:09:54] WARN: orchestrator loop error (continuing): The process cannot access the file 'E:\AI Projects\data-insights-blog\artifacts\agent-jobs.json' because it is being used by another process.
[2026-08-01 02:10:16] Assigning job job-ms9z2iv9-r1cbt -> worker 1
[2026-08-01 02:10:17] Spawned worker 1 shell pid=24500 for job-ms9z2iv9-r1cbt
[2026-08-01 02:10:20] ERROR: worker 1 pid=24500 exited immediately after spawn
[2026-08-01 02:10:24] Assigning job job-ms9z1xxw-4yy8x -> worker 3
[2026-08-01 02:10:24] Spawned worker 3 shell pid=15744 for job-ms9z1xxw-4yy8x
[2026-08-01 02:10:27] ERROR: worker 3 pid=15744 exited immediately after spawn
[2026-08-01 02:10:34] Assigning job job-ms9z2x8u-pd3nu -> worker 1
[2026-08-01 02:10:37] Spawned worker 1 shell pid=19928 for job-ms9z2x8u-pd3nu
[2026-08-01 02:10:40] ERROR: worker 1 pid=19928 exited immediately after spawn
[2026-08-01 02:10:44] Assigning job job-ms9z2x8u-ooz17 -> worker 3
[2026-08-01 02:10:45] Spawned worker 3 shell pid=8096 for job-ms9z2x8u-ooz17
[2026-08-01 02:10:48] ERROR: worker 3 pid=8096 exited immediately after spawn
[2026-08-01 02:10:54] Assigning job job-ms9z3d7b-rb66u -> worker 1
[2026-08-01 02:10:55] Spawned worker 1 shell pid=10204 for job-ms9z3d7b-rb66u
[2026-08-01 02:10:58] ERROR: worker 1 pid=10204 exited immediately after spawn
[2026-08-01 02:11:01] Assigning job job-ms9z3d7b-f8jax -> worker 3
[2026-08-01 02:11:01] Spawned worker 3 shell pid=28056 for job-ms9z3d7b-f8jax
[2026-08-01 02:11:04] ERROR: worker 3 pid=28056 exited immediately after spawn
[2026-08-01 02:11:07] Assigning job job-ms9z3d7b-1unyz -> worker 4
[2026-08-01 02:11:08] Spawned worker 4 shell pid=9660 for job-ms9z3d7b-1unyz
[2026-08-01 02:11:11] ERROR: worker 4 pid=9660 exited immediately after spawn
[2026-08-01 02:11:17] Assigning job job-ms9z3uoy-ir33o -> worker 1
[2026-08-01 02:11:18] Spawned worker 1 shell pid=28220 for job-ms9z3uoy-ir33o
[2026-08-01 02:11:21] ERROR: worker 1 pid=28220 exited immediately after spawn
[2026-08-01 02:11:23] Assigning job job-ms9z3uoy-eytrs -> worker 3
[2026-08-01 02:11:23] Spawned worker 3 shell pid=21460 for job-ms9z3uoy-eytrs
[2026-08-01 02:11:26] ERROR: worker 3 pid=21460 exited immediately after spawn
[2026-08-01 02:11:29] Assigning job job-ms9z3uoy-ksec3 -> worker 4
[2026-08-01 02:11:30] Spawned worker 4 shell pid=27108 for job-ms9z3uoy-ksec3
[2026-08-01 02:11:33] ERROR: worker 4 pid=27108 exited immediately after spawn
[2026-08-01 02:11:39] Assigning job job-ms9z4bfy-3e9b3 -> worker 1
[2026-08-01 02:11:39] Spawned worker 1 shell pid=27600 for job-ms9z4bfy-3e9b3
[2026-08-01 02:11:42] ERROR: worker 1 pid=27600 exited immediately after spawn
[2026-08-01 02:11:45] Assigning job job-ms9z4bfy-bzesz -> worker 3
[2026-08-01 02:11:46] Spawned worker 3 shell pid=20116 for job-ms9z4bfy-bzesz
[2026-08-01 02:11:49] ERROR: worker 3 pid=20116 exited immediately after spawn
[2026-08-01 02:11:51] Assigning job job-ms9z4bfy-mmmco -> worker 4
[2026-08-01 02:11:52] Spawned worker 4 shell pid=3132 for job-ms9z4bfy-mmmco
[2026-08-01 02:11:55] ERROR: worker 4 pid=3132 exited immediately after spawn
[2026-08-01 02:12:02] Assigning job job-ms9z4t1t-c9vhe -> worker 1
[2026-08-01 02:12:02] Spawned worker 1 shell pid=15588 for job-ms9z4t1t-c9vhe
[2026-08-01 02:12:05] ERROR: worker 1 pid=15588 exited immediately after spawn
[2026-08-01 02:12:08] Assigning job job-ms9z4t1t-8fong -> worker 3
[2026-08-01 02:12:09] Spawned worker 3 shell pid=15148 for job-ms9z4t1t-8fong
[2026-08-01 02:12:12] ERROR: worker 3 pid=15148 exited immediately after spawn
[2026-08-01 02:12:14] Assigning job job-ms9z4t1t-31mj1 -> worker 4
[2026-08-01 02:12:15] Spawned worker 4 shell pid=3260 for job-ms9z4t1t-31mj1
[2026-08-01 02:12:18] ERROR: worker 4 pid=3260 exited immediately after spawn
[2026-08-01 02:12:25] Assigning job job-ms9z5axu-3tljv -> worker 1
[2026-08-01 02:12:26] Spawned worker 1 shell pid=2356 for job-ms9z5axu-3tljv
[2026-08-01 02:12:29] ERROR: worker 1 pid=2356 exited immediately after spawn
[2026-08-01 02:12:31] Assigning job job-ms9z5axu-o0fis -> worker 3
[2026-08-01 02:12:33] Spawned worker 3 shell pid=23684 for job-ms9z5axu-o0fis
[2026-08-01 02:12:36] ERROR: worker 3 pid=23684 exited immediately after spawn
[2026-08-01 02:12:38] Assigning job job-ms9z5axu-09hxb -> worker 4
[2026-08-01 02:12:39] Spawned worker 4 shell pid=9044 for job-ms9z5axu-09hxb
[2026-08-01 02:12:42] ERROR: worker 4 pid=9044 exited immediately after spawn
[2026-08-01 02:12:50] Assigning job job-ms9z5u4n-9pedf -> worker 1
[2026-08-01 02:12:50] Spawned worker 1 shell pid=24204 for job-ms9z5u4n-9pedf
[2026-08-01 02:12:54] ERROR: worker 1 pid=24204 exited immediately after spawn
[2026-08-01 02:12:57] Assigning job job-ms9z5u4n-fiw72 -> worker 3
[2026-08-01 02:12:58] Spawned worker 3 shell pid=24188 for job-ms9z5u4n-fiw72
[2026-08-01 02:13:01] ERROR: worker 3 pid=24188 exited immediately after spawn
[2026-08-01 02:13:03] Assigning job job-ms9z5u4n-mxdc2 -> worker 4
[2026-08-01 02:13:04] Spawned worker 4 shell pid=25968 for job-ms9z5u4n-mxdc2
[2026-08-01 02:13:07] ERROR: worker 4 pid=25968 exited immediately after spawn
[2026-08-01 02:13:15] Assigning job job-ms9z6da6-upxbn -> worker 1
[2026-08-01 02:13:15] Spawned worker 1 shell pid=7272 for job-ms9z6da6-upxbn
[2026-08-01 02:13:19] ERROR: worker 1 pid=7272 exited immediately after spawn
[2026-08-01 02:13:21] Assigning job job-ms9z6da6-flw38 -> worker 3
[2026-08-01 02:13:22] Spawned worker 3 shell pid=22256 for job-ms9z6da6-flw38
[2026-08-01 02:13:25] ERROR: worker 3 pid=22256 exited immediately after spawn
[2026-08-01 02:13:28] Assigning job job-ms9z6da5-7kpf5 -> worker 4
[2026-08-01 02:13:29] Spawned worker 4 shell pid=27616 for job-ms9z6da5-7kpf5
[2026-08-01 02:13:32] ERROR: worker 4 pid=27616 exited immediately after spawn
[2026-08-01 02:13:39] Assigning job job-ms9z6vus-7v0k0 -> worker 1
[2026-08-01 02:13:40] Spawned worker 1 shell pid=13944 for job-ms9z6vus-7v0k0
[2026-08-01 02:13:43] ERROR: worker 1 pid=13944 exited immediately after spawn
[2026-08-01 02:13:45] Assigning job job-ms9z6vus-fsofx -> worker 3
[2026-08-01 02:13:46] Spawned worker 3 shell pid=13560 for job-ms9z6vus-fsofx
[2026-08-01 02:13:49] ERROR: worker 3 pid=13560 exited immediately after spawn
[2026-08-01 02:13:52] Assigning job job-ms9z6vus-vas13 -> worker 4
[2026-08-01 02:13:53] Spawned worker 4 shell pid=22188 for job-ms9z6vus-vas13
[2026-08-01 02:13:56] ERROR: worker 4 pid=22188 exited immediately after spawn
[2026-08-01 02:14:03] Assigning job job-ms9z7f04-br5ja -> worker 1
[2026-08-01 02:14:04] Spawned worker 1 shell pid=26152 for job-ms9z7f04-br5ja
[2026-08-01 02:14:07] ERROR: worker 1 pid=26152 exited immediately after spawn
[2026-08-01 02:14:10] Assigning job job-ms9z7f04-56v2y -> worker 3
[2026-08-01 02:14:11] Spawned worker 3 shell pid=1924 for job-ms9z7f04-56v2y
[2026-08-01 02:14:14] ERROR: worker 3 pid=1924 exited immediately after spawn
[2026-08-01 02:14:17] Assigning job job-ms9z7f04-midlm -> worker 4
[2026-08-01 02:14:18] Spawned worker 4 shell pid=8184 for job-ms9z7f04-midlm
[2026-08-01 02:14:21] ERROR: worker 4 pid=8184 exited immediately after spawn
[2026-08-01 02:14:28] Assigning job job-ms9z7xy6-b7vgx -> worker 1
[2026-08-01 02:14:29] Spawned worker 1 shell pid=25708 for job-ms9z7xy6-b7vgx
[2026-08-01 02:14:32] ERROR: worker 1 pid=25708 exited immediately after spawn
[2026-08-01 02:14:35] Assigning job job-ms9z7xy6-414o5 -> worker 3
[2026-08-01 02:14:35] Spawned worker 3 shell pid=24168 for job-ms9z7xy6-414o5
[2026-08-01 02:14:38] ERROR: worker 3 pid=24168 exited immediately after spawn
[2026-08-01 02:14:41] Assigning job job-ms9z7xy6-i6am6 -> worker 4
[2026-08-01 02:14:42] Spawned worker 4 shell pid=25428 for job-ms9z7xy6-i6am6
[2026-08-01 02:14:45] ERROR: worker 4 pid=25428 exited immediately after spawn
[2026-08-01 02:14:52] Assigning job job-ms9z8grk-5rvoh -> worker 1
[2026-08-01 02:14:53] Spawned worker 1 shell pid=22564 for job-ms9z8grk-5rvoh
[2026-08-01 02:14:56] ERROR: worker 1 pid=22564 exited immediately after spawn
[2026-08-01 02:14:59] Assigning job job-ms9z8grk-zvktn -> worker 3
[2026-08-01 02:15:00] Spawned worker 3 shell pid=26980 for job-ms9z8grk-zvktn
[2026-08-01 02:15:03] ERROR: worker 3 pid=26980 exited immediately after spawn
[2026-08-01 02:15:06] Assigning job job-ms9z8grk-r8w0e -> worker 4
[2026-08-01 02:15:07] Spawned worker 4 shell pid=27632 for job-ms9z8grk-r8w0e
[2026-08-01 02:15:10] ERROR: worker 4 pid=27632 exited immediately after spawn
[2026-08-01 02:15:17] Assigning job job-ms9z8zkp-y5qsw -> worker 1
[2026-08-01 02:15:18] Spawned worker 1 shell pid=22280 for job-ms9z8zkp-y5qsw
[2026-08-01 02:15:21] ERROR: worker 1 pid=22280 exited immediately after spawn
[2026-08-01 02:15:24] Assigning job job-ms9z8zkp-tofpa -> worker 3
[2026-08-01 02:15:25] Spawned worker 3 shell pid=28208 for job-ms9z8zkp-tofpa
[2026-08-01 02:15:28] ERROR: worker 3 pid=28208 exited immediately after spawn
[2026-08-01 02:15:31] Assigning job job-ms9z8zkp-wp0f0 -> worker 4
[2026-08-01 02:15:32] Spawned worker 4 shell pid=28604 for job-ms9z8zkp-wp0f0
[2026-08-01 02:15:35] ERROR: worker 4 pid=28604 exited immediately after spawn
[2026-08-01 02:15:42] Assigning job job-ms9z9j6p-czvom -> worker 1
[2026-08-01 02:15:43] Spawned worker 1 shell pid=20460 for job-ms9z9j6p-czvom
[2026-08-01 02:15:46] ERROR: worker 1 pid=20460 exited immediately after spawn
[2026-08-01 02:15:49] Assigning job job-ms9z9j6p-3bs7r -> worker 3
[2026-08-01 02:15:50] Spawned worker 3 shell pid=11428 for job-ms9z9j6p-3bs7r
[2026-08-01 02:15:53] ERROR: worker 3 pid=11428 exited immediately after spawn
[2026-08-01 02:15:56] Assigning job job-ms9z9j6p-u7ogs -> worker 4
[2026-08-01 02:15:57] Spawned worker 4 shell pid=7004 for job-ms9z9j6p-u7ogs
[2026-08-01 02:16:00] ERROR: worker 4 pid=7004 exited immediately after spawn
[2026-08-01 02:16:15] Assigning job job-ms9za84r-hdacv -> worker 1
[2026-08-01 02:16:15] Spawned worker 1 shell pid=28444 for job-ms9za84r-hdacv
[2026-08-01 02:16:19] ERROR: worker 1 pid=28444 exited immediately after spawn
[2026-08-01 02:16:22] Assigning job job-ms9za84r-9xfct -> worker 3
[2026-08-01 02:16:22] Spawned worker 3 shell pid=30000 for job-ms9za84r-9xfct
[2026-08-01 02:16:25] ERROR: worker 3 pid=30000 exited immediately after spawn
[2026-08-01 02:16:28] Assigning job job-ms9za84r-d0wd4 -> worker 4
[2026-08-01 02:16:29] Spawned worker 4 shell pid=12712 for job-ms9za84r-d0wd4
[2026-08-01 02:16:32] ERROR: worker 4 pid=12712 exited immediately after spawn
[2026-08-01 02:16:40] Assigning job job-ms9zarp3-cags0 -> worker 1
[2026-08-01 02:16:41] Spawned worker 1 shell pid=21448 for job-ms9zarp3-cags0
[2026-08-01 02:16:44] ERROR: worker 1 pid=21448 exited immediately after spawn
[2026-08-01 02:16:47] Assigning job job-ms9zarp3-ff0yw -> worker 2
[2026-08-01 02:16:48] Spawned worker 2 shell pid=18988 for job-ms9zarp3-ff0yw
[2026-08-01 02:16:51] ERROR: worker 2 pid=18988 exited immediately after spawn
[2026-08-01 02:16:54] Assigning job job-ms9zarp2-19n1p -> worker 3
[2026-08-01 02:16:55] Spawned worker 3 shell pid=12120 for job-ms9zarp2-19n1p
[2026-08-01 02:16:58] ERROR: worker 3 pid=12120 exited immediately after spawn
[2026-08-01 02:17:05] WARN: claim-next-topics exit=1
[2026-08-01 02:17:11] Assigning job job-ms9zbfz3-imofk -> worker 1
[2026-08-01 02:17:12] Spawned worker 1 shell pid=14832 for job-ms9zbfz3-imofk
[2026-08-01 02:17:15] ERROR: worker 1 pid=14832 exited immediately after spawn
[2026-08-01 02:17:18] Assigning job job-ms9zbfz3-7qxyu -> worker 2
[2026-08-01 02:17:19] Spawned worker 2 shell pid=24384 for job-ms9zbfz3-7qxyu
[2026-08-01 02:17:22] ERROR: worker 2 pid=24384 exited immediately after spawn
[2026-08-01 02:17:25] Assigning job job-ms9zbfz3-nhhs8 -> worker 3
[2026-08-01 02:17:25] Spawned worker 3 shell pid=23224 for job-ms9zbfz3-nhhs8
[2026-08-01 02:17:28] ERROR: worker 3 pid=23224 exited immediately after spawn
[2026-08-01 02:18:32] Claimed job job-ms9za84r-d0wd4 bound to worker 4 but process gone (2.05204139166667m) - failing dispatch
[2026-08-01 02:19:04] WARN: claim-next-topics exit=1
[2026-08-01 02:19:11] Assigning job job-ms9ze05i-ickjy -> worker 1
[2026-08-01 02:19:11] Spawned worker 1 shell pid=4672 for job-ms9ze05i-ickjy
[2026-08-01 02:19:14] ERROR: worker 1 pid=4672 exited immediately after spawn
[2026-08-01 02:19:17] Assigning job job-ms9ze05i-fvqvf -> worker 2
[2026-08-01 02:19:18] Spawned worker 2 shell pid=14140 for job-ms9ze05i-fvqvf
[2026-08-01 02:19:21] ERROR: worker 2 pid=14140 exited immediately after spawn
[2026-08-01 02:19:28] Assigning job job-ms9zed8v-6q0cc -> worker 1
[2026-08-01 02:19:29] Spawned worker 1 shell pid=27684 for job-ms9zed8v-6q0cc
[2026-08-01 02:19:32] ERROR: worker 1 pid=27684 exited immediately after spawn
[2026-08-01 02:21:37] Assigning job job-ms9zh4p7-55g5y -> worker 1
[2026-08-01 02:21:37] Spawned worker 1 shell pid=19544 for job-ms9zh4p7-55g5y
[2026-08-01 02:21:42] Assigning job job-ms9zh4p7-4pg5e -> worker 2
[2026-08-01 02:21:43] Spawned worker 2 shell pid=18736 for job-ms9zh4p7-4pg5e
[2026-08-01 02:21:48] Assigning job job-ms9zh34q-7a6l1 -> worker 3
[2026-08-01 02:21:49] Spawned worker 3 shell pid=24440 for job-ms9zh34q-7a6l1
[2026-08-01 02:21:54] Assigning job job-ms9zh34q-vwpuv -> worker 4
[2026-08-01 02:21:55] Spawned worker 4 shell pid=15864 for job-ms9zh34q-vwpuv
[2026-08-01 02:22:52] WARN: orchestrator loop error (continuing): The process cannot access the file 'E:\AI Projects\data-insights-blog\artifacts\blog-production-lock.json' because it is being used by another process.
[2026-08-01 02:39:59] WARN: orchestrator loop error (continuing): Invalid JSON primitive: 
    ]
  }
}
.
[2026-08-01 02:40:20] Assigning job job-msa057c2-9hv9l -> worker 1
[2026-08-01 02:40:20] Spawned worker 1 shell pid=12128 for job-msa057c2-9hv9l
[2026-08-01 02:40:25] Assigning job job-msa057c2-vplfc -> worker 2
[2026-08-01 02:40:25] Spawned worker 2 shell pid=27668 for job-msa057c2-vplfc
[2026-08-01 02:40:30] Assigning job job-msa057c2-sn797 -> worker 3
[2026-08-01 02:40:31] Spawned worker 3 shell pid=16188 for job-msa057c2-sn797
[2026-08-01 02:40:36] Assigning job job-msa057c2-fcu7l -> worker 4
[2026-08-01 02:40:36] Spawned worker 4 shell pid=27348 for job-msa057c2-fcu7l
[2026-08-01 02:40:40] Merging ready job job-msa057c2-9hv9l (measurement-science-research-2026) from post/measurement-science-research-2026-w1
[2026-08-01 02:40:45] merge-ready-job exit=0
[2026-08-01 02:40:45] merge-ready-job out: {
  "ok": true,
  "shipped": true,
  "branchDeleted": true,
  "deletedBranches": [
    "post/measurement-science-research-2026-w1",
    "post/measurement-science-research-2026-w4"
  ],
  "log": [
    "merge start slug=measurement-science-research-2026 branch=post/measurement-science-research-2026-w1",
    "branch commits ahead of HEAD: 3",
    "worktree: using existing branch tip",
    "post allowlist on branch: 13 files",
    "post files differing from HEAD: 0",
    "stashed partial blocking=3",
    "selective commit ok (8 files): public/images/global-systems-measurement-science-research-2026-hero.png, scripts/smoke-test-viz-posts.mjs, src/components/PostVisualization.tsx, src/components/visualizations/MeasurementScienceResearchDashboard.tsx, src/data/measurement-science-research-2026-data.ts, src/data/posts.ts, src/data/theme-registry.ts, src/types/post.ts",
    "restored WIP stash",
    "closed shipped branch(es): post/measurement-science-research-2026-w1, post/measurement-science-research-2026-w4"
  ]
}
[2026-08-01 02:40:45] Shipped: measurement-science-research-2026 | duration_sec=22
[2026-08-01 02:40:45] Closed branch(es) after merge: post/measurement-science-research-2026-w1, post/measurement-science-research-2026-w4
[2026-08-01 02:40:50] Assigning job job-msa05v58-ft4jf -> worker 1
[2026-08-01 02:40:51] Spawned worker 1 shell pid=10416 for job-msa05v58-ft4jf
[2026-08-01 02:40:56] Assigning job job-msa05v58-m3r8a -> worker 2
[2026-08-01 02:40:56] Spawned worker 2 shell pid=24000 for job-msa05v58-m3r8a
[2026-08-01 02:41:01] Assigning job job-msa05v58-aar67 -> worker 3
[2026-08-01 02:41:02] Spawned worker 3 shell pid=30200 for job-msa05v58-aar67
[2026-08-01 02:41:07] Assigning job job-msa05v58-aao1t -> worker 4
[2026-08-01 02:41:07] Spawned worker 4 shell pid=29824 for job-msa05v58-aao1t
[2026-08-01 02:41:10] Merging ready job job-msa057c2-vplfc (demographic-cash-flows-research-2026) from post/demographic-cash-flows-research-2026-w2
[2026-08-01 02:41:16] merge-ready-job exit=0
[2026-08-01 02:41:16] merge-ready-job out: {
  "ok": true,
  "shipped": true,
  "branchDeleted": true,
  "deletedBranches": [
    "post/demographic-cash-flows-research-2026-w2"
  ],
  "log": [
    "merge start slug=demographic-cash-flows-research-2026 branch=post/demographic-cash-flows-research-2026-w2",
    "branch commits ahead of HEAD: 4",
    "worktree: using existing branch tip",
    "post allowlist on branch: 14 files",
    "post files differing from HEAD: 0",
    "stashed partial blocking=3",
    "selective commit ok (9 files): public/images/global-systems-demographic-cash-flows-research-2026-hero.png, scripts/qa-demographic-cash-flows-research-2026.mjs, scripts/smoke-test-viz-posts.mjs, src/components/PostVisualization.tsx, src/components/visualizations/DemographicCashFlowsResearchDashboard.tsx, src/data/demographic-cash-flows-research-2026-data.ts, src/data/posts.ts, src/data/theme-registry.ts",
    "restored WIP stash",
    "closed shipped branch(es): post/demographic-cash-flows-research-2026-w2"
  ]
}
[2026-08-01 02:41:16] Shipped: demographic-cash-flows-research-2026 | duration_sec=48
[2026-08-01 02:41:16] Closed branch(es) after merge: post/demographic-cash-flows-research-2026-w2
[2026-08-01 02:41:22] Merging ready job job-msa057c2-sn797 (copper-mine-vs-refinery-geography-2026) from post/copper-mine-vs-refinery-geography-2026-w3
[2026-08-01 02:41:27] merge-ready-job exit=0
[2026-08-01 02:41:27] merge-ready-job out: {
  "ok": true,
  "shipped": true,
  "branchDeleted": true,
  "deletedBranches": [
    "post/copper-mine-vs-refinery-geography-2026-w3"
  ],
  "log": [
    "merge start slug=copper-mine-vs-refinery-geography-2026 branch=post/copper-mine-vs-refinery-geography-2026-w3",
    "branch commits ahead of HEAD: 4",
    "worktree: using existing branch tip",
    "post allowlist on branch: 14 files",
    "post files differing from HEAD: 0",
    "stashed partial blocking=3",
    "selective commit ok (9 files): public/images/global-systems-copper-mine-vs-refinery-geography-2026-hero.png, scripts/qa-copper-mine-vs-refinery-geography-2026.mjs, scripts/smoke-test-viz-posts.mjs, src/components/PostVisualization.tsx, src/components/visualizations/CopperMineVsRefineryGeographyDashboard.tsx, src/data/copper-mine-vs-refinery-geography-2026-data.ts, src/data/posts.ts, src/data/theme-registry.ts",
    "restored WIP stash",
    "closed shipped branch(es): post/copper-mine-vs-refinery-geography-2026-w3"
  ]
}
[2026-08-01 02:41:27] Shipped: copper-mine-vs-refinery-geography-2026 | duration_sec=53
[2026-08-01 02:41:27] Closed branch(es) after merge: post/copper-mine-vs-refinery-geography-2026-w3
[2026-08-01 02:41:33] Merging ready job job-msa057c2-fcu7l (global-shipbuilding-gt-delivery-concentration-2026) from post/global-shipbuilding-gt-delivery-concentration-2026-w4
[2026-08-01 02:41:36] merge-ready-job exit=2
[2026-08-01 02:41:36] merge-ready-job out: {
  "ok": false,
  "error": "shared_wiring_failed",
  "detail": "no if(type) block for global-shipbuilding-gt-delivery-concentration-2026 on branch",
  "log": [
    "merge start slug=global-shipbuilding-gt-delivery-concentration-2026 branch=post/global-shipbuilding-gt-delivery-concentration-2026-w4",
    "branch commits ahead of HEAD: 4",
    "worktree: using existing branch tip",
    "post allowlist on branch: 14 files",
    "post files differing from HEAD: 0",
    "stashed partial blocking=3",
    "selective merge failed: shared_wiring_failed no if(type) block for global-shipbuilding-gt-delivery-concentration-2026 on branch"
  ]
}
[2026-08-01 02:41:42] Assigning job job-msa06yru-37iz0 -> worker 1
[2026-08-01 02:41:42] Spawned worker 1 shell pid=22900 for job-msa06yru-37iz0
[2026-08-01 02:41:47] Assigning job job-msa06yru-m6six -> worker 2
[2026-08-01 02:41:48] Spawned worker 2 shell pid=11620 for job-msa06yru-m6six
[2026-08-01 02:41:53] Assigning job job-msa06yru-7bvv3 -> worker 3
[2026-08-01 02:41:53] Spawned worker 3 shell pid=29596 for job-msa06yru-7bvv3
