[2026-07-31 23:42:07] Starting orchestrator (orch-20260731-234207)
[2026-07-31 23:42:07] Bootstrapping worktrees...
Base branch: master
Worktree root: E:\AI Projects\data-insights-blog-worktrees
Worktree worker-1 already exists at E:\AI Projects\data-insights-blog-worktrees\worker-1
Worktree worker-2 already exists at E:\AI Projects\data-insights-blog-worktrees\worker-2
Worktree worker-3 already exists at E:\AI Projects\data-insights-blog-worktrees\worker-3
Worktree worker-4 already exists at E:\AI Projects\data-insights-blog-worktrees\worker-4
Worktree worker-5 already exists at E:\AI Projects\data-insights-blog-worktrees\worker-5
Bootstrap complete.
E:/AI Projects/data-insights-blog                    0b66a48 [master]
E:/AI Projects/data-insights-blog-worktrees/worker-1 0b66a48 (detached HEAD)
E:/AI Projects/data-insights-blog-worktrees/worker-2 0b66a48 (detached HEAD)
E:/AI Projects/data-insights-blog-worktrees/worker-3 0b66a48 (detached HEAD)
E:/AI Projects/data-insights-blog-worktrees/worker-4 0b66a48 (detached HEAD)
E:/AI Projects/data-insights-blog-worktrees/worker-5 0b66a48 [post/commercial-aircraft-final-assembly-geography-2026-w1]
[2026-07-31 23:42:08] Seeding topic failure flags from history...
[2026-07-31 23:42:08] flags seed: {"blockedStems":1,"blockedThemes":0,"failures":162}
[2026-07-31 23:42:08] Recovering any orphaned merge state...
[2026-07-31 23:42:08] merge recover: {
  "recover": true,
  "recovered": false,
  "reason": "no stash state"
}
