[2026-08-01 02:54:40] Starting orchestrator (orch-20260801-025439)
[2026-08-01 02:54:40] Transport mitigations: producers=4 spawnStagger=20s (env BLOG_PRODUCTION_WORKER_COUNT / BLOG_WORKER_SPAWN_STAGGER_SEC)
[2026-08-01 02:54:40] Bootstrapping worktrees...
[2026-08-01 02:54:41] Parked skill arrighi-adam-smith-beijing (1.1 MB)
[2026-08-01 02:54:41] Parked skill bobbitt-shield-of-achilles (2.7 MB)
[2026-08-01 02:54:41] Parked skill lachmann-first-class-passengers (1.1 MB)
[2026-08-01 02:54:41] Parked skill terry-what-happens-next (0.3 MB)
[2026-08-01 02:54:41] Parked skill turchin-end-times (91 MB)
[2026-08-01 02:54:41] Parked skill zeihan-end-of-world (0.9 MB)
[2026-08-01 02:54:41] Seeding topic failure flags from history...
[2026-08-01 02:54:41] flags seed: {"blockedStems":9,"blockedThemes":1,"failures":8}
[2026-08-01 02:54:41] Recovering any orphaned merge state...
[2026-08-01 02:54:42] merge recover: {
  "recover": true,
  "recovered": true,
  "restored": true,
  "code": 0,
  "output": "On branch master\nYour branch is ahead of 'origin/master' by 22 commits.\n  (use \"git push\" to publish your local commits)\n\nChanges to be committed:\n  (use \"git restore --staged <file>...\" to unstage)\n\tnew file:   public/images/industry-global-shipbuilding-gt-delivery-concentration-2026-hero.png\n\tnew file:   scripts/qa-global-shipbuilding-gt-delivery-concentration-2026.mjs\n\tnew file:   src/components/visualizations/GlobalShipbuildingGtDeliveryDashboard.tsx\n\tnew file:   src/data/global-shipbuilding-gt-delivery-concentration-data.ts\n\tmodified:   src/data/posts.ts\n\nChanges not staged for commit:\n  (use \"git add <file>...\" to update what will be committed)\n  (use \"git restore <file>...\" to discard changes in working directory)\n\tmodified:   .cursor/rules/firebase-deploy.mdc\n\tmodified:   .firebase/hosting.b3V0.cache\n\tmodified:   AGENTS.md\n\tmodified:   package.json\n\tmodified:   scripts/lib/orch-merge.mjs\n\tmodified:   scripts/lib/static-server.mjs\n\tmodified:   scripts/qa-homepage-and-fullscreen.mjs\n\tmodified:   src/lib/markdown.tsx\n\tmodified:   src/types/post.ts\n\nUntracked files:\n  (use \"git add <file>...\" to include in what will be committed)\n\tartifacts/_post-branches.txt\n\tartifacts/_qa-static-isolation/\n\tartifacts/agent-failures-archive.json\n\tartifacts/agent-jobs.json\n\tartifacts/agent-process-attempts.json\n\tartifacts/automation-logs/\n\tartifacts/blog-orchestrator.pid\n\tartifacts/blog-production-lock.json\n\tartifacts/cursor-watchdog-loop.pid\n\tartifacts/local-blog-server.pid\n\tartifacts/locks/\n\tartifacts/orch-merge-stash.json\n\tartifacts/production-ship-history.json\n\tartifacts/production-stream.pid\n\tartifacts/unmerged-posts-report.json\n\tartifacts/watchdog-state.json\n\tpublic/images/global-systems-fiscal-plumbing-research-2026-hero.png\n\tpublic/images/industry-commercial-aircraft-final-assembly-geography-2026-hero.png\n\tscripts/bootstrap-worktrees.ps1\n\tscripts/claim-next-topics.mjs\n\tscripts/claim-recovery-job.mjs\n\tscripts/clear-resolved-failures.mjs\n\tscripts/cursor-watchdog-loop.ps1\n\tscripts/debug-agent-transport.ps1\n\tscripts/firebase-deploy-hosting.mjs\n\tscripts/lib/agent-jobs.mjs\n\tscripts/lib/agent-stream-cot.mjs\n\tscripts/lib/markdown-formatting-qa.mjs\n\tscripts/lib/production-ship-parser.mjs\n\tscripts/lib/viz-interaction-qa.mjs\n\tscripts/lib/worker-exit-remap.mjs\n\tscripts/local-blog-server.mjs\n\tscripts/production-stream-server.mjs\n\tscripts/production-stream-ui.html\n\tscripts/prompts/\n\tscripts/prune-post-branches.mjs\n\tscripts/qa-cot-stream.mjs\n\tscripts/qa-fiscal-plumbing-research-2026.mjs\n\tscripts/qa-manual-review-flag.mjs\n\tscripts/qa-worker-isolation-requeue.mjs\n\tscripts/qa-worker-transport-exit.mjs\n\tscripts/resolve-flagged-jobs.mjs\n\tscripts/resume-blog-automation.ps1\n\tscripts/run-blog-orchestrator.ps1\n\tscripts/run-blog-production-local.ps1\n\tscripts/run-blog-worker.ps1\n\tscripts/start-blog-automation-in-app.ps1\n\tscripts/stop-blog-automation.ps1\n\tscripts/theme-balance.ts\n\tscripts/update-agent-job.mjs\n\tscripts/watch-blog-production.ps1\n\tsrc/components/charts/\n\tsrc/components/visualizations/BankLoanChargeoffsDashboard.tsx\n\tsrc/components/visualizations/CommercialAircraftAssemblyDashboard.tsx\n\tsrc/components/visualizations/FiscalPlumbingResearchDashboard.tsx\n\tsrc/components/visualizations/IrenaRenewableCapacityDashboard.tsx\n\tsrc/components/visualizations/MoneyMarketFundsDepositsDashboard.tsx\n\tsrc/components/visualizations/NaturalGraphiteMineConcentrationDashboard.tsx\n\tsrc/components/visualizations/OecdDacOdaDashboard.tsx\n\tsrc/data/bank-loan-chargeoffs-data.ts\n\tsrc/data/commercial-aircraft-assembly-data.ts\n\tsrc/data/fiscal-plumbing-research-2026-data.ts\n\tsrc/data/irena-renewable-capacity-data.ts\n\tsrc/data/money-market-funds-deposits-data.ts\n\tsrc/data/natural-graphite-mine-concentration-data.ts\n\tsrc/data/oecd-dac-oda-data.ts\n\tsrc/data/social-security-trust-fund-data.ts\nerror: Your local changes to the following files would be overwritten by merge:\n\tsrc/types/post.ts\nPlease commit your changes or stash them before you merge.\nAborting",
  "resolvedConflicts": [],
  "warning": "stash apply had conflicts; kept merged versions"
}
[2026-08-01 02:58:17] Shipped: global-shipbuilding-gt-delivery-concentration-2026 | China 54.6% of world ship GT deliveries (2024)
[2026-08-01 02:58:18] Assigning job job-msa0sb5p-2dxnh -> worker 1
[2026-08-01 02:58:18] Spawned worker 1 shell pid=2500 for job-msa0sb5p-2dxnh (attempt 1)
[2026-08-01 02:58:23] Staggering next agent spawn by 20s (avoid concurrent Cursor connects)
[2026-08-01 02:58:43] Assigning job job-msa0sb5p-gq52g -> worker 2
[2026-08-01 02:58:43] Spawned worker 2 shell pid=25836 for job-msa0sb5p-gq52g (attempt 1)
[2026-08-01 02:58:47] Staggering next agent spawn by 20s (avoid concurrent Cursor connects)
[2026-08-01 02:59:07] Assigning job job-msa0sb5p-8jgdg -> worker 3
[2026-08-01 02:59:08] Spawned worker 3 shell pid=26240 for job-msa0sb5p-8jgdg (attempt 1)
[2026-08-01 02:59:12] Staggering next agent spawn by 20s (avoid concurrent Cursor connects)
[2026-08-01 02:59:32] Assigning job job-msa0sb5p-6scz1 -> worker 4
[2026-08-01 02:59:32] Spawned worker 4 shell pid=16612 for job-msa0sb5p-6scz1 (attempt 1)
[2026-08-01 03:03:55] WARN: orchestrator loop error (continuing): The process cannot access the file 'E:\AI Projects\data-insights-blog\artifacts\agent-jobs.json' because it is being used by another process.
[2026-08-01 03:21:29] Assigning job job-msa1m4rp-a3bfe -> worker 2
[2026-08-01 03:21:30] Spawned worker 2 shell pid=26080 for job-msa1m4rp-a3bfe (attempt 1)
[2026-08-01 03:21:40] Assigning job job-msa1mcut-2lwgv -> worker 2
[2026-08-01 03:21:40] Spawned worker 2 shell pid=23108 for job-msa1mcut-2lwgv (attempt 1)
[2026-08-01 03:21:56] Worker 4 marked busy but process gone - clearing slot (job=job-msa0sb5p-6scz1)
[2026-08-01 03:21:57] Assigning job job-msa1mpwx-oyqxs -> worker 2
[2026-08-01 03:21:57] Spawned worker 2 shell pid=23448 for job-msa1mpwx-oyqxs (attempt 1)
[2026-08-01 03:22:07] Worker 3 marked busy but process gone - clearing slot (job=job-msa0sb5p-8jgdg)
[2026-08-01 11:51:22] WARN: orchestrator loop error (continuing): The process cannot access the file 'E:\AI Projects\data-insights-blog\artifacts\blog-production-lock.json' because it is being used by another process.
[2026-08-01 12:25:05] WARN: orchestrator loop error (continuing): Stream was not readable.
[2026-08-01 12:25:25] WARN: orchestrator loop error (continuing): Stream was not readable.
[2026-08-01 12:25:45] WARN: orchestrator loop error (continuing): Stream was not readable.
[2026-08-01 12:26:05] WARN: orchestrator loop error (continuing): Stream was not readable.
[2026-08-01 12:26:25] WARN: orchestrator loop error (continuing): Stream was not readable.
[2026-08-01 12:26:45] WARN: orchestrator loop error (continuing): Stream was not readable.
[2026-08-01 12:27:05] WARN: orchestrator loop error (continuing): Stream was not readable.
[2026-08-01 12:27:25] WARN: orchestrator loop error (continuing): Stream was not readable.
[2026-08-01 14:59:59] WARN: orchestrator loop error (continuing): The process cannot access the file 'E:\AI Projects\data-insights-blog\artifacts\blog-production-lock.json' because it is being used by another process.
