[2026-07-31 12:42:52] Starting orchestrator (orch-20260731-124250)
[2026-07-31 12:42:52] Bootstrapping worktrees...
[2026-07-31 12:42:56] Recovering any orphaned merge state...
[2026-07-31 12:42:56] merge recover: {
  "recover": true,
  "recovered": false,
  "reason": "no stash state"
}
[2026-07-31 12:44:21] WARN: claim-next-topics exit=-1073740791
[2026-07-31 12:45:16] WARN: claim-next-topics exit=1
[2026-07-31 12:46:05] WARN: claim-next-topics exit=-1073740791
[2026-07-31 12:46:55] WARN: claim-next-topics exit=-1073740791
[2026-07-31 12:47:40] WARN: claim-next-topics exit=-1073740791
[2026-07-31 12:49:04] WARN: claim-next-topics exit=-1073740791
[2026-07-31 12:50:09] WARN: claim-next-topics exit=1
[2026-07-31 12:53:45] Assigning job job-ms96m7e2-fx8z0 -> worker 1
[2026-07-31 12:54:30] Worker 1 marked busy but process gone - clearing slot (job=job-ms96m7e2-fx8z0)
[2026-07-31 12:54:37] Stopping worker 1 process(es) (fail job-ms96m7e2-fx8z0: worker_process_gone)
[2026-07-31 12:54:48] Worker 4 marked busy but process gone - clearing slot (job=job-ms95r9et-v9bcn)
[2026-07-31 12:54:58] Assigning job job-ms96nrza-un2bq -> worker 1
[2026-07-31 12:55:05] Assigning job job-ms96nrza-k3lkv -> worker 4
[2026-07-31 12:56:45] Assigning job job-ms96q16o-pn3ti -> worker 4
[2026-07-31 13:03:34] Assigning job job-ms96ytbc-hv1hg -> worker 4
[2026-07-31 13:04:47] Assigning job job-ms970e89-911wr -> worker 2
