[2026-08-20 22:23:38] [cot:system] session model=Auto cwd=C:\Users\ether\AppData\Local\data-insights-blog-workers\worker-5
[2026-08-20 22:23:39] [cot:user] You are a blog production WORKER in a parallel multi-agent system. ## Identity - Worker ID: 5 - Job ID: job-mt2ahylj-yq0za - Assigned slug: heavy-industrial-capacity-update-2026q3 - Theme ID: heavy-inΓÇª
[2026-08-20 22:23:39] [cot:thought] Beginning blog production as worker 5. The assigned post is heavy-industrial-capacity-update-2026q3.
[2026-08-20 22:23:40] [cot:thought] I will follow the six-step workflow and enforce the quality blockers. Checking conveyor-sync
[2026-08-20 22:23:41] [cot:thought] status and reading production rules. Reviewing similar posts for patterns. Updating job status to researching. Proceeding in short phases.
[2026-08-20 22:23:41] [cot:thought] Starting the heavy-industrial-capacity post as worker 5 ??? checking conveyor sync and production rules, then building in short phases.
[2026-08-20 22:23:41] [cot:tool] start shell $env:BLOG_REPO_ROOT='E:\AI Projects\data-insights-blog'; if (Test-Path 'artifacts/conveyor-sync.json') { Get-Content 'artifacts/conveyor-sync.json' -Raw } else { 'no conveyor-sync' }; git branch --show-current; git status -sb
[2026-08-20 22:23:43] [cot:tool] start read C:\Users\ether\AppData\Local\data-insights-blog-workers\worker-5\.cursor\rules\autonomous-blog-production.mdc
[2026-08-20 22:23:43] [cot:tool] start glob
[2026-08-20 22:23:44] [cot:tool] start grep C:\Users\ether\AppData\Local\data-insights-blog-workers\worker-5\src
[2026-08-20 22:23:45] [cot:tool] done read ?
[2026-08-20 22:23:45] [cot:tool] done grep C:\Users\ether\AppData\Local\data-insights-blog-workers\worker-5\src
[2026-08-20 22:23:45] [cot:tool] done glob
[2026-08-20 22:23:45] [cot:tool] done shell $env:BLOG_REPO_ROOT='E:\AI Projects\data-insights-blog'; if (Test-Path 'artifacts/conveyor-sync.json') { Get-Content 'artifacts/conveyor-sync.json' -Raw } else { 'no conveyor-sync' }; git branch --show-current; git status -sb
[2026-08-20 22:23:45] [cot:thought] An existing 2026 update and research post were found. Reviewing existing
[2026-08-20 22:23:45] [cot:thought] posts for patterns and production rules. Updating job status.Conveyor is idle. Reviewing the prior theme post and wiring patterns next.
[2026-08-20 22:23:45] [cot:tool] start shell $env:BLOG_REPO_ROOT='E:\AI Projects\data-insights-blog'; npx tsx "E:\AI Projects\data-insights-blog\scripts\update-agent-job.mjs" --job job-mt2ahylj-yq0za --status researching --activity "Phase 1: reading prior theme post + viz patterns"
[2026-08-20 22:23:46] [cot:tool] start glob
[2026-08-20 22:23:47] [cot:tool] done glob
[2026-08-20 22:23:47] [cot:tool] start grep C:\Users\ether\AppData\Local\data-insights-blog-workers\worker-5\src\data\posts.ts
[2026-08-20 22:23:48] [cot:tool] done grep C:\Users\ether\AppData\Local\data-insights-blog-workers\worker-5\src\data\posts.ts
[2026-08-20 22:23:48] [cot:tool] start read C:\Users\ether\AppData\Local\data-insights-blog-workers\worker-5\src\data\heavy-industrial-capacity-update-2026-data.ts
[2026-08-20 22:23:49] [cot:tool] start glob
[2026-08-20 22:23:51] [cot:tool] done read C:\Users\ether\AppData\Local\data-insights-blog-workers\worker-5\src\data\heavy-industrial-capacity-update-2026-data.ts
[2026-08-20 22:23:51] [cot:tool] done glob
[2026-08-20 22:23:51] [cot:tool] done shell $env:BLOG_REPO_ROOT='E:\AI Projects\data-insights-blog'; npx tsx "E:\AI Projects\data-insights-blog\scripts\update-agent-job.mjs" --job job-mt2ahylj-yq0za --status researching --activity "Phase 1: reading prior theme post + viz patterns"
[2026-08-20 22:23:51] [cot:thought] An August 2026 update post already exists. Researching newer
[2026-08-20 22:23:52] [cot:thought] official vintage data since the August 2026 post. The headline will highlight year-over-year or vintage deltas.
[2026-08-20 22:23:52] [cot:thought] The prior post already
[2026-08-20 22:23:52] [cot:thought] cites June 2026 UNCTAD, World Steel 2025, and Cirium H1 2026. I am now checking what newer vintage data would logically follow for a Q3 update, and reviewing dashboard structure patterns.
[2026-08-20 22:23:52] [cot:thought] Prior update exists; next I'll inspect its dashboard pattern and scout a Q3 vintage delta.
[2026-08-20 22:23:52] [cot:tool] start read C:\Users\ether\AppData\Local\data-insights-blog-workers\worker-5\src\components\visualizations\HeavyIndustrialCapacityUpdate2026Dashboard.tsx
[2026-08-20 22:23:53] [cot:tool] done read C:\Users\ether\AppData\Local\data-insights-blog-workers\worker-5\src\components\visualizations\HeavyIndustrialCapacityUpdate2026Dashboard.tsx
[2026-08-20 22:23:53] [cot:tool] start grep C:\Users\ether\AppData\Local\data-insights-blog-workers\worker-5\src\data\posts.ts
[2026-08-20 22:23:55] [cot:tool] done grep C:\Users\ether\AppData\Local\data-insights-blog-workers\worker-5\src\data\posts.ts
[2026-08-20 22:23:55] [cot:tool] start grep C:\Users\ether\AppData\Local\data-insights-blog-workers\worker-5\src\components\visualizations\PostVisualization.tsx
[2026-08-20 22:23:56] [cot:tool] start webSearch
[2026-08-20 22:23:58] [cot:tool] done grep
[2026-08-20 22:23:58] [cot:tool] done webSearch
[2026-08-20 22:23:58] [cot:thought] Found a clear Q3 delta story in Clarksons H1 2026 order data. China holds 72% of orders by CGT. Korea holds 19%. The orderbook shows China at 65%.
[2026-08-20 22:23:58] [cot:thought] The prior update focused
[2026-08-20 22:23:58] [cot:thought] on 2025 completions. The Q3 piece will pivot to forward capacity signals instead. Orderbook and H1 2026 contracting reveal re-concentration despite de-concentrated completions. Still need steel mid-year 2026 and aircraft mid-year data. Will review a recent Q3 post pattern for structure.
[2026-08-20 22:23:59] [cot:tool] start webSearch
[2026-08-20 22:23:59] [cot:tool] start webSearch
[2026-08-20 22:24:00] [cot:tool] start glob
[2026-08-20 22:24:00] [cot:tool] start read C:\Users\ether\AppData\Local\data-insights-blog-workers\worker-5\src\data\heavy-industrial-capacity-update-2026-data.ts
[2026-08-20 22:24:01] [cot:tool] done read C:\Users\ether\AppData\Local\data-insights-blog-workers\worker-5\src\data\heavy-industrial-capacity-update-2026-data.ts
[2026-08-20 22:24:01] [cot:tool] done glob
[2026-08-20 22:24:01] [cot:tool] done webSearch
[2026-08-20 22:24:01] [cot:tool] done webSearch
[2026-08-20 22:24:01] [cot:thought] The Q3 narrative begins with the August post's Asia trio completion figure at 91% of 2025 GT.
[2026-08-20 22:24:03] [cot:thought] Clarksons H1 2026
[2026-08-20 22:24:03] [cot:thought] shipbuilding orders show China at 72% of newbuilding by CGT (+113% YoY) and Korea at 19%. Global orders rose 66% YoY to 42.95m CGT. China holds 65% of the orderbook at 134.03m CGT of 206.59m.
[2026-08-20 22:24:03] [cot:thought] This signals forward capacity re-concentration despite de-concentrated completions. World Steel H1 2026 data shows China at 500.0 Mt (???3.0% YoY) and the world total at 931.5 Mt (???0.7%).
[2026-08-20 22:24:03] [cot:thought] China???s share of reporting countries appears to have rebounded to roughly 53.7%.
[2026-08-20 22:24:03] [cot:thought] India produced 87.0
[2026-08-20 22:24:03] [cot:thought] Mt (+7.1%) and the US 42.8 Mt (+6.3%). Aircraft YTD through July shows 418 for Airbus versus 367 for Boeing, a 53.2% share down from the H1 54%.
[2026-08-20 22:24:03] [cot:thought] The headline will highlight China at 72% of H1 2026 ship orders and a midyear steel share near 54%. The thesis is that completions vintage eased concentration, yet forward prints???orders, orderbook, and H1 steel run-rate???signal the builder base is re-tightening at the margin.
[2026-08-20 22:24:03] [cot:thought] Registration patterns and a smaller Q3 update data file will guide the structure. The data module will follow.
[2026-08-20 22:24:03] [cot:thought] Clear Q3 angle: Clarksons H1 orders (China 72% CGT) vs prior 91% completions print.
[2026-08-20 22:24:03] [cot:thought] Building the data module next.
[2026-08-20 22:24:03] [cot:tool] start grep C:\Users\ether\AppData\Local\data-insights-blog-workers\worker-5\src\components\PostVisualization.tsx
[2026-08-20 22:24:04] [cot:tool] start read C:\Users\ether\AppData\Local\data-insights-blog-workers\worker-5\src\types\post.ts
[2026-08-20 22:24:05] [cot:tool] done read C:\Users\ether\AppData\Local\data-insights-blog-workers\worker-5\src\types\post.ts
[2026-08-20 22:24:05] [cot:tool] done grep C:\Users\ether\AppData\Local\data-insights-blog-workers\worker-5\src\components\PostVisualization.tsx
[2026-08-20 22:24:05] [cot:tool] start read C:\Users\ether\AppData\Local\data-insights-blog-workers\worker-5\src\data\heavy-industrial-capacity-update-2026-data.ts
[2026-08-20 22:24:06] [cot:tool] start shell $env:BLOG_REPO_ROOT='E:\AI Projects\data-insights-blog'; npx tsx "E:\AI Projects\data-insights-blog\scripts\update-agent-job.mjs" --job job-mt2ahylj-yq0za --status building --activity "Phase 1: writing Q3 data module (Clarksons H1 orders + World Steel midyear)"
[2026-08-20 22:24:08] [cot:tool] done read C:\Users\ether\AppData\Local\data-insights-blog-workers\worker-5\src\data\heavy-industrial-capacity-update-2026-data.ts
[2026-08-20 22:24:08] [cot:tool] done shell $env:BLOG_REPO_ROOT='E:\AI Projects\data-insights-blog'; npx tsx "E:\AI Projects\data-insights-blog\scripts\update-agent-job.mjs" --job job-mt2ahylj-yq0za --status building --activity "Phase 1: writing Q3 data module (Clarksons H1 orders + World Steel midyear)"
[2026-08-20 22:24:08] [cot:thought] The Q3 data module will use a distinct visualization approach, avoiding any KPI+bar template clone.
[2026-08-20 22:24:08] [cot:thought] The Q3 narrative contrasts
[2026-08-20 22:24:08] [cot:thought] prior August data with fresh H1 2026 prints. China dominates global order shares at 72% and 65% by June. World steel output shows a 53.7% China share, up 1.7 percentage points.
[2026-08-20 22:24:08] [cot:thought] Aircraft orders show a 53.2% Airbus share, down 0.8 points from H1. Dock and forge positions remain held.
[2026-08-20 22:24:08] [cot:thought] The headline will
[2026-08-20 22:24:08] [cot:thought] read "China 72% of H1 ship orders by CGT; midyear steel share rebounds to ~53.7%".
[2026-08-20 22:24:08] [cot:thought] The dashboard will
[2026-08-20 22:24:08] [cot:thought] use diverging delta bars for prior-to-Q3 changes, horizontal stacked bars for H1 contraction, and a composed chart for orderbook versus completions.
[2026-08-20 22:24:08] [cot:thought] A waterfall or slope chart will trace the steel share path from FY to H1. A scatter plot will map order share against backlog share, while YTD aircraft race bars and a held forge strip will round out the panel set.
[2026-08-20 22:24:08] [cot:thought] Controls will include tab filters, moved versus held toggles, a steel mode selector, and a sector filter for the orderbook view.
[2026-08-20 22:24:08] [cot:thought] Writing the Q3 data module with Clarksons H1 orders, World Steel midyear, and July YTD aircraft prints.
[2026-08-20 22:24:08] [cot:tool] start edit C:\Users\ether\AppData\Local\data-insights-blog-workers\worker-5\src\data\heavy-industrial-capacity-update-2026q3-data.ts
[2026-08-20 22:24:10] [cot:tool] done edit C:\Users\ether\AppData\Local\data-insights-blog-workers\worker-5\src\data\heavy-industrial-capacity-update-2026q3-data.ts
[2026-08-20 22:24:10] [cot:thought] Committing phase 1 and building the dashboard.
[2026-08-20 22:24:11] [cot:tool] start shell git add -A; git commit --trailer "Co-authored-by: Cursor <cursoragent@cursor.com>" -m "wip(heavy-industrial-capacity-update-2026q3): data module"; $env:BLOG_REPO_ROOT='E:\AI Projects\data-insights-blog'; npx tsx "E:\AI Projects\data-insights-blog\scripts\update-agent-job.mjs" --job job-mt2ahylj-yq0za --status building --activity "Phase 2: dashboard + viz registration"
[2026-08-20 22:24:12] [cot:tool] done shell git add -A; git commit --trailer "Co-authored-by: Cursor <cursoragent@cursor.com>" -m "wip(heavy-industrial-capacity-update-2026q3): data module"; $env:BLOG_REPO_ROOT='E:\AI Projects\data-insights-blog'; npx tsx "E:\AI Projects\data-insights-blog\scripts\update-agent-job.mjs" --job job-mt2ahylj-yq0za --status building --activity "Phase 2: dashboard + viz registration"
[2026-08-20 22:24:12] [cot:thought] Starting the dashboard. Need to ensure distinct chart types. Six chart types selected:
[2026-08-20 22:24:12] [cot:thought] diverging bars, stacked bars, area/line, scatter, grouped bars, and forge strip. Controls include tabs, delta filters, steel mode, and layer toggles. Now checking PostVisualization.tsx imports.
[2026-08-20 22:24:12] [cot:tool] start grep C:\Users\ether\AppData\Local\data-insights-blog-workers\worker-5\src\components\PostVisualization.tsx
[2026-08-20 22:24:13] [cot:tool] start read C:\Users\ether\AppData\Local\data-insights-blog-workers\worker-5\src\components\visualizations\HeavyIndustrialCapacityUpdate2026Dashboard.tsx
[2026-08-20 22:24:14] [cot:tool] done grep C:\Users\ether\AppData\Local\data-insights-blog-workers\worker-5\src\components\PostVisualization.tsx
[2026-08-20 22:24:14] [cot:tool] done read C:\Users\ether\AppData\Local\data-insights-blog-workers\worker-5\src\components\visualizations\HeavyIndustrialCapacityUpdate2026Dashboard.tsx
[2026-08-20 22:24:14] [cot:thought] The dashboard will feature four distinct visualizations: order layers, steel path, scatter, and aircraft race.
[2026-08-20 22:24:15] [cot:tool] start edit C:\Users\ether\AppData\Local\data-insights-blog-workers\worker-5\src\components\visualizations\HeavyIndustrialCapacityUpdate2026q3Dashboard.tsx
[2026-08-20 22:24:16] [cot:tool] done edit C:\Users\ether\AppData\Local\data-insights-blog-workers\worker-5\src\components\visualizations\HeavyIndustrialCapacityUpdate2026q3Dashboard.tsx
[2026-08-20 22:24:16] [cot:thought] The layers tab subtitle contains a fmtPp(0) hack bug. Fixing the scatter
[2026-08-20 22:24:16] [cot:thought] plot ReferenceLine compatibility across Recharts versions. Simplifying the global H1 orders headline text to remove the awkward fmtPp(0) replacement hack.
[2026-08-20 22:24:16] [cot:thought] Fixing a small copy bug, then registering the visualization.
[2026-08-20 22:24:16] [cot:tool] start edit C:\Users\ether\AppData\Local\data-insights-blog-workers\worker-5\src\components\visualizations\HeavyIndustrialCapacityUpdate2026q3Dashboard.tsx
[2026-08-20 22:24:17] [cot:tool] start read C:\Users\ether\AppData\Local\data-insights-blog-workers\worker-5\src\components\PostVisualization.tsx
[2026-08-20 22:24:17] [cot:tool] done read C:\Users\ether\AppData\Local\data-insights-blog-workers\worker-5\src\components\PostVisualization.tsx
[2026-08-20 22:24:17] [cot:tool] start read C:\Users\ether\AppData\Local\data-insights-blog-workers\worker-5\src\types\post.ts
[2026-08-20 22:24:19] [cot:tool] done read C:\Users\ether\AppData\Local\data-insights-blog-workers\worker-5\src\types\post.ts
[2026-08-20 22:24:19] [cot:tool] done edit C:\Users\ether\AppData\Local\data-insights-blog-workers\worker-5\src\components\visualizations\HeavyIndustrialCapacityUpdate2026q3Dashboard.tsx
[2026-08-20 22:24:19] [cot:thought] Adding the type, dynamic import, and render branch. Also updating the
[2026-08-20 22:24:20] [cot:thought] theme registry.
[2026-08-20 22:24:20] [cot:tool] start edit C:\Users\ether\AppData\Local\data-insights-blog-workers\worker-5\src\types\post.ts
[2026-08-20 22:24:22] [cot:tool] done edit C:\Users\ether\AppData\Local\data-insights-blog-workers\worker-5\src\types\post.ts
[2026-08-20 22:24:22] [cot:tool] start edit C:\Users\ether\AppData\Local\data-insights-blog-workers\worker-5\src\components\PostVisualization.tsx
[2026-08-20 22:24:23] [cot:tool] start edit C:\Users\ether\AppData\Local\data-insights-blog-workers\worker-5\src\data\theme-registry.ts
[2026-08-20 22:24:24] [cot:tool] done edit C:\Users\ether\AppData\Local\data-insights-blog-workers\worker-5\src\components\PostVisualization.tsx
[2026-08-20 22:24:24] [cot:tool] start edit C:\Users\ether\AppData\Local\data-insights-blog-workers\worker-5\src\components\PostVisualization.tsx
[2026-08-20 22:24:25] [cot:tool] done edit C:\Users\ether\AppData\Local\data-insights-blog-workers\worker-5\src\data\theme-registry.ts
[2026-08-20 22:24:25] [cot:tool] done edit C:\Users\ether\AppData\Local\data-insights-blog-workers\worker-5\src\components\PostVisualization.tsx
[2026-08-20 22:24:25] [cot:thought] Proceeding to commit phase 2. Then generating the hero image and writing posts.ts.
[2026-08-20 22:24:25] [cot:thought] Checking smoke test
[2026-08-20 22:24:25] [cot:thought] markers and backend-manifest patterns.
[2026-08-20 22:24:25] [cot:tool] start shell git add -A; git commit --trailer "Co-authored-by: Cursor <cursoragent@cursor.com>" -m "wip(heavy-industrial-capacity-update-2026q3): dashboard + viz wireup"; $env:BLOG_REPO_ROOT='E:\AI Projects\data-insights-blog'; npx tsx "E:\AI Projects\data-insights-blog\scripts\update-agent-job.mjs" --job job-mt2ahylj-yq0za --status building --activity "Phase 3: post prose + hero image"
[2026-08-20 22:24:26] [cot:tool] start grep C:\Users\ether\AppData\Local\data-insights-blog-workers\worker-5\artifacts\backend-manifest.json
[2026-08-20 22:24:27] [cot:tool] done grep C:\Users\ether\AppData\Local\data-insights-blog-workers\worker-5\artifacts\backend-manifest.json
[2026-08-20 22:24:27] [cot:tool] start grep C:\Users\ether\AppData\Local\data-insights-blog-workers\worker-5\scripts
[2026-08-20 22:24:27] [cot:tool] start read C:\Users\ether\AppData\Local\data-insights-blog-workers\worker-5\src\data\posts.ts
[2026-08-20 22:24:28] [cot:tool] done grep C:\Users\ether\AppData\Local\data-insights-blog-workers\worker-5\scripts
[2026-08-20 22:24:28] [cot:tool] done read C:\Users\ether\AppData\Local\data-insights-blog-workers\worker-5\src\data\posts.ts
[2026-08-20 22:24:28] [cot:tool] done shell git add -A; git commit --trailer "Co-authored-by: Cursor <cursoragent@cursor.com>" -m "wip(heavy-industrial-capacity-update-2026q3): dashboard + viz wireup"; $env:BLOG_REPO_ROOT='E:\AI Projects\data-insights-blog'; npx tsx "E:\AI Projects\data-insights-blog\scripts\update-agent-job.mjs" --job job-mt2ahylj-yq0za --status building --activity "Phase 3: post prose + hero image"
[2026-08-20 22:24:28] [cot:thought] Locating the correct insertion point for the new post in the samplePosts file. Newest posts appear
[2026-08-20 22:24:29] [cot:thought] first in the array, so the new entry will be inserted at the top. Next steps are generating a hero image and verifying the backend-manifest format.
[2026-08-20 22:24:29] [cot:tool] start read C:\Users\ether\AppData\Local\data-insights-blog-workers\worker-5\artifacts\backend-manifest.json
[2026-08-20 22:24:30] [cot:tool] start read C:\Users\ether\AppData\Local\data-insights-blog-workers\worker-5\scripts\qa-heavy-industrial-capacity-update-2026.mjs
[2026-08-20 22:24:30] [cot:tool] done read C:\Users\ether\AppData\Local\data-insights-blog-workers\worker-5\artifacts\backend-manifest.json
[2026-08-20 22:24:30] [cot:tool] done read C:\Users\ether\AppData\Local\data-insights-blog-workers\worker-5\scripts\qa-heavy-industrial-capacity-update-2026.mjs
[2026-08-20 22:24:30] [cot:tool] start read C:\Users\ether\AppData\Local\data-insights-blog-workers\worker-5\scripts\smoke-test-viz-posts.mjs
[2026-08-20 22:24:31] [cot:tool] start generateImage
[2026-08-20 22:24:31] [cot:tool] done read C:\Users\ether\AppData\Local\data-insights-blog-workers\worker-5\scripts\smoke-test-viz-posts.mjs
[2026-08-20 22:24:32] [cot:tool] start read C:\Users\ether\AppData\Local\data-insights-blog-workers\worker-5\artifacts\backend-manifest.json
[2026-08-20 22:24:33] [cot:tool] start read C:\Users\ether\AppData\Local\data-insights-blog-workers\worker-5\scripts\qa-heavy-industrial-capacity-update-2026.mjs
[2026-08-20 22:24:34] [cot:tool] start read C:\Users\ether\AppData\Local\data-insights-blog-workers\worker-5\scripts\smoke-test-viz-posts.mjs
[2026-08-20 22:24:34] [cot:tool] start generateImage
[2026-08-20 22:24:35] [cot:tool] done read C:\Users\ether\AppData\Local\data-insights-blog-workers\worker-5\artifacts\backend-manifest.json
[2026-08-20 22:24:35] [cot:tool] done read C:\Users\ether\AppData\Local\data-insights-blog-workers\worker-5\scripts\qa-heavy-industrial-capacity-update-2026.mjs
[2026-08-20 22:24:35] [cot:tool] done read C:\Users\ether\AppData\Local\data-insights-blog-workers\worker-5\scripts\smoke-test-viz-posts.mjs
[2026-08-20 22:24:35] [cot:tool] start read C:\Users\ether\AppData\Local\data-insights-blog-workers\worker-5\artifacts\backend-manifest.json
[2026-08-20 22:24:36] [cot:tool] start read C:\Users\ether\AppData\Local\data-insights-blog-workers\worker-5\scripts\qa-heavy-industrial-capacity-update-2026.mjs
[2026-08-20 22:24:37] [cot:tool] start read C:\Users\ether\AppData\Local\data-insights-blog-workers\worker-5\scripts\smoke-test-viz-posts.mjs
[2026-08-20 22:24:38] [cot:tool] start generateImage
[2026-08-20 22:24:38] [cot:tool] done read C:\Users\ether\AppData\Local\data-insights-blog-workers\worker-5\artifacts\backend-manifest.json
[2026-08-20 22:24:39] [cot:tool] done read C:\Users\ether\AppData\Local\data-insights-blog-workers\worker-5\scripts\qa-heavy-industrial-capacity-update-2026.mjs
[2026-08-20 22:24:39] [cot:tool] done read C:\Users\ether\AppData\Local\data-insights-blog-workers\worker-5\scripts\smoke-test-viz-posts.mjs
[2026-08-20 22:24:39] [cot:tool] start read C:\Users\ether\AppData\Local\data-insights-blog-workers\worker-5\artifacts\backend-manifest.json
[2026-08-20 22:24:39] [cot:tool] start read C:\Users\ether\AppData\Local\data-insights-blog-workers\worker-5\scripts\qa-heavy-industrial-capacity-update-2026.mjs
[2026-08-20 22:24:40] [cot:tool] start read C:\Users\ether\AppData\Local\data-insights-blog-workers\worker-5\scripts\smoke-test-viz-posts.mjs
[2026-08-20 22:24:41] [cot:tool] start generateImage
[2026-08-20 22:24:41] [cot:tool] done read C:\Users\ether\AppData\Local\data-insights-blog-workers\worker-5\artifacts\backend-manifest.json
[2026-08-20 22:24:41] [cot:tool] done read C:\Users\ether\AppData\Local\data-insights-blog-workers\worker-5\scripts\qa-heavy-industrial-capacity-update-2026.mjs
[2026-08-20 22:24:41] [cot:tool] done read C:\Users\ether\AppData\Local\data-insights-blog-workers\worker-5\scripts\smoke-test-viz-posts.mjs
[2026-08-20 22:24:41] [cot:tool] done generateImage
[2026-08-20 22:24:42] [cot:thought] The hero image needs to be copied to public/images/. The image was saved
[2026-08-20 22:24:42] [cot:thought] to the assets folder. I'll copy it to public/images/ and write the posts.ts entry.
[2026-08-20 22:24:42] [cot:thought] Copying the hero into `public/images` and adding the post prose.
[2026-08-20 22:24:42] [cot:tool] start shell Copy-Item -Force "C:\Users\ether\.cursor\projects\C-Users-ether-AppData-Local-data-insights-blog-workers-worker-5\assets\industry-heavy-industrial-capacity-update-2026q3-hero.png" "C:\Users\ether\AppData\Local\data-insights-blog-workers\worker-5\public\images\industry-heavy-industrial-capacity-update-2026q3-hero.png"; (Get-Item "public\images\industry-heavy-industrial-capacity-update-2026q3-hero.png").Length
[2026-08-20 22:24:43] [cot:tool] start edit C:\Users\ether\AppData\Local\data-insights-blog-workers\worker-5\src\data\posts.ts
[2026-08-20 22:24:45] [cot:tool] done shell Copy-Item -Force "C:\Users\ether\.cursor\projects\C-Users-ether-AppData-Local-data-insights-blog-workers-worker-5\assets\industry-heavy-industrial-capacity-update-2026q3-hero.png" "C:\Users\ether\AppData\Local\data-insights-blog-workers\worker-5\public\images\industry-heavy-industrial-capacity-update-2026q3-hero.png"; (Get-Item "public\images\industry-heavy-industrial-capacity-update-2026q3-hero.png").Length
[2026-08-20 22:24:45] [cot:tool] done edit C:\Users\ether\AppData\Local\data-insights-blog-workers\worker-5\src\data\posts.ts
[2026-08-20 22:24:45] [cot:thought] The post object needs proper closing. Replacing the start tag may have broken the next post.
[2026-08-20 22:24:45] [cot:thought] Verifying the file
[2026-08-20 22:24:45] [cot:thought] structure around the insertion to ensure the next post follows correctly.
[2026-08-20 22:24:45] [cot:tool] start read C:\Users\ether\AppData\Local\data-insights-blog-workers\worker-5\src\data\posts.ts
[2026-08-20 22:24:45] [cot:tool] done read C:\Users\ether\AppData\Local\data-insights-blog-workers\worker-5\src\data\posts.ts
[2026-08-20 22:24:45] [cot:tool] start shell (Get-Content "src\data\posts.ts" -Raw | Select-String -Pattern "heavy-industrial-capacity-update-2026q3" -AllMatches).Matches.Count; (Get-Content "src\data\posts.ts" -TotalCount 5)[-1]; Select-String -Path "src\data\posts.ts" -Pattern "consumer-finance-markets-concentration" | Select-Object -First 1
[2026-08-20 22:24:46] [cot:tool] done shell (Get-Content "src\data\posts.ts" -Raw | Select-String -Pattern "heavy-industrial-capacity-update-2026q3" -AllMatches).Matches.Count; (Get-Content "src\data\posts.ts" -TotalCount 5)[-1]; Select-String -Path "src\data\posts.ts" -Pattern "consumer-finance-markets-concentration" | Select-Object -First 1
[2026-08-20 22:24:46] [cot:thought] The consumer finance post appears at line 200, while bank commercial credit content is located at line 155.
[2026-08-20 22:24:46] [cot:thought] Checking whether the
[2026-08-20 22:24:46] [cot:thought] file structure is intact or accidentally overwritten.
[2026-08-20 22:24:47] [cot:tool] start read C:\Users\ether\AppData\Local\data-insights-blog-workers\worker-5\src\data\posts.ts
[2026-08-20 22:24:49] [cot:tool] start grep C:\Users\ether\AppData\Local\data-insights-blog-workers\worker-5\src\data\posts.ts
[2026-08-20 22:24:49] [cot:tool] done read C:\Users\ether\AppData\Local\data-insights-blog-workers\worker-5\src\data\posts.ts
[2026-08-20 22:24:49] [cot:tool] done grep C:\Users\ether\AppData\Local\data-insights-blog-workers\worker-5\src\data\posts.ts
[2026-08-20 22:24:49] [cot:thought] A pre-existing bank-commercial-credit-update-2026q3 file was found at line 108. The file edit likely
[2026-08-20 22:24:49] [cot:thought] failed to include the next post entry, causing the array to shift and misalign.
[2026-08-20 22:24:49] [cot:thought] Another process may
[2026-08-20 22:24:49] [cot:thought] have modified the file between reads. The next step is to inspect lines 100-115 of posts.ts to locate the exact boundary of the new post.
[2026-08-20 22:24:49] [cot:tool] start read C:\Users\ether\AppData\Local\data-insights-blog-workers\worker-5\src\data\posts.ts
[2026-08-20 22:24:50] [cot:tool] done read C:\Users\ether\AppData\Local\data-insights-blog-workers\worker-5\src\data\posts.ts
[2026-08-20 22:24:50] [cot:thought] The post structure looks good. The post is correctly
[2026-08-20 22:24:51] [cot:thought] placed at the top of the file. Next steps are updating the backend manifest, writing the QA script, adding a smoke marker, committing phase 3, and deploying.
[2026-08-20 22:24:51] [cot:thought] Updating the manifest and QA/smoke scripts next.
[2026-08-20 22:24:51] [cot:tool] start edit C:\Users\ether\AppData\Local\data-insights-blog-workers\worker-5\artifacts\backend-manifest.json
[2026-08-20 22:24:51] [cot:tool] done edit C:\Users\ether\AppData\Local\data-insights-blog-workers\worker-5\artifacts\backend-manifest.json
[2026-08-20 22:24:51] [cot:tool] start edit C:\Users\ether\AppData\Local\data-insights-blog-workers\worker-5\scripts\qa-heavy-industrial-capacity-update-2026q3.mjs
[2026-08-20 22:24:52] [cot:tool] start edit C:\Users\ether\AppData\Local\data-insights-blog-workers\worker-5\scripts\smoke-test-viz-posts.mjs
[2026-08-20 22:24:52] [cot:tool] done edit C:\Users\ether\AppData\Local\data-insights-blog-workers\worker-5\scripts\qa-heavy-industrial-capacity-update-2026q3.mjs
[2026-08-20 22:24:52] [cot:tool] done edit C:\Users\ether\AppData\Local\data-insights-blog-workers\worker-5\scripts\smoke-test-viz-posts.mjs
[2026-08-20 22:24:52] [cot:thought] Checking that the post content meets the 1200-word minimum. Verifying H2 heading
[2026-08-20 22:24:52] [cot:thought] counts. Fixing a potential recharts ReferenceLine runtime issue. Proceeding to commit and deploy.
[2026-08-20 22:24:52] [cot:thought] Will combine phases 3 and 4 as instructed.
[2026-08-20 22:24:52] [cot:tool] start shell git add -A; git commit --trailer "Co-authored-by: Cursor <cursoragent@cursor.com>" -m "wip(heavy-industrial-capacity-update-2026q3): post prose + hero"; git add -A; git commit --trailer "Co-authored-by: Cursor <cursoragent@cursor.com>" -m "wip(heavy-industrial-capacity-update-2026q3): qa + smoke" 2>$null; $env:BLOG_REPO_ROOT='E:\AI Projects\data-insights-blog'; npx tsx "E:\AI Projects\data-insights-blog\scripts\update-agent-job.mjs" --job job-mt2ahylj-yq0za --status qa --activity "Running npm run deploy on ports 4188/4189"
[2026-08-20 22:24:53] [cot:tool] done shell git add -A; git commit --trailer "Co-authored-by: Cursor <cursoragent@cursor.com>" -m "wip(heavy-industrial-capacity-update-2026q3): post prose + hero"; git add -A; git commit --trailer "Co-authored-by: Cursor <cursoragent@cursor.com>" -m "wip(heavy-industrial-capacity-update-2026q3): qa + smoke" 2>$null; $env:BLOG_REPO_ROOT='E:\AI Projects\data-insights-blog'; npx tsx "E:\AI Projects\data-insights-blog\scripts\update-agent-job.mjs" --job job-mt2ahylj-yq0za --status qa --activity "Running npm run deploy on ports 4188/4189"
[2026-08-20 22:24:53] [cot:thought] posts.ts shows a massive diff. Something else may have changed there. Smoke changes were
[2026-08-20 22:24:53] [cot:thought] committed with the first batch. Now verifying word count, checking for accidental deletions, and preparing to run deploy.
[2026-08-20 22:24:53] [cot:tool] start shell git show --stat HEAD; (Select-String -Path "src\data\posts.ts" -Pattern 'id: "' | Measure-Object).Count; $env:SMOKE_PORT='4188'; $env:SMOKE_QA_PORT='4189'; npm run deploy
[2026-08-20 22:24:54] [cot:tool] done shell git show --stat HEAD; (Select-String -Path "src\data\posts.ts" -Pattern 'id: "' | Measure-Object).Count; $env:SMOKE_PORT='4188'; $env:SMOKE_QA_PORT='4189'; npm run deploy
[2026-08-20 22:24:54] [cot:thought] The build succeeded and the slug passed smoke testing. Waiting for the deployment
[2026-08-20 22:24:54] [cot:thought] to finish.
[2026-08-20 22:24:54] [cot:tool] start await
[2026-08-20 22:24:54] [cot:tool] done await
[2026-08-20 22:24:54] [cot:tool] start await
[2026-08-20 22:24:55] [cot:tool] done await
[2026-08-20 22:24:55] [cot:thought] The previous command failed with exit code 1. I need to inspect the terminal output to identify the cause.
[2026-08-20 22:24:55] [cot:tool] start read C:\Users\ether\.cursor\projects\C-Users-ether-AppData-Local-data-insights-blog-workers-worker-5\terminals\247478.txt
[2026-08-20 22:24:55] [cot:tool] done read C:\Users\ether\.cursor\projects\C-Users-ether-AppData-Local-data-insights-blog-workers-worker-5\terminals\247478.txt
[2026-08-20 22:24:55] [cot:thought] A smoke test timed out on an unrelated post. The post itself passed.
[2026-08-20 22:24:55] [cot:thought] The smoke test failure is likely flaky or pre-existing. A port collision on 4188 is suspected. I will isolate the smoke test to our post or debug the failing page directly.
[2026-08-20 22:24:55] [cot:thought] Ongoing network connections
[2026-08-20 22:24:56] [cot:thought] may be causing the networkidle timeout. I will inspect the smoke test script and retry the deploy.
[2026-08-20 22:24:56] [cot:thought] Smoke timed out on an unrelated slug; checking that page and retrying deploy.
[2026-08-20 22:24:56] [cot:tool] start grep C:\Users\ether\AppData\Local\data-insights-blog-workers\worker-5\scripts\smoke-test-viz-posts.mjs
[2026-08-20 22:24:57] [cot:tool] done grep C:\Users\ether\AppData\Local\data-insights-blog-workers\worker-5\scripts\smoke-test-viz-posts.mjs
[2026-08-20 22:24:57] [cot:tool] start glob
[2026-08-20 22:24:58] [cot:tool] start shell Test-Path "out/blog/heavy-industrial-capacity-update-2026q3.html"; Test-Path "out/blog/heavy-industrial-capacity-update-2026q3/index.html"; Test-Path "out/blog/us-brokerage-fintech-investing-bonuses.html"
[2026-08-20 22:24:59] [cot:tool] done glob
[2026-08-20 22:24:59] [cot:tool] done shell Test-Path "out/blog/heavy-industrial-capacity-update-2026q3.html"; Test-Path "out/blog/heavy-industrial-capacity-update-2026q3/index.html"; Test-Path "out/blog/us-brokerage-fintech-investing-bonuses.html"
[2026-08-20 22:24:59] [cot:thought] The HTML file for the brokerage post already exists. Smoke test failure
[2026-08-20 22:25:00] [cot:thought] on the brokerage post may be environmental. Retrying without a full rebuild.
[2026-08-20 22:25:00] [cot:tool] start shell $env:SMOKE_PORT='4188'; $env:SMOKE_QA_PORT='4189'; node scripts/smoke-test-viz-posts.mjs; if ($LASTEXITCODE -eq 0) { node scripts/qa-homepage-and-fullscreen.mjs }; echo "EXIT=$LASTEXITCODE"
[2026-08-20 22:25:00] [cot:tool] done shell $env:SMOKE_PORT='4188'; $env:SMOKE_QA_PORT='4189'; node scripts/smoke-test-viz-posts.mjs; if ($LASTEXITCODE -eq 0) { node scripts/qa-homepage-and-fullscreen.mjs }; echo "EXIT=$LASTEXITCODE"
[2026-08-20 22:25:00] [cot:thought] Waiting for the current process to finish.
[2026-08-20 22:25:00] [cot:tool] start await
[2026-08-20 22:25:01] [cot:tool] done await
[2026-08-20 22:25:01] [cot:thought] Reading the end of the output.
[2026-08-20 22:25:01] [cot:tool] start read C:\Users\ether\.cursor\projects\C-Users-ether-AppData-Local-data-insights-blog-workers-worker-5\terminals\247479.txt
[2026-08-20 22:25:02] [cot:tool] done read C:\Users\ether\.cursor\projects\C-Users-ether-AppData-Local-data-insights-blog-workers-worker-5\terminals\247479.txt
[2026-08-20 22:25:02] [cot:thought] A pre-existing failure on `china-us-india-gdp-30-years` causes the dashboard to hang on a loading spinner.
[2026-08-20 22:25:02] [cot:thought] The current post passed
[2026-08-20 22:25:02] [cot:thought] quality checks. The ship gate requires `npm run deploy` to exit zero. I am investigating whether the `china-us-india-gdp` dashboard failure is a known flake or a quick initialization bug. I will check the smoke script for skip options.
[2026-08-20 22:25:02] [cot:thought] Unrelated smoke failure on `china-us-india-gdp-30-years` ??? checking whether we can fix it quickly so deploy can pass.
[2026-08-20 22:25:02] [cot:tool] start grep C:\Users\ether\AppData\Local\data-insights-blog-workers\worker-5\scripts\smoke-test-viz-posts.mjs
[2026-08-20 22:25:03] [cot:tool] start glob
[2026-08-20 22:25:04] [cot:tool] start grep C:\Users\ether\AppData\Local\data-insights-blog-workers\worker-5\src
[2026-08-20 22:25:04] [cot:tool] done grep C:\Users\ether\AppData\Local\data-insights-blog-workers\worker-5\scripts\smoke-test-viz-posts.mjs
[2026-08-20 22:25:04] [cot:tool] done glob
[2026-08-20 22:25:04] [cot:tool] done grep C:\Users\ether\AppData\Local\data-insights-blog-workers\worker-5\src
[2026-08-20 22:25:04] [cot:thought] Investigating why the china-us-india-gdp visualization component is stuck on loading.
[2026-08-20 22:25:04] [cot:tool] start grep C:\Users\ether\AppData\Local\data-insights-blog-workers\worker-5\src\components\PostVisualization.tsx
[2026-08-20 22:25:04] [cot:tool] start shell $env:SMOKE_PORT='4188'; npx tsx scripts/debug-smoke.mjs china-us-india-gdp-30-years 2>&1 | Select-Object -Last 60
[2026-08-20 22:25:05] [cot:tool] done grep C:\Users\ether\AppData\Local\data-insights-blog-workers\worker-5\src\components\PostVisualization.tsx
[2026-08-20 22:25:05] [cot:tool] done shell $env:SMOKE_PORT='4188'; npx tsx scripts/debug-smoke.mjs china-us-india-gdp-30-years 2>&1 | Select-Object -Last 60
[2026-08-20 22:25:05] [cot:thought] No match found for the China-US-India GDP visualization in PostVisualization. The visualization
[2026-08-20 22:25:05] [cot:thought] type may be unregistered, causing the loading spinner to hang indefinitely. Checking the post's visualization field and the PostVisualization switch.
[2026-08-20 22:25:05] [cot:tool] start read C:\Users\ether\AppData\Local\data-insights-blog-workers\worker-5\src\data\posts.ts
[2026-08-20 22:25:06] [cot:tool] start grep C:\Users\ether\AppData\Local\data-insights-blog-workers\worker-5\src
[2026-08-20 22:25:07] [cot:tool] start await
[2026-08-20 22:25:08] [cot:tool] done grep C:\Users\ether\AppData\Local\data-insights-blog-workers\worker-5\src
[2026-08-20 22:25:08] [cot:tool] done read C:\Users\ether\AppData\Local\data-insights-blog-workers\worker-5\src\data\posts.ts
[2026-08-20 22:25:08] [cot:tool] done await
[2026-08-20 22:25:08] [cot:thought] Reading the post's visualization field and debug output.
[2026-08-20 22:25:09] [cot:tool] start read C:\Users\ether\AppData\Local\data-insights-blog-workers\worker-5\src\data\posts.ts
[2026-08-20 22:25:09] [cot:tool] start read C:\Users\ether\.cursor\projects\C-Users-ether-AppData-Local-data-insights-blog-workers-worker-5\terminals\247480.txt
[2026-08-20 22:25:10] [cot:tool] done read C:\Users\ether\AppData\Local\data-insights-blog-workers\worker-5\src\data\posts.ts
[2026-08-20 22:25:10] [cot:tool] done read C:\Users\ether\.cursor\projects\C-Users-ether-AppData-Local-data-insights-blog-workers-worker-5\terminals\247480.txt
[2026-08-20 22:25:10] [cot:tool] start read C:\Users\ether\AppData\Local\data-insights-blog-workers\worker-5\scripts\smoke-test-viz-posts.mjs
[2026-08-20 22:25:11] [cot:tool] start read C:\Users\ether\AppData\Local\data-insights-blog-workers\worker-5\scripts\smoke-test-viz-posts.mjs
[2026-08-20 22:25:12] [cot:tool] done read C:\Users\ether\AppData\Local\data-insights-blog-workers\worker-5\scripts\smoke-test-viz-posts.mjs
[2026-08-20 22:25:12] [cot:tool] done read C:\Users\ether\AppData\Local\data-insights-blog-workers\worker-5\scripts\smoke-test-viz-posts.mjs
[2026-08-20 22:25:12] [cot:thought] Smoke checks verify the "The Great Divergence" marker and ban "Loading interactive charts".
[2026-08-20 22:25:12] [cot:thought] The stuck state means
[2026-08-20 22:25:12] [cot:thought] the loading spinner remains visible after the marker appears. This suggests the visualization component either failed to register or dynamic imports are still resolving.
[2026-08-20 22:25:12] [cot:thought] The marker was found,
[2026-08-20 22:25:12] [cot:thought] yet the forbidden loading text persists. The gdp-analysis visualization likely has a loading bug. I will inspect PostVisualization for that component.
[2026-08-20 22:25:12] [cot:tool] start grep C:\Users\ether\AppData\Local\data-insights-blog-workers\worker-5\src\components\PostVisualization.tsx
[2026-08-20 22:25:13] [cot:tool] start shell $env:SMOKE_PORT='4188'; node -e "
[2026-08-20 22:25:14] [cot:tool] done grep C:\Users\ether\AppData\Local\data-insights-blog-workers\worker-5\src\components\PostVisualization.tsx
[2026-08-20 22:25:14] [cot:tool] done shell $env:SMOKE_PORT='4188'; node -e "
[2026-08-20 22:25:14] [cot:thought] The loading and marker states are both false. The marker search
[2026-08-20 22:25:14] [cot:thought] failed despite Playwright's case-insensitive defaults. The HTML export path or page content may be broken. Inspecting the HTML file next.
[2026-08-20 22:25:15] [cot:tool] start shell Select-String -Path "out\blog\china-us-india-gdp-30-years.html" -Pattern "great divergence|Loading interactive|gdp-analysis" -AllMatches | Select-Object -First 10; (Get-Item "out\blog\china-us-india-gdp-30-years.html").Length
[2026-08-20 22:25:15] [cot:tool] start read C:\Users\ether\AppData\Local\data-insights-blog-workers\worker-5\src\components\PostVisualization.tsx
[2026-08-20 22:25:16] [cot:tool] done read C:\Users\ether\AppData\Local\data-insights-blog-workers\worker-5\src\components\PostVisualization.tsx
[2026-08-20 22:25:16] [cot:tool] done shell Select-String -Path "out\blog\china-us-india-gdp-30-years.html" -Pattern "great divergence|Loading interactive|gdp-analysis" -AllMatches | Select-Object -First 10; (Get-Item "out\blog\china-us-india-gdp-30-years.html").Length
[2026-08-20 22:25:16] [cot:thought] The HTML contains a server-side rendering bailout placeholder reading "Loading interactive charts."
[2026-08-20 22:25:17] [cot:thought] Smoke tests fail because
[2026-08-20 22:25:17] [cot:thought] the client-side hydration placeholder remains stuck. The loading state sometimes clears after three seconds, suggesting flakiness from chunk 404s or sequential page races.
[2026-08-20 22:25:17] [cot:thought] A text matching issue was also suspected: the test searches for "The Great Divergence" but the content reads "The great divergence".
[2026-08-20 22:25:17] [cot:thought] Playwright text matching
[2026-08-20 22:25:17] [cot:thought] is case-insensitive, so the case difference is not the cause. The smoke failure likely stems from JavaScript errors during hydration, possibly triggered by 404s on chunk files.
[2026-08-20 22:25:17] [cot:thought] This appears to be a pre-existing flaky issue rather than a regression from recent changes. I am checking whether the GDP dashboard dynamic import is properly wired and whether recent visualization edits introduced syntax errors that affect certain code paths.
[2026-08-20 22:25:17] [cot:thought] The posts.ts rewrite
[2026-08-20 22:25:17] [cot:thought] is not the culprit. The build succeeded and the new post renders correctly. I will retry the smoke test once more. If the China-US-India page still flakes, I will inspect the GDP dashboard dynamic import.
[2026-08-20 22:25:17] [cot:thought] The forbidden text matches both the placeholder variants.
[2026-08-20 22:25:17] [cot:tool] start grep C:\Users\ether\AppData\Local\data-insights-blog-workers\worker-5\src\components\PostVisualization.tsx
[2026-08-20 22:25:17] [cot:tool] start shell $env:SMOKE_PORT='4188'; node -e "
[2026-08-20 22:25:19] [cot:tool] done grep C:\Users\ether\AppData\Local\data-insights-blog-workers\worker-5\src\components\PostVisualization.tsx
[2026-08-20 22:25:19] [cot:tool] done shell $env:SMOKE_PORT='4188'; node -e "
[2026-08-20 22:25:19] [cot:thought] The isolated test passed after an eight-second wait. The smoke test likely
[2026-08-20 22:25:19] [cot:thought] fails because it checks for stuck state immediately after finding the marker. The marker appears in the SSR prose instantly, but the visualization is still loading. The test waits for networkidle and the marker, then immediately checks if loading is still visible.
[2026-08-20 22:25:19] [cot:thought] The dynamic import
[2026-08-20 22:25:20] [cot:thought] may still be loading after networkidle, causing the race. The marker text also appears in the SSR title, so the smoke test could match it before the visualization finishes rendering. The china-us-india failure is a flaky race condition; retrying should resolve it.
[2026-08-20 22:25:20] [cot:thought] Modifying the shared
[2026-08-20 22:25:20] [cot:thought] smoke test is out of scope. The plan is to rerun the full smoke suite and patch the china-us-india flake with a single retry.
[2026-08-20 22:25:20] [cot:thought] A broader fix to wait for loading to clear before marking stuck was considered, but shared infrastructure changes are avoided.
[2026-08-20 22:25:20] [cot:thought] Isolated GDP page hydrates fine ??? likely a race in the full smoke run. Retrying smoke.
[2026-08-20 22:25:20] [cot:tool] start shell $env:SMOKE_PORT='4188'; $env:SMOKE_QA_PORT='4189'; node scripts/smoke-test-viz-posts.mjs; $smoke=$LASTEXITCODE; if ($smoke -eq 0) { node scripts/qa-homepage-and-fullscreen.mjs; $qa=$LASTEXITCODE } else { $qa=1 }; echo "SMOKE=$smoke QA=$qa"; exit ([Math]::Max($smoke,$qa))
