[2026-08-20 22:58:01] [cot:system] session model=Auto cwd=C:\Users\ether\AppData\Local\data-insights-blog-workers\worker-1
[2026-08-20 22:58:01] [cot:user] You are a blog production WORKER in a parallel multi-agent system. ## Identity - Worker ID: 1 - Job ID: job-mt2c9hn4-f6q0u - Assigned slug: ai-capex-spend-concentration-2026q3 - Theme ID: ai-capex-speΓÇª
[2026-08-20 22:58:01] [cot:thought] I am starting as blog production worker 1 for the AI capex spend concentration post.
[2026-08-20 22:58:02] [cot:thought] Reviewing production
[2026-08-20 22:58:02] [cot:thought] rules and conveyor-sync.json phase. Building the post in isolation. Checking worktree state before committing.
[2026-08-20 22:58:02] [cot:thought] I'll start by checking conveyor sync status, reading the production rules, and surveying existing post patterns so we can ship this in short committed phases.
[2026-08-20 22:58:02] [cot:tool] start read C:\Users\ether\AppData\Local\data-insights-blog-workers\worker-1\.cursor\rules\autonomous-blog-production.mdc
[2026-08-20 22:58:02] [cot:tool] done read ?
[2026-08-20 22:58:02] [cot:tool] start read C:\Users\ether\AppData\Local\data-insights-blog-workers\worker-1\artifacts\conveyor-sync.json
[2026-08-20 22:58:02] [cot:tool] start shell $env:BLOG_REPO_ROOT='E:\AI Projects\data-insights-blog'; npx tsx "E:\AI Projects\data-insights-blog\scripts\update-agent-job.mjs" --job job-mt2c9hn4-f6q0u --status researching --activity "Phase 0: checking sync + surveying patterns"; git status -sb; git branch --show-current; ls src/data/*capex* 2>$null; ls src/components/visualizations/*capex* 2>$null
[2026-08-20 22:58:02] [cot:tool] done read ?
[2026-08-20 22:58:02] [cot:tool] done shell $env:BLOG_REPO_ROOT='E:\AI Projects\data-insights-blog'; npx tsx "E:\AI Projects\data-insights-blog\scripts\update-agent-job.mjs" --job job-mt2c9hn4-f6q0u --status researching --activity "Phase 0: checking sync + surveying patterns"; git status -sb; git branch --show-current; ls src/data/*capex* 2>$null; ls src/components/visualizations/*capex* 2>$null
[2026-08-20 22:58:02] [cot:thought] Existing data and dashboard files were found for this post slug. The 2026Q3 dashboard
[2026-08-20 22:58:02] [cot:thought] file still needs to be created. Existing concentration and update posts will be reviewed for patterns. Conveyor sync and registration files will also be checked.
[2026-08-20 22:58:02] [cot:thought] There's a 2026 concentration post already; I'll mirror that pattern for the 2026q3 slug and inspect registration + conveyor state next.
[2026-08-20 22:58:02] [cot:tool] start glob
[2026-08-20 22:58:02] [cot:tool] done glob
[2026-08-20 22:58:02] [cot:tool] start glob
[2026-08-20 22:58:02] [cot:tool] done glob
[2026-08-20 22:58:02] [cot:tool] start grep C:\Users\ether\AppData\Local\data-insights-blog-workers\worker-1\src
[2026-08-20 22:58:03] [cot:tool] start read C:\Users\ether\AppData\Local\data-insights-blog-workers\worker-1\src\data\ai-capex-spend-concentration-2026-data.ts
[2026-08-20 22:58:03] [cot:tool] done grep C:\Users\ether\AppData\Local\data-insights-blog-workers\worker-1\src
[2026-08-20 22:58:03] [cot:tool] done read C:\Users\ether\AppData\Local\data-insights-blog-workers\worker-1\src\data\ai-capex-spend-concentration-2026-data.ts
[2026-08-20 22:58:03] [cot:thought] A concentration post for 2026Q3 already exists. I'll build a fresh
[2026-08-20 22:58:03] [cot:thought] 2026Q3 concentration lens by reviewing recent Q3 update posts and the existing dashboard structure.
[2026-08-20 22:58:03] [cot:tool] start read C:\Users\ether\AppData\Local\data-insights-blog-workers\worker-1\src\data\ai-capex-spend-update-2026q3-data.ts
[2026-08-20 22:58:03] [cot:tool] done read C:\Users\ether\AppData\Local\data-insights-blog-workers\worker-1\src\data\ai-capex-spend-update-2026q3-data.ts
[2026-08-20 22:58:03] [cot:tool] start read C:\Users\ether\AppData\Local\data-insights-blog-workers\worker-1\src\components\visualizations\AiCapexSpendConcentrationDashboard.tsx
[2026-08-20 22:58:03] [cot:tool] done read C:\Users\ether\AppData\Local\data-insights-blog-workers\worker-1\src\components\visualizations\AiCapexSpendConcentrationDashboard.tsx
[2026-08-20 22:58:03] [cot:tool] start read C:\Users\ether\AppData\Local\data-insights-blog-workers\worker-1\src\data\posts.ts
[2026-08-20 22:58:03] [cot:tool] done read C:\Users\ether\AppData\Local\data-insights-blog-workers\worker-1\src\data\posts.ts
[2026-08-20 22:58:03] [cot:tool] start grep C:\Users\ether\AppData\Local\data-insights-blog-workers\worker-1\src\types\post.ts
[2026-08-20 22:58:03] [cot:tool] done grep C:\Users\ether\AppData\Local\data-insights-blog-workers\worker-1\src\types\post.ts
[2026-08-20 22:58:03] [cot:tool] start glob
[2026-08-20 22:58:04] [cot:tool] done glob
[2026-08-20 22:58:04] [cot:thought] Beginning work on the Q3 2026 AI capex spend concentration post. The Q3 desk vintage
[2026-08-20 22:58:04] [cot:thought] totals $835B. Amazon leads at $230B, followed by Alphabet at $210B and Microsoft at $175B.
[2026-08-20 22:58:04] [cot:thought] Amazon holds roughly 27.5% of total capex. The late-August vintage was higher at $858B.
[2026-08-20 22:58:04] [cot:thought] Microsoft holds 21.0%
[2026-08-20 22:58:04] [cot:thought] of total capex. Meta and Oracle follow at 17.4% and 9.0%. The top three firms account for 73.6% of total spend, or $615B. The Herfindahl-Hirschman Index calculates to roughly 2211. Next, I will review the data file, Q3 company vintages, and recent dashboard patterns.
[2026-08-20 22:58:04] [cot:thought] I'll use the mid-Q3 Big-5 vintage (~$835B) for the concentration lens and pull company rows plus the existing QA/smoke pattern next.
[2026-08-20 22:58:04] [cot:tool] start read C:\Users\ether\AppData\Local\data-insights-blog-workers\worker-1\src\data\ai-capex-spend-update-2026q3-data.ts
[2026-08-20 22:58:04] [cot:tool] done read C:\Users\ether\AppData\Local\data-insights-blog-workers\worker-1\src\data\ai-capex-spend-update-2026q3-data.ts
[2026-08-20 22:58:04] [cot:tool] start read C:\Users\ether\AppData\Local\data-insights-blog-workers\worker-1\src\data\ai-capex-spend-concentration-2026-data.ts
[2026-08-20 22:58:04] [cot:tool] done read C:\Users\ether\AppData\Local\data-insights-blog-workers\worker-1\src\data\ai-capex-spend-concentration-2026-data.ts
[2026-08-20 22:58:04] [cot:tool] start read C:\Users\ether\AppData\Local\data-insights-blog-workers\worker-1\scripts\qa-ai-capex-spend-concentration-2026.mjs
[2026-08-20 22:58:04] [cot:tool] done read C:\Users\ether\AppData\Local\data-insights-blog-workers\worker-1\scripts\qa-ai-capex-spend-concentration-2026.mjs
[2026-08-20 22:58:04] [cot:tool] start grep C:\Users\ether\AppData\Local\data-insights-blog-workers\worker-1
[2026-08-20 22:58:04] [cot:tool] start shell $env:BLOG_REPO_ROOT='E:\AI Projects\data-insights-blog'; npx tsx "E:\AI Projects\data-insights-blog\scripts\update-agent-job.mjs" --job job-mt2c9hn4-f6q0u --status building --activity "Phase 1: writing Q3 concentration data module"
[2026-08-20 22:58:04] [cot:tool] done grep C:\Users\ether\AppData\Local\data-insights-blog-workers\worker-1
[2026-08-20 22:58:04] [cot:tool] done shell $env:BLOG_REPO_ROOT='E:\AI Projects\data-insights-blog'; npx tsx "E:\AI Projects\data-insights-blog\scripts\update-agent-job.mjs" --job job-mt2c9hn4-f6q0u --status building --activity "Phase 1: writing Q3 concentration data module"
[2026-08-20 22:58:04] [cot:thought] The plan is to build a Q3 concentration post anchored to the $835B mid-Q3 vintage.
[2026-08-20 22:58:04] [cot:thought] It will compare across vintages, including the August post-Q2 and late-August 2026 data where relevant.
[2026-08-20 22:58:04] [cot:thought] The mid-Q3 vintage
[2026-08-20 22:58:04] [cot:thought] holds 835 billion dollars. Amazon and Alphabet each gained ten points. Meta gained seven and a half. Oracle gained five. Microsoft stayed flat. Amazon now leads at twenty-seven point five percent. Alphabet follows at twenty-five point one percent.
[2026-08-20 22:58:04] [cot:thought] Microsoft sits at twenty-one percent. Meta holds seventeen point four percent. Oracle closes at nine percent. The positive raises total thirty-two point five.
[2026-08-20 22:58:04] [cot:thought] The top three accounts
[2026-08-20 22:58:04] [cot:thought] for seventy-three point six percent of the portfolio. Their dollar value is six hundred fifteen billion. The HHI is two thousand two hundred eleven.
[2026-08-20 22:58:04] [cot:thought] The August post-Q2 vintage held eight hundred two point five billion. Its HHI was two thousand two hundred fourteen.
[2026-08-20 22:58:04] [cot:thought] A Microsoft sensitivity scenario yields an eight hundred fifty billion total. Amazon would hold twenty-seven point one percent.
[2026-08-20 22:58:04] [cot:thought] Alphabet would hold twenty-four point seven percent. Microsoft would hold twenty-two point four percent.
[2026-08-20 22:58:04] [cot:thought] Meta would hold seventeen point one percent. Oracle would hold eight point eight percent.
[2026-08-20 22:58:04] [cot:thought] The Microsoft sensitivity
[2026-08-20 22:58:04] [cot:thought] scenario yields an HHI of 2216. The July research vintage totals 760 billion dollars.
[2026-08-20 22:58:04] [cot:thought] Amazon holds 26.3 percent. Alphabet holds 24.3 percent. Microsoft holds 25.0 percent.
[2026-08-20 22:58:04] [cot:thought] Meta holds 17.8 percent. Oracle holds 6.6 percent. The top three accounts for 75.6 percent. The next step is creating the data module, then the dashboard, then wiring them together.
[2026-08-20 22:58:04] [cot:thought] PostVisualization import patterns and the backend manifest also need checking.Creating the Q3 concentration data module from the mid-Q3 vintage (~$835B), then committing phase 1.
[2026-08-20 22:58:04] [cot:tool] start edit C:\Users\ether\AppData\Local\data-insights-blog-workers\worker-1\src\data\ai-capex-spend-concentration-2026q3-data.ts
[2026-08-20 22:58:05] [cot:tool] done edit C:\Users\ether\AppData\Local\data-insights-blog-workers\worker-1\src\data\ai-capex-spend-concentration-2026q3-data.ts
[2026-08-20 22:58:05] [cot:thought] Committing phase 1 and starting the dashboard. Reading more of the
[2026-08-20 22:58:05] [cot:thought] existing dashboard to adapt it.
[2026-08-20 22:58:05] [cot:tool] start shell git add -A; git commit --trailer "Co-authored-by: Cursor <cursoragent@cursor.com>" -m "wip(ai-capex-spend-concentration-2026q3): data module"; $env:BLOG_REPO_ROOT='E:\AI Projects\data-insights-blog'; npx tsx "E:\AI Projects\data-insights-blog\scripts\update-agent-job.mjs" --job job-mt2c9hn4-f6q0u --status building --activity "Phase 2: dashboard + viz wireup"
[2026-08-20 22:58:05] [cot:tool] start read C:\Users\ether\AppData\Local\data-insights-blog-workers\worker-1\src\components\visualizations\AiCapexSpendConcentrationDashboard.tsx
[2026-08-20 22:58:05] [cot:tool] done read C:\Users\ether\AppData\Local\data-insights-blog-workers\worker-1\src\components\visualizations\AiCapexSpendConcentrationDashboard.tsx
[2026-08-20 22:58:05] [cot:tool] start read C:\Users\ether\AppData\Local\data-insights-blog-workers\worker-1\src\components\PostVisualization.tsx
[2026-08-20 22:58:05] [cot:tool] done read C:\Users\ether\AppData\Local\data-insights-blog-workers\worker-1\src\components\PostVisualization.tsx
[2026-08-20 22:58:05] [cot:tool] start grep C:\Users\ether\AppData\Local\data-insights-blog-workers\worker-1\src\components\PostVisualization.tsx
[2026-08-20 22:58:05] [cot:tool] start read C:\Users\ether\AppData\Local\data-insights-blog-workers\worker-1\src\types\post.ts
[2026-08-20 22:58:05] [cot:tool] done grep C:\Users\ether\AppData\Local\data-insights-blog-workers\worker-1\src\components\PostVisualization.tsx
[2026-08-20 22:58:05] [cot:tool] done read C:\Users\ether\AppData\Local\data-insights-blog-workers\worker-1\src\types\post.ts
[2026-08-20 22:58:05] [cot:tool] done shell git add -A; git commit --trailer "Co-authored-by: Cursor <cursoragent@cursor.com>" -m "wip(ai-capex-spend-concentration-2026q3): data module"; $env:BLOG_REPO_ROOT='E:\AI Projects\data-insights-blog'; npx tsx "E:\AI Projects\data-insights-blog\scripts\update-agent-job.mjs" --job job-mt2c9hn4-f6q0u --status building --activity "Phase 2: dashboard + viz wireup"
[2026-08-20 22:58:05] [cot:thought] The Q3 dashboard will adapt the existing design for Q3 vintage data. Registration will
[2026-08-20 22:58:05] [cot:thought] be wired up next.Writing the Q3 dashboard and wiring it into the type union and PostVisualization.
[2026-08-20 22:58:05] [cot:tool] start edit C:\Users\ether\AppData\Local\data-insights-blog-workers\worker-1\src\components\visualizations\AiCapexSpendConcentration2026q3Dashboard.tsx
[2026-08-20 22:58:05] [cot:tool] start edit C:\Users\ether\AppData\Local\data-insights-blog-workers\worker-1\src\types\post.ts
[2026-08-20 22:58:05] [cot:tool] done edit C:\Users\ether\AppData\Local\data-insights-blog-workers\worker-1\src\components\visualizations\AiCapexSpendConcentration2026q3Dashboard.tsx
[2026-08-20 22:58:05] [cot:tool] done edit C:\Users\ether\AppData\Local\data-insights-blog-workers\worker-1\src\types\post.ts
[2026-08-20 22:58:05] [cot:tool] start read C:\Users\ether\AppData\Local\data-insights-blog-workers\worker-1\src\components\PostVisualization.tsx
[2026-08-20 22:58:05] [cot:tool] start edit C:\Users\ether\AppData\Local\data-insights-blog-workers\worker-1\src\data\theme-registry.ts
[2026-08-20 22:58:05] [cot:tool] done read C:\Users\ether\AppData\Local\data-insights-blog-workers\worker-1\src\components\PostVisualization.tsx
[2026-08-20 22:58:05] [cot:tool] done edit C:\Users\ether\AppData\Local\data-insights-blog-workers\worker-1\src\data\theme-registry.ts
[2026-08-20 22:58:05] [cot:thought] PostVisualization needs a dynamic import and an if branch.
[2026-08-20 22:58:05] [cot:tool] start edit C:\Users\ether\AppData\Local\data-insights-blog-workers\worker-1\src\components\PostVisualization.tsx
[2026-08-20 22:58:06] [cot:tool] done edit
[2026-08-20 22:58:06] [cot:thought] The loading text differs. I am reading the exact section around the AiCapexSpendConcentrationDashboard dynamic import.
[2026-08-20 22:58:06] [cot:tool] start read C:\Users\ether\AppData\Local\data-insights-blog-workers\worker-1\src\components\PostVisualization.tsx
[2026-08-20 22:58:06] [cot:tool] done read C:\Users\ether\AppData\Local\data-insights-blog-workers\worker-1\src\components\PostVisualization.tsx
[2026-08-20 22:58:06] [cot:thought] Inserting a new dynamic import after the existing concentration one and adding an if branch.
[2026-08-20 22:58:06] [cot:tool] start edit C:\Users\ether\AppData\Local\data-insights-blog-workers\worker-1\src\components\PostVisualization.tsx
[2026-08-20 22:58:06] [cot:tool] start shell git add -A; git commit --trailer "Co-authored-by: Cursor <cursoragent@cursor.com>" -m "wip(ai-capex-spend-concentration-2026q3): dashboard + viz wireup"; $env:BLOG_REPO_ROOT='E:\AI Projects\data-insights-blog'; npx tsx "E:\AI Projects\data-insights-blog\scripts\update-agent-job.mjs" --job job-mt2c9hn4-f6q0u --status building --activity "Phase 3: post prose + hero image"
[2026-08-20 22:58:06] [cot:tool] done edit C:\Users\ether\AppData\Local\data-insights-blog-workers\worker-1\src\components\PostVisualization.tsx
[2026-08-20 22:58:06] [cot:tool] start edit C:\Users\ether\AppData\Local\data-insights-blog-workers\worker-1\src\components\PostVisualization.tsx
[2026-08-20 22:58:06] [cot:tool] done shell git add -A; git commit --trailer "Co-authored-by: Cursor <cursoragent@cursor.com>" -m "wip(ai-capex-spend-concentration-2026q3): dashboard + viz wireup"; $env:BLOG_REPO_ROOT='E:\AI Projects\data-insights-blog'; npx tsx "E:\AI Projects\data-insights-blog\scripts\update-agent-job.mjs" --job job-mt2c9hn4-f6q0u --status building --activity "Phase 3: post prose + hero image"
[2026-08-20 22:58:06] [cot:tool] done edit C:\Users\ether\AppData\Local\data-insights-blog-workers\worker-1\src\components\PostVisualization.tsx
[2026-08-20 22:58:06] [cot:thought] The next step is generating the hero image. Writing the post prose
[2026-08-20 22:58:06] [cot:thought] and updating the backend manifest. Checking the existing post length and insertion order.
[2026-08-20 22:58:06] [cot:thought] Reviewing the manifest structure.Generating the hero image and drafting the post entry next.
[2026-08-20 22:58:06] [cot:tool] start generateImage
[2026-08-20 22:58:06] [cot:tool] start read C:\Users\ether\AppData\Local\data-insights-blog-workers\worker-1\src\data\posts.ts
[2026-08-20 22:58:06] [cot:tool] start grep C:\Users\ether\AppData\Local\data-insights-blog-workers\worker-1\artifacts\backend-manifest.json
[2026-08-20 22:58:06] [cot:tool] start read C:\Users\ether\AppData\Local\data-insights-blog-workers\worker-1\src\data\posts.ts
[2026-08-20 22:58:06] [cot:tool] done grep C:\Users\ether\AppData\Local\data-insights-blog-workers\worker-1\artifacts\backend-manifest.json
[2026-08-20 22:58:06] [cot:tool] done read C:\Users\ether\AppData\Local\data-insights-blog-workers\worker-1\src\data\posts.ts
[2026-08-20 22:58:07] [cot:tool] done read C:\Users\ether\AppData\Local\data-insights-blog-workers\worker-1\src\data\posts.ts
[2026-08-20 22:58:07] [cot:tool] done generateImage
[2026-08-20 22:58:07] [cot:thought] The hero image needs to be copied to public/images/. The post will be inserted
[2026-08-20 22:58:07] [cot:thought] at the top of samplePosts. The backend manifest needs updating. The full 2026 concentration post will serve as a length template. Original Q3-focused prose will be written.
[2026-08-20 22:58:07] [cot:tool] start shell Copy-Item "C:\Users\ether\.cursor\projects\C-Users-ether-AppData-Local-data-insights-blog-workers-worker-1\assets\capital-markets-ai-capex-spend-concentration-2026q3-hero.png" "C:\Users\ether\AppData\Local\data-insights-blog-workers\worker-1\public\images\capital-markets-ai-capex-spend-concentration-2026q3-hero.png"; Test-Path "C:\Users\ether\AppData\Local\data-insights-blog-workers\worker-1\public\images\capital-markets-ai-capex-spend-concentration-2026q3-hero.png"
[2026-08-20 22:58:07] [cot:tool] start read C:\Users\ether\AppData\Local\data-insights-blog-workers\worker-1\artifacts\backend-manifest.json
[2026-08-20 22:58:07] [cot:tool] start read C:\Users\ether\AppData\Local\data-insights-blog-workers\worker-1\src\data\posts.ts
[2026-08-20 22:58:07] [cot:tool] done read C:\Users\ether\AppData\Local\data-insights-blog-workers\worker-1\artifacts\backend-manifest.json
[2026-08-20 22:58:07] [cot:tool] done read C:\Users\ether\AppData\Local\data-insights-blog-workers\worker-1\src\data\posts.ts
[2026-08-20 22:58:07] [cot:tool] done shell Copy-Item "C:\Users\ether\.cursor\projects\C-Users-ether-AppData-Local-data-insights-blog-workers-worker-1\assets\capital-markets-ai-capex-spend-concentration-2026q3-hero.png" "C:\Users\ether\AppData\Local\data-insights-blog-workers\worker-1\public\images\capital-markets-ai-capex-spend-concentration-2026q3-hero.png"; Test-Path "C:\Users\ether\AppData\Local\data-insights-blog-workers\worker-1\public\images\capital-markets-ai-capex-spend-concentration-2026q3-hero.png"
[2026-08-20 22:58:07] [cot:thought] Inserting the new post at the top of the sample posts list and updating the backend manifest.
[2026-08-20 22:58:07] [cot:thought] The post must reach
[2026-08-20 22:58:07] [cot:thought] at least 1200 words, include six H2 sections, add caveats, embed a table, and link to two internal posts.
[2026-08-20 22:58:07] [cot:thought] Inserting the post entry and updating the backend manifest.
[2026-08-20 22:58:07] [cot:tool] done edit
[2026-08-20 22:58:07] [cot:tool] start edit C:\Users\ether\AppData\Local\data-insights-blog-workers\worker-1\artifacts\backend-manifest.json
[2026-08-20 22:58:07] [cot:tool] done edit C:\Users\ether\AppData\Local\data-insights-blog-workers\worker-1\artifacts\backend-manifest.json
[2026-08-20 22:58:07] [cot:thought] The StrReplace failed because the path parameter was omitted. The path parameter
[2026-08-20 22:58:07] [cot:thought] was included. The error likely came from oversized content. I'll retry with a smaller unique string at the start of posts.ts.
[2026-08-20 22:58:07] [cot:thought] The posts.ts insert failed on size; I'll retry with a tighter patch.
[2026-08-20 22:58:07] [cot:tool] start shell node -e "
[2026-08-20 22:58:07] [cot:tool] done shell node -e "
[2026-08-20 22:58:07] [cot:thought] Writing a helper script to splice the post into posts.ts.
[2026-08-20 22:58:07] [cot:tool] start edit C:\Users\ether\AppData\Local\data-insights-blog-workers\worker-1\scripts\_splice-q3-concentration-post.mjs
[2026-08-20 22:58:07] [cot:tool] done edit C:\Users\ether\AppData\Local\data-insights-blog-workers\worker-1\scripts\_splice-q3-concentration-post.mjs
[2026-08-20 22:58:07] [cot:thought] Checking whether ai-capex-intensity-update-2026q3 exists as an internal link target.
[2026-08-20 22:58:07] [cot:tool] start grep C:\Users\ether\AppData\Local\data-insights-blog-workers\worker-1\src\data\posts.ts
[2026-08-20 22:58:07] [cot:tool] start shell node scripts/_splice-q3-concentration-post.mjs; Remove-Item scripts/_splice-q3-concentration-post.mjs; Select-String -Path src/data/posts.ts -Pattern 'ai-capex-spend-concentration-2026q3' | Select-Object -First 5
[2026-08-20 22:58:08] [cot:tool] done grep C:\Users\ether\AppData\Local\data-insights-blog-workers\worker-1\src\data\posts.ts
[2026-08-20 22:58:08] [cot:tool] done shell node scripts/_splice-q3-concentration-post.mjs; Remove-Item scripts/_splice-q3-concentration-post.mjs; Select-String -Path src/data/posts.ts -Pattern 'ai-capex-spend-concentration-2026q3' | Select-Object -First 5
[2026-08-20 22:58:08] [cot:thought] Proceeding to commit phase 3. Then creating the QA script and smoke marker.
[2026-08-20 22:58:08] [cot:tool] start grep C:\Users\ether\AppData\Local\data-insights-blog-workers\worker-1\scripts\smoke-test-viz-posts.mjs
[2026-08-20 22:58:08] [cot:tool] done grep C:\Users\ether\AppData\Local\data-insights-blog-workers\worker-1\scripts\smoke-test-viz-posts.mjs
[2026-08-20 22:58:08] [cot:tool] start read C:\Users\ether\AppData\Local\data-insights-blog-workers\worker-1\scripts\qa-ai-capex-spend-concentration-2026.mjs
[2026-08-20 22:58:08] [cot:tool] start shell git add -A; git commit --trailer "Co-authored-by: Cursor <cursoragent@cursor.com>" -m "wip(ai-capex-spend-concentration-2026q3): post prose + hero"; $env:BLOG_REPO_ROOT='E:\AI Projects\data-insights-blog'; npx tsx "E:\AI Projects\data-insights-blog\scripts\update-agent-job.mjs" --job job-mt2c9hn4-f6q0u --status building --activity "Phase 4: QA script + smoke marker"
[2026-08-20 22:58:08] [cot:tool] done read C:\Users\ether\AppData\Local\data-insights-blog-workers\worker-1\scripts\qa-ai-capex-spend-concentration-2026.mjs
[2026-08-20 22:58:08] [cot:tool] done shell git add -A; git commit --trailer "Co-authored-by: Cursor <cursoragent@cursor.com>" -m "wip(ai-capex-spend-concentration-2026q3): post prose + hero"; $env:BLOG_REPO_ROOT='E:\AI Projects\data-insights-blog'; npx tsx "E:\AI Projects\data-insights-blog\scripts\update-agent-job.mjs" --job job-mt2c9hn4-f6q0u --status building --activity "Phase 4: QA script + smoke marker"
[2026-08-20 22:58:08] [cot:thought] The commit shows only four changed files, yet posts.ts should have been a major update.
[2026-08-20 22:58:08] [cot:thought] posts.ts may have
[2026-08-20 22:58:08] [cot:thought] been unstaged or miscounted in the diff. Next steps are creating a QA script and smoke marker.
[2026-08-20 22:58:08] [cot:thought] Adding the QA script and smoke-test marker next.
[2026-08-20 22:58:08] [cot:tool] start edit C:\Users\ether\AppData\Local\data-insights-blog-workers\worker-1\scripts\qa-ai-capex-spend-concentration-2026q3.mjs
[2026-08-20 22:58:08] [cot:tool] start edit C:\Users\ether\AppData\Local\data-insights-blog-workers\worker-1\scripts\smoke-test-viz-posts.mjs
[2026-08-20 22:58:08] [cot:tool] done edit C:\Users\ether\AppData\Local\data-insights-blog-workers\worker-1\scripts\qa-ai-capex-spend-concentration-2026q3.mjs
[2026-08-20 22:58:08] [cot:tool] start grep C:\Users\ether\AppData\Local\data-insights-blog-workers\worker-1\package.json
[2026-08-20 22:58:08] [cot:tool] start shell git status -sb; (Get-Content src/data/posts.ts -TotalCount 25)[0..24] -join \"`n\"
[2026-08-20 22:58:08] [cot:tool] done grep C:\Users\ether\AppData\Local\data-insights-blog-workers\worker-1\package.json
[2026-08-20 22:58:08] [cot:tool] done edit C:\Users\ether\AppData\Local\data-insights-blog-workers\worker-1\scripts\smoke-test-viz-posts.mjs
[2026-08-20 22:58:08] [cot:tool] done shell git status -sb; (Get-Content src/data/posts.ts -TotalCount 25)[0..24] -join \"`n\"
[2026-08-20 22:58:08] [cot:thought] Checking whether the QA script needs explicit registration in package.json, and how other QA scripts are invoked.
[2026-08-20 22:58:08] [cot:tool] start grep C:\Users\ether\AppData\Local\data-insights-blog-workers\worker-1\scripts
[2026-08-20 22:58:09] [cot:tool] start read C:\Users\ether\AppData\Local\data-insights-blog-workers\worker-1\scripts\smoke-test-viz-posts.mjs
[2026-08-20 22:58:09] [cot:tool] done read C:\Users\ether\AppData\Local\data-insights-blog-workers\worker-1\scripts\smoke-test-viz-posts.mjs
[2026-08-20 22:58:09] [cot:tool] start shell git status -sb; Get-Content src/data/posts.ts -TotalCount 22
[2026-08-20 22:58:09] [cot:tool] done grep C:\Users\ether\AppData\Local\data-insights-blog-workers\worker-1\scripts
[2026-08-20 22:58:09] [cot:tool] done shell git status -sb; Get-Content src/data/posts.ts -TotalCount 22
[2026-08-20 22:58:09] [cot:thought] posts.ts looks correct. The encoding display issue in PowerShell is purely cosmetic.
[2026-08-20 22:58:09] [cot:thought] Committing QA and
[2026-08-20 22:58:09] [cot:thought] deploying. Smoke testing all posts may be slow or problematic if other posts fail. Verifying ports before running deploy.
[2026-08-20 22:58:09] [cot:thought] Committing the QA phase, then running the local deploy gate.
[2026-08-20 22:58:09] [cot:tool] start shell git add -A; git commit --trailer "Co-authored-by: Cursor <cursoragent@cursor.com>" -m "wip(ai-capex-spend-concentration-2026q3): qa + smoke"; $env:BLOG_REPO_ROOT='E:\AI Projects\data-insights-blog'; npx tsx "E:\AI Projects\data-insights-blog\scripts\update-agent-job.mjs" --job job-mt2c9hn4-f6q0u --status qa --activity "Running npm run deploy on ports 4180/4181"
[2026-08-20 22:58:09] [cot:tool] done shell git add -A; git commit --trailer "Co-authored-by: Cursor <cursoragent@cursor.com>" -m "wip(ai-capex-spend-concentration-2026q3): qa + smoke"; $env:BLOG_REPO_ROOT='E:\AI Projects\data-insights-blog'; npx tsx "E:\AI Projects\data-insights-blog\scripts\update-agent-job.mjs" --job job-mt2c9hn4-f6q0u --status qa --activity "Running npm run deploy on ports 4180/4181"
[2026-08-20 22:58:09] [cot:thought] Running npm run deploy with smoke test ports 4180 and 4181. The deployment will
[2026-08-20 22:58:09] [cot:thought] take a while.
[2026-08-20 22:58:09] [cot:tool] start shell $env:SMOKE_PORT='4180'; $env:SMOKE_QA_PORT='4181'; npm run deploy
[2026-08-20 22:58:09] [cot:tool] done shell $env:SMOKE_PORT='4180'; $env:SMOKE_QA_PORT='4181'; npm run deploy
[2026-08-20 22:58:09] [cot:thought] Deployment passed. Next steps are being planned. The plan is to verify
[2026-08-20 22:58:09] [cot:thought] the output file, run the QA script, commit the post, mark the job ready, and print the WorkerReady line.
[2026-08-20 22:58:09] [cot:thought] Deploy passed. Running the dedicated QA script, then final commit and marking the job ready.
[2026-08-20 22:58:09] [cot:tool] start shell Test-Path "out/blog/ai-capex-spend-concentration-2026q3.html"; Test-Path "out/blog/ai-capex-spend-concentration-2026q3/index.html"; $env:SMOKE_PORT='4180'; node scripts/qa-ai-capex-spend-concentration-2026q3.mjs
[2026-08-20 22:58:09] [cot:tool] done shell Test-Path "out/blog/ai-capex-spend-concentration-2026q3.html"; Test-Path "out/blog/ai-capex-spend-concentration-2026q3/index.html"; $env:SMOKE_PORT='4180'; node scripts/qa-ai-capex-spend-concentration-2026q3.mjs
[2026-08-20 22:58:09] [cot:thought] QA is still running on the audit.
[2026-08-20 22:58:09] [cot:tool] start await
[2026-08-20 22:58:09] [cot:tool] done await
[2026-08-20 22:58:09] [cot:thought] Checking the terminal file to confirm the pass status and exit code.
[2026-08-20 22:58:09] [cot:tool] start read C:\Users\ether\.cursor\projects\C-Users-ether-AppData-Local-data-insights-blog-workers-worker-1\terminals\290956.txt
[2026-08-20 22:58:09] [cot:tool] done read C:\Users\ether\.cursor\projects\C-Users-ether-AppData-Local-data-insights-blog-workers-worker-1\terminals\290956.txt
[2026-08-20 22:58:10] [cot:thought] QA passed with a warning. Proceeding to commit
[2026-08-20 22:58:10] [cot:thought] and mark the job ready.
[2026-08-20 22:58:10] [cot:tool] start shell git add -A; git status -sb; git commit --trailer "Co-authored-by: Cursor <cursoragent@cursor.com>" -m "feat(post): ai-capex-spend-concentration-2026q3"; $env:BLOG_REPO_ROOT='E:\AI Projects\data-insights-blog'; npx tsx "E:\AI Projects\data-insights-blog\scripts\update-agent-job.mjs" --job job-mt2c9hn4-f6q0u --status ready --activity "Ready for merge" --headline "Top-1 27.5% ?? Top-3 73.6% ?? Big-5 ~`$835B ?? HHI ??? 2,211"; git status -sb; Write-Host "WorkerReady: ai-capex-spend-concentration-2026q3 | job=job-mt2c9hn4-f6q0u | worker=1"
[2026-08-20 22:58:10] [cot:tool] done shell git add -A; git status -sb; git commit --trailer "Co-authored-by: Cursor <cursoragent@cursor.com>" -m "feat(post): ai-capex-spend-concentration-2026q3"; $env:BLOG_REPO_ROOT='E:\AI Projects\data-insights-blog'; npx tsx "E:\AI Projects\data-insights-blog\scripts\update-agent-job.mjs" --job job-mt2c9hn4-f6q0u --status ready --activity "Ready for merge" --headline "Top-1 27.5% ?? Top-3 73.6% ?? Big-5 ~`$835B ?? HHI ??? 2,211"; git status -sb; Write-Host "WorkerReady: ai-capex-spend-concentration-2026q3 | job=job-mt2c9hn4-f6q0u | worker=1"
[2026-08-20 22:58:10] [cot:thought] The final commit was skipped because the working tree was clean. No uncommitted changes remained after the last WIP.
[2026-08-20 22:58:10] [cot:thought] The brief explicitly
[2026-08-20 22:58:10] [cot:thought] permits amending the last WIP to the final feat message if it remains local-only.
[2026-08-20 22:58:10] [cot:thought] This overrides the general rule against amending commits. Proceeding to amend
[2026-08-20 22:58:10] [cot:thought] the last WIP commit to the final feat message.Working tree is clean after the last wip; amending that local-only commit to the required `feat(post)` message.
[2026-08-20 22:58:10] [cot:tool] start shell git log -5 --oneline; git status -sb; git rev-parse @{u} 2>&1; git commit --trailer "Co-authored-by: Cursor <cursoragent@cursor.com>" --amend -m "feat(post): ai-capex-spend-concentration-2026q3"; git log -3 --oneline; Write-Host "WorkerReady: ai-capex-spend-concentration-2026q3 | job=job-mt2c9hn4-f6q0u | worker=1"
[2026-08-20 22:58:10] [cot:tool] done shell git log -5 --oneline; git status -sb; git rev-parse @{u} 2>&1; git commit --trailer "Co-authored-by: Cursor <cursoragent@cursor.com>" --amend -m "feat(post): ai-capex-spend-concentration-2026q3"; git log -3 --oneline; Write-Host "WorkerReady: ai-capex-spend-concentration-2026q3 | job=job-mt2c9hn4-f6q0u | worker=1"
[2026-08-20 22:58:10] [cot:thought] PowerShell is misinterpreting `@{u}` as a hashtable. Quoting the variable
[2026-08-20 22:58:10] [cot:thought] should prevent PowerShell from treating it as a hashtable.
[2026-08-20 22:58:10] [cot:tool] start shell git log -5 --oneline; git status -sb; git rev-parse '@{u}' 2>&1; git commit --trailer "Co-authored-by: Cursor <cursoragent@cursor.com>" --amend -m "feat(post): ai-capex-spend-concentration-2026q3"; git log -3 --oneline; Write-Host "WorkerReady: ai-capex-spend-concentration-2026q3 | job=job-mt2c9hn4-f6q0u | worker=1"
[2026-08-20 22:58:11] [cot:tool] done shell git log -5 --oneline; git status -sb; git rev-parse '@{u}' 2>&1; git commit --trailer "Co-authored-by: Cursor <cursoragent@cursor.com>" --amend -m "feat(post): ai-capex-spend-concentration-2026q3"; git log -3 --oneline; Write-Host "WorkerReady: ai-capex-spend-concentration-2026q3 | job=job-mt2c9hn4-f6q0u | worker=1"
[2026-08-20 22:58:11] [cot:thought] Commit hashes differ from earlier runs, likely due to an orchestrator rebase. The feature commit
[2026-08-20 22:58:11] [cot:thought] is complete and the job is marked ready. Only two files were amended for QA and smoke testing. All deliverables are finished. Printing the WorkerReady line and exiting cleanly.
[2026-08-20 22:58:11] [cot:thought] Shipped mid-Q3 concentration post on `post/ai-capex-spend-concentration-2026q3-w1`.
[2026-08-20 22:58:11] [cot:thought] **
[2026-08-20 22:58:11] [cot:thought] Headline:** Top-1 **27.5%** (Amazon) ?? Top-3 **73.6%** ?? Big-5 ~**$835B** ?? HHI ???
[2026-08-20 22:58:11] [cot:thought] **2,211**
[2026-08-20 22:58:11] [cot:thought] **Done:** data module, 4-view dashboard (???3 chart types, ???2 controls), viz registration, posts.ts prose, hero PNG, QA + smoke marker, `npm run deploy` pass on 4180/4181, job marked **ready**.
[2026-08-20 22:58:11] [cot:thought] `
[2026-08-20 22:58:11] [cot:system] task_notification
[2026-08-20 22:58:11] [cot:thought] WorkerReady: ai-capex-spend-concentration-2026q3 | job=job-mt2c9hn4-f6q0u | worker=1`Preparing a brief update on the task result.
[2026-08-20 22:58:11] [cot:thought] The dedicated QA passed
[2026-08-20 22:58:11] [cot:thought] and the job was marked complete. No further follow-up actions are needed.Dedicated QA for `ai-capex-spend-concentration-2026q3` passed (exit 0).
[2026-08-20 22:58:11] [cot:thought] The post is committed and the job is marked ready for merge.
[2026-08-20 22:58:11] [cot:thought] `WorkerReady: ai-capex-spend-concentration-2026q3 | job=job-mt2c9hn4-f6q0u | worker=1`
[2026-08-20 22:58:11] [cot:system] result ok 1138495ms ΓÇö I'll start by checking conveyor sync status, reading the production rules, and surveying existing post patterns so we can ship this in short committed phases.There's a 2026 concentration post already; I'll mirror that pattern for the 2026q3
