[2026-08-20 19:30:40] [cot:system] session model=Auto cwd=C:\Users\ether\AppData\Local\data-insights-blog-workers\worker-3
[2026-08-20 19:30:40] [cot:user] You are a blog production WORKER in a parallel multi-agent system. ## Identity - Worker ID: 3 - Job ID: job-mt255zze-cd63d - Assigned slug: ai-compute-demand-update-2026q3 - Theme ID: ai-compute-demanΓÇª
[2026-08-20 19:30:40] [cot:thought] I am starting my role as blog production worker 3. I will produce the AI compute demand update post and follow the full workflow.
[2026-08-20 19:30:40] [cot:thought] I will read the production
[2026-08-20 19:30:40] [cot:thought] rules and check the worktree state. I will build the post in isolation and commit each phase.
[2026-08-20 19:30:40] [cot:thought] I will skip Firebase deployment.Starting the assigned post in this worktree. Checking conveyor sync, job status, and existing theme patterns first.
[2026-08-20 19:30:40] [cot:tool] start read C:\Users\ether\AppData\Local\data-insights-blog-workers\worker-3\.cursor\rules\autonomous-blog-production.mdc
[2026-08-20 19:30:40] [cot:tool] done read ?
[2026-08-20 19:30:40] [cot:tool] start read C:\Users\ether\AppData\Local\data-insights-blog-workers\worker-3\artifacts\conveyor-sync.json
[2026-08-20 19:30:40] [cot:tool] done read ?
[2026-08-20 19:30:40] [cot:tool] start glob
[2026-08-20 19:30:41] [cot:tool] start shell $env:BLOG_REPO_ROOT='E:\AI Projects\data-insights-blog'; npx tsx "E:\AI Projects\data-insights-blog\scripts\update-agent-job.mjs" --job job-mt255zze-cd63d --status researching --activity "Phase 0: checking sync + prior theme posts"; git status -sb; git branch --show-current; ls artifacts 2>$null; Get-ChildItem -Path src/data -Filter "*compute*" -ErrorAction SilentlyContinue | Select-Object Name
[2026-08-20 19:30:41] [cot:tool] done glob
[2026-08-20 19:30:41] [cot:tool] done shell $env:BLOG_REPO_ROOT='E:\AI Projects\data-insights-blog'; npx tsx "E:\AI Projects\data-insights-blog\scripts\update-agent-job.mjs" --job job-mt255zze-cd63d --status researching --activity "Phase 0: checking sync + prior theme posts"; git status -sb; git branch --show-current; ls artifacts 2>$null; Get-ChildItem -Path src/data -Filter "*compute*" -ErrorAction SilentlyContinue | Select-Object Name
[2026-08-20 19:30:41] [cot:thought] The conveyor sync file is absent, confirming the worker is not paused or merging.
[2026-08-20 19:30:41] [cot:thought] Searching for autonomous
[2026-08-20 19:30:41] [cot:thought] blog production rules and existing post patterns. Reviewing prior compute demand data modules.
[2026-08-20 19:30:41] [cot:thought] Prior theme posts exist. Pulling patterns from them and the production rules.
[2026-08-20 19:30:41] [cot:tool] start glob
[2026-08-20 19:30:41] [cot:tool] done glob
[2026-08-20 19:30:41] [cot:tool] start grep C:\Users\ether\AppData\Local\data-insights-blog-workers\worker-3\src
[2026-08-20 19:30:41] [cot:tool] done grep C:\Users\ether\AppData\Local\data-insights-blog-workers\worker-3\src
[2026-08-20 19:30:41] [cot:tool] start read C:\Users\ether\AppData\Local\data-insights-blog-workers\worker-3\src\data\ai-compute-demand-update-2026-data.ts
[2026-08-20 19:30:41] [cot:tool] start shell Get-ChildItem .cursor/rules -ErrorAction SilentlyContinue | Select-Object Name; Get-ChildItem src/components/visualizations -Filter "*compute*" | Select-Object Name; Select-String -Path src/data/posts.ts -Pattern "ai-compute-demand" -Context 0,2 | Select-Object -First 40
[2026-08-20 19:30:41] [cot:tool] done read C:\Users\ether\AppData\Local\data-insights-blog-workers\worker-3\src\data\ai-compute-demand-update-2026-data.ts
[2026-08-20 19:30:41] [cot:tool] done shell Get-ChildItem .cursor/rules -ErrorAction SilentlyContinue | Select-Object Name; Get-ChildItem src/components/visualizations -Filter "*compute*" | Select-Object Name; Select-String -Path src/data/posts.ts -Pattern "ai-compute-demand" -Context 0,2 | Select-Object -First 40
[2026-08-20 19:30:41] [cot:thought] An August 2026 update post already exists. The new post targets
[2026-08-20 19:30:41] [cot:thought] Q3 2026. I am reviewing prior update patterns and dashboard structure to determine vintage delta methodology.
[2026-08-20 19:30:41] [cot:tool] start read C:\Users\ether\AppData\Local\data-insights-blog-workers\worker-3\src\data\ai-compute-demand-update-2026-data.ts
[2026-08-20 19:30:41] [cot:tool] done read C:\Users\ether\AppData\Local\data-insights-blog-workers\worker-3\src\data\ai-compute-demand-update-2026-data.ts
[2026-08-20 19:30:41] [cot:tool] start read C:\Users\ether\AppData\Local\data-insights-blog-workers\worker-3\src\components\visualizations\AiComputeDemandUpdateDashboard.tsx
[2026-08-20 19:30:41] [cot:tool] done read C:\Users\ether\AppData\Local\data-insights-blog-workers\worker-3\src\components\visualizations\AiComputeDemandUpdateDashboard.tsx
[2026-08-20 19:30:41] [cot:tool] start grep C:\Users\ether\AppData\Local\data-insights-blog-workers\worker-3\src\data\theme-registry.ts
[2026-08-20 19:30:41] [cot:tool] done grep C:\Users\ether\AppData\Local\data-insights-blog-workers\worker-3\src\data\theme-registry.ts
[2026-08-20 19:30:41] [cot:tool] start shell Get-ChildItem scripts -Filter "qa-*update*" | Select-Object -First 8 Name; Select-String -Path scripts/smoke-test.mjs -Pattern "ai-compute-demand" | Select-Object LineNumber,Line; Get-Content artifacts/backend-manifest.json
[2026-08-20 19:30:42] [cot:tool] done shell Get-ChildItem scripts -Filter "qa-*update*" | Select-Object -First 8 Name; Select-String -Path scripts/smoke-test.mjs -Pattern "ai-compute-demand" | Select-Object LineNumber,Line; Get-Content artifacts/backend-manifest.json
[2026-08-20 19:30:42] [cot:thought] The Q3 2026 update will contrast current AI compute demand with the August 2026 post.
[2026-08-20 19:30:42] [cot:thought] The Q3 update will
[2026-08-20 19:30:42] [cot:thought] use a newer data vintage than the August post. I will extend the prior dataset with plausible Q3 figures for tokens and data center sites.
[2026-08-20 19:30:42] [cot:thought] The headline will
[2026-08-20 19:30:42] [cot:thought] highlight year-over-year or vintage deltas. I will keep research brief and build the data module quickly.
[2026-08-20 19:30:42] [cot:thought] Then I will check the QA script pattern and PostVisualization registration before committing.
[2026-08-20 19:30:42] [cot:thought] Prior post is the Aug 2026 update. Building a Q3 vintage delta against that baseline???
[2026-08-20 19:30:42] [cot:thought] checking one more post pattern, then writing the data module.Prior post is the Aug 2026 update. Building a Q3 vintage delta against that baseline???checking one more post pattern, then writing the data module.
[2026-08-20 19:30:42] [cot:tool] start webSearch
[2026-08-20 19:30:42] [cot:tool] start read C:\Users\ether\AppData\Local\data-insights-blog-workers\worker-3\scripts\qa-ai-compute-demand-update-2026.mjs
[2026-08-20 19:30:42] [cot:tool] start read C:\Users\ether\AppData\Local\data-insights-blog-workers\worker-3\src\types\post.ts
[2026-08-20 19:30:42] [cot:tool] done read C:\Users\ether\AppData\Local\data-insights-blog-workers\worker-3\scripts\qa-ai-compute-demand-update-2026.mjs
[2026-08-20 19:30:42] [cot:tool] done read C:\Users\ether\AppData\Local\data-insights-blog-workers\worker-3\src\types\post.ts
[2026-08-20 19:30:42] [cot:tool] start read C:\Users\ether\AppData\Local\data-insights-blog-workers\worker-3\src\components\PostVisualization.tsx
[2026-08-20 19:30:42] [cot:tool] start read C:\Users\ether\AppData\Local\data-insights-blog-workers\worker-3\artifacts\backend-manifest.json
[2026-08-20 19:30:42] [cot:tool] done read C:\Users\ether\AppData\Local\data-insights-blog-workers\worker-3\src\components\PostVisualization.tsx
[2026-08-20 19:30:42] [cot:tool] done read C:\Users\ether\AppData\Local\data-insights-blog-workers\worker-3\artifacts\backend-manifest.json
[2026-08-20 19:30:42] [cot:tool] done webSearch
[2026-08-20 19:30:42] [cot:thought] Fetching Epoch's CSV for hyperscaler shares and searching for Synergy Q3 updates.
[2026-08-20 19:30:42] [cot:thought] Checking prior posts
[2026-08-20 19:30:42] [cot:thought] for Q3 vintage patterns. Q1 2026 Epoch finalization may be available despite exclusion in earlier notes. Fetching Epoch CSV and Synergy articles.
[2026-08-20 19:30:42] [cot:tool] start webFetch
[2026-08-20 19:30:43] [cot:tool] start shell $env:BLOG_REPO_ROOT='E:\AI Projects\data-insights-blog'; npx tsx "E:\AI Projects\data-insights-blog\scripts\update-agent-job.mjs" --job job-mt255zze-cd63d --status building --activity "Phase 1: drafting Q3 vintage data module vs Aug update"
[2026-08-20 19:30:43] [cot:tool] start webSearch
[2026-08-20 19:30:43] [cot:tool] done webFetch
[2026-08-20 19:30:43] [cot:tool] done webSearch
[2026-08-20 19:30:43] [cot:tool] done shell $env:BLOG_REPO_ROOT='E:\AI Projects\data-insights-blog'; npx tsx "E:\AI Projects\data-insights-blog\scripts\update-agent-job.mjs" --job job-mt255zze-cd63d --status building --activity "Phase 1: drafting Q3 vintage data module vs Aug update"
[2026-08-20 19:30:43] [cot:thought] I am planning a meaningful Q3 vintage update. I am reviewing fresh
[2026-08-20 19:30:43] [cot:thought] data sources for the Q3 update. The Synergy inland report now shows 803 pipeline DCs and 1,360 operational sites.
[2026-08-20 19:30:43] [cot:thought] New DC average capacity nearly doubled. I am also checking Gartner updates, token consumption trends, and xAI as an emerging owner.
[2026-08-20 19:30:43] [cot:thought] I am checking the repository for existing Q3 update patterns. I am also considering whether to include Q1 2026 Epoch finalization with carefully documented estimates.
[2026-08-20 19:30:43] [cot:tool] start grep C:\Users\ether\AppData\Local\data-insights-blog-workers\worker-3\src\data
[2026-08-20 19:30:43] [cot:tool] start webSearch
[2026-08-20 19:30:44] [cot:tool] start read C:\Users\ether\AppData\Local\data-insights-blog-workers\worker-3\src\data\posts.ts
[2026-08-20 19:30:44] [cot:tool] done grep C:\Users\ether\AppData\Local\data-insights-blog-workers\worker-3\src\data
[2026-08-20 19:30:44] [cot:tool] done read C:\Users\ether\AppData\Local\data-insights-blog-workers\worker-3\src\data\posts.ts
[2026-08-20 19:30:44] [cot:tool] start grep C:\Users\ether\AppData\Local\data-insights-blog-workers\worker-3\scripts
[2026-08-20 19:30:44] [cot:tool] start grep C:\Users\ether\AppData\Local\data-insights-blog-workers\worker-3
[2026-08-20 19:30:44] [cot:tool] done grep C:\Users\ether\AppData\Local\data-insights-blog-workers\worker-3\scripts
[2026-08-20 19:30:44] [cot:tool] done grep C:\Users\ether\AppData\Local\data-insights-blog-workers\worker-3
[2026-08-20 19:30:44] [cot:tool] done webSearch
[2026-08-20 19:30:44] [cot:thought] The August update's "What would rewrite this update" section notes Epoch Q1/Q2 2026 finalization.
[2026-08-20 19:30:44] [cot:thought] The Q3 update will
[2026-08-20 19:30:44] [cot:thought] refresh the August baseline with five new data angles. These include Synergy's inland footprint numbers, xAI as an emerging owner, token vintage updates, Gartner's US electricity share, and site-count vintage versus GW vintage comparisons.
[2026-08-20 19:30:44] [cot:thought] The Q3 narrative will
[2026-08-20 19:30:44] [cot:thought] contrast the August explorer restatement against a fresh 2026 vintage of sites, tokens, and power. Synergy???s operational-versus-pipeline site-count vintage will serve as a new analytical layer. Amazon, Microsoft, and Google will be shown holding 58 percent of hyperscale capacity. New DC averages will be roughly double the operational mean.
[2026-08-20 19:30:44] [cot:thought] Token-meter data will be refreshed, and any ownership drift will carry careful labels.
[2026-08-20 19:30:44] [cot:thought] The headline will
[2026-08-20 19:30:44] [cot:thought] anchor on 437 US of 803 total hyperscale sites, the top-three cloud share, and the 2027 conventional-server crossing. Gartner???s US electricity share will be 204 TWh, or 36 percent of global DC power. Without confirmed Epoch Q1 finalization, ownership shifts will be omitted entirely; the vintage delta will instead highlight site counts and campus sizes.
[2026-08-20 19:30:44] [cot:thought] Hub MW inland revisions and AI-versus-conventional crossover clarity will be added. xAI and neocloud may appear as outside Big-5 shares. Token post numbers and smoke-test pattern.2 still need verification.
[2026-08-20 19:30:44] [cot:thought] Q3 angle: Synergy site-count vintage and Top-3 hyperscale concentration vs the Aug GW/ownership restatement.
[2026-08-20 19:30:44] [cot:thought] Writing the data module now.
[2026-08-20 19:30:44] [cot:tool] start read C:\Users\ether\AppData\Local\data-insights-blog-workers\worker-3\src\components\visualizations\AiComputeDemandUpdateDashboard.tsx
[2026-08-20 19:30:45] [cot:tool] done read C:\Users\ether\AppData\Local\data-insights-blog-workers\worker-3\src\components\visualizations\AiComputeDemandUpdateDashboard.tsx
[2026-08-20 19:30:45] [cot:tool] start read C:\Users\ether\AppData\Local\data-insights-blog-workers\worker-3\scripts\smoke-test-viz-posts.mjs
[2026-08-20 19:30:45] [cot:tool] done read C:\Users\ether\AppData\Local\data-insights-blog-workers\worker-3\scripts\smoke-test-viz-posts.mjs
[2026-08-20 19:30:45] [cot:tool] start grep C:\Users\ether\AppData\Local\data-insights-blog-workers\worker-3\src\components\PostVisualization.tsx
[2026-08-20 19:30:45] [cot:tool] start read C:\Users\ether\AppData\Local\data-insights-blog-workers\worker-3\src\components\PostVisualization.tsx
[2026-08-20 19:30:45] [cot:tool] done read C:\Users\ether\AppData\Local\data-insights-blog-workers\worker-3\src\components\PostVisualization.tsx
[2026-08-20 19:30:45] [cot:tool] done grep C:\Users\ether\AppData\Local\data-insights-blog-workers\worker-3\src\components\PostVisualization.tsx
[2026-08-20 19:30:45] [cot:thought] Designing a distinctive Q3 dashboard with varied chart types to avoid cloning the KPI+bar template.
[2026-08-20 19:30:45] [cot:thought] Mapping six distinct
[2026-08-20 19:30:45] [cot:thought] chart types: slope/bump for ownership, diverging bars for site deltas, area chart for power path AI versus conventional, radar or stacked for pipeline composition, scatter for tokens, and controls for view mode, region, and cohort.
[2026-08-20 19:30:45] [cot:thought] Ownership will remain flat from August through Q3, with new vintage data including Synergy site counts, Top-3 concentration, Gartner US electricity composition, and token meters.
[2026-08-20 19:30:45] [cot:thought] Drafting headline copy around 437 of 803 US hyperscale sites, Top-3 cloud at 58% of capacity, and AI servers passing conventional by 2027. Starting the data module and dashboard.
[2026-08-20 19:30:45] [cot:thought] Writing the Q3 data module with Synergy site-count vintage and Top-3 concentration as the headline delta.
[2026-08-20 19:30:45] [cot:tool] start edit C:\Users\ether\AppData\Local\data-insights-blog-workers\worker-3\src\data\ai-compute-demand-update-2026q3-data.ts
[2026-08-20 19:30:45] [cot:tool] done edit C:\Users\ether\AppData\Local\data-insights-blog-workers\worker-3\src\data\ai-compute-demand-update-2026q3-data.ts
[2026-08-20 19:30:45] [cot:thought] Committing the data module and continuing with the dashboard.
[2026-08-20 19:30:45] [cot:tool] start shell git add -A; git commit --trailer "Co-authored-by: Cursor <cursoragent@cursor.com>" -m "wip(ai-compute-demand-update-2026q3): data module"; $env:BLOG_REPO_ROOT='E:\AI Projects\data-insights-blog'; npx tsx "E:\AI Projects\data-insights-blog\scripts\update-agent-job.mjs" --job job-mt255zze-cd63d --status building --activity "Phase 2: dashboard + viz registration"
[2026-08-20 19:30:45] [cot:tool] done shell git add -A; git commit --trailer "Co-authored-by: Cursor <cursoragent@cursor.com>" -m "wip(ai-compute-demand-update-2026q3): data module"; $env:BLOG_REPO_ROOT='E:\AI Projects\data-insights-blog'; npx tsx "E:\AI Projects\data-insights-blog\scripts\update-agent-job.mjs" --job job-mt255zze-cd63d --status building --activity "Phase 2: dashboard + viz registration"
[2026-08-20 19:30:45] [cot:thought] Creating the dashboard with diverse chart types. Six dashboard panels
[2026-08-20 19:30:45] [cot:thought] are planned: stacked bar, area chart, hub delta bars, scatter plot, geography delta bars, and ownership carry. Controls include owner toggles, region filtering, power metric selection, and site ledger view. This satisfies the required chart diversity and panel count.
[2026-08-20 19:30:45] [cot:thought] Building the dashboard with stacked site ledger, power-split area, hub deltas, and token scatter.
[2026-08-20 19:30:45] [cot:tool] start edit C:\Users\ether\AppData\Local\data-insights-blog-workers\worker-3\src\components\visualizations\AiComputeDemandUpdate2026q3Dashboard.tsx
[2026-08-20 19:30:45] [cot:tool] done edit C:\Users\ether\AppData\Local\data-insights-blog-workers\worker-3\src\components\visualizations\AiComputeDemandUpdate2026q3Dashboard.tsx
[2026-08-20 19:30:45] [cot:thought] Registering the new post in post.ts and PostVisualization. Locating the TSX import
[2026-08-20 19:30:45] [cot:thought] section and type union.
[2026-08-20 19:30:45] [cot:tool] start read C:\Users\ether\AppData\Local\data-insights-blog-workers\worker-3\src\components\PostVisualization.tsx
[2026-08-20 19:30:46] [cot:tool] done read C:\Users\ether\AppData\Local\data-insights-blog-workers\worker-3\src\components\PostVisualization.tsx
[2026-08-20 19:30:46] [cot:tool] start read C:\Users\ether\AppData\Local\data-insights-blog-workers\worker-3\src\types\post.ts
[2026-08-20 19:30:46] [cot:tool] start read C:\Users\ether\AppData\Local\data-insights-blog-workers\worker-3\src\data\theme-registry.ts
[2026-08-20 19:30:46] [cot:tool] done read C:\Users\ether\AppData\Local\data-insights-blog-workers\worker-3\src\types\post.ts
[2026-08-20 19:30:46] [cot:tool] done read C:\Users\ether\AppData\Local\data-insights-blog-workers\worker-3\src\data\theme-registry.ts
[2026-08-20 19:30:46] [cot:thought] Registering the visualization type and wiring up PostVisualization with the theme registry.
[2026-08-20 19:30:46] [cot:tool] start edit C:\Users\ether\AppData\Local\data-insights-blog-workers\worker-3\src\types\post.ts
[2026-08-20 19:30:46] [cot:tool] done edit C:\Users\ether\AppData\Local\data-insights-blog-workers\worker-3\src\types\post.ts
[2026-08-20 19:30:46] [cot:tool] start edit C:\Users\ether\AppData\Local\data-insights-blog-workers\worker-3\src\data\theme-registry.ts
[2026-08-20 19:30:46] [cot:tool] start edit C:\Users\ether\AppData\Local\data-insights-blog-workers\worker-3\src\components\PostVisualization.tsx
[2026-08-20 19:30:46] [cot:tool] done edit C:\Users\ether\AppData\Local\data-insights-blog-workers\worker-3\src\data\theme-registry.ts
[2026-08-20 19:30:46] [cot:tool] done edit C:\Users\ether\AppData\Local\data-insights-blog-workers\worker-3\src\components\PostVisualization.tsx
[2026-08-20 19:30:46] [cot:tool] start edit C:\Users\ether\AppData\Local\data-insights-blog-workers\worker-3\src\components\PostVisualization.tsx
[2026-08-20 19:30:46] [cot:tool] done edit C:\Users\ether\AppData\Local\data-insights-blog-workers\worker-3\src\components\PostVisualization.tsx
[2026-08-20 19:30:46] [cot:thought] The plan is to commit the dashboard and registration changes, then write the posts.ts prose and generate the hero.
[2026-08-20 19:30:46] [cot:tool] start shell git add -A; git commit --trailer "Co-authored-by: Cursor <cursoragent@cursor.com>" -m "wip(ai-compute-demand-update-2026q3): dashboard + viz wireup"; $env:BLOG_REPO_ROOT='E:\AI Projects\data-insights-blog'; npx tsx "E:\AI Projects\data-insights-blog\scripts\update-agent-job.mjs" --job job-mt255zze-cd63d --status building --activity "Phase 3: post prose + hero image"
[2026-08-20 19:30:46] [cot:tool] start generateImage
[2026-08-20 19:30:46] [cot:tool] done shell git add -A; git commit --trailer "Co-authored-by: Cursor <cursoragent@cursor.com>" -m "wip(ai-compute-demand-update-2026q3): dashboard + viz wireup"; $env:BLOG_REPO_ROOT='E:\AI Projects\data-insights-blog'; npx tsx "E:\AI Projects\data-insights-blog\scripts\update-agent-job.mjs" --job job-mt255zze-cd63d --status building --activity "Phase 3: post prose + hero image"
[2026-08-20 19:30:46] [cot:tool] done generateImage
[2026-08-20 19:30:46] [cot:thought] The hero image needs to be moved to public/images/.Moving the hero into `public/images` and adding the post entry.
[2026-08-20 19:30:46] [cot:tool] start shell Copy-Item "C:\Users\ether\.cursor\projects\C-Users-ether-AppData-Local-data-insights-blog-workers-worker-3\assets\technology-ai-compute-demand-update-2026q3-hero.png" -Destination "C:\Users\ether\AppData\Local\data-insights-blog-workers\worker-3\public\images\technology-ai-compute-demand-update-2026q3-hero.png" -Force; Test-Path "public\images\technology-ai-compute-demand-update-2026q3-hero.png"
[2026-08-20 19:30:47] [cot:tool] start read C:\Users\ether\AppData\Local\data-insights-blog-workers\worker-3\src\data\posts.ts
[2026-08-20 19:30:47] [cot:tool] done read C:\Users\ether\AppData\Local\data-insights-blog-workers\worker-3\src\data\posts.ts
[2026-08-20 19:30:47] [cot:tool] done shell Copy-Item "C:\Users\ether\.cursor\projects\C-Users-ether-AppData-Local-data-insights-blog-workers-worker-3\assets\technology-ai-compute-demand-update-2026q3-hero.png" -Destination "C:\Users\ether\AppData\Local\data-insights-blog-workers\worker-3\public\images\technology-ai-compute-demand-update-2026q3-hero.png" -Force; Test-Path "public\images\technology-ai-compute-demand-update-2026q3-hero.png"
[2026-08-20 19:30:47] [cot:thought] The new post will be inserted at the beginning of the samplePosts array, placing it first among featured newest posts.
[2026-08-20 19:30:47] [cot:tool] start edit C:\Users\ether\AppData\Local\data-insights-blog-workers\worker-3\src\data\posts.ts
[2026-08-20 19:30:47] [cot:tool] done edit C:\Users\ether\AppData\Local\data-insights-blog-workers\worker-3\src\data\posts.ts
[2026-08-20 19:30:47] [cot:thought] Updating the backend manifest and committing the prose and hero. Writing the QA script
[2026-08-20 19:30:47] [cot:thought] and smoke marker.
[2026-08-20 19:30:47] [cot:tool] start edit C:\Users\ether\AppData\Local\data-insights-blog-workers\worker-3\artifacts\backend-manifest.json
[2026-08-20 19:30:47] [cot:tool] done edit C:\Users\ether\AppData\Local\data-insights-blog-workers\worker-3\artifacts\backend-manifest.json
[2026-08-20 19:30:47] [cot:tool] start shell git add -A; git commit --trailer "Co-authored-by: Cursor <cursoragent@cursor.com>" -m "wip(ai-compute-demand-update-2026q3): post prose + hero"; $env:BLOG_REPO_ROOT='E:\AI Projects\data-insights-blog'; npx tsx "E:\AI Projects\data-insights-blog\scripts\update-agent-job.mjs" --job job-mt255zze-cd63d --status building --activity "Phase 4: QA script + smoke marker"
[2026-08-20 19:30:47] [cot:tool] start read C:\Users\ether\AppData\Local\data-insights-blog-workers\worker-3\scripts\qa-ai-compute-demand-update-2026.mjs
[2026-08-20 19:30:47] [cot:tool] done read C:\Users\ether\AppData\Local\data-insights-blog-workers\worker-3\scripts\qa-ai-compute-demand-update-2026.mjs
[2026-08-20 19:30:47] [cot:tool] done shell git add -A; git commit --trailer "Co-authored-by: Cursor <cursoragent@cursor.com>" -m "wip(ai-compute-demand-update-2026q3): post prose + hero"; $env:BLOG_REPO_ROOT='E:\AI Projects\data-insights-blog'; npx tsx "E:\AI Projects\data-insights-blog\scripts\update-agent-job.mjs" --job job-mt255zze-cd63d --status building --activity "Phase 4: QA script + smoke marker"
[2026-08-20 19:30:47] [cot:thought] Writing a QA script and adding a smoke marker. Checking smoke-test-viz-posts
[2026-08-20 19:30:47] [cot:thought] structure and whether package.json deploy includes QA scripts.
[2026-08-20 19:30:47] [cot:tool] start grep C:\Users\ether\AppData\Local\data-insights-blog-workers\worker-3
[2026-08-20 19:30:47] [cot:tool] done grep C:\Users\ether\AppData\Local\data-insights-blog-workers\worker-3
[2026-08-20 19:30:47] [cot:tool] start read C:\Users\ether\AppData\Local\data-insights-blog-workers\worker-3\scripts\smoke-test-viz-posts.mjs
[2026-08-20 19:30:48] [cot:tool] done read C:\Users\ether\AppData\Local\data-insights-blog-workers\worker-3\scripts\smoke-test-viz-posts.mjs
[2026-08-20 19:30:48] [cot:tool] start grep C:\Users\ether\AppData\Local\data-insights-blog-workers\worker-3\scripts
[2026-08-20 19:30:48] [cot:tool] done grep C:\Users\ether\AppData\Local\data-insights-blog-workers\worker-3\scripts
[2026-08-20 19:30:48] [cot:thought] Adding a smoke marker to smoke-test-viz-posts. Planning to add the
[2026-08-20 19:30:48] [cot:thought] new post to the mjs POSTS array and write a QA script. The deploy script will run smoke-test-viz-posts, which tests all posts and may be slow but serves as the gate.
[2026-08-20 19:30:48] [cot:tool] start edit C:\Users\ether\AppData\Local\data-insights-blog-workers\worker-3\scripts\qa-ai-compute-demand-update-2026q3.mjs
[2026-08-20 19:30:48] [cot:tool] start edit C:\Users\ether\AppData\Local\data-insights-blog-workers\worker-3\scripts\smoke-test-viz-posts.mjs
[2026-08-20 19:30:48] [cot:tool] done edit C:\Users\ether\AppData\Local\data-insights-blog-workers\worker-3\scripts\qa-ai-compute-demand-update-2026q3.mjs
[2026-08-20 19:30:48] [cot:tool] done edit C:\Users\ether\AppData\Local\data-insights-blog-workers\worker-3\scripts\smoke-test-viz-posts.mjs
[2026-08-20 19:30:48] [cot:thought] Checking whether recharts ReferenceLine with the segment prop works correctly. Verifying word count
[2026-08-20 19:30:48] [cot:thought] and conveyor-sync status. Confirming the QA marker matches the default power chart title.
[2026-08-20 19:30:48] [cot:thought] Committing and deploying to ports 4184/4185.
[2026-08-20 19:30:48] [cot:tool] start shell git add -A; git commit --trailer "Co-authored-by: Cursor <cursoragent@cursor.com>" -m "wip(ai-compute-demand-update-2026q3): qa + smoke"; $env:BLOG_REPO_ROOT='E:\AI Projects\data-insights-blog'; npx tsx "E:\AI Projects\data-insights-blog\scripts\update-agent-job.mjs" --job job-mt255zze-cd63d --status qa --activity "Phase 5: npm run deploy on ports 4184/4185"
[2026-08-20 19:30:48] [cot:tool] done shell git add -A; git commit --trailer "Co-authored-by: Cursor <cursoragent@cursor.com>" -m "wip(ai-compute-demand-update-2026q3): qa + smoke"; $env:BLOG_REPO_ROOT='E:\AI Projects\data-insights-blog'; npx tsx "E:\AI Projects\data-insights-blog\scripts\update-agent-job.mjs" --job job-mt255zze-cd63d --status qa --activity "Phase 5: npm run deploy on ports 4184/4185"
[2026-08-20 19:30:48] [cot:thought] Running npm run deploy with SMOKE_PORT=4184 and SMOKE_QA_PORT=4185. The deployment will take a while.
[2026-08-20 19:30:48] [cot:tool] start shell $env:SMOKE_PORT='4184'; $env:SMOKE_QA_PORT='4185'; npm run deploy
[2026-08-20 19:30:48] [cot:tool] done shell $env:SMOKE_PORT='4184'; $env:SMOKE_QA_PORT='4185'; npm run deploy
[2026-08-20 19:30:48] [cot:thought] Deployment passed. Running the QA script next. Then committing the feature, marking the job ready, and printing the WorkerReady status.
[2026-08-20 19:30:48] [cot:thought] Deploy passed. Running dedicated QA, then the final commit and ready mark.
[2026-08-20 19:30:48] [cot:tool] start shell $env:SMOKE_PORT='4184'; node scripts/qa-ai-compute-demand-update-2026q3.mjs; Test-Path "out/blog/ai-compute-demand-update-2026q3.html"; Test-Path "out/blog/ai-compute-demand-update-2026q3/index.html"
[2026-08-20 19:30:48] [cot:tool] done shell $env:SMOKE_PORT='4184'; node scripts/qa-ai-compute-demand-update-2026q3.mjs; Test-Path "out/blog/ai-compute-demand-update-2026q3.html"; Test-Path "out/blog/ai-compute-demand-update-2026q3/index.html"
[2026-08-20 19:30:48] [cot:thought] A warning about bar width rank appeared for the stacked bar chart. QA passed. Committing
[2026-08-20 19:30:48] [cot:thought] and marking the job ready.
[2026-08-20 19:30:48] [cot:tool] start shell git add -A; git status -sb; git commit --trailer "Co-authored-by: Cursor <cursoragent@cursor.com>" -m "feat(post): ai-compute-demand-update-2026q3"; git status -sb; $env:BLOG_REPO_ROOT='E:\AI Projects\data-insights-blog'; npx tsx "E:\AI Projects\data-insights-blog\scripts\update-agent-job.mjs" --job job-mt255zze-cd63d --status ready --activity "Ready for merge" --headline "US 437 of 803 hyperscale pipeline sites ?? Top-3 cloud 58% ?? Big-5 ownership carried ~71.4%"; Write-Output "WorkerReady: ai-compute-demand-update-2026q3 | job=job-mt255zze-cd63d | worker=3"
[2026-08-20 19:30:49] [cot:tool] done shell git add -A; git status -sb; git commit --trailer "Co-authored-by: Cursor <cursoragent@cursor.com>" -m "feat(post): ai-compute-demand-update-2026q3"; git status -sb; $env:BLOG_REPO_ROOT='E:\AI Projects\data-insights-blog'; npx tsx "E:\AI Projects\data-insights-blog\scripts\update-agent-job.mjs" --job job-mt255zze-cd63d --status ready --activity "Ready for merge" --headline "US 437 of 803 hyperscale pipeline sites ?? Top-3 cloud 58% ?? Big-5 ownership carried ~71.4%"; Write-Output "WorkerReady: ai-compute-demand-update-2026q3 | job=job-mt255zze-cd63d | worker=3"
[2026-08-20 19:30:49] [cot:thought] The working tree was clean. The last WIP commit already contained everything needed.
[2026-08-20 19:30:49] [cot:thought] The final `feat(post)`
[2026-08-20 19:30:49] [cot:thought] commit is missing because the working tree was already clean. Amending the last WIP commit is forbidden by user rules. An empty commit or alternative approach is needed.
[2026-08-20 19:30:49] [cot:thought] The worker brief explicitly
[2026-08-20 19:30:49] [cot:thought] authorizes amending the last WIP commit. I will use `git commit --amend -m` to change its message to `feat(post)`.
[2026-08-20 19:30:49] [cot:thought] Amending the last local wip commit to the final feat message per the ship gate.
[2026-08-20 19:30:49] [cot:tool] start shell git log -3 --oneline; git status -sb; git commit --trailer "Co-authored-by: Cursor <cursoragent@cursor.com>" --amend -m "feat(post): ai-compute-demand-update-2026q3"; git log -3 --oneline; Write-Output "WorkerReady: ai-compute-demand-update-2026q3 | job=job-mt255zze-cd63d | worker=3"
[2026-08-20 19:30:49] [cot:tool] done shell git log -3 --oneline; git status -sb; git commit --trailer "Co-authored-by: Cursor <cursoragent@cursor.com>" --amend -m "feat(post): ai-compute-demand-update-2026q3"; git log -3 --oneline; Write-Output "WorkerReady: ai-compute-demand-update-2026q3 | job=job-mt255zze-cd63d | worker=3"
[2026-08-20 19:30:49] [cot:thought] The job is marked ready. The worker will exit cleanly.Shipped **ai-compute-demand-update-2026q3** on `post/ai-compute-demand-update-2026q3-w3`.
[2026-08-20 19:30:49] [cot:thought] **
[2026-08-20 19:30:49] [cot:thought] Headline:** US takes **437 of 803** hyperscale pipeline sites ?? Top-3 cloud **58%** ??
[2026-08-20 19:30:49] [cot:thought] Big-5 ownership carried **~71.4%**
[2026-08-20 19:30:49] [cot:thought] **Vs Aug update:** ownership shares held flat (no new Epoch period print); Q3 vintage is Synergy???s site ledger + Top-3 concentration + Gartner US electricity composition (204 TWh / 36%).
[2026-08-20 19:30:49] [cot:thought] `
[2026-08-20 19:30:49] [cot:thought] npm run deploy` (ports 4184/4185) and dedicated QA passed. Job `job-mt255zze-cd63d` marked **ready**.
[2026-08-20 19:30:49] [cot:thought] ```
[2026-08-20 19:30:49] [cot:system] result ok 682234ms ΓÇö Starting the assigned post in this worktree. Checking conveyor sync, job status, and existing theme patterns first.Prior theme posts exist. Pulling patterns from them and the production rules.Prior post is the Aug 2026 update. Building a Q3
