[2026-07-31 12:29:47] Worker 4 starting job job-ms95r9et-v9bcn (us-social-security-trust-fund-depletion-path-ms95r9et) in E:\AI Projects\data-insights-blog-worktrees\worker-4 (branch post/us-social-security-trust-fund-depletion-path-ms95r9et-w4)
[2026-07-31 12:29:47] Resetting worktree to 61022e9bc8eecd1b18c428f7b34d1860b123d517 then checkout post/us-social-security-trust-fund-depletion-path-ms95r9et-w4
[2026-07-31 12:29:48] git: HEAD is now at e9746a2 merge(post): macro-growth-trade-research-2026 from worker 4 (path-selective)
[2026-07-31 12:29:48] git: Removing scripts/bootstrap-worktrees.ps1
[2026-07-31 12:29:48] git: Removing scripts/claim-next-topics.mjs
[2026-07-31 12:29:48] git: Removing scripts/cursor-watchdog-loop.ps1
[2026-07-31 12:29:48] git: Removing scripts/debug-agent-transport.ps1
[2026-07-31 12:29:48] git: Removing scripts/lib/agent-jobs.mjs
[2026-07-31 12:29:48] git: Removing scripts/lib/production-ship-parser.mjs
[2026-07-31 12:29:48] git: Removing scripts/lib/viz-interaction-qa.mjs
[2026-07-31 12:29:48] git: Removing scripts/local-blog-server.mjs
[2026-07-31 12:29:48] git: Removing scripts/production-stream-server.mjs
[2026-07-31 12:29:48] git: Removing scripts/production-stream-ui.html
[2026-07-31 12:29:48] git: Removing scripts/prompts/
[2026-07-31 12:29:48] git: Removing scripts/qa-us-billion-dollar-weather-disasters-ms94skof.mjs
[2026-07-31 12:29:48] git: Removing scripts/resume-blog-automation.ps1
[2026-07-31 12:29:48] git: Removing scripts/run-blog-orchestrator.ps1
[2026-07-31 12:29:48] git: Removing scripts/run-blog-production-local.ps1
[2026-07-31 12:29:48] git: Removing scripts/run-blog-worker.ps1
[2026-07-31 12:29:48] git: Removing scripts/start-blog-automation-in-app.ps1
[2026-07-31 12:29:48] git: Removing scripts/stop-blog-automation.ps1
[2026-07-31 12:29:48] git: Removing scripts/theme-balance.ts
[2026-07-31 12:29:48] git: Removing scripts/update-agent-job.mjs
[2026-07-31 12:29:48] git: Removing scripts/watch-blog-production.ps1
[2026-07-31 12:29:48] git: Removing src/data/social-security-trust-fund-data.ts
[2026-07-31 12:29:48] git: HEAD is now at e9746a2 merge(post): macro-growth-trade-research-2026 from worker 4 (path-selective)
[2026-07-31 12:29:48] git: Previous HEAD position was e9746a2 merge(post): macro-growth-trade-research-2026 from worker 4 (path-selective)
[2026-07-31 12:29:49] git: Switched to a new branch 'post/us-social-security-trust-fund-depletion-path-ms95r9et-w4'
[2026-07-31 12:29:54] Invoking agent for worker 4 (-p --force --trust --workspace worktree)
Connection lost, reconnecting to https://api2.cursor.sh (attempt 1)...
[2026-07-31 12:32:53] WARN: transport blip cliAttempt=1 (raw=1) elapsed=0s
Retry attempt 1...
[2026-07-31 12:32:56] WARN: transport blip cliAttempt=1 (raw=1) elapsed=2s
Connection lost, reconnecting to https://api2.cursor.sh (attempt 2)...
[2026-07-31 12:52:01] INFO: blip streak reset after quiet gap
[2026-07-31 12:52:01] WARN: transport blip cliAttempt=1 (raw=2) elapsed=0s
Retry attempt 2...
[2026-07-31 12:52:06] WARN: transport blip cliAttempt=1 (raw=2) elapsed=5s
Connection lost, reconnecting to https://api2.cursor.sh (attempt 3)...
[2026-07-31 12:53:15] WARN: transport blip cliAttempt=2 (raw=3) elapsed=74s
Retry attempt 3...
[2026-07-31 12:53:23] WARN: transport blip cliAttempt=2 (raw=3) elapsed=82s
Connection lost, reconnecting to https://api2.cursor.sh (attempt 4)...
[2026-07-31 12:54:29] WARN: transport blip cliAttempt=3 (raw=4) elapsed=148s
[2026-07-31 12:54:29] ERROR: transport unhealthy (cliAttempt=3 elapsed=148s); killing worker agent
