[2026-07-31 13:55:25] Worker 4 starting job job-ms98tg4n-8ngsb (ai-power-grid-research-2026) in E:\AI Projects\data-insights-blog-worktrees\worker-4 (branch post/ai-power-grid-research-2026-w4)
[2026-07-31 13:55:26] Resetting worktree to 61022e9bc8eecd1b18c428f7b34d1860b123d517 then checkout post/ai-power-grid-research-2026-w4
[2026-07-31 13:55:26] git: HEAD is now at 61022e9 merge(post): us-billion-dollar-weather-disasters-ms94skof from worker 3 (path-selective)
[2026-07-31 13:55:26] git: Removing public/images/global-systems-us-social-security-trust-fund-depletion-path-ms97t9mv-hero.png
[2026-07-31 13:55:26] git: Removing scripts/bootstrap-worktrees.ps1
[2026-07-31 13:55:26] git: Removing scripts/claim-next-topics.mjs
[2026-07-31 13:55:26] git: Removing scripts/cursor-watchdog-loop.ps1
[2026-07-31 13:55:26] git: Removing scripts/debug-agent-transport.ps1
[2026-07-31 13:55:26] git: Removing scripts/lib/agent-jobs.mjs
[2026-07-31 13:55:26] git: Removing scripts/lib/production-ship-parser.mjs
[2026-07-31 13:55:26] git: Removing scripts/lib/viz-interaction-qa.mjs
[2026-07-31 13:55:26] git: Removing scripts/local-blog-server.mjs
[2026-07-31 13:55:26] git: Removing scripts/production-stream-server.mjs
[2026-07-31 13:55:26] git: Removing scripts/production-stream-ui.html
[2026-07-31 13:55:26] git: Removing scripts/prompts/
[2026-07-31 13:55:26] git: Removing scripts/qa-us-social-security-trust-fund-depletion-path-ms97t9mv.mjs
[2026-07-31 13:55:26] git: Removing scripts/resume-blog-automation.ps1
[2026-07-31 13:55:26] git: Removing scripts/run-blog-orchestrator.ps1
[2026-07-31 13:55:26] git: Removing scripts/run-blog-production-local.ps1
[2026-07-31 13:55:26] git: Removing scripts/run-blog-worker.ps1
[2026-07-31 13:55:26] git: Removing scripts/start-blog-automation-in-app.ps1
[2026-07-31 13:55:26] git: Removing scripts/stop-blog-automation.ps1
[2026-07-31 13:55:26] git: Removing scripts/theme-balance.ts
[2026-07-31 13:55:26] git: Removing scripts/update-agent-job.mjs
[2026-07-31 13:55:26] git: Removing scripts/watch-blog-production.ps1
[2026-07-31 13:55:26] git: Removing src/components/charts/
[2026-07-31 13:55:26] git: Removing src/components/visualizations/BankLoanChargeoffsDashboard.tsx
[2026-07-31 13:55:26] git: Removing src/components/visualizations/CommercialAircraftAssemblyDashboard.tsx
[2026-07-31 13:55:26] git: Removing src/components/visualizations/IrenaRenewableCapacityDashboard.tsx
[2026-07-31 13:55:26] git: Removing src/components/visualizations/MoneyMarketFundsDepositsDashboard.tsx
[2026-07-31 13:55:26] git: Removing src/components/visualizations/NaturalGraphiteMineConcentrationDashboard.tsx
[2026-07-31 13:55:26] git: Removing src/components/visualizations/OecdDacOdaDashboard.tsx
[2026-07-31 13:55:26] git: Removing src/components/visualizations/UsSocialSecurityTrustFundDepletionPathMs97t9mvDashboard.tsx
[2026-07-31 13:55:26] git: Removing src/data/social-security-trust-fund-data.ts
[2026-07-31 13:55:26] git: Removing src/data/us-social-security-trust-fund-depletion-path-ms97t9mv-data.ts
[2026-07-31 13:55:27] git: HEAD is now at 61022e9 merge(post): us-billion-dollar-weather-disasters-ms94skof from worker 3 (path-selective)
[2026-07-31 13:55:27] git: Switched to a new branch 'post/ai-power-grid-research-2026-w4'
[2026-07-31 13:55:33] Invoking agent for worker 4 (-p --force --trust --workspace worktree)
Connection lost, reconnecting to https://api2.cursor.sh (attempt 1)...
[2026-07-31 13:57:23] WARN: transport blip cliAttempt=1 (raw=1) elapsed=0s
Retry attempt 1...
[2026-07-31 13:57:25] WARN: transport blip cliAttempt=1 (raw=1) elapsed=2s
Connection lost, reconnecting to https://api2.cursor.sh (attempt 2)...
[2026-07-31 13:57:58] WARN: transport blip cliAttempt=2 (raw=2) elapsed=35s
Retry attempt 2...
[2026-07-31 13:58:03] WARN: transport blip cliAttempt=2 (raw=2) elapsed=40s
Connection lost, reconnecting to https://api2.cursor.sh (attempt 3)...
[2026-07-31 13:59:16] WARN: transport blip cliAttempt=3 (raw=3) elapsed=113s
Retry attempt 3...
[2026-07-31 13:59:25] WARN: transport blip cliAttempt=3 (raw=3) elapsed=122s
Connection lost, reconnecting to https://api2.cursor.sh (attempt 4)...
[2026-07-31 13:59:55] WARN: transport blip cliAttempt=4 (raw=4) elapsed=152s
Retry attempt 4...
[2026-07-31 14:00:14] WARN: transport blip cliAttempt=4 (raw=4) elapsed=171s
Connection lost, reconnecting to https://api2.cursor.sh (attempt 5)...
[2026-07-31 14:00:42] WARN: transport blip cliAttempt=5 (raw=5) elapsed=199s
Retry attempt 5...
[2026-07-31 14:01:20] WARN: transport blip cliAttempt=5 (raw=5) elapsed=237s
Connection lost, reconnecting to https://api2.cursor.sh (attempt 6)...
[2026-07-31 14:01:57] WARN: transport blip cliAttempt=6 (raw=6) elapsed=274s
Retry attempt 6...
[2026-07-31 14:03:01] WARN: transport blip cliAttempt=6 (raw=6) elapsed=338s
[2026-07-31 14:03:01] ERROR: transport unhealthy (cliAttempt=6 elapsed=338s); killing worker agent
[2026-07-31 14:03:07] Worker 4 finished (exit=75)
