[2026-08-01 02:00:06] [cot:system] session model=Auto cwd=E:\AI Projects\data-insights-blog-worktrees\worker-1
[2026-08-01 02:00:07] [cot:user] You are a blog production WORKER in a parallel multi-agent system. ## Identity - Worker ID: 1 - Job ID: job-ms9wjerx-0gpc8 - Assigned slug: global-shipbuilding-gt-delivery-concentration-2026 - Theme IΓÇª
[2026-08-01 02:00:08] [cot:thought] Beginning the blog post on global shipbuilding GT delivery concentration.
[2026-08-01 02:00:10] [cot:thought] and constraints. The worktree is isolated and Firebase deployment is forbidden. I am checking whether `npm run deploy` is a local
[2026-08-01 02:00:10] [cot:thought] smoke test rather than a live Firebase push.
[2026-08-01 02:00:11] [cot:thought] with the explicit ban on Firebase hosting. I will inspect the script source and explore the codebase to resolve this discrepancy.
[2026-08-01 02:00:11] [cot:thought] I'll build the assigned shipbuilding GT delivery post in this worktree only???starting with the production
[2026-08-01 02:00:12] [cot:thought] rules and job status, then researching sources and matching existing post patterns.
[2026-08-01 02:00:13] [cot:tool] start read E:\AI Projects\data-insights-blog-worktrees\worker-1\.cursor\rules\autonomous-blog-production.mdc
[2026-08-01 02:00:14] [cot:tool] start shell $env:BLOG_REPO_ROOT='E:\AI Projects\data-insights-blog'; npx tsx "E:\AI Projects\data-insights-blog\scripts\update-agent-job.mjs" --job job-ms9wjerx-0gpc8 --status researching --activity "Reading production rules and surveying post patterns"
[2026-08-01 02:00:16] [cot:tool] start glob
[2026-08-01 02:00:17] [cot:tool] start glob
[2026-08-01 02:00:19] [cot:tool] start grep E:\AI Projects\data-insights-blog-worktrees\worker-1\src
[2026-08-01 02:00:26] [cot:thought] Beginning the blog post on global shipbuilding GT delivery concentration.
[2026-08-01 02:00:28] [cot:thought] existing patterns. The worktree-only scope and no-deploy restriction are noted. Research and construction will proceed under these
[2026-08-01 02:00:28] [cot:thought] constraints.I'll build the assigned shipbuilding GT delivery post in this worktree only???starting with
[2026-08-01 02:00:28] [cot:thought] the production rules and job status, then research and implement.
[2026-08-01 02:00:29] [cot:tool] start read E:\AI Projects\data-insights-blog-worktrees\worker-1\.cursor\rules\autonomous-blog-production.mdc
[2026-08-01 02:00:30] [cot:tool] start shell $env:BLOG_REPO_ROOT='E:\AI Projects\data-insights-blog'; npx tsx "E:\AI Projects\data-insights-blog\scripts\update-agent-job.mjs" --job job-ms9wjerx-0gpc8 --status researching --activity "Reading production rules and existing post patterns"
[2026-08-01 02:00:33] [cot:tool] done read ?
[2026-08-01 02:00:33] [cot:tool] start glob
[2026-08-01 02:00:35] [cot:tool] start glob
[2026-08-01 02:00:36] [cot:tool] done glob
[2026-08-01 02:00:36] [cot:tool] done glob
[2026-08-01 02:00:37] [cot:tool] done shell $env:BLOG_REPO_ROOT='E:\AI Projects\data-insights-blog'; npx tsx "E:\AI Projects\data-insights-blog\scripts\update-agent-job.mjs" --job job-ms9wjerx-0gpc8 --status researching --activity "Reading production rules and existing post patterns"
[2026-08-01 02:00:37] [cot:thought] Reviewing production rules and existing posts for structural patterns.
[2026-08-01 02:00:39] [cot:tool] start glob
[2026-08-01 02:00:43] [cot:tool] start read E:\AI Projects\data-insights-blog-worktrees\worker-1\src\data\commercial-aircraft-assembly-data.ts
[2026-08-01 02:00:46] [cot:tool] done glob
[2026-08-01 02:00:47] [cot:tool] start read E:\AI Projects\data-insights-blog-worktrees\worker-1\src\components\visualizations\CommercialAircraftAssemblyDashboard.tsx
[2026-08-01 02:00:48] [cot:tool] start grep E:\AI Projects\data-insights-blog-worktrees\worker-1\src
[2026-08-01 02:00:49] [cot:tool] start grep E:\AI Projects\data-insights-blog-worktrees\worker-1\src\data\theme-registry.ts
[2026-08-01 02:00:49] [cot:tool] start glob
[2026-08-01 02:00:50] [cot:tool] done read E:\AI Projects\data-insights-blog-worktrees\worker-1\src\data\commercial-aircraft-assembly-data.ts
[2026-08-01 02:00:50] [cot:tool] done read E:\AI Projects\data-insights-blog-worktrees\worker-1\src\components\visualizations\CommercialAircraftAssemblyDashboard.tsx
[2026-08-01 02:00:51] [cot:tool] done grep E:\AI Projects\data-insights-blog-worktrees\worker-1\src
[2026-08-01 02:00:51] [cot:tool] done grep E:\AI Projects\data-insights-blog-worktrees\worker-1\src\data\theme-registry.ts
[2026-08-01 02:00:51] [cot:tool] done glob
[2026-08-01 02:00:51] [cot:thought] Reviewing existing PostVisualization patterns, posts.ts structure, and QA scripts. Checking NaturalGraphite as a reference dashboard.
[2026-08-01 02:00:51] [cot:thought] Searching for UNCTAD shipbuilding data.
[2026-08-01 02:00:52] [cot:tool] start glob
[2026-08-01 02:00:52] [cot:tool] start grep E:\AI Projects\data-insights-blog-worktrees\worker-1\src
[2026-08-01 02:00:53] [cot:tool] start read E:\AI Projects\data-insights-blog-worktrees\worker-1\scripts\qa-fiscal-plumbing-research-2026.mjs
[2026-08-01 02:00:53] [cot:tool] start read E:\AI Projects\data-insights-blog-worktrees\worker-1\src\components\visualizations\NaturalGraphiteMineConcentrationDashboard.tsx
[2026-08-01 02:00:56] [cot:thought] Reviewing post registration patterns, PostVisualization components, existing shipbuilding posts, QA scripts, and UNCTAD data sources.
[2026-08-01 02:00:57] [cot:tool] start grep E:\AI Projects\data-insights-blog-worktrees\worker-1\src
[2026-08-01 02:00:57] [cot:tool] start read E:\AI Projects\data-insights-blog-worktrees\worker-1\scripts\qa-fiscal-plumbing-research-2026.mjs
[2026-08-01 02:00:58] [cot:tool] done grep E:\AI Projects\data-insights-blog-worktrees\worker-1\src
[2026-08-01 02:00:58] [cot:tool] start grep E:\AI Projects\data-insights-blog-worktrees\worker-1\src\data\posts.ts
[2026-08-01 02:01:01] [cot:tool] done read E:\AI Projects\data-insights-blog-worktrees\worker-1\scripts\qa-fiscal-plumbing-research-2026.mjs
[2026-08-01 02:01:02] [cot:tool] start webSearch
[2026-08-01 02:01:03] [cot:tool] done grep E:\AI Projects\data-insights-blog-worktrees\worker-1\src\data\posts.ts
[2026-08-01 02:01:03] [cot:tool] done webSearch
[2026-08-01 02:01:06] [cot:tool] start grep E:\AI Projects\data-insights-blog-worktrees\worker-1\src
[2026-08-01 02:01:07] [cot:tool] start read E:\AI Projects\data-insights-blog-worktrees\worker-1\scripts\qa-fiscal-plumbing-research-2026.mjs
[2026-08-01 02:01:08] [cot:tool] start grep E:\AI Projects\data-insights-blog-worktrees\worker-1\src\data\posts.ts
[2026-08-01 02:01:09] [cot:tool] start webSearch
[2026-08-01 02:01:10] [cot:tool] done grep E:\AI Projects\data-insights-blog-worktrees\worker-1\src
[2026-08-01 02:01:11] [cot:tool] done grep E:\AI Projects\data-insights-blog-worktrees\worker-1\src\data\posts.ts
[2026-08-01 02:01:11] [cot:tool] done read E:\AI Projects\data-insights-blog-worktrees\worker-1\scripts\qa-fiscal-plumbing-research-2026.mjs
[2026-08-01 02:01:13] [cot:tool] start grep E:\AI Projects\data-insights-blog-worktrees\worker-1\src
[2026-08-01 02:01:14] [cot:tool] start read E:\AI Projects\data-insights-blog-worktrees\worker-1\scripts\qa-fiscal-plumbing-research-2026.mjs
[2026-08-01 02:01:15] [cot:tool] start grep E:\AI Projects\data-insights-blog-worktrees\worker-1\src\data\posts.ts
[2026-08-01 02:01:16] [cot:tool] start webSearch
[2026-08-01 02:01:16] [cot:tool] done grep E:\AI Projects\data-insights-blog-worktrees\worker-1\src
[2026-08-01 02:01:16] [cot:tool] done grep E:\AI Projects\data-insights-blog-worktrees\worker-1\src\data\posts.ts
[2026-08-01 02:01:16] [cot:tool] done read E:\AI Projects\data-insights-blog-worktrees\worker-1\scripts\qa-fiscal-plumbing-research-2026.mjs
[2026-08-01 02:01:17] [cot:tool] done webSearch
[2026-08-01 02:01:17] [cot:thought] UNCTAD data is available. Specific numbers will be extracted from the PDF text files. Existing post registration patterns
[2026-08-01 02:01:18] [cot:thought] will be reviewed carefully.Pulling precise UNCTAD figures and wiring patterns from an existing heavy
[2026-08-01 02:01:19] [cot:thought] -industry post.
[2026-08-01 02:01:19] [cot:tool] start grep C:\Users\ether\.cursor\projects\E-AI-Projects-data-insights-blog-worktrees-worker-1\agent-tools\f7e88637-596b-49c4-8865-9685311695b7.txt
[2026-08-01 02:01:20] [cot:tool] start grep C:\Users\ether\.cursor\projects\E-AI-Projects-data-insights-blog-worktrees-worker-1\agent-tools\9259b4e7-a77a-4cba-ad56-5b886e1ecfbb.txt
