[2026-07-31 13:27:19] Worker 3 starting job job-ms97t9mv-bvq2g (us-billion-dollar-weather-disasters-ms97t9mv) in E:\AI Projects\data-insights-blog-worktrees\worker-3 (branch post/us-billion-dollar-weather-disasters-ms97t9mv-w3)
[2026-07-31 13:27:19] Resetting worktree to 61022e9bc8eecd1b18c428f7b34d1860b123d517 then checkout post/us-billion-dollar-weather-disasters-ms97t9mv-w3
[2026-07-31 13:27:19] git: HEAD is now at 61022e9 merge(post): us-billion-dollar-weather-disasters-ms94skof from worker 3 (path-selective)
[2026-07-31 13:27:19] git: Removing scripts/bootstrap-worktrees.ps1
[2026-07-31 13:27:19] git: Removing scripts/claim-next-topics.mjs
[2026-07-31 13:27:19] git: Removing scripts/cursor-watchdog-loop.ps1
[2026-07-31 13:27:19] git: Removing scripts/debug-agent-transport.ps1
[2026-07-31 13:27:19] git: Removing scripts/lib/agent-jobs.mjs
[2026-07-31 13:27:19] git: Removing scripts/lib/production-ship-parser.mjs
[2026-07-31 13:27:19] git: Removing scripts/lib/viz-interaction-qa.mjs
[2026-07-31 13:27:19] git: Removing scripts/local-blog-server.mjs
[2026-07-31 13:27:19] git: Removing scripts/production-stream-server.mjs
[2026-07-31 13:27:19] git: Removing scripts/production-stream-ui.html
[2026-07-31 13:27:19] git: Removing scripts/prompts/
[2026-07-31 13:27:19] git: Removing scripts/resume-blog-automation.ps1
[2026-07-31 13:27:19] git: Removing scripts/run-blog-orchestrator.ps1
[2026-07-31 13:27:19] git: Removing scripts/run-blog-production-local.ps1
[2026-07-31 13:27:19] git: Removing scripts/run-blog-worker.ps1
[2026-07-31 13:27:19] git: Removing scripts/start-blog-automation-in-app.ps1
[2026-07-31 13:27:19] git: Removing scripts/stop-blog-automation.ps1
[2026-07-31 13:27:19] git: Removing scripts/theme-balance.ts
[2026-07-31 13:27:19] git: Removing scripts/update-agent-job.mjs
[2026-07-31 13:27:19] git: Removing scripts/watch-blog-production.ps1
[2026-07-31 13:27:19] git: Removing src/data/us-billion-dollar-weather-disasters-ms97khm5-data.ts
[2026-07-31 13:27:19] git: HEAD is now at 61022e9 merge(post): us-billion-dollar-weather-disasters-ms94skof from worker 3 (path-selective)
[2026-07-31 13:27:20] git: Switched to a new branch 'post/us-billion-dollar-weather-disasters-ms97t9mv-w3'
[2026-07-31 13:27:23] Invoking agent for worker 3 (-p --force --trust --workspace worktree)
Connection lost, reconnecting to https://api2.cursor.sh (attempt 1)...
[2026-07-31 13:50:43] WARN: transport blip cliAttempt=1 (raw=1) elapsed=0s
Retry attempt 1...
[2026-07-31 13:50:45] WARN: transport blip cliAttempt=1 (raw=1) elapsed=2s
Connection lost, reconnecting to https://api2.cursor.sh (attempt 2)...
[2026-07-31 13:52:07] WARN: transport blip cliAttempt=2 (raw=2) elapsed=84s
Retry attempt 2...
[2026-07-31 13:52:12] WARN: transport blip cliAttempt=2 (raw=2) elapsed=89s
Connection lost, reconnecting to https://api2.cursor.sh (attempt 3)...
[2026-07-31 13:54:22] INFO: blip streak reset after quiet gap
[2026-07-31 13:54:22] WARN: transport blip cliAttempt=1 (raw=3) elapsed=0s
Retry attempt 3...
[2026-07-31 13:54:31] WARN: transport blip cliAttempt=1 (raw=3) elapsed=9s
Connection lost, reconnecting to https://api2.cursor.sh (attempt 4)...
[2026-07-31 13:58:03] INFO: blip streak reset after quiet gap
[2026-07-31 13:58:03] WARN: transport blip cliAttempt=1 (raw=4) elapsed=0s
Retry attempt 4...
[2026-07-31 13:58:20] WARN: transport blip cliAttempt=1 (raw=4) elapsed=17s
Connection lost, reconnecting to https://api2.cursor.sh (attempt 5)...
[2026-07-31 13:59:17] WARN: transport blip cliAttempt=2 (raw=5) elapsed=74s
Retry attempt 5...
[2026-07-31 13:59:51] WARN: transport blip cliAttempt=2 (raw=5) elapsed=108s
[2026-07-31 13:59:51] ERROR: transport unhealthy (cliAttempt=2 elapsed=108s); killing worker agent
[2026-07-31 13:59:57] Worker 3 finished (exit=75)
