[2026-08-01 02:41:02] Worker 3 starting job job-msa05v58-aar67 (bank-commercial-credit-research-2026) in E:\AI Projects\data-insights-blog-worktrees\worker-3 (branch post/bank-commercial-credit-research-2026-w3)
[2026-08-01 02:41:02] Creating post/bank-commercial-credit-research-2026-w3 from master 8f51276ed1f6605bc93668c3ffbe6a4a45e34024
[2026-08-01 02:41:02] Resetting worktree then checkout post/bank-commercial-credit-research-2026-w3 at 8f51276ed1f6605bc93668c3ffbe6a4a45e34024
[2026-08-01 02:41:02] git: HEAD is now at 5b8a96f merge(post): us-tax-expenditure-catalog-2026 from worker 5 (path-selective)
[2026-08-01 02:41:02] git: Removing scripts/bootstrap-worktrees.ps1
[2026-08-01 02:41:02] git: Removing scripts/claim-next-topics.mjs
[2026-08-01 02:41:02] git: Removing scripts/claim-recovery-job.mjs
[2026-08-01 02:41:02] git: Removing scripts/clear-resolved-failures.mjs
[2026-08-01 02:41:02] git: Removing scripts/cursor-watchdog-loop.ps1
[2026-08-01 02:41:02] git: Removing scripts/debug-agent-transport.ps1
[2026-08-01 02:41:02] git: Removing scripts/firebase-deploy-hosting.mjs
[2026-08-01 02:41:03] git: Removing scripts/lib/agent-jobs.mjs
[2026-08-01 02:41:03] git: Removing scripts/lib/agent-stream-cot.mjs
[2026-08-01 02:41:03] git: Removing scripts/lib/markdown-formatting-qa.mjs
[2026-08-01 02:41:03] git: Removing scripts/lib/production-ship-parser.mjs
[2026-08-01 02:41:03] git: Removing scripts/lib/viz-interaction-qa.mjs
[2026-08-01 02:41:03] git: Removing scripts/lib/worker-exit-remap.mjs
[2026-08-01 02:41:03] git: Removing scripts/local-blog-server.mjs
[2026-08-01 02:41:03] git: Removing scripts/production-stream-server.mjs
[2026-08-01 02:41:03] git: Removing scripts/production-stream-ui.html
[2026-08-01 02:41:03] git: Removing scripts/prompts/
[2026-08-01 02:41:03] git: Removing scripts/prune-post-branches.mjs
[2026-08-01 02:41:03] git: Removing scripts/qa-cot-stream.mjs
[2026-08-01 02:41:03] git: Removing scripts/qa-fiscal-plumbing-research-2026.mjs
[2026-08-01 02:41:03] git: Removing scripts/qa-manual-review-flag.mjs
[2026-08-01 02:41:03] git: Removing scripts/qa-worker-isolation-requeue.mjs
[2026-08-01 02:41:03] git: Removing scripts/qa-worker-transport-exit.mjs
[2026-08-01 02:41:03] git: Removing scripts/resolve-flagged-jobs.mjs
[2026-08-01 02:41:03] git: Removing scripts/resume-blog-automation.ps1
[2026-08-01 02:41:03] git: Removing scripts/run-blog-orchestrator.ps1
[2026-08-01 02:41:03] git: Removing scripts/run-blog-production-local.ps1
[2026-08-01 02:41:03] git: Removing scripts/run-blog-worker.ps1
[2026-08-01 02:41:03] git: Removing scripts/start-blog-automation-in-app.ps1
[2026-08-01 02:41:03] git: Removing scripts/stop-blog-automation.ps1
[2026-08-01 02:41:03] git: Removing scripts/theme-balance.ts
[2026-08-01 02:41:03] git: Removing scripts/update-agent-job.mjs
[2026-08-01 02:41:03] git: Removing scripts/watch-blog-production.ps1
[2026-08-01 02:41:03] git: Removing public/images/global-systems-fiscal-plumbing-research-2026-hero.png
[2026-08-01 02:41:03] git: Removing public/images/industry-commercial-aircraft-final-assembly-geography-2026-hero.png
[2026-08-01 02:41:03] git: Removing src/components/visualizations/BankLoanChargeoffsDashboard.tsx
[2026-08-01 02:41:03] git: Removing src/components/visualizations/CommercialAircraftAssemblyDashboard.tsx
[2026-08-01 02:41:03] git: Removing src/components/visualizations/FiscalPlumbingResearchDashboard.tsx
[2026-08-01 02:41:03] git: Removing src/components/visualizations/IrenaRenewableCapacityDashboard.tsx
[2026-08-01 02:41:03] git: Removing src/components/visualizations/MoneyMarketFundsDepositsDashboard.tsx
[2026-08-01 02:41:03] git: Removing src/components/visualizations/NaturalGraphiteMineConcentrationDashboard.tsx
[2026-08-01 02:41:03] git: Removing src/components/visualizations/OecdDacOdaDashboard.tsx
[2026-08-01 02:41:03] git: Removing src/data/bank-loan-chargeoffs-data.ts
[2026-08-01 02:41:03] git: Removing src/data/commercial-aircraft-assembly-data.ts
[2026-08-01 02:41:03] git: Removing src/data/fiscal-plumbing-research-2026-data.ts
[2026-08-01 02:41:03] git: Removing src/data/irena-renewable-capacity-data.ts
[2026-08-01 02:41:03] git: Removing src/data/money-market-funds-deposits-data.ts
[2026-08-01 02:41:03] git: Removing src/data/natural-graphite-mine-concentration-data.ts
[2026-08-01 02:41:03] git: Removing src/data/oecd-dac-oda-data.ts
[2026-08-01 02:41:03] git: Removing src/data/social-security-trust-fund-data.ts
[2026-08-01 02:41:03] git: Previous HEAD position was 5b8a96f merge(post): us-tax-expenditure-catalog-2026 from worker 5 (path-selective)
[2026-08-01 02:41:03] git: HEAD is now at 8f51276 merge(post): measurement-science-research-2026 from worker 1 (path-selective)
[2026-08-01 02:41:03] git: Switched to a new branch 'post/bank-commercial-credit-research-2026-w3'
[2026-08-01 02:41:04] Worker 3 ports: SMOKE_PORT=4184 SMOKE_QA_PORT=4185 (isolated Node static servers)
[2026-08-01 02:41:04] Cursor CLI network.useHttp1ForAgent=true (ok)
[2026-08-01 02:41:04] Invoking agent for worker 3 (-p --force --trust --workspace worktree)
[2026-08-01 02:41:04] Agent stream-json -> E:\AI Projects\data-insights-blog\artifacts\automation-logs\worker-3-2026-08-01_02-41-02.log (cot E:\AI Projects\data-insights-blog\artifacts\automation-logs\worker-3-2026-08-01_02-41-02.cot.log, raw E:\AI Projects\data-insights-blog\artifacts\automation-logs\worker-3-2026-08-01_02-41-02.ndjson)
Error: [unavailable] getaddrinfo ENOTFOUND api2.cursor.sh
[2026-08-01 02:41:06] git: HEAD is now at 8f51276 merge(post): measurement-science-research-2026 from worker 1 (path-selective)
[2026-08-01 02:41:06] Deleting post branch post/bank-commercial-credit-research-2026-w3 (status=failed ahead=0)
[2026-08-01 02:41:06] git: Deleted branch post/bank-commercial-credit-research-2026-w3 (was 8f51276).
[2026-08-01 02:41:06] Worker 3 finished (exit=0)
