[2026-08-20 19:24:59] [cot:system] session model=Auto cwd=C:\Users\ether\AppData\Local\data-insights-blog-workers\worker-4
[2026-08-20 19:24:59] [cot:user] You are a blog production WORKER in a parallel multi-agent system. ## Identity - Worker ID: 4 - Job ID: job-mt24hh95-nnf9z - Assigned slug: consumer-finance-markets-update-2026 - Theme ID: consumer-fiΓÇª
[2026-08-20 19:25:00] [cot:thought] Beginning blog production as worker 4 for the consumer-finance-markets-update-2026 post.
[2026-08-20 19:25:00] [cot:thought] Reviewing the production
[2026-08-20 19:25:00] [cot:thought] rules and workspace state. Starting phase 1: data module.Starting worker 4 on `consumer-finance-markets-update-2026`.
[2026-08-20 19:25:00] [cot:thought] Checking conveyor sync and production rules, then beginning the data module phase.
[2026-08-20 19:25:00] [cot:tool] start read C:\Users\ether\AppData\Local\data-insights-blog-workers\worker-4\.cursor\rules\autonomous-blog-production.mdc
[2026-08-20 19:25:00] [cot:tool] start read C:\Users\ether\AppData\Local\data-insights-blog-workers\worker-4\artifacts\conveyor-sync.json
[2026-08-20 19:25:00] [cot:tool] start glob
[2026-08-20 19:25:00] [cot:tool] start shell $env:BLOG_REPO_ROOT='E:\AI Projects\data-insights-blog'; npx tsx "E:\AI Projects\data-insights-blog\scripts\update-agent-job.mjs" --job job-mt24hh95-nnf9z --status researching --activity "Phase 1: checking conveyor + prior theme posts"
[2026-08-20 19:25:00] [cot:tool] done read ?
[2026-08-20 19:25:00] [cot:tool] done read ?
[2026-08-20 19:25:00] [cot:tool] done glob
[2026-08-20 19:25:00] [cot:tool] done shell $env:BLOG_REPO_ROOT='E:\AI Projects\data-insights-blog'; npx tsx "E:\AI Projects\data-insights-blog\scripts\update-agent-job.mjs" --job job-mt24hh95-nnf9z --status researching --activity "Phase 1: checking conveyor + prior theme posts"
[2026-08-20 19:25:00] [cot:thought] Reviewing existing consumer finance posts and similar update structures to follow established patterns.
[2026-08-20 19:25:00] [cot:thought] Locating the autonomous blog production rules.
[2026-08-20 19:25:00] [cot:tool] start glob
[2026-08-20 19:25:01] [cot:tool] done glob
[2026-08-20 19:25:01] [cot:tool] start glob
[2026-08-20 19:25:01] [cot:tool] done glob
[2026-08-20 19:25:01] [cot:tool] start grep C:\Users\ether\AppData\Local\data-insights-blog-workers\worker-4\src
[2026-08-20 19:25:01] [cot:tool] start shell Get-ChildItem artifacts -ErrorAction SilentlyContinue; Get-ChildItem .cursor\rules -ErrorAction SilentlyContinue | Select-Object Name; git status -sb; git branch --show-current; git log -5 --oneline
[2026-08-20 19:25:01] [cot:tool] done grep C:\Users\ether\AppData\Local\data-insights-blog-workers\worker-4\src
[2026-08-20 19:25:01] [cot:tool] done shell Get-ChildItem artifacts -ErrorAction SilentlyContinue; Get-ChildItem .cursor\rules -ErrorAction SilentlyContinue | Select-Object Name; git status -sb; git branch --show-current; git log -5 --oneline
[2026-08-20 19:25:01] [cot:thought] Reviewing existing research posts, a recent update template, and the research dashboard to gather context for the new post.
[2026-08-20 19:25:01] [cot:thought] Checking FRED data
[2026-08-20 19:25:01] [cot:thought] for consumer finance metrics including saving rates, household debt, money market funds, and credit card delinquencies.
[2026-08-20 19:25:01] [cot:thought] Reviewing the prior theme post and a recent update-post pattern to match structure.
[2026-08-20 19:25:01] [cot:tool] start read C:\Users\ether\AppData\Local\data-insights-blog-workers\worker-4\src\data\consumer-finance-markets-research-2026-data.ts
[2026-08-20 19:25:01] [cot:tool] done read C:\Users\ether\AppData\Local\data-insights-blog-workers\worker-4\src\data\consumer-finance-markets-research-2026-data.ts
[2026-08-20 19:25:01] [cot:tool] start read C:\Users\ether\AppData\Local\data-insights-blog-workers\worker-4\src\data\macro-growth-trade-update-2026-data.ts
[2026-08-20 19:25:01] [cot:tool] done read C:\Users\ether\AppData\Local\data-insights-blog-workers\worker-4\src\data\macro-growth-trade-update-2026-data.ts
[2026-08-20 19:25:01] [cot:tool] start read C:\Users\ether\AppData\Local\data-insights-blog-workers\worker-4\src\data\posts.ts
[2026-08-20 19:25:01] [cot:tool] start grep C:\Users\ether\AppData\Local\data-insights-blog-workers\worker-4\src\data\posts.ts
[2026-08-20 19:25:01] [cot:tool] done read C:\Users\ether\AppData\Local\data-insights-blog-workers\worker-4\src\data\posts.ts
[2026-08-20 19:25:01] [cot:tool] done grep C:\Users\ether\AppData\Local\data-insights-blog-workers\worker-4\src\data\posts.ts
[2026-08-20 19:25:01] [cot:thought] Drafting a vintage update post comparing newer official data against the research post.
[2026-08-20 19:25:01] [cot:thought] Reviewing the research
[2026-08-20 19:25:01] [cot:thought] post's Q4 2025 figures to identify gaps for the update. Searching for fresher FRED and NY Fed data to replace outdated metrics. Examining a recent update dashboard for structural patterns.
[2026-08-20 19:25:02] [cot:tool] start read C:\Users\ether\AppData\Local\data-insights-blog-workers\worker-4\src\data\consumer-finance-markets-research-2026-data.ts
[2026-08-20 19:25:02] [cot:tool] start read C:\Users\ether\AppData\Local\data-insights-blog-workers\worker-4\src\components\visualizations\MacroGrowthTradeUpdateDashboard.tsx
[2026-08-20 19:25:02] [cot:tool] done read C:\Users\ether\AppData\Local\data-insights-blog-workers\worker-4\src\data\consumer-finance-markets-research-2026-data.ts
[2026-08-20 19:25:02] [cot:tool] done read C:\Users\ether\AppData\Local\data-insights-blog-workers\worker-4\src\components\visualizations\MacroGrowthTradeUpdateDashboard.tsx
[2026-08-20 19:25:02] [cot:tool] start webSearch
[2026-08-20 19:25:02] [cot:tool] done webSearch
[2026-08-20 19:25:02] [cot:thought] Q1 2026 New York Fed data is available. The new Q1 2026 total
[2026-08-20 19:25:02] [cot:thought] credit estimate is roughly $18.8 trillion, up from the prior Q4 2025/early 2026 estimate of $18.42 trillion.
[2026-08-20 19:25:02] [cot:thought] I will pull additional PDF details and BEA metrics on saving rates, money market funds, and APR to build the vintage delta narrative.
[2026-08-20 19:25:02] [cot:tool] start read C:\Users\ether\.cursor\projects\C-Users-ether-AppData-Local-data-insights-blog-workers-worker-4\agent-tools\aa5df2a3-b39e-4941-8204-ce9e1a046dbc.txt
[2026-08-20 19:25:02] [cot:tool] start read C:\Users\ether\AppData\Local\data-insights-blog-workers\worker-4\src\components\visualizations\ConsumerFinanceMarketsResearchDashboard.tsx
[2026-08-20 19:25:02] [cot:tool] start webSearch
[2026-08-20 19:25:02] [cot:tool] done read C:\Users\ether\.cursor\projects\C-Users-ether-AppData-Local-data-insights-blog-workers-worker-4\agent-tools\aa5df2a3-b39e-4941-8204-ce9e1a046dbc.txt
[2026-08-20 19:25:02] [cot:tool] done read C:\Users\ether\AppData\Local\data-insights-blog-workers\worker-4\src\components\visualizations\ConsumerFinanceMarketsResearchDashboard.tsx
[2026-08-20 19:25:02] [cot:tool] done webSearch
[2026-08-20 19:25:02] [cot:thought] Solid vintage delta data is available for the consumer finance markets update. The new vintage data
[2026-08-20 19:25:02] [cot:thought] shows total debt rising roughly $18 billion quarter-over-quarter to $18.8 trillion.
[2026-08-20 19:25:02] [cot:thought] Card debt increased to $1.25 trillion. Aggregate delinquency fell to 4.8%. Mortgage delinquency rose to 1.5%.
[2026-08-20 19:25:02] [cot:thought] Student 90+ delinquency
[2026-08-20 19:25:02] [cot:thought] climbed to 10.3%. The saving rate collapsed to 2.8% in Q2 2026, down 1.1 percentage points from the prior 3.9%. Money market fund assets grew slightly to $7.93 trillion.
[2026-08-20 19:25:02] [cot:thought] The headline angle centers on the saving rate crash, the higher debt figure, and the rising student delinquency.
[2026-08-20 19:25:02] [cot:thought] The next step is building
[2026-08-20 19:25:02] [cot:thought] a rich vintage-comparison data module. Registration logic in post.ts and PostVisualization needs review. The fiscal-industrial-policy-update pattern offers a simpler template. Phase 1 writing and commit are next.
[2026-08-20 19:25:02] [cot:thought] Strong vintage delta: Q2 saving rate fell to 2.8% (???1.1 pp) and Q1 debt printed at $18.
[2026-08-20 19:25:02] [cot:thought] 8T. Writing the data module next.
[2026-08-20 19:25:02] [cot:tool] start shell $env:BLOG_REPO_ROOT='E:\AI Projects\data-insights-blog'; npx tsx "E:\AI Projects\data-insights-blog\scripts\update-agent-job.mjs" --job job-mt24hh95-nnf9z --status building --activity "Phase 1: writing vintage data module (Q1 debt + Q2 saving)"
[2026-08-20 19:25:02] [cot:tool] start grep C:\Users\ether\AppData\Local\data-insights-blog-workers\worker-4\src\types\post.ts
[2026-08-20 19:25:03] [cot:tool] done grep C:\Users\ether\AppData\Local\data-insights-blog-workers\worker-4\src\types\post.ts
[2026-08-20 19:25:03] [cot:tool] start grep C:\Users\ether\AppData\Local\data-insights-blog-workers\worker-4\src\components\PostVisualization.tsx
[2026-08-20 19:25:03] [cot:tool] start read C:\Users\ether\AppData\Local\data-insights-blog-workers\worker-4\artifacts\backend-manifest.json
[2026-08-20 19:25:03] [cot:tool] done read C:\Users\ether\AppData\Local\data-insights-blog-workers\worker-4\artifacts\backend-manifest.json
[2026-08-20 19:25:03] [cot:tool] done grep C:\Users\ether\AppData\Local\data-insights-blog-workers\worker-4\src\components\PostVisualization.tsx
[2026-08-20 19:25:03] [cot:tool] done shell $env:BLOG_REPO_ROOT='E:\AI Projects\data-insights-blog'; npx tsx "E:\AI Projects\data-insights-blog\scripts\update-agent-job.mjs" --job job-mt24hh95-nnf9z --status building --activity "Phase 1: writing vintage data module (Q1 debt + Q2 saving)"
[2026-08-20 19:25:03] [cot:thought] Drafting a comprehensive data module for the consumer finance update post. Structuring vintage
[2026-08-20 19:25:03] [cot:thought] comparison data for the post.
[2026-08-20 19:25:03] [cot:tool] start edit C:\Users\ether\AppData\Local\data-insights-blog-workers\worker-4\src\data\consumer-finance-markets-update-2026-data.ts
[2026-08-20 19:25:03] [cot:tool] done edit C:\Users\ether\AppData\Local\data-insights-blog-workers\worker-4\src\data\consumer-finance-markets-update-2026-data.ts
[2026-08-20 19:25:03] [cot:thought] Fixing a bug in `fmtDeltaTn`. Then committing phase 1 and moving to the dashboard.
[2026-08-20 19:25:03] [cot:tool] start edit C:\Users\ether\AppData\Local\data-insights-blog-workers\worker-4\src\data\consumer-finance-markets-update-2026-data.ts
[2026-08-20 19:25:03] [cot:tool] start shell git add src/data/consumer-finance-markets-update-2026-data.ts; git commit --trailer "Co-authored-by: Cursor <cursoragent@cursor.com>" -m "wip(consumer-finance-markets-update-2026): data module"; $env:BLOG_REPO_ROOT='E:\AI Projects\data-insights-blog'; npx tsx "E:\AI Projects\data-insights-blog\scripts\update-agent-job.mjs" --job job-mt24hh95-nnf9z --status building --activity "Phase 2: dashboard + viz registration"
[2026-08-20 19:25:03] [cot:tool] done edit C:\Users\ether\AppData\Local\data-insights-blog-workers\worker-4\src\data\consumer-finance-markets-update-2026-data.ts
[2026-08-20 19:25:03] [cot:tool] done shell git add src/data/consumer-finance-markets-update-2026-data.ts; git commit --trailer "Co-authored-by: Cursor <cursoragent@cursor.com>" -m "wip(consumer-finance-markets-update-2026): data module"; $env:BLOG_REPO_ROOT='E:\AI Projects\data-insights-blog'; npx tsx "E:\AI Projects\data-insights-blog\scripts\update-agent-job.mjs" --job job-mt24hh95-nnf9z --status building --activity "Phase 2: dashboard + viz registration"
[2026-08-20 19:25:03] [cot:thought] Phase 1 is committed. Now creating and registering the dashboard. Checking PostVisualization
[2026-08-20 19:25:03] [cot:thought] registration patterns and type file conventions.Building the dashboard and wiring visualization registration.
[2026-08-20 19:25:03] [cot:tool] start read C:\Users\ether\AppData\Local\data-insights-blog-workers\worker-4\src\types\post.ts
[2026-08-20 19:25:03] [cot:tool] done read C:\Users\ether\AppData\Local\data-insights-blog-workers\worker-4\src\types\post.ts
[2026-08-20 19:25:03] [cot:tool] start read C:\Users\ether\AppData\Local\data-insights-blog-workers\worker-4\src\components\PostVisualization.tsx
[2026-08-20 19:25:03] [cot:tool] done read C:\Users\ether\AppData\Local\data-insights-blog-workers\worker-4\src\components\PostVisualization.tsx
[2026-08-20 19:25:03] [cot:tool] start read C:\Users\ether\AppData\Local\data-insights-blog-workers\worker-4\src\data\theme-registry.ts
[2026-08-20 19:25:04] [cot:tool] done read C:\Users\ether\AppData\Local\data-insights-blog-workers\worker-4\src\data\theme-registry.ts
[2026-08-20 19:25:04] [cot:thought] Locating the dynamic import section for the ConsumerFinanceMarketsResearchDashboard to add the update dashboard nearby.
[2026-08-20 19:25:04] [cot:thought] Checking the theme
[2026-08-20 19:25:04] [cot:thought] registry for update slug patterns.
[2026-08-20 19:25:04] [cot:tool] start grep C:\Users\ether\AppData\Local\data-insights-blog-workers\worker-4\src\components\PostVisualization.tsx
[2026-08-20 19:25:04] [cot:tool] start grep C:\Users\ether\AppData\Local\data-insights-blog-workers\worker-4\src\data\theme-registry.ts
[2026-08-20 19:25:04] [cot:tool] done grep C:\Users\ether\AppData\Local\data-insights-blog-workers\worker-4\src\components\PostVisualization.tsx
[2026-08-20 19:25:04] [cot:tool] done grep C:\Users\ether\AppData\Local\data-insights-blog-workers\worker-4\src\data\theme-registry.ts
[2026-08-20 19:25:04] [cot:thought] Starting to build a rich dashboard for the post. Planning six dashboard
[2026-08-20 19:25:04] [cot:thought] panels with bar, line, area, and scatter charts. Controls include panel selection, stress filters, and range focus. Now writing the full dashboard file.
[2026-08-20 19:25:04] [cot:tool] start edit C:\Users\ether\AppData\Local\data-insights-blog-workers\worker-4\src\components\visualizations\ConsumerFinanceMarketsUpdateDashboard.tsx
[2026-08-20 19:25:04] [cot:tool] done edit C:\Users\ether\AppData\Local\data-insights-blog-workers\worker-4\src\components\visualizations\ConsumerFinanceMarketsUpdateDashboard.tsx
[2026-08-20 19:25:04] [cot:thought] Registering the visualization component in post.ts. Updating theme-registry.ts
[2026-08-20 19:25:04] [cot:thought] as well.
[2026-08-20 19:25:04] [cot:tool] start edit C:\Users\ether\AppData\Local\data-insights-blog-workers\worker-4\src\types\post.ts
[2026-08-20 19:25:04] [cot:tool] done edit C:\Users\ether\AppData\Local\data-insights-blog-workers\worker-4\src\types\post.ts
[2026-08-20 19:25:04] [cot:tool] start edit C:\Users\ether\AppData\Local\data-insights-blog-workers\worker-4\src\components\PostVisualization.tsx
[2026-08-20 19:25:04] [cot:tool] start edit C:\Users\ether\AppData\Local\data-insights-blog-workers\worker-4\src\data\theme-registry.ts
[2026-08-20 19:25:04] [cot:tool] start read C:\Users\ether\AppData\Local\data-insights-blog-workers\worker-4\src\components\PostVisualization.tsx
[2026-08-20 19:25:05] [cot:tool] done read C:\Users\ether\AppData\Local\data-insights-blog-workers\worker-4\src\components\PostVisualization.tsx
[2026-08-20 19:25:05] [cot:tool] done edit C:\Users\ether\AppData\Local\data-insights-blog-workers\worker-4\src\components\PostVisualization.tsx
[2026-08-20 19:25:05] [cot:tool] start edit C:\Users\ether\AppData\Local\data-insights-blog-workers\worker-4\src\components\PostVisualization.tsx
[2026-08-20 19:25:05] [cot:tool] done edit C:\Users\ether\AppData\Local\data-insights-blog-workers\worker-4\src\data\theme-registry.ts
[2026-08-20 19:25:05] [cot:tool] done edit C:\Users\ether\AppData\Local\data-insights-blog-workers\worker-4\src\components\PostVisualization.tsx
[2026-08-20 19:25:05] [cot:thought] Checking existing dynamic import patterns to determine whether to use `{ ssr: false }` alone or with a loading state.
[2026-08-20 19:25:05] [cot:thought] Verified the MeasurementScienceUpdateDashboard
[2026-08-20 19:25:05] [cot:thought] remains intact after recent edits. Proceeding to commit phase 2, then moving on to posts and hero content.
[2026-08-20 19:25:05] [cot:tool] start shell git add -A; git commit --trailer "Co-authored-by: Cursor <cursoragent@cursor.com>" -m "wip(consumer-finance-markets-update-2026): dashboard + viz wireup"; $env:BLOG_REPO_ROOT='E:\AI Projects\data-insights-blog'; npx tsx "E:\AI Projects\data-insights-blog\scripts\update-agent-job.mjs" --job job-mt24hh95-nnf9z --status building --activity "Phase 3: post prose + hero image"
[2026-08-20 19:25:05] [cot:tool] start generateImage
[2026-08-20 19:25:05] [cot:tool] done shell git add -A; git commit --trailer "Co-authored-by: Cursor <cursoragent@cursor.com>" -m "wip(consumer-finance-markets-update-2026): dashboard + viz wireup"; $env:BLOG_REPO_ROOT='E:\AI Projects\data-insights-blog'; npx tsx "E:\AI Projects\data-insights-blog\scripts\update-agent-job.mjs" --job job-mt24hh95-nnf9z --status building --activity "Phase 3: post prose + hero image"
[2026-08-20 19:25:05] [cot:tool] done generateImage
[2026-08-20 19:25:05] [cot:thought] Copying the hero image to public/images/ and writing the posts.ts entry.
[2026-08-20 19:25:05] [cot:tool] start shell Copy-Item "C:\Users\ether\.cursor\projects\C-Users-ether-AppData-Local-data-insights-blog-workers-worker-4\assets\consumer-finance-consumer-finance-markets-update-2026-hero.png" -Destination "C:\Users\ether\AppData\Local\data-insights-blog-workers\worker-4\public\images\consumer-finance-consumer-finance-markets-update-2026-hero.png" -Force; Test-Path "public\images\consumer-finance-consumer-finance-markets-update-2026-hero.png"
[2026-08-20 19:25:05] [cot:tool] start read C:\Users\ether\AppData\Local\data-insights-blog-workers\worker-4\src\data\posts.ts
[2026-08-20 19:25:05] [cot:tool] done read C:\Users\ether\AppData\Local\data-insights-blog-workers\worker-4\src\data\posts.ts
[2026-08-20 19:25:05] [cot:tool] done shell Copy-Item "C:\Users\ether\.cursor\projects\C-Users-ether-AppData-Local-data-insights-blog-workers-worker-4\assets\consumer-finance-consumer-finance-markets-update-2026-hero.png" -Destination "C:\Users\ether\AppData\Local\data-insights-blog-workers\worker-4\public\images\consumer-finance-consumer-finance-markets-update-2026-hero.png" -Force; Test-Path "public\images\consumer-finance-consumer-finance-markets-update-2026-hero.png"
[2026-08-20 19:25:05] [cot:thought] The new post will be inserted at the top of the samplePosts array, following the newest-first update pattern.
[2026-08-20 19:25:05] [cot:thought] The post must meet
[2026-08-20 19:25:05] [cot:thought] several quality thresholds: at least 1200 words, six H2 headings, caveats, a table, and two internal links.
[2026-08-20 19:25:05] [cot:thought] Writing the post entry (???1200 words, ???6 H2s) and updating the backend manifest.
[2026-08-20 19:25:05] [cot:tool] start edit C:\Users\ether\AppData\Local\data-insights-blog-workers\worker-4\src\data\posts.ts
[2026-08-20 19:25:05] [cot:tool] done edit
[2026-08-20 19:25:05] [cot:thought] The file may have changed. The demographic post might still appear first, but the measurement-science title differs.
[2026-08-20 19:25:05] [cot:thought] Using a smaller unique
[2026-08-20 19:25:05] [cot:thought] insert at the beginning of the array.Inserting the post with a smaller, unique anchor ???
[2026-08-20 19:25:05] [cot:thought] the file may have shifted.
[2026-08-20 19:25:05] [cot:tool] start read C:\Users\ether\AppData\Local\data-insights-blog-workers\worker-4\src\data\posts.ts
[2026-08-20 19:25:06] [cot:tool] start shell python -c "
[2026-08-20 19:25:06] [cot:tool] done read C:\Users\ether\AppData\Local\data-insights-blog-workers\worker-4\src\data\posts.ts
[2026-08-20 19:25:06] [cot:tool] done shell python -c "
[2026-08-20 19:25:06] [cot:thought] PowerShell is mangling the Python script. I'll write the post
[2026-08-20 19:25:06] [cot:thought] content to a separate file first, then use a Python script from that file to insert it.
[2026-08-20 19:25:06] [cot:tool] start edit C:\Users\ether\AppData\Local\data-insights-blog-workers\worker-4\artifacts\_cf-update-post-insert.mjs
[2026-08-20 19:25:06] [cot:tool] start edit C:\Users\ether\AppData\Local\data-insights-blog-workers\worker-4\artifacts\_cf-update-content.md
[2026-08-20 19:25:06] [cot:tool] done edit C:\Users\ether\AppData\Local\data-insights-blog-workers\worker-4\artifacts\_cf-update-post-insert.mjs
[2026-08-20 19:25:06] [cot:tool] done edit C:\Users\ether\AppData\Local\data-insights-blog-workers\worker-4\artifacts\_cf-update-content.md
[2026-08-20 19:25:06] [cot:thought] Running the insert script and updating the backend manifest.
[2026-08-20 19:25:06] [cot:tool] start shell node artifacts/_cf-update-post-insert.mjs; Select-String -Path src/data/posts.ts -Pattern 'consumer-finance-markets-update-2026' | Select-Object -First 3
[2026-08-20 19:25:06] [cot:tool] start edit C:\Users\ether\AppData\Local\data-insights-blog-workers\worker-4\artifacts\backend-manifest.json
[2026-08-20 19:25:07] [cot:tool] done edit C:\Users\ether\AppData\Local\data-insights-blog-workers\worker-4\artifacts\backend-manifest.json
[2026-08-20 19:25:07] [cot:tool] done shell node artifacts/_cf-update-post-insert.mjs; Select-String -Path src/data/posts.ts -Pattern 'consumer-finance-markets-update-2026' | Select-Object -First 3
[2026-08-20 19:25:07] [cot:thought] Checking whether the file uses CRLF or unusual formatting.
[2026-08-20 19:25:07] [cot:tool] start shell node -e "const fs=require('fs'); const t=fs.readFileSync('src/data/posts.ts','utf8'); const i=t.indexOf('samplePosts'); console.log(JSON.stringify(t.slice(i, i+80))); console.log('crlf', t.includes('\r\n'));"
[2026-08-20 19:25:07] [cot:tool] done shell node -e "const fs=require('fs'); const t=fs.readFileSync('src/data/posts.ts','utf8'); const i=t.indexOf('samplePosts'); console.log(JSON.stringify(t.slice(i, i+80))); console.log('crlf', t.includes('\r\n'));"
[2026-08-20 19:25:07] [cot:thought] Fixing a CRLF issue in the insert script.
[2026-08-20 19:25:07] [cot:tool] start edit C:\Users\ether\AppData\Local\data-insights-blog-workers\worker-4\artifacts\_cf-update-post-insert.mjs
[2026-08-20 19:25:07] [cot:tool] start shell node artifacts/_cf-update-post-insert.mjs; Select-String -Path src/data/posts.ts -Pattern 'consumer-finance-markets-update-2026' | Select-Object -First 5
[2026-08-20 19:25:07] [cot:tool] done edit C:\Users\ether\AppData\Local\data-insights-blog-workers\worker-4\artifacts\_cf-update-post-insert.mjs
[2026-08-20 19:25:07] [cot:tool] done shell node artifacts/_cf-update-post-insert.mjs; Select-String -Path src/data/posts.ts -Pattern 'consumer-finance-markets-update-2026' | Select-Object -First 5
[2026-08-20 19:25:07] [cot:thought] Cleaning up temporary files. Committing phase 3. Creating a QA script. Then deploying.
[2026-08-20 19:25:07] [cot:tool] start delete C:\Users\ether\AppData\Local\data-insights-blog-workers\worker-4\artifacts\_cf-update-post-insert.mjs
[2026-08-20 19:25:07] [cot:tool] done delete C:\Users\ether\AppData\Local\data-insights-blog-workers\worker-4\artifacts\_cf-update-post-insert.mjs
[2026-08-20 19:25:07] [cot:tool] start delete C:\Users\ether\AppData\Local\data-insights-blog-workers\worker-4\artifacts\_cf-update-content.md
[2026-08-20 19:25:07] [cot:tool] done delete C:\Users\ether\AppData\Local\data-insights-blog-workers\worker-4\artifacts\_cf-update-content.md
[2026-08-20 19:25:07] [cot:tool] start glob
[2026-08-20 19:25:07] [cot:tool] start grep C:\Users\ether\AppData\Local\data-insights-blog-workers\worker-4\scripts
[2026-08-20 19:25:08] [cot:tool] done glob
[2026-08-20 19:25:08] [cot:tool] done grep C:\Users\ether\AppData\Local\data-insights-blog-workers\worker-4\scripts
[2026-08-20 19:25:08] [cot:thought] Reviewing the QA script and smoke marker registration process.
[2026-08-20 19:25:08] [cot:tool] start read C:\Users\ether\AppData\Local\data-insights-blog-workers\worker-4\scripts\qa-demographic-cash-flows-update-2026.mjs
[2026-08-20 19:25:08] [cot:tool] start grep C:\Users\ether\AppData\Local\data-insights-blog-workers\worker-4\scripts\smoke-test-viz-posts.mjs
[2026-08-20 19:25:08] [cot:tool] done read C:\Users\ether\AppData\Local\data-insights-blog-workers\worker-4\scripts\qa-demographic-cash-flows-update-2026.mjs
[2026-08-20 19:25:08] [cot:tool] done grep C:\Users\ether\AppData\Local\data-insights-blog-workers\worker-4\scripts\smoke-test-viz-posts.mjs
[2026-08-20 19:25:08] [cot:thought] Reviewing the QA script and smoke test entry format. Checking whether posts
[2026-08-20 19:25:08] [cot:thought] output as .html or /index.html.
[2026-08-20 19:25:08] [cot:tool] start read C:\Users\ether\AppData\Local\data-insights-blog-workers\worker-4\scripts\smoke-test-viz-posts.mjs
[2026-08-20 19:25:08] [cot:tool] done read C:\Users\ether\AppData\Local\data-insights-blog-workers\worker-4\scripts\smoke-test-viz-posts.mjs
[2026-08-20 19:25:08] [cot:tool] start read C:\Users\ether\AppData\Local\data-insights-blog-workers\worker-4\scripts\qa-demographic-cash-flows-update-2026.mjs
[2026-08-20 19:25:08] [cot:tool] done read C:\Users\ether\AppData\Local\data-insights-blog-workers\worker-4\scripts\qa-demographic-cash-flows-update-2026.mjs
[2026-08-20 19:25:08] [cot:tool] start grep C:\Users\ether\AppData\Local\data-insights-blog-workers\worker-4\src\components\visualizations
[2026-08-20 19:25:08] [cot:tool] done grep C:\Users\ether\AppData\Local\data-insights-blog-workers\worker-4\src\components\visualizations
[2026-08-20 19:25:08] [cot:thought] Adding a data-viz attribute to the dashboard. Creating a QA script.
[2026-08-20 19:25:08] [cot:thought] Adding a smoke marker to the viz smoke test. Checking package.json for QA script invocation.
[2026-08-20 19:25:08] [cot:thought] Then committing and deploying.Adding `data-viz`, the QA script, and the smoke marker.
[2026-08-20 19:25:08] [cot:tool] start edit C:\Users\ether\AppData\Local\data-insights-blog-workers\worker-4\src\components\visualizations\ConsumerFinanceMarketsUpdateDashboard.tsx
[2026-08-20 19:25:08] [cot:tool] done edit C:\Users\ether\AppData\Local\data-insights-blog-workers\worker-4\src\components\visualizations\ConsumerFinanceMarketsUpdateDashboard.tsx
[2026-08-20 19:25:08] [cot:tool] start edit C:\Users\ether\AppData\Local\data-insights-blog-workers\worker-4\scripts\smoke-test-viz-posts.mjs
[2026-08-20 19:25:09] [cot:tool] start edit C:\Users\ether\AppData\Local\data-insights-blog-workers\worker-4\scripts\qa-consumer-finance-markets-update-2026.mjs
[2026-08-20 19:25:09] [cot:tool] done edit C:\Users\ether\AppData\Local\data-insights-blog-workers\worker-4\scripts\smoke-test-viz-posts.mjs
[2026-08-20 19:25:09] [cot:tool] done edit C:\Users\ether\AppData\Local\data-insights-blog-workers\worker-4\scripts\qa-consumer-finance-markets-update-2026.mjs
[2026-08-20 19:25:09] [cot:thought] Checking whether the deploy script runs full QA or only smoke tests. Verifying word count
[2026-08-20 19:25:09] [cot:thought] next. Then committing phases 3 and 4 and running deploy.
[2026-08-20 19:25:09] [cot:tool] start grep C:\Users\ether\AppData\Local\data-insights-blog-workers\worker-4\package.json
[2026-08-20 19:25:09] [cot:tool] start shell git add -A; git status -sb; git commit --trailer "Co-authored-by: Cursor <cursoragent@cursor.com>" -m "wip(consumer-finance-markets-update-2026): post prose + hero"; git add -A; git commit --trailer "Co-authored-by: Cursor <cursoragent@cursor.com>" -m "wip(consumer-finance-markets-update-2026): qa + smoke" 2>$null; $env:BLOG_REPO_ROOT='E:\AI Projects\data-insights-blog'; npx tsx "E:\AI Projects\data-insights-blog\scripts\update-agent-job.mjs" --job job-mt24hh95-nnf9z --status qa --activity "Phase 5: npm run deploy on ports 4186/4187"
[2026-08-20 19:25:09] [cot:tool] done grep C:\Users\ether\AppData\Local\data-insights-blog-workers\worker-4\package.json
[2026-08-20 19:25:09] [cot:tool] done shell git add -A; git status -sb; git commit --trailer "Co-authored-by: Cursor <cursoragent@cursor.com>" -m "wip(consumer-finance-markets-update-2026): post prose + hero"; git add -A; git commit --trailer "Co-authored-by: Cursor <cursoragent@cursor.com>" -m "wip(consumer-finance-markets-update-2026): qa + smoke" 2>$null; $env:BLOG_REPO_ROOT='E:\AI Projects\data-insights-blog'; npx tsx "E:\AI Projects\data-insights-blog\scripts\update-agent-job.mjs" --job job-mt24hh95-nnf9z --status qa --activity "Phase 5: npm run deploy on ports 4186/4187"
[2026-08-20 19:25:09] [cot:thought] posts.ts shows 5,547 insertions and 5,258 deletions. This suggests the entire file was duplicated or rewritten rather than patched.
[2026-08-20 19:25:09] [cot:thought] Confirmed the demographic
[2026-08-20 19:25:09] [cot:thought] post and measurement science title remain intact. QA and smoke files were already staged in the initial commit. Now deploying on ports 4186 and 4187; the build may take a while.
[2026-08-20 19:25:09] [cot:thought] Running local deploy with isolated smoke ports.
[2026-08-20 19:25:09] [cot:tool] start shell $env:SMOKE_PORT='4186'; $env:SMOKE_QA_PORT='4187'; npm run deploy
[2026-08-20 19:25:09] [cot:tool] done shell $env:SMOKE_PORT='4186'; $env:SMOKE_QA_PORT='4187'; npm run deploy
[2026-08-20 19:25:09] [cot:thought] Deployment passed. Next steps: run the QA script, verify the HTML file exists, perform a final commit, mark the job ready, and exit.
[2026-08-20 19:25:09] [cot:tool] start shell $env:SMOKE_PORT='4186'; node scripts/qa-consumer-finance-markets-update-2026.mjs; Test-Path out/blog/consumer-finance-markets-update-2026.html; Test-Path out/blog/consumer-finance-markets-update-2026/index.html
[2026-08-20 19:25:09] [cot:tool] done shell $env:SMOKE_PORT='4186'; node scripts/qa-consumer-finance-markets-update-2026.mjs; Test-Path out/blog/consumer-finance-markets-update-2026.html; Test-Path out/blog/consumer-finance-markets-update-2026/index.html
[2026-08-20 19:25:09] [cot:thought] The loading fallback check failed. Other dashboards may use different loading text in their HTML.
[2026-08-20 19:25:09] [cot:thought] PostVisualization
[2026-08-20 19:25:09] [cot:thought] loads the update dashboard without a loading component. Adding a loading prop will align it with MeasurementScienceUpdateDashboard.
[2026-08-20 19:25:09] [cot:thought] Adding the loading fallback to match other dashboards.
[2026-08-20 19:25:09] [cot:tool] start edit C:\Users\ether\AppData\Local\data-insights-blog-workers\worker-4\src\components\PostVisualization.tsx
[2026-08-20 19:25:10] [cot:tool] start shell $env:SMOKE_PORT='4186'; $env:SMOKE_QA_PORT='4187'; npm run deploy
[2026-08-20 19:25:10] [cot:tool] done edit C:\Users\ether\AppData\Local\data-insights-blog-workers\worker-4\src\components\PostVisualization.tsx
[2026-08-20 19:25:10] [cot:tool] done shell $env:SMOKE_PORT='4186'; $env:SMOKE_QA_PORT='4187'; npm run deploy
[2026-08-20 19:25:10] [cot:thought] Deployment passed again. Running dedicated QA next, then committing and marking the job ready.
[2026-08-20 19:25:10] [cot:tool] start shell $env:SMOKE_PORT='4186'; node scripts/qa-consumer-finance-markets-update-2026.mjs
[2026-08-20 19:25:10] [cot:tool] done shell $env:SMOKE_PORT='4186'; node scripts/qa-consumer-finance-markets-update-2026.mjs
[2026-08-20 19:25:10] [cot:thought] The visualization interaction audit appears stuck.
[2026-08-20 19:25:10] [cot:tool] start await
[2026-08-20 19:25:10] [cot:tool] done await
[2026-08-20 19:25:10] [cot:thought] QA passed. Proceeding to final commit and marking the job ready.
[2026-08-20 19:25:10] [cot:tool] start shell git add -A; git status -sb; git log -3 --oneline; git commit --trailer "Co-authored-by: Cursor <cursoragent@cursor.com>" -m "$(@'
[2026-08-20 19:25:10] [cot:tool] done shell git add -A; git status -sb; git log -3 --oneline; git commit --trailer "Co-authored-by: Cursor <cursoragent@cursor.com>" -m "$(@'
[2026-08-20 19:25:10] [cot:thought] The consumer-finance-markets-update-2026 post is complete. The HTML file was generated, committed, and the job marked ready. The worker exits cleanly.
[2026-08-20 19:25:10] [cot:thought] Shipped **consumer-finance-markets-update-2026** on `post/consumer-finance-markets-update-2026-w4`.
[2026-08-20 19:25:10] [cot:thought] **
[2026-08-20 19:25:10] [cot:thought] Headline:** Saving rate **2.8% (???1.1 pp)** ?? Debt **$18.8T** ?? Student 90+ **10.
[2026-08-20 19:25:10] [cot:thought] 3%**
[2026-08-20 19:25:10] [cot:thought] Vintage vs research print: BEA Q2 saving collapse, NY Fed 2026Q1 debt print, student 90+ rise, MMF +$80B to $7.
[2026-08-20 19:25:10] [cot:thought] 93T. Local `npm run deploy` (ports 4186/4187) and dedicated QA passed. Job marked **ready**.
[2026-08-20 19:25:11] [cot:thought] `
[2026-08-20 19:25:11] [cot:system] task_notification
[2026-08-20 19:25:11] [cot:thought] WorkerReady: consumer-finance-markets-update-2026 | job=job-mt24hh95-nnf9z | worker=4`
