[2026-08-20 19:13:21] [cot:system] session model=Auto cwd=C:\Users\ether\AppData\Local\data-insights-blog-workers\worker-5
[2026-08-20 19:13:21] [cot:user] You are a blog production WORKER in a parallel multi-agent system. ## Identity - Worker ID: 5 - Job ID: job-mt24d0px-ldt13 - Assigned slug: industrial-robotics-update-2026 - Theme ID: industrial-robotΓÇª
[2026-08-20 19:13:21] [cot:thought] I am starting as blog production worker 5 for the industrial-robotics-update-2026 post.
[2026-08-20 19:13:22] [cot:thought] I will build only
[2026-08-20 19:13:22] [cot:thought] the assigned post in the worker-5 worktree. I will check conveyor-sync.json and follow the production rules. I will commit in small phases and update the job status.
[2026-08-20 19:13:22] [cot:thought] I will verify the quality blockers before starting.I'll start as worker 5 on `industrial-robotics-update-2026`: check conveyor sync, skim production rules, then move in short commit phases.
[2026-08-20 19:13:22] [cot:tool] start shell $env:BLOG_REPO_ROOT='E:\AI Projects\data-insights-blog'; npx tsx "E:\AI Projects\data-insights-blog\scripts\update-agent-job.mjs" --job job-mt24d0px-ldt13 --status researching --activity "Checking conveyor sync + reading production rules"; if (Test-Path artifacts/conveyor-sync.json) { Get-Content artifacts/conveyor-sync.json } else { Write-Output "no conveyor-sync" }; git branch --show-current; git status -sb
[2026-08-20 19:13:22] [cot:tool] start read C:\Users\ether\AppData\Local\data-insights-blog-workers\worker-5\.cursor\rules\autonomous-blog-production.mdc
[2026-08-20 19:13:23] [cot:tool] start glob
[2026-08-20 19:13:24] [cot:tool] start grep C:\Users\ether\AppData\Local\data-insights-blog-workers\worker-5\src
[2026-08-20 19:13:24] [cot:tool] done read ?
[2026-08-20 19:13:24] [cot:tool] done glob
[2026-08-20 19:13:24] [cot:tool] done grep C:\Users\ether\AppData\Local\data-insights-blog-workers\worker-5\src
[2026-08-20 19:13:24] [cot:tool] done shell $env:BLOG_REPO_ROOT='E:\AI Projects\data-insights-blog'; npx tsx "E:\AI Projects\data-insights-blog\scripts\update-agent-job.mjs" --job job-mt24d0px-ldt13 --status researching --activity "Checking conveyor sync + reading production rules"; if (Test-Path artifacts/conveyor-sync.json) { Get-Content artifacts/conveyor-sync.json } else { Write-Output "no conveyor-sync" }; git branch --show-current; git status -sb
[2026-08-20 19:13:24] [cot:thought] An industrial-robotics-research-2026 post already exists. Reviewing the existing
[2026-08-20 19:13:24] [cot:thought] post and update patterns to draft a comparison-focused update.There's already a research post on this theme ???
[2026-08-20 19:13:24] [cot:thought] I'll compare it to a recent update-style post and pull the production rules next.
[2026-08-20 19:13:24] [cot:tool] start glob
[2026-08-20 19:13:25] [cot:tool] done glob
[2026-08-20 19:13:25] [cot:tool] start glob
[2026-08-20 19:13:25] [cot:tool] done glob
[2026-08-20 19:13:25] [cot:tool] start read C:\Users\ether\AppData\Local\data-insights-blog-workers\worker-5\src\data\industrial-robotics-research-2026-data.ts
[2026-08-20 19:13:26] [cot:tool] done read C:\Users\ether\AppData\Local\data-insights-blog-workers\worker-5\src\data\industrial-robotics-research-2026-data.ts
[2026-08-20 19:13:26] [cot:tool] start read C:\Users\ether\AppData\Local\data-insights-blog-workers\worker-5\src\data\posts.ts
[2026-08-20 19:13:26] [cot:tool] done read C:\Users\ether\AppData\Local\data-insights-blog-workers\worker-5\src\data\posts.ts
[2026-08-20 19:13:26] [cot:thought] Reviewing update post patterns and existing industrial robotics dashboard content.
[2026-08-20 19:13:26] [cot:thought] Checking IFR for 2026
[2026-08-20 19:13:26] [cot:thought] data to identify changes since the 2025 post. Reviewing update post structure.Next I'll mirror an existing update-post pattern and pull the latest IFR vintage vs the prior robotics post.
[2026-08-20 19:13:26] [cot:tool] start read C:\Users\ether\AppData\Local\data-insights-blog-workers\worker-5\src\data\fiscal-industrial-policy-update-2026-data.ts
[2026-08-20 19:13:27] [cot:tool] done read C:\Users\ether\AppData\Local\data-insights-blog-workers\worker-5\src\data\fiscal-industrial-policy-update-2026-data.ts
[2026-08-20 19:13:27] [cot:tool] start glob
[2026-08-20 19:13:28] [cot:tool] done glob
[2026-08-20 19:13:28] [cot:tool] start read C:\Users\ether\AppData\Local\data-insights-blog-workers\worker-5\src\data\industrial-robotics-research-2026-data.ts
[2026-08-20 19:13:29] [cot:tool] start webSearch
[2026-08-20 19:13:29] [cot:tool] done read C:\Users\ether\AppData\Local\data-insights-blog-workers\worker-5\src\data\industrial-robotics-research-2026-data.ts
[2026-08-20 19:13:29] [cot:tool] done webSearch
[2026-08-20 19:13:29] [cot:thought] The prior research post already referenced IFR WR 2025. Evaluating update-post
[2026-08-20 19:13:30] [cot:thought] angles for industrial robotics. Considering vintage revision deltas between WR 2024 and 2025, density rankings, collaborative robot growth, and deeper regional YoY changes.
[2026-08-20 19:13:30] [cot:thought] The brief explicitly
[2026-08-20 19:13:30] [cot:thought] demands a vintage delta comparison against the prior post. The update will drill into YoY market deltas and density or stock revision angles rather than simply restating WR 2025 data.
[2026-08-20 19:13:30] [cot:thought] Fetching IFR press
[2026-08-20 19:13:30] [cot:thought] releases for delta numbers. Reviewing the FiscalIndustrialPolicyUpdateDashboard for structural patterns.
[2026-08-20 19:13:30] [cot:thought] Cobot share and general industry decade shifts are also under consideration.
[2026-08-20 19:13:30] [cot:tool] start read C:\Users\ether\AppData\Local\data-insights-blog-workers\worker-5\src\components\visualizations\FiscalIndustrialPolicyUpdateDashboard.tsx
[2026-08-20 19:13:31] [cot:tool] done read C:\Users\ether\AppData\Local\data-insights-blog-workers\worker-5\src\components\visualizations\FiscalIndustrialPolicyUpdateDashboard.tsx
[2026-08-20 19:13:31] [cot:tool] start webSearch
[2026-08-20 19:13:32] [cot:tool] start grep C:\Users\ether\AppData\Local\data-insights-blog-workers\worker-5\src
[2026-08-20 19:13:32] [cot:tool] start grep C:\Users\ether\AppData\Local\data-insights-blog-workers\worker-5\src\types\post.ts
[2026-08-20 19:13:33] [cot:tool] done grep C:\Users\ether\AppData\Local\data-insights-blog-workers\worker-5\src\types\post.ts
[2026-08-20 19:13:33] [cot:tool] done grep C:\Users\ether\AppData\Local\data-insights-blog-workers\worker-5\src
[2026-08-20 19:13:33] [cot:tool] done webSearch
[2026-08-20 19:13:33] [cot:thought] The prior research post covered installation geography, electronics versus auto, and China share.
[2026-08-20 19:13:33] [cot:thought] The update will highlight
[2026-08-20 19:13:33] [cot:thought] vintage deltas that were secondary in the prior post. Planned charts include year-over-year market divergences, regional density rankings, cobot adoption, and a stock-growth versus flow-plateau comparison.
[2026-08-20 19:13:33] [cot:thought] A data module and dashboard will follow. Specific chart types
[2026-08-20 19:13:33] [cot:thought] are now defined: diverging year-over-year bars, dumbbell comparisons, dual-line cobot trends, scatter plots, and interactive region or metric toggles. Registration patterns in PostVisualization and prior update conventions are also being reviewed.
[2026-08-20 19:13:33] [cot:thought] Building the data module around YoY/vintage deltas (markets, density, cobots, general-industry share) vs the prior research post.
[2026-08-20 19:13:33] [cot:tool] start read C:\Users\ether\AppData\Local\data-insights-blog-workers\worker-5\src\components\PostVisualization.tsx
[2026-08-20 19:13:34] [cot:tool] done read C:\Users\ether\AppData\Local\data-insights-blog-workers\worker-5\src\components\PostVisualization.tsx
[2026-08-20 19:13:34] [cot:tool] start grep C:\Users\ether\AppData\Local\data-insights-blog-workers\worker-5\src
[2026-08-20 19:13:35] [cot:tool] done grep C:\Users\ether\AppData\Local\data-insights-blog-workers\worker-5\src
[2026-08-20 19:13:35] [cot:tool] start read C:\Users\ether\AppData\Local\data-insights-blog-workers\worker-5\src\data\theme-registry.ts
[2026-08-20 19:13:35] [cot:tool] done read C:\Users\ether\AppData\Local\data-insights-blog-workers\worker-5\src\data\theme-registry.ts
[2026-08-20 19:13:35] [cot:tool] start grep C:\Users\ether\AppData\Local\data-insights-blog-workers\worker-5\scripts
[2026-08-20 19:13:36] [cot:tool] done grep C:\Users\ether\AppData\Local\data-insights-blog-workers\worker-5\scripts
[2026-08-20 19:13:36] [cot:thought] Reviewing the fiscal update post to understand prose structure, smoke test markers, QA scripts, and registration patterns.
[2026-08-20 19:13:36] [cot:thought] Proceeding to write
[2026-08-20 19:13:36] [cot:thought] the data module in this phase.
[2026-08-20 19:13:36] [cot:tool] start read C:\Users\ether\AppData\Local\data-insights-blog-workers\worker-5\src\data\posts.ts
[2026-08-20 19:13:37] [cot:tool] done read C:\Users\ether\AppData\Local\data-insights-blog-workers\worker-5\src\data\posts.ts
[2026-08-20 19:13:37] [cot:tool] start grep C:\Users\ether\AppData\Local\data-insights-blog-workers\worker-5\scripts\smoke-test-viz-posts.mjs
[2026-08-20 19:13:38] [cot:tool] done grep C:\Users\ether\AppData\Local\data-insights-blog-workers\worker-5\scripts\smoke-test-viz-posts.mjs
[2026-08-20 19:13:38] [cot:tool] start read C:\Users\ether\AppData\Local\data-insights-blog-workers\worker-5\scripts\qa-industrial-robotics-research-2026.mjs
[2026-08-20 19:13:39] [cot:tool] done read C:\Users\ether\AppData\Local\data-insights-blog-workers\worker-5\scripts\qa-industrial-robotics-research-2026.mjs
[2026-08-20 19:13:39] [cot:tool] start grep C:\Users\ether\AppData\Local\data-insights-blog-workers\worker-5\src\data\theme-registry.ts
[2026-08-20 19:13:40] [cot:tool] start webFetch
[2026-08-20 19:13:41] [cot:tool] done grep C:\Users\ether\AppData\Local\data-insights-blog-workers\worker-5\src\data\theme-registry.ts
[2026-08-20 19:13:41] [cot:tool] done webFetch
[2026-08-20 19:13:41] [cot:thought] Prior research covers installation flows, Asia at 74%, China at 54%, and electronics versus auto.
[2026-08-20 19:13:42] [cot:thought] The update will feature
[2026-08-20 19:13:42] [cot:thought] YoY market deltas via diverging bars, density vintage comparisons, cobot statistics, and a decade industry mix shift. It will also cover China domestic supplier growth, stock gains against flat flow, and forecasted capacity expansion.
[2026-08-20 19:13:42] [cot:thought] Related density posts will be linked. Drafting the headline
[2026-08-20 19:13:42] [cot:thought] around YoY divergence: China up 7%, Europe down 8%, Americas down 10%, while world stock rises 9%. Moving to the data module and committing phase 1.
[2026-08-20 19:13:42] [cot:thought] Writing the data module with YoY/vintage deltas, then committing phase 1.
[2026-08-20 19:13:42] [cot:tool] start edit C:\Users\ether\AppData\Local\data-insights-blog-workers\worker-5\src\data\industrial-robotics-update-2026-data.ts
[2026-08-20 19:13:43] [cot:tool] done edit C:\Users\ether\AppData\Local\data-insights-blog-workers\worker-5\src\data\industrial-robotics-update-2026-data.ts
[2026-08-20 19:13:43] [cot:thought] Committing phase 1. Updating job status. Starting the dashboard.
[2026-08-20 19:13:43] [cot:tool] start shell $env:BLOG_REPO_ROOT='E:\AI Projects\data-insights-blog'; npx tsx "E:\AI Projects\data-insights-blog\scripts\update-agent-job.mjs" --job job-mt24d0px-ldt13 --status building --activity "Data module written; committing phase 1"; git add -A; git commit --trailer "Co-authored-by: Cursor <cursoragent@cursor.com>" -m "wip(industrial-robotics-update-2026): data module"
[2026-08-20 19:13:43] [cot:tool] done shell $env:BLOG_REPO_ROOT='E:\AI Projects\data-insights-blog'; npx tsx "E:\AI Projects\data-insights-blog\scripts\update-agent-job.mjs" --job job-mt24d0px-ldt13 --status building --activity "Data module written; committing phase 1"; git add -A; git commit --trailer "Co-authored-by: Cursor <cursoragent@cursor.com>" -m "wip(industrial-robotics-update-2026): data module"
[2026-08-20 19:13:43] [cot:thought] Phase 2 begins with dashboard creation and registration. Reviewing the FiscalIndustrialPolicyUpdate
[2026-08-20 19:13:43] [cot:thought] pattern to guide the dashboard structure. Then drafting the industrial robotics update dashboard.
[2026-08-20 19:13:43] [cot:thought] Phase 2: building the dashboard and wiring it into registration.
[2026-08-20 19:13:43] [cot:tool] start read C:\Users\ether\AppData\Local\data-insights-blog-workers\worker-5\src\components\visualizations\FiscalIndustrialPolicyUpdateDashboard.tsx
[2026-08-20 19:13:44] [cot:tool] done read C:\Users\ether\AppData\Local\data-insights-blog-workers\worker-5\src\components\visualizations\FiscalIndustrialPolicyUpdateDashboard.tsx
[2026-08-20 19:13:44] [cot:tool] start read C:\Users\ether\AppData\Local\data-insights-blog-workers\worker-5\src\types\post.ts
[2026-08-20 19:13:45] [cot:tool] done read C:\Users\ether\AppData\Local\data-insights-blog-workers\worker-5\src\types\post.ts
[2026-08-20 19:13:45] [cot:tool] start read C:\Users\ether\AppData\Local\data-insights-blog-workers\worker-5\src\components\PostVisualization.tsx
[2026-08-20 19:13:45] [cot:tool] done read C:\Users\ether\AppData\Local\data-insights-blog-workers\worker-5\src\components\PostVisualization.tsx
[2026-08-20 19:13:45] [cot:tool] start read C:\Users\ether\AppData\Local\data-insights-blog-workers\worker-5\src\components\PostVisualization.tsx
[2026-08-20 19:13:46] [cot:tool] done read C:\Users\ether\AppData\Local\data-insights-blog-workers\worker-5\src\components\PostVisualization.tsx
[2026-08-20 19:13:46] [cot:tool] start read C:\Users\ether\AppData\Local\data-insights-blog-workers\worker-5\scripts\smoke-test-viz-posts.mjs
[2026-08-20 19:13:47] [cot:tool] done read C:\Users\ether\AppData\Local\data-insights-blog-workers\worker-5\scripts\smoke-test-viz-posts.mjs
[2026-08-20 19:13:47] [cot:thought] I will write the dashboard and register it. Then I will commit
[2026-08-20 19:13:47] [cot:thought] phase 2.
[2026-08-20 19:13:47] [cot:tool] start edit C:\Users\ether\AppData\Local\data-insights-blog-workers\worker-5\src\components\visualizations\IndustrialRoboticsUpdateDashboard.tsx
[2026-08-20 19:13:47] [cot:tool] done edit C:\Users\ether\AppData\Local\data-insights-blog-workers\worker-5\src\components\visualizations\IndustrialRoboticsUpdateDashboard.tsx
[2026-08-20 19:13:47] [cot:thought] Registering the new post in post.ts and PostVisualization. Adding the TSX component
[2026-08-20 19:13:47] [cot:thought] to the theme registry.
[2026-08-20 19:13:48] [cot:tool] start edit C:\Users\ether\AppData\Local\data-insights-blog-workers\worker-5\src\types\post.ts
[2026-08-20 19:13:48] [cot:tool] done edit C:\Users\ether\AppData\Local\data-insights-blog-workers\worker-5\src\types\post.ts
[2026-08-20 19:13:48] [cot:tool] start edit C:\Users\ether\AppData\Local\data-insights-blog-workers\worker-5\src\components\PostVisualization.tsx
[2026-08-20 19:13:49] [cot:tool] start grep C:\Users\ether\AppData\Local\data-insights-blog-workers\worker-5\src\data\theme-registry.ts
[2026-08-20 19:13:50] [cot:tool] done grep C:\Users\ether\AppData\Local\data-insights-blog-workers\worker-5\src\data\theme-registry.ts
[2026-08-20 19:13:50] [cot:tool] done edit C:\Users\ether\AppData\Local\data-insights-blog-workers\worker-5\src\components\PostVisualization.tsx
[2026-08-20 19:13:50] [cot:tool] start edit C:\Users\ether\AppData\Local\data-insights-blog-workers\worker-5\src\components\PostVisualization.tsx
[2026-08-20 19:13:50] [cot:tool] done edit C:\Users\ether\AppData\Local\data-insights-blog-workers\worker-5\src\components\PostVisualization.tsx
[2026-08-20 19:13:50] [cot:thought] Adding both new slugs to the theme ID mapping. Checking whether the
[2026-08-20 19:13:51] [cot:thought] research slug is already present.
[2026-08-20 19:13:51] [cot:tool] start grep C:\Users\ether\AppData\Local\data-insights-blog-workers\worker-5\src\data\theme-registry.ts
[2026-08-20 19:13:52] [cot:tool] start edit C:\Users\ether\AppData\Local\data-insights-blog-workers\worker-5\src\data\theme-registry.ts
[2026-08-20 19:13:52] [cot:tool] done grep C:\Users\ether\AppData\Local\data-insights-blog-workers\worker-5\src\data\theme-registry.ts
[2026-08-20 19:13:52] [cot:tool] done edit C:\Users\ether\AppData\Local\data-insights-blog-workers\worker-5\src\data\theme-registry.ts
[2026-08-20 19:13:52] [cot:thought] Checking whether the industrial-robotics-research slug was duplicated or added in error.
[2026-08-20 19:13:52] [cot:thought] Confirmed the research
[2026-08-20 19:13:52] [cot:thought] slug was missing from SLUG_THEME_IDS. Proceeding to commit phase 2.
[2026-08-20 19:13:52] [cot:tool] start shell $env:BLOG_REPO_ROOT='E:\AI Projects\data-insights-blog'; npx tsx "E:\AI Projects\data-insights-blog\scripts\update-agent-job.mjs" --job job-mt24d0px-ldt13 --status building --activity "Dashboard + viz registration; committing phase 2"; git add -A; git commit --trailer "Co-authored-by: Cursor <cursoragent@cursor.com>" -m "wip(industrial-robotics-update-2026): dashboard + viz wireup"
[2026-08-20 19:13:53] [cot:tool] done shell $env:BLOG_REPO_ROOT='E:\AI Projects\data-insights-blog'; npx tsx "E:\AI Projects\data-insights-blog\scripts\update-agent-job.mjs" --job job-mt24d0px-ldt13 --status building --activity "Dashboard + viz registration; committing phase 2"; git add -A; git commit --trailer "Co-authored-by: Cursor <cursoragent@cursor.com>" -m "wip(industrial-robotics-update-2026): dashboard + viz wireup"
[2026-08-20 19:13:53] [cot:thought] Phase 3 covers posts.ts and the hero image. The post will be inserted
[2026-08-20 19:13:53] [cot:thought] near the top of posts.ts, following the fiscal update pattern. A backend-manifest.json entry is also required for the hero image.
[2026-08-20 19:13:53] [cot:thought] Phase 3: writing post prose and generating the hero image.
[2026-08-20 19:13:54] [cot:tool] start read C:\Users\ether\AppData\Local\data-insights-blog-workers\worker-5\src\data\posts.ts
[2026-08-20 19:13:54] [cot:tool] done read C:\Users\ether\AppData\Local\data-insights-blog-workers\worker-5\src\data\posts.ts
[2026-08-20 19:13:54] [cot:tool] start grep C:\Users\ether\AppData\Local\data-insights-blog-workers\worker-5\artifacts\backend-manifest.json
[2026-08-20 19:13:55] [cot:tool] done grep C:\Users\ether\AppData\Local\data-insights-blog-workers\worker-5\artifacts\backend-manifest.json
[2026-08-20 19:13:55] [cot:tool] start generateImage
[2026-08-20 19:13:55] [cot:tool] done generateImage
[2026-08-20 19:13:55] [cot:thought] The hero image needs copying to public/images/. The post entry must be written. The backend manifest needs updating.
[2026-08-20 19:13:55] [cot:tool] start shell New-Item -ItemType Directory -Force -Path "public\images" | Out-Null; Copy-Item "C:\Users\ether\.cursor\projects\C-Users-ether-AppData-Local-data-insights-blog-workers-worker-5\assets\industry-industrial-robotics-update-2026-hero.png" "public\images\industry-industrial-robotics-update-2026-hero.png" -Force; Get-Item "public\images\industry-industrial-robotics-update-2026-hero.png" | Select-Object Length, FullName; Get-Content "artifacts\backend-manifest.json" -Raw | Select-Object -First 1
[2026-08-20 19:13:56] [cot:tool] start read C:\Users\ether\AppData\Local\data-insights-blog-workers\worker-5\artifacts\backend-manifest.json
[2026-08-20 19:13:56] [cot:tool] done read C:\Users\ether\AppData\Local\data-insights-blog-workers\worker-5\artifacts\backend-manifest.json
[2026-08-20 19:13:56] [cot:tool] done shell New-Item -ItemType Directory -Force -Path "public\images" | Out-Null; Copy-Item "C:\Users\ether\.cursor\projects\C-Users-ether-AppData-Local-data-insights-blog-workers-worker-5\assets\industry-industrial-robotics-update-2026-hero.png" "public\images\industry-industrial-robotics-update-2026-hero.png" -Force; Get-Item "public\images\industry-industrial-robotics-update-2026-hero.png" | Select-Object Length, FullName; Get-Content "artifacts\backend-manifest.json" -Raw | Select-Object -First 1
[2026-08-20 19:13:56] [cot:thought] The copy may have succeeded despite empty output. Verifying the file exists. Then writing the posts.ts entry and updating the manifest.
[2026-08-20 19:13:56] [cot:tool] start shell Test-Path "public\images\industry-industrial-robotics-update-2026-hero.png"; (Get-Item "public\images\industry-industrial-robotics-update-2026-hero.png").Length
[2026-08-20 19:13:57] [cot:tool] start edit C:\Users\ether\AppData\Local\data-insights-blog-workers\worker-5\src\data\posts.ts
[2026-08-20 19:13:58] [cot:tool] done edit
[2026-08-20 19:13:58] [cot:tool] done shell Test-Path "public\images\industry-industrial-robotics-update-2026-hero.png"; (Get-Item "public\images\industry-industrial-robotics-update-2026-hero.png").Length
[2026-08-20 19:13:58] [cot:thought] Checking whether the posts.ts file changed, since fiscal-plumbing may no longer be the first entry.
[2026-08-20 19:13:58] [cot:thought] Posts file shifted ??? checking the current head of `posts.ts` before inserting.
[2026-08-20 19:13:58] [cot:tool] start read C:\Users\ether\AppData\Local\data-insights-blog-workers\worker-5\src\data\posts.ts
[2026-08-20 19:13:59] [cot:tool] start shell (Get-Content "src\data\posts.ts" -TotalCount 8) -join "`n"
[2026-08-20 19:13:59] [cot:tool] done read C:\Users\ether\AppData\Local\data-insights-blog-workers\worker-5\src\data\posts.ts
[2026-08-20 19:13:59] [cot:tool] done shell (Get-Content "src\data\posts.ts" -TotalCount 8) -join "`n"
[2026-08-20 19:13:59] [cot:thought] Another worker's changes were merged into the branch. Inserting a new post
[2026-08-20 19:14:01] [cot:thought] entry at the beginning of the sample posts array.
[2026-08-20 19:14:01] [cot:tool] start edit C:\Users\ether\AppData\Local\data-insights-blog-workers\worker-5\src\data\posts.ts
[2026-08-20 19:14:02] [cot:tool] start edit C:\Users\ether\AppData\Local\data-insights-blog-workers\worker-5\artifacts\backend-manifest.json
[2026-08-20 19:14:03] [cot:tool] done edit C:\Users\ether\AppData\Local\data-insights-blog-workers\worker-5\artifacts\backend-manifest.json
[2026-08-20 19:14:03] [cot:tool] done edit C:\Users\ether\AppData\Local\data-insights-blog-workers\worker-5\src\data\posts.ts
[2026-08-20 19:14:03] [cot:thought] Verifying the post meets the minimum word count and H2 heading requirements. Eleven H2 headings
[2026-08-20 19:14:03] [cot:thought] are planned. The word count should be sufficient. Proceeding to commit
[2026-08-20 19:14:03] [cot:thought] phase 3, followed by QA and smoke testing.
[2026-08-20 19:14:03] [cot:tool] start shell $env:BLOG_REPO_ROOT='E:\AI Projects\data-insights-blog'; npx tsx "E:\AI Projects\data-insights-blog\scripts\update-agent-job.mjs" --job job-mt24d0px-ldt13 --status building --activity "Post prose + hero; committing phase 3"; git add -A; git commit --trailer "Co-authored-by: Cursor <cursoragent@cursor.com>" -m "wip(industrial-robotics-update-2026): post prose + hero"
[2026-08-20 19:14:04] [cot:tool] done shell $env:BLOG_REPO_ROOT='E:\AI Projects\data-insights-blog'; npx tsx "E:\AI Projects\data-insights-blog\scripts\update-agent-job.mjs" --job job-mt24d0px-ldt13 --status building --activity "Post prose + hero; committing phase 3"; git add -A; git commit --trailer "Co-authored-by: Cursor <cursoragent@cursor.com>" -m "wip(industrial-robotics-update-2026): post prose + hero"
[2026-08-20 19:14:04] [cot:thought] Proceeding to Phase 4: running the QA script and marking the smoke test. Phase 5 is deployment
[2026-08-20 19:14:04] [cot:thought] via npm run deploy.Phase 4: adding the QA script and smoke-test marker.
[2026-08-20 19:14:04] [cot:tool] start edit C:\Users\ether\AppData\Local\data-insights-blog-workers\worker-5\scripts\qa-industrial-robotics-update-2026.mjs
[2026-08-20 19:14:04] [cot:tool] start edit C:\Users\ether\AppData\Local\data-insights-blog-workers\worker-5\scripts\smoke-test-viz-posts.mjs
[2026-08-20 19:14:05] [cot:tool] done edit
[2026-08-20 19:14:05] [cot:tool] done edit C:\Users\ether\AppData\Local\data-insights-blog-workers\worker-5\scripts\qa-industrial-robotics-update-2026.mjs
[2026-08-20 19:14:05] [cot:thought] The smoke file may have changed, possibly placing demographic-cash-flows first.
[2026-08-20 19:14:05] [cot:tool] start read C:\Users\ether\AppData\Local\data-insights-blog-workers\worker-5\scripts\smoke-test-viz-posts.mjs
[2026-08-20 19:14:06] [cot:tool] done read C:\Users\ether\AppData\Local\data-insights-blog-workers\worker-5\scripts\smoke-test-viz-posts.mjs
[2026-08-20 19:14:06] [cot:thought] The new post will be inserted at the beginning of the POSTS array.
[2026-08-20 19:14:06] [cot:tool] start edit C:\Users\ether\AppData\Local\data-insights-blog-workers\worker-5\scripts\smoke-test-viz-posts.mjs
[2026-08-20 19:14:07] [cot:tool] start shell $env:BLOG_REPO_ROOT='E:\AI Projects\data-insights-blog'; npx tsx "E:\AI Projects\data-insights-blog\scripts\update-agent-job.mjs" --job job-mt24d0px-ldt13 --status building --activity "QA script + smoke marker; committing phase 4"; git add -A; git commit --trailer "Co-authored-by: Cursor <cursoragent@cursor.com>" -m "wip(industrial-robotics-update-2026): qa + smoke"
[2026-08-20 19:14:08] [cot:tool] done edit C:\Users\ether\AppData\Local\data-insights-blog-workers\worker-5\scripts\smoke-test-viz-posts.mjs
[2026-08-20 19:14:08] [cot:tool] done shell $env:BLOG_REPO_ROOT='E:\AI Projects\data-insights-blog'; npx tsx "E:\AI Projects\data-insights-blog\scripts\update-agent-job.mjs" --job job-mt24d0px-ldt13 --status building --activity "QA script + smoke marker; committing phase 4"; git add -A; git commit --trailer "Co-authored-by: Cursor <cursoragent@cursor.com>" -m "wip(industrial-robotics-update-2026): qa + smoke"
[2026-08-20 19:14:08] [cot:thought] Running the deploy script with smoke test ports 4188 and 4189. Checking conveyor
[2026-08-20 19:14:09] [cot:thought] status and TypeScript issues. Verifying demographic-cash-flows visualization types.
[2026-08-20 19:14:09] [cot:thought] Updating job to QA status.Phase 5: running local deploy (build + smoke) on ports 4188/4189.
[2026-08-20 19:14:09] [cot:tool] start shell $env:BLOG_REPO_ROOT='E:\AI Projects\data-insights-blog'; npx tsx "E:\AI Projects\data-insights-blog\scripts\update-agent-job.mjs" --job job-mt24d0px-ldt13 --status qa --activity "Running npm run deploy on ports 4188/4189"; $env:SMOKE_PORT='4188'; $env:SMOKE_QA_PORT='4189'; npm run deploy
[2026-08-20 19:14:09] [cot:tool] done shell $env:BLOG_REPO_ROOT='E:\AI Projects\data-insights-blog'; npx tsx "E:\AI Projects\data-insights-blog\scripts\update-agent-job.mjs" --job job-mt24d0px-ldt13 --status qa --activity "Running npm run deploy on ports 4188/4189"; $env:SMOKE_PORT='4188'; $env:SMOKE_QA_PORT='4189'; npm run deploy
[2026-08-20 19:14:09] [cot:thought] Deployment passed. The new post may be missing from the blog routes list; geopolitics, demographic, and measurement currently appear first.
[2026-08-20 19:14:09] [cot:thought] The post is present
[2026-08-20 19:14:09] [cot:thought] in the build output but ranked lower among samplePaths. Smoke tests passed. Next steps are verifying the output file, checking word count, committing, and marking the job ready.
[2026-08-20 19:14:09] [cot:thought] Deploy passed. Verifying output, finalizing the feat commit, and marking the job ready.
[2026-08-20 19:14:09] [cot:tool] start shell $paths = @("out\blog\industrial-robotics-update-2026\index.html", "out\blog\industrial-robotics-update-2026.html"); foreach ($p in $paths) { if (Test-Path $p) { Write-Output "FOUND $p" } else { Write-Output "MISSING $p" } }; $content = (Select-String -Path "src\data\posts.ts" -Pattern "id: `"industrial-robotics-update-2026`"" -Context 0,80 | Out-String); $words = ([regex]::Matches(($content -replace '`',''), '\b\w+\b')).Count; Write-Output "approx words in nearby extract: $words"; (Get-Content "src\data\posts.ts" -Raw) -match '(?s)id: "industrial-robotics-update-2026".*?content: `([^`]+)`' | Out-Null; $prose = $Matches[1]; Write-Output ("word_count=" + ($prose -split '\s+').Count); Write-Output ("h2_count=" + ([regex]::Matches($prose, '(?m)^## ')).Count)
[2026-08-20 19:14:10] [cot:tool] done shell $paths = @("out\blog\industrial-robotics-update-2026\index.html", "out\blog\industrial-robotics-update-2026.html"); foreach ($p in $paths) { if (Test-Path $p) { Write-Output "FOUND $p" } else { Write-Output "MISSING $p" } }; $content = (Select-String -Path "src\data\posts.ts" -Pattern "id: `"industrial-robotics-update-2026`"" -Context 0,80 | Out-String); $words = ([regex]::Matches(($content -replace '`',''), '\b\w+\b')).Count; Write-Output "approx words in nearby extract: $words"; (Get-Content "src\data\posts.ts" -Raw) -match '(?s)id: "industrial-robotics-update-2026".*?content: `([^`]+)`' | Out-Null; $prose = $Matches[1]; Write-Output ("word_count=" + ($prose -split '\s+').Count); Write-Output ("h2_count=" + ([regex]::Matches($prose, '(?m)^## ')).Count)
[2026-08-20 19:14:10] [cot:thought] The draft is 1,661 words and contains 11 H2 headings. Final commit and readiness mark are next.
[2026-08-20 19:14:10] [cot:tool] start shell git add -A; git status -sb; git commit --trailer "Co-authored-by: Cursor <cursoragent@cursor.com>" -m "$(@'
[2026-08-20 19:14:11] [cot:tool] done shell git add -A; git status -sb; git commit --trailer "Co-authored-by: Cursor <cursoragent@cursor.com>" -m "$(@'
[2026-08-20 19:14:12] [cot:thought] The working tree is clean. There is nothing to commit. All changes are already
[2026-08-20 19:14:12] [cot:thought] committed in the wip commits. The final `feat(post)` commit is still pending. I am deciding whether to amend the last wip or create a new commit.
[2026-08-20 19:14:12] [cot:thought] Amending the last
[2026-08-20 19:14:12] [cot:thought] wip commit message to `feat(post)` is the correct approach since it remains local-only.
[2026-08-20 19:14:12] [cot:thought] I will verify the git log and apply the amendment.Working tree is clean after wip commits ???
[2026-08-20 19:14:12] [cot:thought] renaming the tip commit to the final feat message.
[2026-08-20 19:14:12] [cot:tool] start await
[2026-08-20 19:14:12] [cot:tool] start shell git log -6 --oneline; git status -sb; git rev-parse @{u} 2>&1; git log -1 --format='%an %ae %s'
[2026-08-20 19:14:12] [cot:tool] done await
[2026-08-20 19:14:12] [cot:tool] done shell git log -6 --oneline; git status -sb; git rev-parse @{u} 2>&1; git log -1 --format='%an %ae %s'
[2026-08-20 19:14:12] [cot:thought] Fixing a PowerShell syntax issue with `@{u}` before amending.
[2026-08-20 19:14:12] [cot:tool] start shell git log -6 --oneline; git status -sb; git rev-parse '@{u}' 2>&1; git log -1 --format='%an %ae %s'
[2026-08-20 19:14:12] [cot:tool] done shell git log -6 --oneline; git status -sb; git rev-parse '@{u}' 2>&1; git log -1 --format='%an %ae %s'
[2026-08-20 19:14:12] [cot:thought] Commit hashes changed since the last check. The orchestrator likely rebased or merged.
[2026-08-20 19:14:12] [cot:thought] Merge commits from
[2026-08-20 19:14:12] [cot:thought] other workers appeared in this branch. The last commit was created locally in this conversation, so amending its message to `feat(post)` is allowed under the rules.
[2026-08-20 19:14:12] [cot:tool] start shell git commit --trailer "Co-authored-by: Cursor <cursoragent@cursor.com>" --amend -m "$(@'
[2026-08-20 19:14:13] [cot:tool] done shell git commit --trailer "Co-authored-by: Cursor <cursoragent@cursor.com>" --amend -m "$(@'
[2026-08-20 19:14:13] [cot:thought] The job was already marked ready. All tasks are complete.**WorkerReady: industrial-robotics-update-2026 | job=job-mt24d0px-ldt13 | worker=5**
[2026-08-20 19:14:13] [cot:thought] Shipped the IFR WR 2025 **YoY/vintage-delta** update vs the research print:
[2026-08-20 19:14:13] [cot:thought] - **Headline:** Asia **+5%** installs ?? Europe **???8%** ?? Americas **???10%** ??
[2026-08-20 19:14:13] [cot:system] task_notification
[2026-08-20 19:14:13] [cot:thought] China **295k (+7%)** ?? cobots **+12%** - Local `npm run deploy` passed on ports **4188/4189** - Job marked **ready** for merge - Tip commit: `feat(post): industrial-robotics-update-2026`The background task is complete. The final feature commit was pushed and the job marked ready.
[2026-08-20 19:14:13] [cot:thought] Post `industrial-robotics-update-2026` is done: local deploy passed, tip commit is `feat(post): industrial-robotics-update-2026`, and job `job-mt24d0px-ldt13` is marked ready for merge.
[2026-08-20 19:14:13] [cot:thought] **WorkerReady: industrial-robotics-update-2026 | job=job-mt24d0px-ldt13 | worker=5**
[2026-08-20 19:14:14] [cot:system] result ok 974763ms ΓÇö I'll start as worker 5 on `industrial-robotics-update-2026`: check conveyor sync, skim production rules, then move in short commit phases.There's already a research post on this theme ??? I'll compare it to a recent update-style post and pu
