[2026-08-20 09:18:31] [cot:system] session model=Auto cwd=C:\Users\ether\AppData\Local\data-insights-blog-workers\worker-5
[2026-08-20 09:18:31] [cot:user] You are the blog production RECOVERY WORKER (Worker 5). ## Mission Finish a job that **Failed before merge**. Do not start a new topic. Rescue adaptation-economics-research-2026. ## Identity - Worker ΓÇª
[2026-08-20 09:18:31] [cot:thought] I am Worker 5, the recovery worker for the failed adaptation-economics-research-2026 blog post.
[2026-08-20 09:18:31] [cot:thought] I will inspect the
[2026-08-20 09:18:31] [cot:thought] existing branch, fix the QA failures, and complete the post.I'll recover the adaptation-economics post: assess the branch tip and prior QA failure, then repair and ship.
[2026-08-20 09:18:31] [cot:tool] start shell $env:BLOG_REPO_ROOT='E:\AI Projects\data-insights-blog'; npx tsx "E:\AI Projects\data-insights-blog/scripts/update-agent-job.mjs" --job job-msa0sb5p-2dxnh --status researching --activity "Recovery: assessing branch / prior work"
[2026-08-20 09:18:31] [cot:tool] start shell git status; git log --oneline -15; git branch -v; ls
[2026-08-20 09:18:32] [cot:tool] start glob
[2026-08-20 09:18:32] [cot:tool] start glob
[2026-08-20 09:18:32] [cot:tool] done glob
[2026-08-20 09:18:32] [cot:tool] done glob
[2026-08-20 09:18:32] [cot:tool] done shell git status; git log --oneline -15; git branch -v; ls
[2026-08-20 09:18:32] [cot:tool] done shell $env:BLOG_REPO_ROOT='E:\AI Projects\data-insights-blog'; npx tsx "E:\AI Projects\data-insights-blog/scripts/update-agent-job.mjs" --job job-msa0sb5p-2dxnh --status researching --activity "Recovery: assessing branch / prior work"
[2026-08-20 09:18:32] [cot:thought] The branch is identical to master and contains no adaptation-economics files. Prior work appears
[2026-08-20 09:18:32] [cot:thought] lost or uncommitted. I will rebuild the post from scratch by checking artifacts, job history, production rules, and similar posts for patterns.
[2026-08-20 09:18:32] [cot:thought] Branch tip matches master with no post files ??? prior work was lost. I'll inspect production rules and a similar post, then rebuild this slug.
[2026-08-20 09:18:32] [cot:tool] start glob
[2026-08-20 09:18:32] [cot:tool] done glob
[2026-08-20 09:18:32] [cot:tool] start shell Get-ChildItem artifacts; if (Test-Path "E:\AI Projects\data-insights-blog\artifacts\agent-jobs") { Get-ChildItem "E:\AI Projects\data-insights-blog\artifacts\agent-jobs" | Select-Object -First 20 }; if (Test-Path "E:\AI Projects\data-insights-blog\artifacts\agent-jobs\job-msa0sb5p-2dxnh.json") { Get-Content "E:\AI Projects\data-insights-blog\artifacts\agent-jobs\job-msa0sb5p-2dxnh.json" -Raw }
[2026-08-20 09:18:32] [cot:tool] start grep E:\AI Projects\data-insights-blog
[2026-08-20 09:18:32] [cot:tool] start glob
[2026-08-20 09:18:32] [cot:tool] done glob
[2026-08-20 09:18:32] [cot:tool] done grep E:\AI Projects\data-insights-blog
[2026-08-20 09:18:32] [cot:tool] done shell Get-ChildItem artifacts; if (Test-Path "E:\AI Projects\data-insights-blog\artifacts\agent-jobs") { Get-ChildItem "E:\AI Projects\data-insights-blog\artifacts\agent-jobs" | Select-Object -First 20 }; if (Test-Path "E:\AI Projects\data-insights-blog\artifacts\agent-jobs\job-msa0sb5p-2dxnh.json") { Get-Content "E:\AI Projects\data-insights-blog\artifacts\agent-jobs\job-msa0sb5p-2dxnh.json" -Raw }
[2026-08-20 09:18:32] [cot:thought] Prior work from worker-1 may still exist in the worktree. Attempting to recover
[2026-08-20 09:18:32] [cot:thought] files from the worker-1 worktree or git branches.Prior work exists on worker-1's branch ???
[2026-08-20 09:18:32] [cot:thought] I'll recover those artifacts and finish from there.
[2026-08-20 09:18:32] [cot:tool] start shell $wt = 'E:\AI Projects\data-insights-blog-worktrees\worker-1'; if (Test-Path $wt) { cd $wt; git branch -v; git log --oneline -10; git status -sb; Test-Path src/data/adaptation-economics-research-2026-data.ts; Test-Path src/components/visualizations/AdaptationEconomicsResearchDashboard.tsx } else { 'no worker-1' }; cd 'C:\Users\ether\AppData\Local\data-insights-blog-workers\worker-5'; git branch -a | Select-String adaptation; git -C 'E:\AI Projects\data-insights-blog' branch -a | Select-String adaptation
[2026-08-20 09:18:32] [cot:tool] start grep C:\Users\ether\AppData\Local\data-insights-blog-workers\worker-5\artifacts\agent-jobs.json
[2026-08-20 09:18:32] [cot:tool] start glob
[2026-08-20 09:18:33] [cot:tool] done grep C:\Users\ether\AppData\Local\data-insights-blog-workers\worker-5\artifacts\agent-jobs.json
[2026-08-20 09:18:33] [cot:tool] done glob
[2026-08-20 09:18:33] [cot:tool] done shell $wt = 'E:\AI Projects\data-insights-blog-worktrees\worker-1'; if (Test-Path $wt) { cd $wt; git branch -v; git log --oneline -10; git status -sb; Test-Path src/data/adaptation-economics-research-2026-data.ts; Test-Path src/components/visualizations/AdaptationEconomicsResearchDashboard.tsx } else { 'no worker-1' }; cd 'C:\Users\ether\AppData\Local\data-insights-blog-workers\worker-5'; git branch -a | Select-String adaptation; git -C 'E:\AI Projects\data-insights-blog' branch -a | Select-String adaptation
[2026-08-20 09:18:33] [cot:thought] Prior work is on branch `post/adaptation-economics-research-2026-w1` at commit `7f0117a`.
[2026-08-20 09:18:33] [cot:thought] Worker-5's local clone
[2026-08-20 09:18:33] [cot:thought] is empty at master. Fetching the prior branch from the main repo.Prior WIP is at `7f0117a` on the main repo's w1 branch.
[2026-08-20 09:18:33] [cot:thought] I'll pull those commits into this worktree and finish QA.
[2026-08-20 09:18:33] [cot:tool] start shell cd 'C:\Users\ether\AppData\Local\data-insights-blog-workers\worker-5'; git fetch 'E:\AI Projects\data-insights-blog' post/adaptation-economics-research-2026-w1:refs/remotes/prior/adaptation-w1; git log --oneline prior/adaptation-w1 -8; git diff --stat 6268b65...prior/adaptation-w1 | Select-Object -First 40; git show --stat --oneline prior/adaptation-w1 -1
[2026-08-20 09:18:33] [cot:tool] done shell cd 'C:\Users\ether\AppData\Local\data-insights-blog-workers\worker-5'; git fetch 'E:\AI Projects\data-insights-blog' post/adaptation-economics-research-2026-w1:refs/remotes/prior/adaptation-w1; git log --oneline prior/adaptation-w1 -8; git diff --stat 6268b65...prior/adaptation-w1 | Select-Object -First 40; git show --stat --oneline prior/adaptation-w1 -1
[2026-08-20 09:18:33] [cot:thought] The prior work is based on an older master commit (da53305), while the current master is 6268b65. This version gap must be resolved before recovery.
[2026-08-20 09:18:33] [cot:thought] The posts.ts diff
[2026-08-20 09:18:33] [cot:thought] is massive, suggesting line-ending or wholesale rewrite issues. I will either reset the current branch files from the prior WIP or rebase the WIP onto the current master tip. Then I will carefully bring over the post-specific files and resolve conflicts in posts.ts, PostVisualization.tsx, the theme registry, post types, smoke tests, and the backend manifest.
[2026-08-20 09:18:33] [cot:tool] start shell cd 'C:\Users\ether\AppData\Local\data-insights-blog-workers\worker-5'; git show prior/adaptation-w1:src/data/adaptation-economics-research-2026-data.ts | Select-Object -First 80; Write-Host '---'; git show prior/adaptation-w1:src/types/post.ts | Select-String -Pattern 'adaptation|VisualizationType|type Post'; Write-Host '---POSTS---'; git show prior/adaptation-w1:src/data/posts.ts | Select-String -Pattern 'adaptation-economics-research-2026' -Context 0,2 | Select-Object -First 20; Write-Host '---SMOKE---'; git show prior/adaptation-w1:scripts/smoke-test-viz-posts.mjs | Select-String -Pattern 'adaptation' -Context 3,3; Write-Host '---VIZ---'; git show prior/adaptation-w1:src/components/PostVisualization.tsx | Select-String -Pattern 'adaptation' -Context 2,8
[2026-08-20 09:18:33] [cot:tool] start glob
[2026-08-20 09:18:33] [cot:tool] done glob
[2026-08-20 09:18:33] [cot:tool] start grep C:\Users\ether\AppData\Local\data-insights-blog-workers\worker-5\src
[2026-08-20 09:18:33] [cot:tool] start read C:\Users\ether\AppData\Local\data-insights-blog-workers\worker-5\src\components\PostVisualization.tsx
[2026-08-20 09:18:33] [cot:tool] done read C:\Users\ether\AppData\Local\data-insights-blog-workers\worker-5\src\components\PostVisualization.tsx
[2026-08-20 09:18:33] [cot:tool] done grep C:\Users\ether\AppData\Local\data-insights-blog-workers\worker-5\src
[2026-08-20 09:18:33] [cot:tool] done shell cd 'C:\Users\ether\AppData\Local\data-insights-blog-workers\worker-5'; git show prior/adaptation-w1:src/data/adaptation-economics-research-2026-data.ts | Select-Object -First 80; Write-Host '---'; git show prior/adaptation-w1:src/types/post.ts | Select-String -Pattern 'adaptation|VisualizationType|type Post'; Write-Host '---POSTS---'; git show prior/adaptation-w1:src/data/posts.ts | Select-String -Pattern 'adaptation-economics-research-2026' -Context 0,2 | Select-Object -First 20; Write-Host '---SMOKE---'; git show prior/adaptation-w1:scripts/smoke-test-viz-posts.mjs | Select-String -Pattern 'adaptation' -Context 3,3; Write-Host '---VIZ---'; git show prior/adaptation-w1:src/components/PostVisualization.tsx | Select-String -Pattern 'adaptation' -Context 2,8
[2026-08-20 09:18:33] [cot:thought] Recovering the prior branch files onto the current master branch. The prior branch failed
[2026-08-20 09:18:33] [cot:thought] during npm install. The post entry must be extracted from the old posts.ts and inserted into the current file.
[2026-08-20 09:18:33] [cot:thought] PostVisualization, theme-registry, type definitions, smoke tests, and backend manifest also need patching.
[2026-08-20 09:18:33] [cot:thought] Rebase onto current master and rerun QA.
[2026-08-20 09:18:33] [cot:tool] start shell cd 'C:\Users\ether\AppData\Local\data-insights-blog-workers\worker-5'; git checkout prior/adaptation-w1 -- src/data/adaptation-economics-research-2026-data.ts src/components/visualizations/AdaptationEconomicsResearchDashboard.tsx scripts/qa-adaptation-economics-research-2026.mjs public/images/energy-adaptation-economics-research-2026-hero.png; git status --short
[2026-08-20 09:18:34] [cot:tool] start shell cd 'C:\Users\ether\AppData\Local\data-insights-blog-workers\worker-5'; git show prior/adaptation-w1:src/data/posts.ts > $env:TEMP\prior-posts.ts; node -e "
[2026-08-20 09:18:34] [cot:tool] start read C:\Users\ether\AppData\Local\data-insights-blog-workers\worker-5\src\types\post.ts
[2026-08-20 09:18:34] [cot:tool] done read C:\Users\ether\AppData\Local\data-insights-blog-workers\worker-5\src\types\post.ts
[2026-08-20 09:18:34] [cot:tool] start read C:\Users\ether\AppData\Local\data-insights-blog-workers\worker-5\artifacts\backend-manifest.json
[2026-08-20 09:18:34] [cot:tool] done shell cd 'C:\Users\ether\AppData\Local\data-insights-blog-workers\worker-5'; git checkout prior/adaptation-w1 -- src/data/adaptation-economics-research-2026-data.ts src/components/visualizations/AdaptationEconomicsResearchDashboard.tsx scripts/qa-adaptation-economics-research-2026.mjs public/images/energy-adaptation-economics-research-2026-hero.png; git status --short
[2026-08-20 09:18:34] [cot:tool] done read C:\Users\ether\AppData\Local\data-insights-blog-workers\worker-5\artifacts\backend-manifest.json
[2026-08-20 09:18:34] [cot:tool] start grep C:\Users\ether\AppData\Local\data-insights-blog-workers\worker-5\scripts\smoke-test-viz-posts.mjs
[2026-08-20 09:18:34] [cot:tool] start read C:\Users\ether\AppData\Local\data-insights-blog-workers\worker-5\src\components\PostVisualization.tsx
[2026-08-20 09:18:35] [cot:tool] done grep C:\Users\ether\AppData\Local\data-insights-blog-workers\worker-5\scripts\smoke-test-viz-posts.mjs
[2026-08-20 09:18:35] [cot:tool] done read C:\Users\ether\AppData\Local\data-insights-blog-workers\worker-5\src\components\PostVisualization.tsx
[2026-08-20 09:18:35] [cot:tool] done shell cd 'C:\Users\ether\AppData\Local\data-insights-blog-workers\worker-5'; git show prior/adaptation-w1:src/data/posts.ts > $env:TEMP\prior-posts.ts; node -e "
[2026-08-20 09:18:35] [cot:thought] Extracting the post entry via a script file avoids quoting issues. Prior theme-registry and backend-manifest updates will also be retrieved.
[2026-08-20 09:18:35] [cot:tool] start edit C:\Users\ether\AppData\Local\data-insights-blog-workers\worker-5\scripts\_extract-adapt-post.mjs
[2026-08-20 09:18:35] [cot:tool] done edit C:\Users\ether\AppData\Local\data-insights-blog-workers\worker-5\scripts\_extract-adapt-post.mjs
[2026-08-20 09:18:35] [cot:thought] Checking whether the current branch's PostVisualization covers industrial-robotics, ai-supply-chain, and us-billion-dollar.
[2026-08-20 09:18:35] [cot:thought] The read ended at global-shipbuilding.
[2026-08-20 09:18:35] [cot:tool] start shell cd 'C:\Users\ether\AppData\Local\data-insights-blog-workers\worker-5'; node scripts/_extract-adapt-post.mjs; git show prior/adaptation-w1:artifacts/backend-manifest.json; Write-Host '---THEME---'; git show prior/adaptation-w1:src/data/theme-registry.ts | Select-String -Pattern 'adaptation-economics-research' -Context 1,1; Write-Host '---QA---'; Get-Content scripts/qa-adaptation-economics-research-2026.mjs -Raw | Select-Object -First 1; (Get-Content scripts/qa-adaptation-economics-research-2026.mjs).Count
[2026-08-20 09:18:35] [cot:tool] start read C:\Users\ether\AppData\Local\data-insights-blog-workers\worker-5\src\data\posts.ts
[2026-08-20 09:18:35] [cot:tool] done read C:\Users\ether\AppData\Local\data-insights-blog-workers\worker-5\src\data\posts.ts
[2026-08-20 09:18:35] [cot:tool] start grep C:\Users\ether\AppData\Local\data-insights-blog-workers\worker-5\src\components\PostVisualization.tsx
[2026-08-20 09:18:35] [cot:tool] start read C:\Users\ether\AppData\Local\data-insights-blog-workers\worker-5\package.json
[2026-08-20 09:18:35] [cot:tool] done read C:\Users\ether\AppData\Local\data-insights-blog-workers\worker-5\package.json
[2026-08-20 09:18:35] [cot:tool] done grep C:\Users\ether\AppData\Local\data-insights-blog-workers\worker-5\src\components\PostVisualization.tsx
[2026-08-20 09:18:35] [cot:tool] done shell cd 'C:\Users\ether\AppData\Local\data-insights-blog-workers\worker-5'; node scripts/_extract-adapt-post.mjs; git show prior/adaptation-w1:artifacts/backend-manifest.json; Write-Host '---THEME---'; git show prior/adaptation-w1:src/data/theme-registry.ts | Select-String -Pattern 'adaptation-economics-research' -Context 1,1; Write-Host '---QA---'; Get-Content scripts/qa-adaptation-economics-research-2026.mjs -Raw | Select-Object -First 1; (Get-Content scripts/qa-adaptation-economics-research-2026.mjs).Count
[2026-08-20 09:18:35] [cot:thought] The QA script contains encoding corruption with replacement characters for em dashes and checkmarks.
[2026-08-20 09:18:35] [cot:thought] This needs fixing. A layout mismatch
[2026-08-20 09:18:35] [cot:thought] exists between the prior QA manifest and the current post. The smoke marker also uses a hyphen instead of an em dash. Next steps are wiring the post into the registry, updating types and smoke markers, committing WIP chunks, and running deploy.
[2026-08-20 09:18:35] [cot:thought] The dashboard likely
[2026-08-20 09:18:35] [cot:thought] contains the prior smoke marker string. A separate gap in PostVisualization???missing industrial-robotics, ai-supply-chain, and us-billion-dollar entries???may be a pre-existing bug.
[2026-08-20 09:18:35] [cot:thought] I will leave it alone unless build or smoke tests fail.Wiring recovered artifacts into the current tree and fixing the corrupted QA script.
[2026-08-20 09:18:35] [cot:tool] start grep C:\Users\ether\AppData\Local\data-insights-blog-workers\worker-5\src\components\visualizations\AdaptationEconomicsResearchDashboard.tsx
[2026-08-20 09:18:36] [cot:tool] done grep C:\Users\ether\AppData\Local\data-insights-blog-workers\worker-5\src\components\visualizations\AdaptationEconomicsResearchDashboard.tsx
[2026-08-20 09:18:36] [cot:tool] start read C:\Users\ether\AppData\Local\data-insights-blog-workers\worker-5\src\components\visualizations\AdaptationEconomicsResearchDashboard.tsx
[2026-08-20 09:18:36] [cot:tool] done read C:\Users\ether\AppData\Local\data-insights-blog-workers\worker-5\src\components\visualizations\AdaptationEconomicsResearchDashboard.tsx
[2026-08-20 09:18:36] [cot:tool] start read C:\Users\ether\AppData\Local\data-insights-blog-workers\worker-5\scripts\smoke-test-viz-posts.mjs
[2026-08-20 09:18:36] [cot:tool] done read C:\Users\ether\AppData\Local\data-insights-blog-workers\worker-5\scripts\smoke-test-viz-posts.mjs
[2026-08-20 09:18:36] [cot:tool] start grep C:\Users\ether\AppData\Local\data-insights-blog-workers\worker-5\src\components\PostVisualization.tsx
[2026-08-20 09:18:36] [cot:tool] done grep C:\Users\ether\AppData\Local\data-insights-blog-workers\worker-5\src\components\PostVisualization.tsx
[2026-08-20 09:18:36] [cot:tool] start read C:\Users\ether\AppData\Local\data-insights-blog-workers\worker-5\src\data\theme-registry.ts
[2026-08-20 09:18:36] [cot:tool] done read C:\Users\ether\AppData\Local\data-insights-blog-workers\worker-5\src\data\theme-registry.ts
[2026-08-20 09:18:36] [cot:thought] Writing a patch script to wire everything together. Fixing the QA script. Checking a recent PostVisualization registration pattern for dynamic import placement.
[2026-08-20 09:18:36] [cot:tool] start grep C:\Users\ether\AppData\Local\data-insights-blog-workers\worker-5\src\components\PostVisualization.tsx
[2026-08-20 09:18:36] [cot:tool] done grep C:\Users\ether\AppData\Local\data-insights-blog-workers\worker-5\src\components\PostVisualization.tsx
[2026-08-20 09:18:36] [cot:tool] start read C:\Users\ether\AppData\Local\data-insights-blog-workers\worker-5\scripts\_adapt-post-entry.txt
[2026-08-20 09:18:36] [cot:tool] start shell cd 'C:\Users\ether\AppData\Local\data-insights-blog-workers\worker-5'; git show prior/adaptation-w1:scripts/qa-adaptation-economics-research-2026.mjs | Format-Hex | Select-Object -First 5; [System.IO.File]::ReadAllBytes((Resolve-Path 'scripts/qa-adaptation-economics-research-2026.mjs').Path)[0..80] | ForEach-Object { '{0:X2}' -f $_ } | Join-String -Separator ' '; Write-Host '---'; Select-String -Path scripts/qa-adaptation-economics-research-2026.mjs -Pattern 'markers|Adaptation' | ForEach-Object { $_.Line }
[2026-08-20 09:18:36] [cot:tool] done read C:\Users\ether\AppData\Local\data-insights-blog-workers\worker-5\scripts\_adapt-post-entry.txt
[2026-08-20 09:18:36] [cot:tool] done shell cd 'C:\Users\ether\AppData\Local\data-insights-blog-workers\worker-5'; git show prior/adaptation-w1:scripts/qa-adaptation-economics-research-2026.mjs | Format-Hex | Select-Object -First 5; [System.IO.File]::ReadAllBytes((Resolve-Path 'scripts/qa-adaptation-economics-research-2026.mjs').Path)[0..80] | ForEach-Object { '{0:X2}' -f $_ } | Join-String -Separator ' '; Write-Host '---'; Select-String -Path scripts/qa-adaptation-economics-research-2026.mjs -Pattern 'markers|Adaptation' | ForEach-Object { $_.Line }
[2026-08-20 09:18:36] [cot:thought] Select-String shows the marker is already a hyphen in the working copy. Earlier Get-Content revealed corrupted characters.
[2026-08-20 09:18:36] [cot:thought] The QA markers still
[2026-08-20 09:18:36] [cot:thought] use a hyphen, but the dashboard displays an em dash. This mismatch breaks Playwright substring matching. The markers need to be updated to use the em dash.
[2026-08-20 09:18:36] [cot:thought] The smoke marker also
[2026-08-20 09:18:36] [cot:thought] uses a hyphen. I will write a wire-up script and rewrite the QA file cleanly.
[2026-08-20 09:18:36] [cot:tool] start edit C:\Users\ether\AppData\Local\data-insights-blog-workers\worker-5\scripts\_wire-adapt.mjs
[2026-08-20 09:18:37] [cot:tool] start edit C:\Users\ether\AppData\Local\data-insights-blog-workers\worker-5\scripts\qa-adaptation-economics-research-2026.mjs
[2026-08-20 09:18:37] [cot:tool] done edit C:\Users\ether\AppData\Local\data-insights-blog-workers\worker-5\scripts\_wire-adapt.mjs
[2026-08-20 09:18:37] [cot:tool] done edit C:\Users\ether\AppData\Local\data-insights-blog-workers\worker-5\scripts\qa-adaptation-economics-research-2026.mjs
[2026-08-20 09:18:37] [cot:thought] Checking whether SortedTooltip exists and if data module imports work. Checking dashboard
[2026-08-20 09:18:37] [cot:thought] layout differences between canvas and default. Then running the wire script and committing WIP.
[2026-08-20 09:18:37] [cot:tool] start shell cd 'C:\Users\ether\AppData\Local\data-insights-blog-workers\worker-5'; node scripts/_wire-adapt.mjs; Remove-Item scripts/_wire-adapt.mjs, scripts/_extract-adapt-post.mjs, scripts/_adapt-post-entry.txt -ErrorAction SilentlyContinue; Select-String -Path src/data/posts.ts,src/types/post.ts,src/data/theme-registry.ts,src/components/PostVisualization.tsx,scripts/smoke-test-viz-posts.mjs -Pattern 'adaptation-economics-research-2026' | Select-Object -First 15; Test-Path public/images/energy-adaptation-economics-research-2026-hero.png; Test-Path src/components/charts/SortedTooltip.tsx
[2026-08-20 09:18:37] [cot:tool] start shell $env:BLOG_REPO_ROOT='E:\AI Projects\data-insights-blog'; npx tsx "E:\AI Projects\data-insights-blog/scripts/update-agent-job.mjs" --job job-msa0sb5p-2dxnh --status building --activity "Recovery: finishing post artifacts"
[2026-08-20 09:18:37] [cot:tool] done shell cd 'C:\Users\ether\AppData\Local\data-insights-blog-workers\worker-5'; node scripts/_wire-adapt.mjs; Remove-Item scripts/_wire-adapt.mjs, scripts/_extract-adapt-post.mjs, scripts/_adapt-post-entry.txt -ErrorAction SilentlyContinue; Select-String -Path src/data/posts.ts,src/types/post.ts,src/data/theme-registry.ts,src/components/PostVisualization.tsx,scripts/smoke-test-viz-posts.mjs -Pattern 'adaptation-economics-research-2026' | Select-Object -First 15; Test-Path public/images/energy-adaptation-economics-research-2026-hero.png; Test-Path src/components/charts/SortedTooltip.tsx
[2026-08-20 09:18:37] [cot:tool] done shell $env:BLOG_REPO_ROOT='E:\AI Projects\data-insights-blog'; npx tsx "E:\AI Projects\data-insights-blog/scripts/update-agent-job.mjs" --job job-msa0sb5p-2dxnh --status building --activity "Recovery: finishing post artifacts"
[2026-08-20 09:18:37] [cot:thought] Checking posts.ts for CRLF line endings.
[2026-08-20 09:18:37] [cot:tool] start shell cd 'C:\Users\ether\AppData\Local\data-insights-blog-workers\worker-5'; node -e "const fs=require('fs'); const b=fs.readFileSync('src/data/posts.ts'); const i=b.indexOf(Buffer.from('export const samplePosts')); console.log([...b.slice(i,i+60)].map(x=>x.toString(16).padStart(2,'0')).join(' ')); console.log(JSON.stringify(b.slice(i,i+45).toString('utf8')));"
[2026-08-20 09:18:37] [cot:tool] done shell cd 'C:\Users\ether\AppData\Local\data-insights-blog-workers\worker-5'; node -e "const fs=require('fs'); const b=fs.readFileSync('src/data/posts.ts'); const i=b.indexOf(Buffer.from('export const samplePosts')); console.log([...b.slice(i,i+60)].map(x=>x.toString(16).padStart(2,'0')).join(' ')); console.log(JSON.stringify(b.slice(i,i+45).toString('utf8')));"
[2026-08-20 09:18:37] [cot:thought] The wire script needs CRLF line-ending fixes. The `_wire-adapt.mjs`
[2026-08-20 09:18:37] [cot:thought] file may have been left behind. Fixing it and re-running.
[2026-08-20 09:18:37] [cot:tool] start edit C:\Users\ether\AppData\Local\data-insights-blog-workers\worker-5\scripts\_wire-adapt.mjs
[2026-08-20 09:18:37] [cot:tool] done edit
[2026-08-20 09:18:37] [cot:thought] The wire script may have been deleted by Remove-Item despite the node script failure.
[2026-08-20 09:18:37] [cot:thought] Remove-Item ran because
[2026-08-20 09:18:37] [cot:thought] it followed the node command with a semicolon. The post entry file was also deleted. It must be re-extracted.
[2026-08-20 09:18:37] [cot:thought] Re-extracting the post entry and re-running the wire-up after the failed cleanup wiped the temp files.
[2026-08-20 09:18:37] [cot:tool] start shell cd 'C:\Users\ether\AppData\Local\data-insights-blog-workers\worker-5'; node -e "
[2026-08-20 09:18:37] [cot:tool] done shell cd 'C:\Users\ether\AppData\Local\data-insights-blog-workers\worker-5'; node -e "
[2026-08-20 09:18:37] [cot:thought] PowerShell is mangling quotes. Writing a file directly
[2026-08-20 09:18:37] [cot:thought] avoids the quote mangling.
[2026-08-20 09:18:37] [cot:tool] start edit C:\Users\ether\AppData\Local\data-insights-blog-workers\worker-5\scripts\_extract-adapt-post.mjs
[2026-08-20 09:18:38] [cot:tool] start edit C:\Users\ether\AppData\Local\data-insights-blog-workers\worker-5\scripts\_wire-adapt.mjs
[2026-08-20 09:18:38] [cot:tool] done edit C:\Users\ether\AppData\Local\data-insights-blog-workers\worker-5\scripts\_extract-adapt-post.mjs
[2026-08-20 09:18:38] [cot:tool] done edit C:\Users\ether\AppData\Local\data-insights-blog-workers\worker-5\scripts\_wire-adapt.mjs
[2026-08-20 09:18:38] [cot:thought] Checking line endings between theme-registry and post.ts. Proceeding to run
[2026-08-20 09:18:38] [cot:thought] the scripts.
[2026-08-20 09:18:38] [cot:tool] start shell cd 'C:\Users\ether\AppData\Local\data-insights-blog-workers\worker-5'; node scripts/_extract-adapt-post.mjs; node scripts/_wire-adapt.mjs; Remove-Item scripts/_wire-adapt.mjs, scripts/_extract-adapt-post.mjs, scripts/_adapt-post-entry.txt -ErrorAction SilentlyContinue; git status --short | Select-Object -First 30; Select-String -Path src/data/posts.ts -Pattern 'adaptation-economics-research-2026' | Select-Object -First 3
[2026-08-20 09:18:38] [cot:tool] done shell cd 'C:\Users\ether\AppData\Local\data-insights-blog-workers\worker-5'; node scripts/_extract-adapt-post.mjs; node scripts/_wire-adapt.mjs; Remove-Item scripts/_wire-adapt.mjs, scripts/_extract-adapt-post.mjs, scripts/_adapt-post-entry.txt -ErrorAction SilentlyContinue; git status --short | Select-Object -First 30; Select-String -Path src/data/posts.ts -Pattern 'adaptation-economics-research-2026' | Select-Object -First 3
[2026-08-20 09:18:38] [cot:thought] Committing the work-in-progress now. Then checking the dashboard and data for TypeScript issues.
[2026-08-20 09:18:38] [cot:thought] Finally running deploy. Verifying post completeness
[2026-08-20 09:18:38] [cot:thought] and the SortedTooltip import. The publishedAt date is fine. Proceeding to commit WIP and run QA.
[2026-08-20 09:18:38] [cot:thought] Core artifacts are wired. Committing WIP, then running local QA.
[2026-08-20 09:18:38] [cot:tool] start shell cd 'C:\Users\ether\AppData\Local\data-insights-blog-workers\worker-5'; git add public/images/energy-adaptation-economics-research-2026-hero.png scripts/qa-adaptation-economics-research-2026.mjs scripts/smoke-test-viz-posts.mjs src/components/PostVisualization.tsx src/components/visualizations/AdaptationEconomicsResearchDashboard.tsx src/data/adaptation-economics-research-2026-data.ts src/data/posts.ts src/data/theme-registry.ts src/types/post.ts artifacts/backend-manifest.json; git commit --trailer "Co-authored-by: Cursor <cursoragent@cursor.com>" -m "$(cat <<'EOF'
[2026-08-20 09:18:38] [cot:tool] done shell cd 'C:\Users\ether\AppData\Local\data-insights-blog-workers\worker-5'; git add public/images/energy-adaptation-economics-research-2026-hero.png scripts/qa-adaptation-economics-research-2026.mjs scripts/smoke-test-viz-posts.mjs src/components/PostVisualization.tsx src/components/visualizations/AdaptationEconomicsResearchDashboard.tsx src/data/adaptation-economics-research-2026-data.ts src/data/posts.ts src/data/theme-registry.ts src/types/post.ts artifacts/backend-manifest.json; git commit --trailer "Co-authored-by: Cursor <cursoragent@cursor.com>" -m "$(cat <<'EOF'
[2026-08-20 09:18:38] [cot:thought] PowerShell does not support bash heredocs. A different approach
[2026-08-20 09:18:38] [cot:thought] is needed for commit messages on Windows.
[2026-08-20 09:18:38] [cot:tool] start shell cd 'C:\Users\ether\AppData\Local\data-insights-blog-workers\worker-5'; git add public/images/energy-adaptation-economics-research-2026-hero.png scripts/qa-adaptation-economics-research-2026.mjs scripts/smoke-test-viz-posts.mjs src/components/PostVisualization.tsx src/components/visualizations/AdaptationEconomicsResearchDashboard.tsx src/data/adaptation-economics-research-2026-data.ts src/data/posts.ts src/data/theme-registry.ts src/types/post.ts artifacts/backend-manifest.json; git commit --trailer "Co-authored-by: Cursor <cursoragent@cursor.com>" -m "wip(adaptation-economics-research-2026): recover prior artifacts onto current tip"; git status --short; git log --oneline -3
[2026-08-20 09:18:39] [cot:tool] done shell cd 'C:\Users\ether\AppData\Local\data-insights-blog-workers\worker-5'; git add public/images/energy-adaptation-economics-research-2026-hero.png scripts/qa-adaptation-economics-research-2026.mjs scripts/smoke-test-viz-posts.mjs src/components/PostVisualization.tsx src/components/visualizations/AdaptationEconomicsResearchDashboard.tsx src/data/adaptation-economics-research-2026-data.ts src/data/posts.ts src/data/theme-registry.ts src/types/post.ts artifacts/backend-manifest.json; git commit --trailer "Co-authored-by: Cursor <cursoragent@cursor.com>" -m "wip(adaptation-economics-research-2026): recover prior artifacts onto current tip"; git status --short; git log --oneline -3
[2026-08-20 09:18:39] [cot:thought] Running `npm run deploy` with smoke ports. The deployment will
[2026-08-20 09:18:39] [cot:thought] take a while. The job will be updated to QA status.
[2026-08-20 09:18:39] [cot:tool] start shell $env:BLOG_REPO_ROOT='E:\AI Projects\data-insights-blog'; npx tsx "E:\AI Projects\data-insights-blog/scripts/update-agent-job.mjs" --job job-msa0sb5p-2dxnh --status qa --activity "Recovery: local build + smoke"
[2026-08-20 09:18:39] [cot:tool] start shell cd 'C:\Users\ether\AppData\Local\data-insights-blog-workers\worker-5'; $env:SMOKE_PORT='4188'; $env:SMOKE_QA_PORT='4189'; npm run deploy
[2026-08-20 09:18:39] [cot:tool] done shell cd 'C:\Users\ether\AppData\Local\data-insights-blog-workers\worker-5'; $env:SMOKE_PORT='4188'; $env:SMOKE_QA_PORT='4189'; npm run deploy
[2026-08-20 09:18:39] [cot:tool] done shell $env:BLOG_REPO_ROOT='E:\AI Projects\data-insights-blog'; npx tsx "E:\AI Projects\data-insights-blog/scripts/update-agent-job.mjs" --job job-msa0sb5p-2dxnh --status qa --activity "Recovery: local build + smoke"
[2026-08-20 09:18:39] [cot:thought] Node modules are missing. I will run npm install first.Installing dependencies, then re-running deploy.
[2026-08-20 09:18:39] [cot:tool] start shell cd 'C:\Users\ether\AppData\Local\data-insights-blog-workers\worker-5'; npm install; $env:SMOKE_PORT='4188'; $env:SMOKE_QA_PORT='4189'; npm run deploy
[2026-08-20 09:18:39] [cot:tool] start shell cd 'C:\Users\ether\AppData\Local\data-insights-blog-workers\worker-5'; npm install; $env:SMOKE_PORT='4188'; $env:SMOKE_QA_PORT='4189'; npm run deploy
[2026-08-20 09:18:39] [cot:tool] start shell cd 'C:\Users\ether\AppData\Local\data-insights-blog-workers\worker-5'; npm install; $env:SMOKE_PORT='4188'; $env:SMOKE_QA_PORT='4189'; npm run deploy
[2026-08-20 09:18:39] [cot:tool] done shell cd 'C:\Users\ether\AppData\Local\data-insights-blog-workers\worker-5'; npm install; $env:SMOKE_PORT='4188'; $env:SMOKE_QA_PORT='4189'; npm run deploy
[2026-08-20 09:18:39] [cot:thought] Checking the deploy error output.
[2026-08-20 09:18:39] [cot:tool] start shell Get-Content 'C:\Users\ether\.cursor\projects\C-Users-ether-AppData-Local-data-insights-blog-workers-worker-5\agent-tools\c213ffff-e83f-410f-a8f6-ccbbff54c601.txt' -Tail 80
[2026-08-20 09:18:39] [cot:tool] done shell Get-Content 'C:\Users\ether\.cursor\projects\C-Users-ether-AppData-Local-data-insights-blog-workers-worker-5\agent-tools\c213ffff-e83f-410f-a8f6-ccbbff54c601.txt' -Tail 80
[2026-08-20 09:18:39] [cot:thought] npm install failed due to sandbox and EPERM errors. Clearing node_modules
[2026-08-20 09:18:40] [cot:thought] and reinstalling dependencies outside the sandbox with full permissions.Cleaning a broken `node_modules` and reinstalling outside the sandbox.
[2026-08-20 09:18:40] [cot:tool] start shell cd 'C:\Users\ether\AppData\Local\data-insights-blog-workers\worker-5'; if (Test-Path node_modules) { Remove-Item -Recurse -Force node_modules -ErrorAction SilentlyContinue }; if (Test-Path node_modules) { cmd /c "rmdir /s /q node_modules" }; npm ci 2>$null; if ($LASTEXITCODE -ne 0) { npm install }; Test-Path node_modules/next/dist/bin/next; npx next --version
[2026-08-20 09:18:40] [cot:tool] start shell cd 'C:\Users\ether\AppData\Local\data-insights-blog-workers\worker-5'; if (Test-Path node_modules) { Remove-Item -Recurse -Force node_modules -ErrorAction SilentlyContinue }; if (Test-Path node_modules) { cmd /c "rmdir /s /q node_modules" }; npm ci 2>$null; if ($LASTEXITCODE -ne 0) { npm install }; Test-Path node_modules/next/dist/bin/next; npx next --version
[2026-08-20 09:18:40] [cot:tool] done shell cd 'C:\Users\ether\AppData\Local\data-insights-blog-workers\worker-5'; if (Test-Path node_modules) { Remove-Item -Recurse -Force node_modules -ErrorAction SilentlyContinue }; if (Test-Path node_modules) { cmd /c "rmdir /s /q node_modules" }; npm ci 2>$null; if ($LASTEXITCODE -ne 0) { npm install }; Test-Path node_modules/next/dist/bin/next; npx next --version
[2026-08-20 09:18:40] [cot:thought] Polling the terminal for progress.
[2026-08-20 09:18:40] [cot:tool] start await
[2026-08-20 09:18:40] [cot:tool] done await
[2026-08-20 09:18:40] [cot:thought] The process has been running for seven minutes. Checking the output now.
[2026-08-20 09:18:40] [cot:tool] start read C:\Users\ether\.cursor\projects\C-Users-ether-AppData-Local-data-insights-blog-workers-worker-5\terminals\707671.txt
[2026-08-20 09:18:40] [cot:tool] done read C:\Users\ether\.cursor\projects\C-Users-ether-AppData-Local-data-insights-blog-workers-worker-5\terminals\707671.txt
[2026-08-20 09:18:40] [cot:thought] The process appears stuck while removing node_modules.
[2026-08-20 09:18:40] [cot:tool] start await
[2026-08-20 09:18:40] [cot:tool] done await
[2026-08-20 09:18:40] [cot:thought] Reading the output.
[2026-08-20 09:18:40] [cot:tool] start read C:\Users\ether\.cursor\projects\C-Users-ether-AppData-Local-data-insights-blog-workers-worker-5\terminals\707671.txt
[2026-08-20 09:18:40] [cot:tool] done read C:\Users\ether\.cursor\projects\C-Users-ether-AppData-Local-data-insights-blog-workers-worker-5\terminals\707671.txt
[2026-08-20 09:18:40] [cot:thought] Next is installed. Running deploy now.Dependencies are healthy. Running the deploy gate.
[2026-08-20 09:18:40] [cot:tool] start shell cd 'C:\Users\ether\AppData\Local\data-insights-blog-workers\worker-5'; $env:SMOKE_PORT='4188'; $env:SMOKE_QA_PORT='4189'; npm run deploy
[2026-08-20 09:18:40] [cot:tool] done shell cd 'C:\Users\ether\AppData\Local\data-insights-blog-workers\worker-5'; $env:SMOKE_PORT='4188'; $env:SMOKE_QA_PORT='4189'; npm run deploy
[2026-08-20 09:18:40] [cot:thought] The deployment passed successfully. Proceeding to the next steps. Verifying the deployed
[2026-08-20 09:18:40] [cot:thought] artifact exists. Running the dedicated QA script and checking for uncommitted changes. Preparing the final commit and WorkerReady status.
[2026-08-20 09:18:40] [cot:thought] Deploy passed. Verifying the artifact, running the post QA script, then committing and marking ready.
[2026-08-20 09:18:40] [cot:tool] start shell cd 'C:\Users\ether\AppData\Local\data-insights-blog-workers\worker-5'; Test-Path 'out/blog/adaptation-economics-research-2026'; Test-Path 'out/blog/adaptation-economics-research-2026.html'; Get-ChildItem 'out/blog' -Filter '*adaptation*'; $env:SMOKE_PORT='4188'; node scripts/qa-adaptation-economics-research-2026.mjs; git status --short
[2026-08-20 09:18:40] [cot:tool] done shell cd 'C:\Users\ether\AppData\Local\data-insights-blog-workers\worker-5'; Test-Path 'out/blog/adaptation-economics-research-2026'; Test-Path 'out/blog/adaptation-economics-research-2026.html'; Get-ChildItem 'out/blog' -Filter '*adaptation*'; $env:SMOKE_PORT='4188'; node scripts/qa-adaptation-economics-research-2026.mjs; git status --short
[2026-08-20 09:18:40] [cot:thought] QA appears to be progressing. Waiting for completion.
[2026-08-20 09:18:40] [cot:tool] start await
[2026-08-20 09:18:41] [cot:tool] done await
[2026-08-20 09:18:41] [cot:thought] Reviewing the full output before finalizing.
[2026-08-20 09:18:41] [cot:tool] start read C:\Users\ether\.cursor\projects\C-Users-ether-AppData-Local-data-insights-blog-workers-worker-5\terminals\707672.txt
[2026-08-20 09:18:41] [cot:tool] start shell cd 'C:\Users\ether\AppData\Local\data-insights-blog-workers\worker-5'; git status --short; git log --oneline -3
[2026-08-20 09:18:41] [cot:tool] done read C:\Users\ether\.cursor\projects\C-Users-ether-AppData-Local-data-insights-blog-workers-worker-5\terminals\707672.txt
[2026-08-20 09:18:41] [cot:tool] done shell cd 'C:\Users\ether\AppData\Local\data-insights-blog-workers\worker-5'; git status --short; git log --oneline -3
[2026-08-20 09:18:41] [cot:thought] The working tree is clean. The WIP commit already
[2026-08-20 09:18:41] [cot:thought] contains the full recovery work. The remaining task is to finalize the commit message as `feat(post): adaptation-economics-research-2026 (recovery)`. Since the working tree is clean, I am weighing whether to amend the existing commit or add a minimal tweak to satisfy the no-empty-commits rule.
[2026-08-20 09:18:41] [cot:thought] A soft reset will fold the WIP commit into a single `feat` commit. This avoids an empty commit and matches standard recovery workflow.
[2026-08-20 09:18:41] [cot:thought] Working tree is clean after WIP. Squashing into the required `feat` recovery commit, then marking the job ready.
[2026-08-20 09:18:41] [cot:tool] start shell cd 'C:\Users\ether\AppData\Local\data-insights-blog-workers\worker-5'; git reset --soft HEAD~1; git commit --trailer "Co-authored-by: Cursor <cursoragent@cursor.com>" -m "feat(post): adaptation-economics-research-2026 (recovery)"; git log --oneline -3; git status --short; $env:BLOG_REPO_ROOT='E:\AI Projects\data-insights-blog'; npx tsx "E:\AI Projects\data-insights-blog/scripts/update-agent-job.mjs" --job job-msa0sb5p-2dxnh --status ready --activity "Recovery ready for merge" --headline "`$187-359B adaptation gap vs `$28B public flows ?? ~`$2T climate finance ?? `$64B adaptation ?? `$424B protection gap"
[2026-08-20 09:18:41] [cot:tool] done shell cd 'C:\Users\ether\AppData\Local\data-insights-blog-workers\worker-5'; git reset --soft HEAD~1; git commit --trailer "Co-authored-by: Cursor <cursoragent@cursor.com>" -m "feat(post): adaptation-economics-research-2026 (recovery)"; git log --oneline -3; git status --short; $env:BLOG_REPO_ROOT='E:\AI Projects\data-insights-blog'; npx tsx "E:\AI Projects\data-insights-blog/scripts/update-agent-job.mjs" --job job-msa0sb5p-2dxnh --status ready --activity "Recovery ready for merge" --headline "`$187-359B adaptation gap vs `$28B public flows ?? ~`$2T climate finance ?? `$64B adaptation ?? `$424B protection gap"
[2026-08-20 09:18:41] [cot:thought] PowerShell backtick escaping may have caused the headline failure. Verifying the job
[2026-08-20 09:18:41] [cot:thought] update included the correct headline.
[2026-08-20 09:18:41] [cot:tool] start shell $env:BLOG_REPO_ROOT='E:\AI Projects\data-insights-blog'; node -e "const j=require('E:/AI Projects/data-insights-blog/artifacts/agent-jobs.json'); const x=j.jobs.find(j=>j.id==='job-msa0sb5p-2dxnh'); console.log(JSON.stringify({status:x.status,activity:x.activity,headlineStat:x.headlineStat,branch:x.branch,workerId:x.workerId},null,2));"
[2026-08-20 09:18:41] [cot:tool] done shell $env:BLOG_REPO_ROOT='E:\AI Projects\data-insights-blog'; node -e "const j=require('E:/AI Projects/data-insights-blog/artifacts/agent-jobs.json'); const x=j.jobs.find(j=>j.id==='job-msa0sb5p-2dxnh'); console.log(JSON.stringify({status:x.status,activity:x.activity,headlineStat:x.headlineStat,branch:x.branch,workerId:x.workerId},null,2));"
[2026-08-20 09:18:41] [cot:thought] PowerShell escaping turned an en-dash into a hyphen in the headline. I'll correct it with a better update method.
[2026-08-20 09:18:41] [cot:tool] start shell $env:BLOG_REPO_ROOT='E:\AI Projects\data-insights-blog'; npx tsx "E:\AI Projects\data-insights-blog/scripts/update-agent-job.mjs" --job job-msa0sb5p-2dxnh --status ready --activity "Recovery ready for merge" --headline ([char]0x0024 + '187' + [char]0x2013 + '359B adaptation gap vs ' + [char]0x0024 + '28B public flows ?? ~' + [char]0x0024 + '2T climate finance ?? ' + [char]0x0024 + '64B adaptation ?? ' + [char]0x0024 + '424B protection gap')
[2026-08-20 09:18:41] [cot:tool] done shell $env:BLOG_REPO_ROOT='E:\AI Projects\data-insights-blog'; npx tsx "E:\AI Projects\data-insights-blog/scripts/update-agent-job.mjs" --job job-msa0sb5p-2dxnh --status ready --activity "Recovery ready for merge" --headline ([char]0x0024 + '187' + [char]0x2013 + '359B adaptation gap vs ' + [char]0x0024 + '28B public flows ?? ~' + [char]0x0024 + '2T climate finance ?? ' + [char]0x0024 + '64B adaptation ?? ' + [char]0x0024 + '424B protection gap')
[2026-08-20 09:18:41] [cot:thought] Verifying the headline once more before printing the WorkerReady status.
[2026-08-20 09:18:41] [cot:tool] start shell $env:BLOG_REPO_ROOT='E:\AI Projects\data-insights-blog'; node -e "const j=require('E:/AI Projects/data-insights-blog/artifacts/agent-jobs.json'); const x=j.jobs.find(j=>j.id==='job-msa0sb5p-2dxnh'); console.log(x.headlineStat); console.log(x.status);"
[2026-08-20 09:18:41] [cot:tool] done shell $env:BLOG_REPO_ROOT='E:\AI Projects\data-insights-blog'; node -e "const j=require('E:/AI Projects/data-insights-blog/artifacts/agent-jobs.json'); const x=j.jobs.find(j=>j.id==='job-msa0sb5p-2dxnh'); console.log(x.headlineStat); console.log(x.status);"
[2026-08-20 09:18:41] [cot:thought] The recovery is complete. WorkerReady is printed and the process exits.Recovered prior WIP from `prior/adaptation-w1` onto current tip, fixed wire-up/QA, and passed local deploy.
[2026-08-20 09:18:41] [cot:system] task_notification
[2026-08-20 09:18:41] [cot:system] task_notification
[2026-08-20 09:18:41] [cot:system] task_notification
[2026-08-20 09:18:41] [cot:thought] **WorkerReady: adaptation-economics-research-2026 | job=job-msa0sb5p-2dxnh | worker=5 | recovery=1**
