[2026-08-20 18:41:08] [cot:system] session model=Auto cwd=C:\Users\ether\AppData\Local\data-insights-blog-workers\worker-1
[2026-08-20 18:41:08] [cot:user] You are a blog production WORKER in a parallel multi-agent system. ## Identity - Worker ID: 1 - Job ID: job-mt22din7-mihxf - Assigned slug: ai-financing-update-2026 - Theme ID: ai-financing - CategoryΓÇª
[2026-08-20 18:41:09] [cot:thought] Beginning blog production work for ai-financing-update-2026. Reviewing production
[2026-08-20 18:41:09] [cot:thought] rules and worktree state before building the post.Starting the AI financing update post as worker 1.
[2026-08-20 18:41:09] [cot:thought] Checking conveyor sync state and production rules, then moving into the data-module phase.
[2026-08-20 18:41:09] [cot:tool] start read C:\Users\ether\AppData\Local\data-insights-blog-workers\worker-1\.cursor\rules\autonomous-blog-production.mdc
[2026-08-20 18:41:09] [cot:tool] start read C:\Users\ether\AppData\Local\data-insights-blog-workers\worker-1\artifacts\conveyor-sync.json
[2026-08-20 18:41:10] [cot:tool] done read ?
[2026-08-20 18:41:10] [cot:tool] done read ?
[2026-08-20 18:41:10] [cot:tool] start glob
[2026-08-20 18:41:10] [cot:tool] start shell $env:BLOG_REPO_ROOT='E:\AI Projects\data-insights-blog'; npx tsx "E:\AI Projects\data-insights-blog\scripts\update-agent-job.mjs" --job job-mt22din7-mihxf --status researching --activity "Phase 1: checking sync + prior ai-financing posts"
[2026-08-20 18:41:10] [cot:tool] done glob
[2026-08-20 18:41:11] [cot:tool] done shell $env:BLOG_REPO_ROOT='E:\AI Projects\data-insights-blog'; npx tsx "E:\AI Projects\data-insights-blog\scripts\update-agent-job.mjs" --job job-mt22din7-mihxf --status researching --activity "Phase 1: checking sync + prior ai-financing posts"
[2026-08-20 18:41:11] [cot:thought] I am exploring the workspace to locate the rules file, existing posts, prior ai-financing content, and theme registry.
[2026-08-20 18:41:11] [cot:tool] start glob
[2026-08-20 18:41:11] [cot:tool] start grep C:\Users\ether\AppData\Local\data-insights-blog-workers\worker-1\src
[2026-08-20 18:41:12] [cot:tool] start glob
[2026-08-20 18:41:12] [cot:tool] start shell git status; git branch --show-current; ls artifacts 2>$null; ls .cursor/rules 2>$null
[2026-08-20 18:41:12] [cot:tool] done glob
[2026-08-20 18:41:12] [cot:tool] done grep C:\Users\ether\AppData\Local\data-insights-blog-workers\worker-1\src
[2026-08-20 18:41:12] [cot:tool] done glob
[2026-08-20 18:41:12] [cot:tool] done shell git status; git branch --show-current; ls artifacts 2>$null; ls .cursor/rules 2>$null
[2026-08-20 18:41:12] [cot:thought] Proceeding without conveyor-sync.json. Reviewing the prior
[2026-08-20 18:41:12] [cot:thought] AI financing post and update patterns to understand content vintage and structure.
[2026-08-20 18:41:12] [cot:thought] Prior post and a recent update-style post will define the vintage delta and structure.
[2026-08-20 18:41:12] [cot:tool] start read C:\Users\ether\AppData\Local\data-insights-blog-workers\worker-1\src\data\ai-financing-research-2026-data.ts
[2026-08-20 18:41:13] [cot:tool] start read C:\Users\ether\AppData\Local\data-insights-blog-workers\worker-1\src\data\posts.ts
[2026-08-20 18:41:13] [cot:tool] start grep C:\Users\ether\AppData\Local\data-insights-blog-workers\worker-1\src\data\posts.ts
[2026-08-20 18:41:13] [cot:tool] start glob
[2026-08-20 18:41:13] [cot:tool] done read C:\Users\ether\AppData\Local\data-insights-blog-workers\worker-1\src\data\ai-financing-research-2026-data.ts
[2026-08-20 18:41:13] [cot:tool] done read C:\Users\ether\AppData\Local\data-insights-blog-workers\worker-1\src\data\posts.ts
[2026-08-20 18:41:13] [cot:tool] done grep C:\Users\ether\AppData\Local\data-insights-blog-workers\worker-1\src\data\posts.ts
[2026-08-20 18:41:13] [cot:tool] done glob
[2026-08-20 18:41:13] [cot:thought] The `ai-capex-intensity-update-2026` post provides a useful structural reference.
[2026-08-20 18:41:13] [cot:thought] The next step is to
[2026-08-20 18:41:13] [cot:thought] review the data module and dashboard as templates. Research will focus on mid-to-late August 2026 data changes versus the July post.
[2026-08-20 18:41:13] [cot:thought] Using the intensity-update post as the template and checking for newer financing vintage data.
[2026-08-20 18:41:13] [cot:tool] start read C:\Users\ether\AppData\Local\data-insights-blog-workers\worker-1\src\data\ai-capex-intensity-update-2026-data.ts
[2026-08-20 18:41:14] [cot:tool] start glob
[2026-08-20 18:41:14] [cot:tool] done read C:\Users\ether\AppData\Local\data-insights-blog-workers\worker-1\src\data\ai-capex-intensity-update-2026-data.ts
[2026-08-20 18:41:14] [cot:tool] done glob
[2026-08-20 18:41:14] [cot:tool] start read C:\Users\ether\AppData\Local\data-insights-blog-workers\worker-1\src\data\posts.ts
[2026-08-20 18:41:14] [cot:tool] done read C:\Users\ether\AppData\Local\data-insights-blog-workers\worker-1\src\data\posts.ts
[2026-08-20 18:41:14] [cot:tool] start webSearch
[2026-08-20 18:41:14] [cot:tool] done webSearch
[2026-08-20 18:41:14] [cot:thought] Goldman Sachs reports roughly $500 billion in AI-related debt issuance so far in 2026.
[2026-08-20 18:41:14] [cot:thought] Hyperscalers account for only about 40% of that total. The prior post projected
[2026-08-20 18:41:14] [cot:thought] $194 billion in hyperscaler debt through 2026. The new vintage widens the scope to the full AI ecosystem debt wall.
[2026-08-20 18:41:14] [cot:thought] I am pulling fresh figures from the Goldman Sachs exchange transcript and Global Treasurer article to calculate precise vintage deltas.
[2026-08-20 18:41:14] [cot:tool] start read C:\Users\ether\.cursor\projects\C-Users-ether-AppData-Local-data-insights-blog-workers-worker-1\agent-tools\5cd77971-dd7e-4e55-8b5c-a19c133d35da.txt
[2026-08-20 18:41:14] [cot:tool] start webFetch
[2026-08-20 18:41:15] [cot:tool] start read C:\Users\ether\AppData\Local\data-insights-blog-workers\worker-1\src\components\visualizations\AiCapexIntensityUpdateDashboard.tsx
[2026-08-20 18:41:15] [cot:tool] start read C:\Users\ether\AppData\Local\data-insights-blog-workers\worker-1\src\data\ai-financing-research-2026-data.ts
[2026-08-20 18:41:15] [cot:tool] done read C:\Users\ether\.cursor\projects\C-Users-ether-AppData-Local-data-insights-blog-workers-worker-1\agent-tools\5cd77971-dd7e-4e55-8b5c-a19c133d35da.txt
[2026-08-20 18:41:15] [cot:tool] done read C:\Users\ether\AppData\Local\data-insights-blog-workers\worker-1\src\components\visualizations\AiCapexIntensityUpdateDashboard.tsx
[2026-08-20 18:41:15] [cot:tool] done read C:\Users\ether\AppData\Local\data-insights-blog-workers\worker-1\src\data\ai-financing-research-2026-data.ts
[2026-08-20 18:41:15] [cot:tool] done webFetch
[2026-08-20 18:41:15] [cot:thought] The AI financing update will follow a vintage delta narrative. The prior vintage
[2026-08-20 18:41:15] [cot:thought] tracked hyperscaler IG bonds at roughly $194B YTD. The new vintage expands the AI debt wave to about $489???500B YTD. Hyperscalers now represent only ~40% of that total. AI-related IG supply has grown from 1% to roughly 18% of the US IG market.
[2026-08-20 18:41:15] [cot:thought] AI leader basket spreads
[2026-08-20 18:41:15] [cot:thought] nearly doubled from 74 bps to 148 bps. Non-dollar hyperscaler bonds rose from 14% to 33% of the supply.
[2026-08-20 18:41:15] [cot:thought] Amazon???s IG index weight jumped from #20 to #1. Google fell from #86 to #18. A bank capacity case study estimates roughly $510B in incremental IG capacity if hyperscalers match bank index weights.
[2026-08-20 18:41:15] [cot:thought] Project finance and private credit serve as overflow channels. Oracle CDS moved up 44 bps to 87 bps. The 2025 debt share restated to 27% of capex.
[2026-08-20 18:41:15] [cot:thought] Writing the data module comes first. Phase 1 will be committed. The dashboard follows. The remainder of the Goldman Sachs transcript needs review for project finance numbers and ETF updates.
[2026-08-20 18:41:15] [cot:thought] Clear vintage story: Jul research was hyperscaler-centric ($194B YTD); Aug GS data expands to ~$489B AI-related debt with hyperscalers ~40%.
[2026-08-20 18:41:15] [cot:thought] Building the data module next.
[2026-08-20 18:41:15] [cot:tool] start read C:\Users\ether\.cursor\projects\C-Users-ether-AppData-Local-data-insights-blog-workers-worker-1\agent-tools\5cd77971-dd7e-4e55-8b5c-a19c133d35da.txt
[2026-08-20 18:41:15] [cot:tool] start read C:\Users\ether\AppData\Local\data-insights-blog-workers\worker-1\src\types\post.ts
[2026-08-20 18:41:15] [cot:tool] start grep C:\Users\ether\AppData\Local\data-insights-blog-workers\worker-1\src
[2026-08-20 18:41:16] [cot:tool] done read C:\Users\ether\.cursor\projects\C-Users-ether-AppData-Local-data-insights-blog-workers-worker-1\agent-tools\5cd77971-dd7e-4e55-8b5c-a19c133d35da.txt
[2026-08-20 18:41:16] [cot:tool] done read C:\Users\ether\AppData\Local\data-insights-blog-workers\worker-1\src\types\post.ts
[2026-08-20 18:41:16] [cot:tool] start shell $env:BLOG_REPO_ROOT='E:\AI Projects\data-insights-blog'; npx tsx "E:\AI Projects\data-insights-blog\scripts\update-agent-job.mjs" --job job-mt22din7-mihxf --status building --activity "Phase 1: writing ai-financing-update-2026 data module"
[2026-08-20 18:41:16] [cot:tool] done grep C:\Users\ether\AppData\Local\data-insights-blog-workers\worker-1\src
[2026-08-20 18:41:16] [cot:tool] done shell $env:BLOG_REPO_ROOT='E:\AI Projects\data-insights-blog'; npx tsx "E:\AI Projects\data-insights-blog\scripts\update-agent-job.mjs" --job job-mt22din7-mihxf --status building --activity "Phase 1: writing ai-financing-update-2026 data module"
[2026-08-20 18:41:16] [cot:thought] Sufficient data has been gathered to build the vintage-update post. Creating the data module now.
[2026-08-20 18:41:16] [cot:thought] Writing the data module with the Jul???Aug vintage delta, then committing phase 1.
[2026-08-20 18:41:16] [cot:tool] start edit C:\Users\ether\AppData\Local\data-insights-blog-workers\worker-1\src\data\ai-financing-update-2026-data.ts
[2026-08-20 18:41:16] [cot:tool] done edit C:\Users\ether\AppData\Local\data-insights-blog-workers\worker-1\src\data\ai-financing-update-2026-data.ts
[2026-08-20 18:41:16] [cot:thought] Committing phase 1 and starting the dashboard build.
[2026-08-20 18:41:16] [cot:tool] start shell git add -A; git commit --trailer "Co-authored-by: Cursor <cursoragent@cursor.com>" -m "wip(ai-financing-update-2026): data module"; $env:BLOG_REPO_ROOT='E:\AI Projects\data-insights-blog'; npx tsx "E:\AI Projects\data-insights-blog\scripts\update-agent-job.mjs" --job job-mt22din7-mihxf --status building --activity "Phase 2: dashboard + viz wireup"
[2026-08-20 18:41:16] [cot:tool] start read C:\Users\ether\AppData\Local\data-insights-blog-workers\worker-1\src\components\PostVisualization.tsx
[2026-08-20 18:41:16] [cot:tool] start read C:\Users\ether\AppData\Local\data-insights-blog-workers\worker-1\src\data\theme-registry.ts
[2026-08-20 18:41:16] [cot:tool] done read C:\Users\ether\AppData\Local\data-insights-blog-workers\worker-1\src\components\PostVisualization.tsx
[2026-08-20 18:41:16] [cot:tool] done read C:\Users\ether\AppData\Local\data-insights-blog-workers\worker-1\src\data\theme-registry.ts
[2026-08-20 18:41:16] [cot:tool] done shell git add -A; git commit --trailer "Co-authored-by: Cursor <cursoragent@cursor.com>" -m "wip(ai-financing-update-2026): data module"; $env:BLOG_REPO_ROOT='E:\AI Projects\data-insights-blog'; npx tsx "E:\AI Projects\data-insights-blog\scripts\update-agent-job.mjs" --job job-mt22din7-mihxf --status building --activity "Phase 2: dashboard + viz wireup"
[2026-08-20 18:41:17] [cot:thought] Checking PostVisualization for import patterns and AiCapexIntensityUpdate registration.
[2026-08-20 18:41:17] [cot:tool] start read C:\Users\ether\AppData\Local\data-insights-blog-workers\worker-1\src\components\PostVisualization.tsx
[2026-08-20 18:41:17] [cot:tool] start read C:\Users\ether\AppData\Local\data-insights-blog-workers\worker-1\src\components\PostVisualization.tsx
[2026-08-20 18:41:17] [cot:tool] start read C:\Users\ether\AppData\Local\data-insights-blog-workers\worker-1\src\components\visualizations\AiCapexIntensityUpdateDashboard.tsx
[2026-08-20 18:41:17] [cot:tool] done read C:\Users\ether\AppData\Local\data-insights-blog-workers\worker-1\src\components\visualizations\AiCapexIntensityUpdateDashboard.tsx
[2026-08-20 18:41:17] [cot:tool] done read C:\Users\ether\AppData\Local\data-insights-blog-workers\worker-1\src\components\PostVisualization.tsx
[2026-08-20 18:41:17] [cot:tool] done read C:\Users\ether\AppData\Local\data-insights-blog-workers\worker-1\src\components\PostVisualization.tsx
[2026-08-20 18:41:17] [cot:thought] Checking how AiCapexIntensityUpdateDashboard is dynamically imported in PostVisualization.
[2026-08-20 18:41:17] [cot:tool] start grep C:\Users\ether\AppData\Local\data-insights-blog-workers\worker-1\src\components\PostVisualization.tsx
[2026-08-20 18:41:18] [cot:tool] done grep C:\Users\ether\AppData\Local\data-insights-blog-workers\worker-1\src\components\PostVisualization.tsx
[2026-08-20 18:41:18] [cot:thought] Starting to build the dashboard. Planning three chart
[2026-08-20 18:41:18] [cot:thought] types???pie, line, and scatter???across four panels with lens toggles and metric filters.
[2026-08-20 18:41:18] [cot:thought] Building the dashboard and wiring visualization registration.
[2026-08-20 18:41:18] [cot:tool] start edit C:\Users\ether\AppData\Local\data-insights-blog-workers\worker-1\src\components\visualizations\AiFinancingUpdateDashboard.tsx
[2026-08-20 18:41:18] [cot:tool] done edit C:\Users\ether\AppData\Local\data-insights-blog-workers\worker-1\src\components\visualizations\AiFinancingUpdateDashboard.tsx
[2026-08-20 18:41:18] [cot:thought] Wiring up PostVisualization, type definitions, and the theme registry.
[2026-08-20 18:41:18] [cot:tool] start edit C:\Users\ether\AppData\Local\data-insights-blog-workers\worker-1\src\components\PostVisualization.tsx
[2026-08-20 18:41:18] [cot:tool] done edit C:\Users\ether\AppData\Local\data-insights-blog-workers\worker-1\src\components\PostVisualization.tsx
[2026-08-20 18:41:18] [cot:tool] start edit C:\Users\ether\AppData\Local\data-insights-blog-workers\worker-1\src\components\PostVisualization.tsx
[2026-08-20 18:41:18] [cot:tool] done edit
[2026-08-20 18:41:18] [cot:tool] start edit C:\Users\ether\AppData\Local\data-insights-blog-workers\worker-1\src\types\post.ts
[2026-08-20 18:41:18] [cot:tool] start edit C:\Users\ether\AppData\Local\data-insights-blog-workers\worker-1\src\data\theme-registry.ts
[2026-08-20 18:41:18] [cot:tool] done edit
[2026-08-20 18:41:18] [cot:tool] done edit C:\Users\ether\AppData\Local\data-insights-blog-workers\worker-1\src\data\theme-registry.ts
[2026-08-20 18:41:18] [cot:thought] Another worker appears to have added ai-supply-chain-update. Re-reading the post
[2026-08-20 18:41:18] [cot:thought] file and PostVisualization.tsx to assess the current state.Checking current file state after concurrent edits.
[2026-08-20 18:41:18] [cot:tool] start grep C:\Users\ether\AppData\Local\data-insights-blog-workers\worker-1\src\types\post.ts
[2026-08-20 18:41:18] [cot:tool] start grep C:\Users\ether\AppData\Local\data-insights-blog-workers\worker-1\src\components\PostVisualization.tsx
[2026-08-20 18:41:19] [cot:tool] start grep C:\Users\ether\AppData\Local\data-insights-blog-workers\worker-1\src\data\theme-registry.ts
[2026-08-20 18:41:19] [cot:tool] done grep C:\Users\ether\AppData\Local\data-insights-blog-workers\worker-1\src\types\post.ts
[2026-08-20 18:41:19] [cot:tool] done grep C:\Users\ether\AppData\Local\data-insights-blog-workers\worker-1\src\data\theme-registry.ts
[2026-08-20 18:41:19] [cot:tool] done grep C:\Users\ether\AppData\Local\data-insights-blog-workers\worker-1\src\components\PostVisualization.tsx
[2026-08-20 18:41:19] [cot:thought] An AiSupplyChainUpdateDashboard already exists in the workspace. Reading PostVisualization
[2026-08-20 18:41:19] [cot:thought] and post.ts to add the type properly.
[2026-08-20 18:41:19] [cot:tool] start read C:\Users\ether\AppData\Local\data-insights-blog-workers\worker-1\src\components\PostVisualization.tsx
[2026-08-20 18:41:19] [cot:tool] done read C:\Users\ether\AppData\Local\data-insights-blog-workers\worker-1\src\components\PostVisualization.tsx
[2026-08-20 18:41:19] [cot:tool] start read C:\Users\ether\AppData\Local\data-insights-blog-workers\worker-1\src\components\PostVisualization.tsx
[2026-08-20 18:41:19] [cot:tool] done read C:\Users\ether\AppData\Local\data-insights-blog-workers\worker-1\src\components\PostVisualization.tsx
[2026-08-20 18:41:19] [cot:tool] start read C:\Users\ether\AppData\Local\data-insights-blog-workers\worker-1\src\types\post.ts
[2026-08-20 18:41:19] [cot:tool] start read C:\Users\ether\AppData\Local\data-insights-blog-workers\worker-1\src\data\theme-registry.ts
[2026-08-20 18:41:19] [cot:tool] done read C:\Users\ether\AppData\Local\data-insights-blog-workers\worker-1\src\types\post.ts
[2026-08-20 18:41:19] [cot:tool] done read C:\Users\ether\AppData\Local\data-insights-blog-workers\worker-1\src\data\theme-registry.ts
[2026-08-20 18:41:19] [cot:thought] Adding the type definition and conditional branch for the ai-financing-update-2026 post.
[2026-08-20 18:41:19] [cot:thought] The dynamic import
[2026-08-20 18:41:19] [cot:thought] is already present.
[2026-08-20 18:41:19] [cot:tool] start edit C:\Users\ether\AppData\Local\data-insights-blog-workers\worker-1\src\types\post.ts
[2026-08-20 18:41:19] [cot:tool] done edit C:\Users\ether\AppData\Local\data-insights-blog-workers\worker-1\src\types\post.ts
[2026-08-20 18:41:19] [cot:tool] start edit C:\Users\ether\AppData\Local\data-insights-blog-workers\worker-1\src\components\PostVisualization.tsx
[2026-08-20 18:41:19] [cot:tool] start shell git add -A; git commit --trailer "Co-authored-by: Cursor <cursoragent@cursor.com>" -m "wip(ai-financing-update-2026): dashboard + viz wireup"; $env:BLOG_REPO_ROOT='E:\AI Projects\data-insights-blog'; npx tsx "E:\AI Projects\data-insights-blog\scripts\update-agent-job.mjs" --job job-mt22din7-mihxf --status building --activity "Phase 3: post prose + hero image"
[2026-08-20 18:41:20] [cot:tool] done edit C:\Users\ether\AppData\Local\data-insights-blog-workers\worker-1\src\components\PostVisualization.tsx
[2026-08-20 18:41:20] [cot:tool] done shell git add -A; git commit --trailer "Co-authored-by: Cursor <cursoragent@cursor.com>" -m "wip(ai-financing-update-2026): dashboard + viz wireup"; $env:BLOG_REPO_ROOT='E:\AI Projects\data-insights-blog'; npx tsx "E:\AI Projects\data-insights-blog\scripts\update-agent-job.mjs" --job job-mt22din7-mihxf --status building --activity "Phase 3: post prose + hero image"
[2026-08-20 18:41:20] [cot:thought] Proceeding to draft the post prose and generate the hero image. The post will be inserted
[2026-08-20 18:41:20] [cot:thought] at the top of posts.ts. A hero PNG will be generated. The backend manifest will be updated.
[2026-08-20 18:41:20] [cot:thought] Writing post prose and generating the hero image.
[2026-08-20 18:41:20] [cot:tool] start generateImage
[2026-08-20 18:41:20] [cot:tool] start read C:\Users\ether\AppData\Local\data-insights-blog-workers\worker-1\artifacts\backend-manifest.json
[2026-08-20 18:41:20] [cot:tool] start read C:\Users\ether\AppData\Local\data-insights-blog-workers\worker-1\src\data\posts.ts
[2026-08-20 18:41:20] [cot:tool] done read C:\Users\ether\AppData\Local\data-insights-blog-workers\worker-1\artifacts\backend-manifest.json
[2026-08-20 18:41:20] [cot:tool] done read C:\Users\ether\AppData\Local\data-insights-blog-workers\worker-1\src\data\posts.ts
[2026-08-20 18:41:20] [cot:tool] done generateImage
[2026-08-20 18:41:20] [cot:thought] Copying the hero image to public/images/ and writing the post entry. Checking a QA script
[2026-08-20 18:41:20] [cot:thought] pattern.
[2026-08-20 18:41:20] [cot:tool] start shell Copy-Item "C:\Users\ether\.cursor\projects\C-Users-ether-AppData-Local-data-insights-blog-workers-worker-1\assets\capital-markets-ai-financing-update-2026-hero.png" -Destination "C:\Users\ether\AppData\Local\data-insights-blog-workers\worker-1\public\images\capital-markets-ai-financing-update-2026-hero.png" -Force; Test-Path "public\images\capital-markets-ai-financing-update-2026-hero.png"
[2026-08-20 18:41:20] [cot:tool] start read C:\Users\ether\AppData\Local\data-insights-blog-workers\worker-1\scripts\qa-ai-capex-intensity-update-2026.mjs
[2026-08-20 18:41:20] [cot:tool] start grep C:\Users\ether\AppData\Local\data-insights-blog-workers\worker-1\scripts
[2026-08-20 18:41:20] [cot:tool] done read C:\Users\ether\AppData\Local\data-insights-blog-workers\worker-1\scripts\qa-ai-capex-intensity-update-2026.mjs
[2026-08-20 18:41:20] [cot:tool] done grep C:\Users\ether\AppData\Local\data-insights-blog-workers\worker-1\scripts
[2026-08-20 18:41:20] [cot:tool] done shell Copy-Item "C:\Users\ether\.cursor\projects\C-Users-ether-AppData-Local-data-insights-blog-workers-worker-1\assets\capital-markets-ai-financing-update-2026-hero.png" -Destination "C:\Users\ether\AppData\Local\data-insights-blog-workers\worker-1\public\images\capital-markets-ai-financing-update-2026-hero.png" -Force; Test-Path "public\images\capital-markets-ai-financing-update-2026-hero.png"
[2026-08-20 18:41:20] [cot:thought] The first step is inserting the new post entry into posts.ts, placing it at the top of the array.
[2026-08-20 18:41:21] [cot:thought] Next steps include
[2026-08-20 18:41:21] [cot:thought] updating the smoke-test visualization script, writing a QA script, and refreshing the backend manifest. The post content must satisfy the quality blockers: at least 1200 words, six H2 sections, caveats, a table, and two internal links. The smoke-test-viz-posts file will be reviewed for the correct insertion pattern.
[2026-08-20 18:41:21] [cot:tool] start read C:\Users\ether\AppData\Local\data-insights-blog-workers\worker-1\scripts\smoke-test-viz-posts.mjs
[2026-08-20 18:41:21] [cot:tool] start read C:\Users\ether\AppData\Local\data-insights-blog-workers\worker-1\scripts\qa-ai-capex-intensity-update-2026.mjs
[2026-08-20 18:41:21] [cot:tool] start read C:\Users\ether\AppData\Local\data-insights-blog-workers\worker-1\src\data\posts.ts
[2026-08-20 18:41:21] [cot:tool] done read C:\Users\ether\AppData\Local\data-insights-blog-workers\worker-1\scripts\smoke-test-viz-posts.mjs
[2026-08-20 18:41:21] [cot:tool] done read C:\Users\ether\AppData\Local\data-insights-blog-workers\worker-1\scripts\qa-ai-capex-intensity-update-2026.mjs
[2026-08-20 18:41:21] [cot:tool] done read C:\Users\ether\AppData\Local\data-insights-blog-workers\worker-1\src\data\posts.ts
[2026-08-20 18:41:21] [cot:thought] The new post will be inserted at the beginning of the samplePosts array. A smoke marker will be added. A QA script will be written.
[2026-08-20 18:41:21] [cot:thought] The manifest will be updated.Inserting the post entry and supporting QA/smoke files.
[2026-08-20 18:41:21] [cot:tool] done edit
[2026-08-20 18:41:21] [cot:thought] The string replacement failed because the old string was missing and the replacement text was too large.
[2026-08-20 18:41:21] [cot:thought] Switching to a smaller
[2026-08-20 18:41:21] [cot:thought] replacement by inserting at the beginning of the array.
[2026-08-20 18:41:21] [cot:tool] start shell node -e "const fs=require('fs'); const p='src/data/posts.ts'; let s=fs.readFileSync(p,'utf8'); const marker='export const samplePosts: Post[] = [\n'; if(!s.includes('ai-financing-update-2026')){ console.log('need insert'); } else { console.log('already present'); }"
[2026-08-20 18:41:21] [cot:tool] done shell node -e "const fs=require('fs'); const p='src/data/posts.ts'; let s=fs.readFileSync(p,'utf8'); const marker='export const samplePosts: Post[] = [\n'; if(!s.includes('ai-financing-update-2026')){ console.log('need insert'); } else { console.log('already present'); }"
[2026-08-20 18:41:21] [cot:thought] Post content will be written to a separate file and inserted into posts.ts via a Node script to avoid large StrReplace operations.
[2026-08-20 18:41:21] [cot:tool] start edit C:\Users\ether\AppData\Local\data-insights-blog-workers\worker-1\artifacts\_ai-financing-update-post-snippet.ts
[2026-08-20 18:41:21] [cot:tool] done edit C:\Users\ether\AppData\Local\data-insights-blog-workers\worker-1\artifacts\_ai-financing-update-post-snippet.ts
[2026-08-20 18:41:21] [cot:thought] Inserting the snippet into posts.ts via a Node.js script.
[2026-08-20 18:41:21] [cot:tool] start shell node -e "const fs=require('fs'); const p='src/data/posts.ts'; const snip=fs.readFileSync('artifacts/_ai-financing-update-post-snippet.ts','utf8'); let s=fs.readFileSync(p,'utf8'); const needle='export const samplePosts: Post[] = [\n'; if(!s.includes(needle)) throw new Error('needle missing'); if(s.includes('ai-financing-update-2026')) throw new Error('already'); s=s.replace(needle, needle+snip); fs.writeFileSync(p,s); console.log('inserted', snip.length);"
[2026-08-20 18:41:21] [cot:tool] done shell node -e "const fs=require('fs'); const p='src/data/posts.ts'; const snip=fs.readFileSync('artifacts/_ai-financing-update-post-snippet.ts','utf8'); let s=fs.readFileSync(p,'utf8'); const needle='export const samplePosts: Post[] = [\n'; if(!s.includes(needle)) throw new Error('needle missing'); if(s.includes('ai-financing-update-2026')) throw new Error('already'); s=s.replace(needle, needle+snip); fs.writeFileSync(p,s); console.log('inserted', snip.length);"
[2026-08-20 18:41:21] [cot:tool] start edit C:\Users\ether\AppData\Local\data-insights-blog-workers\worker-1\artifacts\backend-manifest.json
[2026-08-20 18:41:21] [cot:tool] start edit C:\Users\ether\AppData\Local\data-insights-blog-workers\worker-1\scripts\smoke-test-viz-posts.mjs
[2026-08-20 18:41:22] [cot:tool] done edit C:\Users\ether\AppData\Local\data-insights-blog-workers\worker-1\scripts\smoke-test-viz-posts.mjs
[2026-08-20 18:41:22] [cot:tool] done edit C:\Users\ether\AppData\Local\data-insights-blog-workers\worker-1\artifacts\backend-manifest.json
[2026-08-20 18:41:22] [cot:thought] Windows line endings could affect needle operations.
[2026-08-20 18:41:22] [cot:tool] start shell node -e "const fs=require('fs'); const s=fs.readFileSync('src/data/posts.ts','utf8'); const i=s.indexOf('samplePosts'); console.log(JSON.stringify(s.slice(i, i+60))); console.log('CRLF', s.includes('\r\n'));"
[2026-08-20 18:41:22] [cot:tool] done shell node -e "const fs=require('fs'); const s=fs.readFileSync('src/data/posts.ts','utf8'); const i=s.indexOf('samplePosts'); console.log(JSON.stringify(s.slice(i, i+60))); console.log('CRLF', s.includes('\r\n'));"
[2026-08-20 18:41:22] [cot:thought] Handling CRLF line endings while inserting content.
[2026-08-20 18:41:22] [cot:tool] start shell node -e "const fs=require('fs'); const p='src/data/posts.ts'; let snip=fs.readFileSync('artifacts/_ai-financing-update-post-snippet.ts','utf8'); if(!snip.includes('\r\n')) snip=snip.replace(/\n/g,'\r\n'); let s=fs.readFileSync(p,'utf8'); const needle='export const samplePosts: Post[] = [\r\n'; if(!s.includes(needle)) throw new Error('needle missing'); if(s.includes('ai-financing-update-2026')) throw new Error('already'); s=s.replace(needle, needle+snip); fs.writeFileSync(p,s); console.log('inserted ok');"
[2026-08-20 18:41:22] [cot:tool] start edit C:\Users\ether\AppData\Local\data-insights-blog-workers\worker-1\scripts\qa-ai-financing-update-2026.mjs
[2026-08-20 18:41:22] [cot:tool] done edit C:\Users\ether\AppData\Local\data-insights-blog-workers\worker-1\scripts\qa-ai-financing-update-2026.mjs
[2026-08-20 18:41:22] [cot:tool] done shell node -e "const fs=require('fs'); const p='src/data/posts.ts'; let snip=fs.readFileSync('artifacts/_ai-financing-update-post-snippet.ts','utf8'); if(!snip.includes('\r\n')) snip=snip.replace(/\n/g,'\r\n'); let s=fs.readFileSync(p,'utf8'); const needle='export const samplePosts: Post[] = [\r\n'; if(!s.includes(needle)) throw new Error('needle missing'); if(s.includes('ai-financing-update-2026')) throw new Error('already'); s=s.replace(needle, needle+snip); fs.writeFileSync(p,s); console.log('inserted ok');"
[2026-08-20 18:41:22] [cot:thought] Verifying the post insertion. Deleting temporary snippets. Committing phase 3. Running deployment.
[2026-08-20 18:41:22] [cot:tool] start shell node -e "const s=require('fs').readFileSync('src/data/posts.ts','utf8'); console.log(s.includes('ai-financing-update-2026')); const m=s.match(/id: \"ai-financing-update-2026\"[\s\S]*?content: \`([\s\S]*?)\`/); if(m){ const words=m[1].split(/\s+/).length; const h2=(m[1].match(/^## /gm)||[]).length; console.log('words',words,'h2',h2); }"; Remove-Item artifacts\_ai-financing-update-post-snippet.ts -ErrorAction SilentlyContinue; git add -A; git status --short
[2026-08-20 18:41:22] [cot:tool] done shell node -e "const s=require('fs').readFileSync('src/data/posts.ts','utf8'); console.log(s.includes('ai-financing-update-2026')); const m=s.match(/id: \"ai-financing-update-2026\"[\s\S]*?content: \`([\s\S]*?)\`/); if(m){ const words=m[1].split(/\s+/).length; const h2=(m[1].match(/^## /gm)||[]).length; console.log('words',words,'h2',h2); }"; Remove-Item artifacts\_ai-financing-update-post-snippet.ts -ErrorAction SilentlyContinue; git add -A; git status --short
[2026-08-20 18:41:22] [cot:thought] PowerShell quote mangling prompted switching to a script file.
[2026-08-20 18:41:22] [cot:tool] start shell node -e 'const fs=require("fs"); const s=fs.readFileSync("src/data/posts.ts","utf8"); console.log("has", s.includes("ai-financing-update-2026")); const start=s.indexOf("id: \"ai-financing-update-2026\""); const c=s.indexOf("content: `", start); const end=s.indexOf("`,", c); const body=s.slice(c+10,end); console.log("words", body.split(/\s+/).filter(Boolean).length); console.log("h2", (body.match(/^## /gm)||[]).length);'
[2026-08-20 18:41:22] [cot:tool] done shell node -e 'const fs=require("fs"); const s=fs.readFileSync("src/data/posts.ts","utf8"); console.log("has", s.includes("ai-financing-update-2026")); const start=s.indexOf("id: \"ai-financing-update-2026\""); const c=s.indexOf("content: `", start); const end=s.indexOf("`,", c); const body=s.slice(c+10,end); console.log("words", body.split(/\s+/).filter(Boolean).length); console.log("h2", (body.match(/^## /gm)||[]).length);'
[2026-08-20 18:41:22] [cot:thought] PowerShell is stripping quotes. Writing a small JavaScript
[2026-08-20 18:41:22] [cot:thought] file to test.
[2026-08-20 18:41:22] [cot:tool] start edit C:\Users\ether\AppData\Local\data-insights-blog-workers\worker-1\artifacts\_wordcount.mjs
[2026-08-20 18:41:23] [cot:tool] start shell node artifacts/_wordcount.mjs; git add -A; git commit --trailer "Co-authored-by: Cursor <cursoragent@cursor.com>" -m "wip(ai-financing-update-2026): post prose + hero"; $env:BLOG_REPO_ROOT='E:\AI Projects\data-insights-blog'; npx tsx "E:\AI Projects\data-insights-blog\scripts\update-agent-job.mjs" --job job-mt22din7-mihxf --status qa --activity "Phase 4+5: running npm run deploy on ports 4180/4181"
[2026-08-20 18:41:23] [cot:tool] done edit C:\Users\ether\AppData\Local\data-insights-blog-workers\worker-1\artifacts\_wordcount.mjs
[2026-08-20 18:41:23] [cot:tool] done shell node artifacts/_wordcount.mjs; git add -A; git commit --trailer "Co-authored-by: Cursor <cursoragent@cursor.com>" -m "wip(ai-financing-update-2026): post prose + hero"; $env:BLOG_REPO_ROOT='E:\AI Projects\data-insights-blog'; npx tsx "E:\AI Projects\data-insights-blog\scripts\update-agent-job.mjs" --job job-mt22din7-mihxf --status qa --activity "Phase 4+5: running npm run deploy on ports 4180/4181"
[2026-08-20 18:41:23] [cot:thought] The draft exceeds the word count target at 1,597 words. It includes nine H2 sections and four internal links.
[2026-08-20 18:41:23] [cot:thought] The wordcount helper
[2026-08-20 18:41:23] [cot:thought] needs removal from the final commit. The QA script was already included in the prose+hero commit. Deploy smoke tests are now running on ports 4180 and 4181.
[2026-08-20 18:41:23] [cot:thought] Prose checks out (1597 words, 9 H2s). Running local deploy with isolated ports.
[2026-08-20 18:41:23] [cot:tool] start shell Remove-Item artifacts\_wordcount.mjs -ErrorAction SilentlyContinue; $env:SMOKE_PORT='4180'; $env:SMOKE_QA_PORT='4181'; npm run deploy
[2026-08-20 18:41:23] [cot:tool] done shell Remove-Item artifacts\_wordcount.mjs -ErrorAction SilentlyContinue; $env:SMOKE_PORT='4180'; $env:SMOKE_QA_PORT='4181'; npm run deploy
[2026-08-20 18:41:23] [cot:thought] Deployment passed. Running the QA script. Cleaning up the wordcount file if still tracked. Committing changes. Marking the job ready.
[2026-08-20 18:41:23] [cot:thought] Deploy passed. Running the post-specific QA script, then final commit and ready mark.
[2026-08-20 18:41:23] [cot:tool] start shell $env:SMOKE_PORT='4180'; node scripts/qa-ai-financing-update-2026.mjs; Test-Path "out/blog/ai-financing-update-2026.html"
[2026-08-20 18:41:23] [cot:tool] done shell $env:SMOKE_PORT='4180'; node scripts/qa-ai-financing-update-2026.mjs; Test-Path "out/blog/ai-financing-update-2026.html"
[2026-08-20 18:41:23] [cot:thought] All QA checks passed. Removing wordcount metadata, committing the feature post, and marking the job ready.
[2026-08-20 18:41:23] [cot:tool] start shell git status --short; if (Test-Path artifacts\_wordcount.mjs) { git rm -f artifacts\_wordcount.mjs }; git add -A; git status --short; git log -3 --oneline
[2026-08-20 18:41:24] [cot:tool] done shell git status --short; if (Test-Path artifacts\_wordcount.mjs) { git rm -f artifacts\_wordcount.mjs }; git add -A; git status --short; git log -3 --oneline
[2026-08-20 18:41:24] [cot:thought] The data module commit hash changed from dbaeb26 to 7df6a78, suggesting a rebase occurred.
[2026-08-20 18:41:24] [cot:thought] Committing the wordcount
[2026-08-20 18:41:24] [cot:thought] removal as part of the final feature commit, then marking the job ready.
[2026-08-20 18:41:24] [cot:tool] start shell git add -A; git commit --trailer "Co-authored-by: Cursor <cursoragent@cursor.com>" -m "$(@'
[2026-08-20 18:41:24] [cot:tool] done shell git add -A; git commit --trailer "Co-authored-by: Cursor <cursoragent@cursor.com>" -m "$(@'
[2026-08-20 18:41:24] [cot:thought] Job marked ready. Printing the WorkerReady line and exiting cleanly.**WorkerReady: ai-financing-update-2026 | job=job-mt22din7-mihxf | worker=1**
[2026-08-20 18:41:24] [cot:thought] Shipped vintage update vs July research: AI-related debt **~$489B YTD**, hyperscalers only **~40%**, US IG theme share **7% ???
[2026-08-20 18:41:24] [cot:thought] ~18%**.
[2026-08-20 18:41:24] [cot:thought] - Branch `post/ai-financing-update-2026-w1` ??? final commit `feat(post): ai-financing-update-2026`
[2026-08-20 18:41:24] [cot:system] result ok 2422552ms ΓÇö Starting the AI financing update post as worker 1. Checking conveyor sync state and production rules, then moving into the data-module phase.Prior post and a recent update-style post will define the vintage delta and structure.Using the int
