[2026-07-31 12:25:25] Worker 1 starting job job-ms95lpmb-qdcw1 (phosphate-fertilizer-export-dependence-ms95lpmb) in E:\AI Projects\data-insights-blog-worktrees\worker-1 (branch post/phosphate-fertilizer-export-dependence-ms95lpmb-w1)
[2026-07-31 12:25:25] Resetting worktree to e9746a2c69f57c9b9184281fa45bd6d9a95199df then checkout post/phosphate-fertilizer-export-dependence-ms95lpmb-w1
[2026-07-31 12:25:25] git: HEAD is now at e9746a2 merge(post): macro-growth-trade-research-2026 from worker 4 (path-selective)
[2026-07-31 12:25:25] git: Removing scripts/bootstrap-worktrees.ps1
[2026-07-31 12:25:26] git: Removing scripts/claim-next-topics.mjs
[2026-07-31 12:25:26] git: Removing scripts/cursor-watchdog-loop.ps1
[2026-07-31 12:25:26] git: Removing scripts/debug-agent-transport.ps1
[2026-07-31 12:25:26] git: Removing scripts/lib/agent-jobs.mjs
[2026-07-31 12:25:26] git: Removing scripts/lib/production-ship-parser.mjs
[2026-07-31 12:25:26] git: Removing scripts/lib/viz-interaction-qa.mjs
[2026-07-31 12:25:26] git: Removing scripts/local-blog-server.mjs
[2026-07-31 12:25:26] git: Removing scripts/production-stream-server.mjs
[2026-07-31 12:25:26] git: Removing scripts/production-stream-ui.html
[2026-07-31 12:25:26] git: Removing scripts/prompts/
[2026-07-31 12:25:26] git: Removing scripts/resume-blog-automation.ps1
[2026-07-31 12:25:26] git: Removing scripts/run-blog-orchestrator.ps1
[2026-07-31 12:25:26] git: Removing scripts/run-blog-production-local.ps1
[2026-07-31 12:25:26] git: Removing scripts/run-blog-worker.ps1
[2026-07-31 12:25:26] git: Removing scripts/start-blog-automation-in-app.ps1
[2026-07-31 12:25:26] git: Removing scripts/stop-blog-automation.ps1
[2026-07-31 12:25:26] git: Removing scripts/theme-balance.ts
[2026-07-31 12:25:26] git: Removing scripts/update-agent-job.mjs
[2026-07-31 12:25:26] git: Removing scripts/watch-blog-production.ps1
[2026-07-31 12:25:26] git: Removing src/components/visualizations/PhosphateFertilizerExportDependenceMs95bvdyDashboard.tsx
[2026-07-31 12:25:26] git: Removing src/data/phosphate-fertilizer-export-dependence-ms95bvdy-data.ts
[2026-07-31 12:25:26] git: HEAD is now at e9746a2 merge(post): macro-growth-trade-research-2026 from worker 4 (path-selective)
[2026-07-31 12:25:26] git: Switched to a new branch 'post/phosphate-fertilizer-export-dependence-ms95lpmb-w1'
[2026-07-31 12:25:36] Invoking agent for worker 1 (-p --force --trust --workspace worktree)
Connection lost, reconnecting to https://api2.cursor.sh (attempt 1)...
[2026-07-31 12:27:15] WARN: transport blip cliAttempt=1 elapsed=0s
Retry attempt 1...
[2026-07-31 12:27:18] WARN: transport blip cliAttempt=1 elapsed=2s
Connection lost, reconnecting to https://api2.cursor.sh (attempt 2)...
[2026-07-31 12:28:31] WARN: transport blip cliAttempt=2 elapsed=75s
Retry attempt 2...
[2026-07-31 12:28:35] WARN: transport blip cliAttempt=2 elapsed=79s
Connection lost, reconnecting to https://api2.cursor.sh (attempt 3)...
[2026-07-31 12:29:31] WARN: transport blip cliAttempt=3 elapsed=135s
[2026-07-31 12:29:31] ERROR: transport unhealthy (cliAttempt=3 elapsed=135s); killing worker agent
[2026-07-31 12:29:35] Worker 1 finished (exit=75)
