[2026-08-20 21:22:32] Worker 5 starting job job-mt29lgbo-1pzd0 (consumer-finance-markets-concentration-2026) in C:\Users\ether\AppData\Local\data-insights-blog-workers\worker-5 (branch post/consumer-finance-markets-concentration-2026-w5, container blog-worker-5)
[2026-08-20 21:22:32] Fetching origin (main merge target) into isolated clone
[2026-08-20 21:22:33] Creating post/consumer-finance-markets-concentration-2026-w5 from main 23ee76eb843666c6f378141e996a1332da6e4f8e
[2026-08-20 21:22:33] Resetting clone then checkout post/consumer-finance-markets-concentration-2026-w5 at 23ee76eb843666c6f378141e996a1332da6e4f8e (never master)
[2026-08-20 21:22:34] git: HEAD is now at 23ee76e merge(post): ai-financing-concentration-2026 from worker 5 (path-selective)
[2026-08-20 21:22:34] git: HEAD is now at 23ee76e merge(post): ai-financing-concentration-2026 from worker 5 (path-selective)
[2026-08-20 21:22:34] git: Switched to a new branch 'post/consumer-finance-markets-concentration-2026-w5'
[2026-08-20 21:22:36] Worker 5 ports: SMOKE_PORT=4188 SMOKE_QA_PORT=4189 (isolated Node static servers)
[2026-08-20 21:22:36] WARN: Cursor CLI useHttp1ForAgent is not true - transport blips may be worse. Set network.useHttp1ForAgent=true in C:\Users\ether\.cursor\cli-config.json
[2026-08-20 21:22:36] Invoking agent for worker 5 (-p --force --trust --workspace clone C:\Users\ether\AppData\Local\data-insights-blog-workers\worker-5 / blog-worker-5)
[2026-08-20 21:22:36] Agent stream-json -> E:\AI Projects\data-insights-blog\artifacts\automation-logs\worker-5-2026-08-20_21-22-31.log (cot E:\AI Projects\data-insights-blog\artifacts\automation-logs\worker-5-2026-08-20_21-22-31.cot.log, raw E:\AI Projects\data-insights-blog\artifacts\automation-logs\worker-5-2026-08-20_21-22-31.ndjson)
[cot:system] session model=Auto cwd=C:\Users\ether\AppData\Local\data-insights-blog-workers\worker-5
[cot:user] You are a blog production WORKER in a parallel multi-agent system. ## Identity - Worker ID: 5 - Job ID: job-mt29lgbo-1pzd0 - Assigned slug: consumer-finance-markets-concentration-2026 - Theme ID: consΓÇª
[cot:thought] Beginning blog production as worker 5. The assigned post is consumer-finance-markets-concentration-2026.
[cot:thought] Reviewing the production
[cot:thought] rules and workspace state before building the post.Starting the consumer-finance concentration post as Worker 5.
[cot:thought] Checking conveyor sync, job status, and production rules first.
[cot:tool] start read C:\Users\ether\AppData\Local\data-insights-blog-workers\worker-5\.cursor\rules\autonomous-blog-production.mdc
[cot:tool] done read ?
[cot:tool] start read C:\Users\ether\AppData\Local\data-insights-blog-workers\worker-5\artifacts\conveyor-sync.json
[cot:tool] start shell $env:BLOG_REPO_ROOT='E:\AI Projects\data-insights-blog'; npx tsx "E:\AI Projects\data-insights-blog/scripts/update-agent-job.mjs" --job job-mt29lgbo-1pzd0 --status researching --activity "Phase 0: inspecting workspace + prior posts"; git status -sb; git branch --show-current; ls artifacts 2>$null; ls src/data/*consumer* 2>$null; ls src/data/*finance* 2>$null
[cot:tool] done read ?
[cot:tool] done shell $env:BLOG_REPO_ROOT='E:\AI Projects\data-insights-blog'; npx tsx "E:\AI Projects\data-insights-blog/scripts/update-agent-job.mjs" --job job-mt29lgbo-1pzd0 --status researching --activity "Phase 0: inspecting workspace + prior posts"; git status -sb; git branch --show-current; ls artifacts 2>$null; ls src/data/*consumer* 2>$null; ls src/data/*finance* 2>$null
[cot:thought] Reviewing existing posts, theme registry, visualization registration, and quality rules.
[cot:thought] Checking for existing work on this post.
[cot:thought] Reviewing existing consumer-finance posts and registration patterns to match the production pipeline.
[cot:tool] start glob
[cot:tool] start glob
[cot:tool] done glob
[cot:tool] start read C:\Users\ether\AppData\Local\data-insights-blog-workers\worker-5\src\data\consumer-finance-markets-update-202608-data.ts
[cot:tool] done read C:\Users\ether\AppData\Local\data-insights-blog-workers\worker-5\src\data\consumer-finance-markets-update-202608-data.ts
[cot:tool] start grep C:\Users\ether\AppData\Local\data-insights-blog-workers\worker-5\src
[cot:tool] done grep C:\Users\ether\AppData\Local\data-insights-blog-workers\worker-5\src
[cot:tool] done glob
[cot:thought] The post examines extreme concentration at the top of the consumer finance distribution, focusing on top-1 and top-3 shares of household wealth and savings.
[cot:thought] Reviewing existing
[cot:thought] concentration dashboards and SCF-style data patterns. Reading a concentration data module and PostVisualization registration patterns.
[cot:thought] Studying a concentration post template and registration wiring so we can ship the data module next.
[cot:tool] start read C:\Users\ether\AppData\Local\data-insights-blog-workers\worker-5\src\data\fiscal-industrial-policy-concentration-2026-data.ts
[cot:tool] done read C:\Users\ether\AppData\Local\data-insights-blog-workers\worker-5\src\data\fiscal-industrial-policy-concentration-2026-data.ts
[cot:tool] start read C:\Users\ether\AppData\Local\data-insights-blog-workers\worker-5\src\components\visualizations\FiscalIndustrialPolicyConcentrationDashboard.tsx
[cot:tool] done read C:\Users\ether\AppData\Local\data-insights-blog-workers\worker-5\src\components\visualizations\FiscalIndustrialPolicyConcentrationDashboard.tsx
[cot:tool] start grep C:\Users\ether\AppData\Local\data-insights-blog-workers\worker-5\src
[cot:tool] start read C:\Users\ether\AppData\Local\data-insights-blog-workers\worker-5\scripts\qa-fiscal-industrial-policy-concentration-2026.mjs
[cot:tool] done read C:\Users\ether\AppData\Local\data-insights-blog-workers\worker-5\scripts\qa-fiscal-industrial-policy-concentration-2026.mjs
[cot:tool] done grep C:\Users\ether\AppData\Local\data-insights-blog-workers\worker-5\src
[cot:thought] The template centers on household balance sheet concentration. It examines how households save, borrow, and allocate retail money.
[cot:thought] Top-1 and top-3 share
[cot:thought] metrics will anchor the analysis. Key datasets include the Fed SCF, New York Fed Distributional Financial Accounts, credit card debt, money market holdings, and equity ownership. Existing consumer finance posts will be reviewed for reusable data.
[cot:thought] Pulling SCF/DFA-style figures from existing posts and drafting the concentration data module.
[cot:tool] start grep C:\Users\ether\AppData\Local\data-insights-blog-workers\worker-5\src
[cot:tool] done grep C:\Users\ether\AppData\Local\data-insights-blog-workers\worker-5\src
[cot:tool] start read C:\Users\ether\AppData\Local\data-insights-blog-workers\worker-5\src\data\consumer-finance-markets-research-2026-data.ts
[cot:tool] done read C:\Users\ether\AppData\Local\data-insights-blog-workers\worker-5\src\data\consumer-finance-markets-research-2026-data.ts
[cot:tool] start read C:\Users\ether\AppData\Local\data-insights-blog-workers\worker-5\artifacts\backend-manifest.json
[cot:tool] done read C:\Users\ether\AppData\Local\data-insights-blog-workers\worker-5\artifacts\backend-manifest.json
[cot:tool] start grep C:\Users\ether\AppData\Local\data-insights-blog-workers\worker-5\package.json
[cot:tool] done grep C:\Users\ether\AppData\Local\data-insights-blog-workers\worker-5\package.json
[cot:thought] I have sufficient context. I am focusing on consumer finance concentration. The analysis centers
[cot:thought] on five key metrics: top 1% and 10% wealth share, equity ownership concentration, revolving debt by income level, liquid cash versus deposits across tiers, and top card issuers.
[cot:thought] Federal DFA data indicates the top 1% holds roughly 30???31% of net worth. Top 10% holds roughly
[cot:thought] 67???69% of net worth. Bottom 50% holds only 2???3%. Equity ownership mirrors this skew: top 1% owns over 50% of corporate equity, top 10% over 85%. Deposits are more evenly distributed than equities but still tilted. Credit card debt is middle-heavy and more evenly spread.
[cot:thought] I will use Federal DFA Q4 2025 and early 2026 figures consistent with the blog???s existing $169 trillion net worth estimate. I also need to check how smoke-test registers QA scripts.
[cot:tool] start grep C:\Users\ether\AppData\Local\data-insights-blog-workers\worker-5\scripts\smoke-test-viz-posts.mjs
[cot:tool] start read C:\Users\ether\AppData\Local\data-insights-blog-workers\worker-5\src\components\PostVisualization.tsx
[cot:tool] start read C:\Users\ether\AppData\Local\data-insights-blog-workers\worker-5\src\types\post.ts
[cot:tool] start read C:\Users\ether\AppData\Local\data-insights-blog-workers\worker-5\src\data\posts.ts
[cot:tool] done read C:\Users\ether\AppData\Local\data-insights-blog-workers\worker-5\src\types\post.ts
[cot:tool] done read C:\Users\ether\AppData\Local\data-insights-blog-workers\worker-5\src\components\PostVisualization.tsx
[cot:tool] done read C:\Users\ether\AppData\Local\data-insights-blog-workers\worker-5\src\data\posts.ts
[cot:tool] done grep C:\Users\ether\AppData\Local\data-insights-blog-workers\worker-5\scripts\smoke-test-viz-posts.mjs
[cot:thought] The plan is to write the data module first, using Fed DFA and SCF concentration data for household balance sheets. Then commit the changes and build the dashboard.
[cot:thought] Consumer finance concentration
[cot:thought] metrics are now defined. Net worth, equities, real estate, and deposits all show steep top-down inequality. These figures will anchor the dashboard.
[cot:thought] Credit card debt and
[cot:thought] revolving stress metrics are now defined. Card balances are heavily concentrated among the top percentile, while debt service burden is inversely distributed.
[cot:thought] Credit card issuer concentration mirrors this pattern, with the top five issuers capturing over seventy percent of purchase volume. Money market fund ownership also tilts toward the top wealth households.
[cot:thought] The data module will be built in phases with intermediate commits. The smoke-test registration format still needs verification.
[cot:tool] start read C:\Users\ether\AppData\Local\data-insights-blog-workers\worker-5\scripts\smoke-test-viz-posts.mjs
[cot:tool] start grep C:\Users\ether\AppData\Local\data-insights-blog-workers\worker-5\src\components\PostVisualization.tsx
[cot:tool] start shell $env:BLOG_REPO_ROOT='E:\AI Projects\data-insights-blog'; npx tsx "E:\AI Projects\data-insights-blog/scripts/update-agent-job.mjs" --job job-mt29lgbo-1pzd0 --status building --activity "Phase 1: writing concentration data module"
[cot:tool] done read C:\Users\ether\AppData\Local\data-insights-blog-workers\worker-5\scripts\smoke-test-viz-posts.mjs
[cot:tool] done grep C:\Users\ether\AppData\Local\data-insights-blog-workers\worker-5\src\components\PostVisualization.tsx
[cot:tool] done shell $env:BLOG_REPO_ROOT='E:\AI Projects\data-insights-blog'; npx tsx "E:\AI Projects\data-insights-blog/scripts/update-agent-job.mjs" --job job-mt29lgbo-1pzd0 --status building --activity "Phase 1: writing concentration data module"
[cot:thought] Creating a data module with Fed DFA-style concentration data for household balance sheets.
[cot:thought] Proceeding to commit phase 1.
[cot:thought] Writing the concentration data module from Fed DFA / SCF-style household shares.
[cot:tool] start edit C:\Users\ether\AppData\Local\data-insights-blog-workers\worker-5\src\data\consumer-finance-markets-concentration-2026-data.ts
[cot:tool] done edit C:\Users\ether\AppData\Local\data-insights-blog-workers\worker-5\src\data\consumer-finance-markets-concentration-2026-data.ts
[cot:thought] Committing phase 1 and starting the dashboard.
[cot:tool] start shell git add -A; git commit --trailer "Co-authored-by: Cursor <cursoragent@cursor.com>" -m "wip(consumer-finance-markets-concentration-2026): data module"; $env:BLOG_REPO_ROOT='E:\AI Projects\data-insights-blog'; npx tsx "E:\AI Projects\data-insights-blog/scripts/update-agent-job.mjs" --job job-mt29lgbo-1pzd0 --status building --activity "Phase 2: dashboard + viz registration"
[cot:tool] start read C:\Users\ether\AppData\Local\data-insights-blog-workers\worker-5\src\components\PostVisualization.tsx
[cot:tool] done read C:\Users\ether\AppData\Local\data-insights-blog-workers\worker-5\src\components\PostVisualization.tsx
[cot:tool] start read C:\Users\ether\AppData\Local\data-insights-blog-workers\worker-5\src\components\visualizations\FiscalIndustrialPolicyConcentrationDashboard.tsx
[cot:tool] done read C:\Users\ether\AppData\Local\data-insights-blog-workers\worker-5\src\components\visualizations\FiscalIndustrialPolicyConcentrationDashboard.tsx
[cot:tool] done shell git add -A; git commit --trailer "Co-authored-by: Cursor <cursoragent@cursor.com>" -m "wip(consumer-finance-markets-concentration-2026): data module"; $env:BLOG_REPO_ROOT='E:\AI Projects\data-insights-blog'; npx tsx "E:\AI Projects\data-insights-blog/scripts/update-agent-job.mjs" --job job-mt29lgbo-1pzd0 --status building --activity "Phase 2: dashboard + viz registration"
[cot:thought] Planning a full dashboard for consumer finance concentration. Defining four dashboard
[cot:thought] views: wealth ladder, asset lenses, revolving versus assets, and issuer market. Controls include metric toggles, equal-line visibility, and lens selection.
[cot:thought] Chart types will cover Lorenz curves, ranked bars, pie charts, grouped bars, and scatter plots.
[cot:thought] Next step is wiring the registration.Building the dashboard and registering the visualization.
[cot:tool] start edit C:\Users\ether\AppData\Local\data-insights-blog-workers\worker-5\src\components\visualizations\ConsumerFinanceMarketsConcentrationDashboard.tsx
[cot:tool] done edit C:\Users\ether\AppData\Local\data-insights-blog-workers\worker-5\src\components\visualizations\ConsumerFinanceMarketsConcentrationDashboard.tsx
[cot:thought] Registering the new visualization component in post.ts. Updating the TSX file
[cot:thought] and theme registry.
[cot:tool] start edit C:\Users\ether\AppData\Local\data-insights-blog-workers\worker-5\src\types\post.ts
[cot:tool] done edit C:\Users\ether\AppData\Local\data-insights-blog-workers\worker-5\src\types\post.ts
[cot:tool] start edit C:\Users\ether\AppData\Local\data-insights-blog-workers\worker-5\src\components\PostVisualization.tsx
[cot:tool] done edit C:\Users\ether\AppData\Local\data-insights-blog-workers\worker-5\src\components\PostVisualization.tsx
[cot:tool] start edit C:\Users\ether\AppData\Local\data-insights-blog-workers\worker-5\src\components\PostVisualization.tsx
[cot:tool] start edit C:\Users\ether\AppData\Local\data-insights-blog-workers\worker-5\src\data\theme-registry.ts
[cot:tool] done edit C:\Users\ether\AppData\Local\data-insights-blog-workers\worker-5\src\components\PostVisualization.tsx
[cot:tool] done edit C:\Users\ether\AppData\Local\data-insights-blog-workers\worker-5\src\data\theme-registry.ts
[cot:thought] Proceeding to commit phase 2, then writing posts.ts and the hero image.
[cot:tool] start shell git add -A; git commit --trailer "Co-authored-by: Cursor <cursoragent@cursor.com>" -m "wip(consumer-finance-markets-concentration-2026): dashboard + viz wireup"; $env:BLOG_REPO_ROOT='E:\AI Projects\data-insights-blog'; npx tsx "E:\AI Projects\data-insights-blog/scripts/update-agent-job.mjs" --job job-mt29lgbo-1pzd0 --status building --activity "Phase 3: post prose + hero image"
[cot:tool] start generateImage
[cot:tool] start read C:\Users\ether\AppData\Local\data-insights-blog-workers\worker-5\src\data\posts.ts
[cot:tool] done read C:\Users\ether\AppData\Local\data-insights-blog-workers\worker-5\src\data\posts.ts
[cot:tool] done shell git add -A; git commit --trailer "Co-authored-by: Cursor <cursoragent@cursor.com>" -m "wip(consumer-finance-markets-concentration-2026): dashboard + viz wireup"; $env:BLOG_REPO_ROOT='E:\AI Projects\data-insights-blog'; npx tsx "E:\AI Projects\data-insights-blog/scripts/update-agent-job.mjs" --job job-mt29lgbo-1pzd0 --status building --activity "Phase 3: post prose + hero image"
[cot:tool] done generateImage
[cot:thought] The hero image needs to be copied to public/images/. The post entry belongs
[cot:thought] at the top of the posts array. The shell commit status needs checking. The image is being copied and the post content written.
[cot:thought] Copying the hero into `public/images` and inserting the post entry.
[cot:tool] start shell Copy-Item "C:\Users\ether\.cursor\projects\C-Users-ether-AppData-Local-data-insights-blog-workers-worker-5\assets\consumer-finance-consumer-finance-markets-concentration-2026-hero.png" -Destination "C:\Users\ether\AppData\Local\data-insights-blog-workers\worker-5\public\images\consumer-finance-consumer-finance-markets-concentration-2026-hero.png" -Force; Test-Path "C:\Users\ether\AppData\Local\data-insights-blog-workers\worker-5\public\images\consumer-finance-consumer-finance-markets-concentration-2026-hero.png"; Get-Content "C:\Users\ether\.cursor\projects\C-Users-ether-AppData-Local-data-insights-blog-workers-worker-5\terminals\734005.txt" -Tail 15
[cot:tool] start read C:\Users\ether\AppData\Local\data-insights-blog-workers\worker-5\src\data\posts.ts
[cot:tool] done read C:\Users\ether\AppData\Local\data-insights-blog-workers\worker-5\src\data\posts.ts
[cot:tool] done shell Copy-Item "C:\Users\ether\.cursor\projects\C-Users-ether-AppData-Local-data-insights-blog-workers-worker-5\assets\consumer-finance-consumer-finance-markets-concentration-2026-hero.png" -Destination "C:\Users\ether\AppData\Local\data-insights-blog-workers\worker-5\public\images\consumer-finance-consumer-finance-markets-concentration-2026-hero.png" -Force; Test-Path "C:\Users\ether\AppData\Local\data-insights-blog-workers\worker-5\public\images\consumer-finance-consumer-finance-markets-concentration-2026-hero.png"; Get-Content "C:\Users\ether\.cursor\projects\C-Users-ether-AppData-Local-data-insights-blog-workers-worker-5\terminals\734005.txt" -Tail 15
[cot:thought] The new post will be inserted at the beginning of the samplePosts array. The post must meet
[cot:thought] strict quality requirements: at least 1200 words, six H2 headings, caveats, a table, and two internal links.
[cot:tool] start edit C:\Users\ether\AppData\Local\data-insights-blog-workers\worker-5\src\data\posts.ts
[cot:tool] done edit C:\Users\ether\AppData\Local\data-insights-blog-workers\worker-5\src\data\posts.ts
[cot:thought] Updating the backend manifest and committing phase 3. Then writing the QA script and smoke marker.
[cot:tool] start edit C:\Users\ether\AppData\Local\data-insights-blog-workers\worker-5\artifacts\backend-manifest.json
[cot:tool] done edit C:\Users\ether\AppData\Local\data-insights-blog-workers\worker-5\artifacts\backend-manifest.json
[cot:tool] start edit C:\Users\ether\AppData\Local\data-insights-blog-workers\worker-5\scripts\qa-consumer-finance-markets-concentration-2026.mjs
[cot:tool] start edit C:\Users\ether\AppData\Local\data-insights-blog-workers\worker-5\scripts\smoke-test-viz-posts.mjs
[cot:tool] done edit C:\Users\ether\AppData\Local\data-insights-blog-workers\worker-5\scripts\qa-consumer-finance-markets-concentration-2026.mjs
[cot:tool] done edit C:\Users\ether\AppData\Local\data-insights-blog-workers\worker-5\scripts\smoke-test-viz-posts.mjs
[cot:thought] Checking package.json and QA runners for registered QA scripts. Committing phases
[cot:thought] 3 and 4, then running deploy.
[cot:tool] start grep C:\Users\ether\AppData\Local\data-insights-blog-workers\worker-5\scripts
[cot:tool] start shell git add -A; git commit --trailer "Co-authored-by: Cursor <cursoragent@cursor.com>" -m "wip(consumer-finance-markets-concentration-2026): post prose + hero"; git add -A; git status -sb; git commit --trailer "Co-authored-by: Cursor <cursoragent@cursor.com>" -m "wip(consumer-finance-markets-concentration-2026): qa + smoke" 2>$null; git log -3 --oneline; $env:BLOG_REPO_ROOT='E:\AI Projects\data-insights-blog'; npx tsx "E:\AI Projects\data-insights-blog/scripts/update-agent-job.mjs" --job job-mt29lgbo-1pzd0 --status qa --activity "Phase 5: npm run deploy on ports 4188/4189"
[cot:tool] done grep C:\Users\ether\AppData\Local\data-insights-blog-workers\worker-5\scripts
[cot:tool] done shell git add -A; git commit --trailer "Co-authored-by: Cursor <cursoragent@cursor.com>" -m "wip(consumer-finance-markets-concentration-2026): post prose + hero"; git add -A; git status -sb; git commit --trailer "Co-authored-by: Cursor <cursoragent@cursor.com>" -m "wip(consumer-finance-markets-concentration-2026): qa + smoke" 2>$null; git log -3 --oneline; $env:BLOG_REPO_ROOT='E:\AI Projects\data-insights-blog'; npx tsx "E:\AI Projects\data-insights-blog/scripts/update-agent-job.mjs" --job job-mt29lgbo-1pzd0 --status qa --activity "Phase 5: npm run deploy on ports 4188/4189"
[cot:thought] QA and smoke tests were already written before the first commit, so they were included in that commit.
[cot:thought] Everything is committed.
[cot:thought] Now running npm deploy with isolated ports. This will take a while.Running local deploy with isolated smoke ports 4188/4189.
[cot:tool] start shell $env:SMOKE_PORT='4188'; $env:SMOKE_QA_PORT='4189'; npm run deploy
[cot:tool] done shell $env:SMOKE_PORT='4188'; $env:SMOKE_QA_PORT='4189'; npm run deploy
[cot:thought] Playwright Chromium needs installation before re-running smoke tests. The build succeeded.
[cot:tool] start shell npx playwright install chromium; $env:SMOKE_PORT='4188'; $env:SMOKE_QA_PORT='4189'; node scripts/smoke-test-viz-posts.mjs; node scripts/qa-homepage-and-fullscreen.mjs; Test-Path "out/blog/consumer-finance-markets-concentration-2026.html"; Test-Path "out/blog/consumer-finance-markets-concentration-2026/index.html"
[cot:tool] done shell npx playwright install chromium; $env:SMOKE_PORT='4188'; $env:SMOKE_QA_PORT='4189'; node scripts/smoke-test-viz-posts.mjs; node scripts/qa-homepage-and-fullscreen.mjs; Test-Path "out/blog/consumer-finance-markets-concentration-2026.html"; Test-Path "out/blog/consumer-finance-markets-concentration-2026/index.html"
[cot:thought] Playwright installation and smoke tests are currently in progress.
[cot:tool] start await
[cot:tool] done await
[cot:thought] The process continues after a long delay.
[cot:tool] start read C:\Users\ether\.cursor\projects\C-Users-ether-AppData-Local-data-insights-blog-workers-worker-5\terminals\734006.txt
[cot:tool] done read C:\Users\ether\.cursor\projects\C-Users-ether-AppData-Local-data-insights-blog-workers-worker-5\terminals\734006.txt
[cot:thought] The smoke test is still running.
[cot:tool] start await
[cot:tool] done await
[cot:thought] Checking the end of the file to verify status.
[cot:tool] start read C:\Users\ether\.cursor\projects\C-Users-ether-AppData-Local-data-insights-blog-workers-worker-5\terminals\734006.txt
[cot:tool] done read C:\Users\ether\.cursor\projects\C-Users-ether-AppData-Local-data-insights-blog-workers-worker-5\terminals\734006.txt
[cot:thought] Homepage QA is still running.
[cot:tool] start await
[cot:tool] done await
[cot:thought] Reviewing the end of the previous response.
[cot:tool] start read C:\Users\ether\.cursor\projects\C-Users-ether-AppData-Local-data-insights-blog-workers-worker-5\terminals\734006.txt
[cot:tool] done read C:\Users\ether\.cursor\projects\C-Users-ether-AppData-Local-data-insights-blog-workers-worker-5\terminals\734006.txt
[cot:thought] Deploy QA passed. The generated HTML is at `out/blog/consumer-finance-markets-concentration-2026.html`, not the index path.
[cot:thought] Running the dedicated QA script. Then committing and marking the job ready.
[cot:thought] Smoke and homepage QA passed. Running the post-specific QA script, then final commit.
[cot:tool] start shell $env:SMOKE_PORT='4188'; node scripts/qa-consumer-finance-markets-concentration-2026.mjs; git add -A; git status -sb; git commit --trailer "Co-authored-by: Cursor <cursoragent@cursor.com>" -m "feat(post): consumer-finance-markets-concentration-2026"; $env:BLOG_REPO_ROOT='E:\AI Projects\data-insights-blog'; npx tsx "E:\AI Projects\data-insights-blog/scripts/update-agent-job.mjs" --job job-mt29lgbo-1pzd0 --status ready --activity "Ready for merge" --headline "Top 1% holds 30.5% of wealth ?? equities 54% ?? top-3 card issuers ~52%"; Write-Output "WorkerReady: consumer-finance-markets-concentration-2026 | job=job-mt29lgbo-1pzd0 | worker=5"
[cot:tool] done shell $env:SMOKE_PORT='4188'; node scripts/qa-consumer-finance-markets-concentration-2026.mjs; git add -A; git status -sb; git commit --trailer "Co-authored-by: Cursor <cursoragent@cursor.com>" -m "feat(post): consumer-finance-markets-concentration-2026"; $env:BLOG_REPO_ROOT='E:\AI Projects\data-insights-blog'; npx tsx "E:\AI Projects\data-insights-blog/scripts/update-agent-job.mjs" --job job-mt29lgbo-1pzd0 --status ready --activity "Ready for merge" --headline "Top 1% holds 30.5% of wealth ?? equities 54% ?? top-3 card issuers ~52%"; Write-Output "WorkerReady: consumer-finance-markets-concentration-2026 | job=job-mt29lgbo-1pzd0 | worker=5"
[cot:thought] QA is auditing visualization interactions.
[cot:tool] start await
[cot:tool] done await
[cot:thought] A failure occurred. I am reviewing the output.
[cot:tool] start read C:\Users\ether\.cursor\projects\C-Users-ether-AppData-Local-data-insights-blog-workers-worker-5\terminals\734007.txt
[cot:tool] done read C:\Users\ether\.cursor\projects\C-Users-ether-AppData-Local-data-insights-blog-workers-worker-5\terminals\734007.txt
[cot:thought] QA passed, but the working tree was clean and nothing needed committing. The final `feat` commit
[cot:thought] is missing because the working tree was clean. The last commit is still the WIP prose commit. I am deciding whether to create an empty commit or amend the existing one.
[cot:thought] Amending the last
[cot:thought] WIP commit to the final `feat` message is permitted under the worker brief, since the commit is still local-only and unpushed. An empty commit with the same message is another valid option.
[cot:thought] The silent `git commit`
[cot:thought] failure left the final `feat` commit missing. I will amend the last WIP commit to the correct `feat` message now.
[cot:thought] QA passed and the job is ready, but the final `feat` commit didn't land (tree was already clean).
[cot:thought] Amending the last local wip commit message to the required feat title.
[cot:tool] start shell git log -5 --oneline; git status -sb; git commit --trailer "Co-authored-by: Cursor <cursoragent@cursor.com>" --amend -m "feat(post): consumer-finance-markets-concentration-2026"; git log -3 --oneline; git status -sb
[cot:tool] done shell git log -5 --oneline; git status -sb; git commit --trailer "Co-authored-by: Cursor <cursoragent@cursor.com>" --amend -m "feat(post): consumer-finance-markets-concentration-2026"; git log -3 --oneline; git status -sb
[cot:thought] The blog post is complete. I am printing the WorkerReady status and exiting cleanly.
[cot:thought] **WorkerReady: consumer-finance-markets-concentration-2026 | job=job-mt29lgbo-1pzd0 | worker=5**
[cot:thought] Shipped concentration lens post on `post/consumer-finance-markets-concentration-2026-w5`:
[cot:system] task_notification
[cot:system] task_notification
[cot:system] task_notification
[cot:thought] - **Headline:** Top 1% holds **30.5%** of household wealth; equities **54%**; top-3 card issuers **~52%** - Data module, 4-view dashboard (wealth / assets / save-vs-borrow / issuers), posts.ts prose, hero PNG, QA + smoke marker - `npm run deploy` passed on ports **4188/4189**; job marked **ready**The user requested a brief update on completed background tasks.
[cot:thought] All worker pipeline
[cot:thought] tasks completed successfully. WorkerReady was already reported. No further follow-ups are required.
[cot:thought] All background steps finished successfully: dashboard commit, Chromium + smoke/homepage QA (102 viz posts), and post QA with the job marked ready.
[cot:thought] **WorkerReady: consumer-finance-markets-concentration-2026 | job=job-mt29lgbo-1pzd0 | worker=5**
[cot:system] result ok 1458703ms ΓÇö Starting the consumer-finance concentration post as Worker 5. Checking conveyor sync, job status, and production rules first.Reviewing existing consumer-finance posts and registration patterns to match the production pipeline.Studying a con
[2026-08-20 21:47:33] Job job-mt29lgbo-1pzd0 marked ready
[2026-08-20 21:47:34] git: HEAD is now at e8ac007 merge(post): ai-capex-intensity-update-202608 from worker 1 (path-selective)
[2026-08-20 21:47:34] Worker 5 finished (exit=0)
