[2026-08-20 20:58:07] [cot:system] session model=Auto cwd=C:\Users\ether\AppData\Local\data-insights-blog-workers\worker-5
[2026-08-20 20:58:07] [cot:user] You are a blog production WORKER in a parallel multi-agent system. ## Identity - Worker ID: 5 - Job ID: job-mt28awi4-n5bjk - Assigned slug: migration-humanitarian-update-2026 - Theme ID: migration-humΓÇª
[2026-08-20 20:58:08] [cot:thought] Beginning work as blog production worker 5 for the migration-humanitarian-update-2026 post.
[2026-08-20 20:58:08] [cot:thought] Reading the autonomous
[2026-08-20 20:58:08] [cot:thought] production rules and checking conveyor-sync status. Reviewing existing posts on this theme.
[2026-08-20 20:58:08] [cot:thought] Setting the job status to researching. Planning to work in small phases with frequent commits.
[2026-08-20 20:58:08] [cot:thought] Starting the migration-humanitarian update post: checking conveyor sync, production rules, and any existing theme posts.
[2026-08-20 20:58:08] [cot:tool] start read C:\Users\ether\AppData\Local\data-insights-blog-workers\worker-5\.cursor\rules\autonomous-blog-production.mdc
[2026-08-20 20:58:08] [cot:tool] start read C:\Users\ether\AppData\Local\data-insights-blog-workers\worker-5\artifacts\conveyor-sync.json
[2026-08-20 20:58:08] [cot:tool] done read ?
[2026-08-20 20:58:08] [cot:tool] done read ?
[2026-08-20 20:58:08] [cot:tool] start glob
[2026-08-20 20:58:08] [cot:tool] done glob
[2026-08-20 20:58:08] [cot:tool] start shell $env:BLOG_REPO_ROOT='E:\AI Projects\data-insights-blog'; npx tsx "E:\AI Projects\data-insights-blog\scripts\update-agent-job.mjs" --job job-mt28awi4-n5bjk --status researching --activity "Phase 0: checking sync + prior theme posts"
[2026-08-20 20:58:08] [cot:tool] start grep C:\Users\ether\AppData\Local\data-insights-blog-workers\worker-5\src
[2026-08-20 20:58:08] [cot:tool] done grep C:\Users\ether\AppData\Local\data-insights-blog-workers\worker-5\src
[2026-08-20 20:58:08] [cot:tool] done shell $env:BLOG_REPO_ROOT='E:\AI Projects\data-insights-blog'; npx tsx "E:\AI Projects\data-insights-blog\scripts\update-agent-job.mjs" --job job-mt28awi4-n5bjk --status researching --activity "Phase 0: checking sync + prior theme posts"
[2026-08-20 20:58:08] [cot:thought] An existing post on this theme was found. Reviewing the prior
[2026-08-20 20:58:08] [cot:thought] post's data and dashboard structure. Locating the autonomous blog production rules. Checking for conveyor-sync elsewhere.
[2026-08-20 20:58:08] [cot:tool] start glob
[2026-08-20 20:58:08] [cot:tool] done glob
[2026-08-20 20:58:08] [cot:tool] start read C:\Users\ether\AppData\Local\data-insights-blog-workers\worker-5\src\data\migration-humanitarian-research-2026-data.ts
[2026-08-20 20:58:09] [cot:tool] done read C:\Users\ether\AppData\Local\data-insights-blog-workers\worker-5\src\data\migration-humanitarian-research-2026-data.ts
[2026-08-20 20:58:09] [cot:tool] start read C:\Users\ether\AppData\Local\data-insights-blog-workers\worker-5\src\data\posts.ts
[2026-08-20 20:58:09] [cot:tool] done read C:\Users\ether\AppData\Local\data-insights-blog-workers\worker-5\src\data\posts.ts
[2026-08-20 20:58:09] [cot:tool] start glob
[2026-08-20 20:58:09] [cot:tool] start shell git status; git log --oneline -5; if (Test-Path artifacts/conveyor-sync.json) { Get-Content artifacts/conveyor-sync.json } else { Write-Output "no conveyor-sync" }
[2026-08-20 20:58:09] [cot:tool] done glob
[2026-08-20 20:58:09] [cot:tool] done shell git status; git log --oneline -5; if (Test-Path artifacts/conveyor-sync.json) { Get-Content artifacts/conveyor-sync.json } else { Write-Output "no conveyor-sync" }
[2026-08-20 20:58:09] [cot:thought] The post will compare changes against the previous migration-humanitarian-research-2026 version.
[2026-08-20 20:58:09] [cot:thought] I am reviewing the
[2026-08-20 20:58:09] [cot:thought] prior post's data patterns and searching for newer UNHCR or OCHA figures to replace the older end-2024 baseline.
[2026-08-20 20:58:09] [cot:thought] Reviewing the prior dashboard pattern and fetching the newest official vintage for a YoY/delta update.
[2026-08-20 20:58:09] [cot:tool] start read C:\Users\ether\AppData\Local\data-insights-blog-workers\worker-5\src\data\migration-humanitarian-research-2026-data.ts
[2026-08-20 20:58:09] [cot:tool] done read C:\Users\ether\AppData\Local\data-insights-blog-workers\worker-5\src\data\migration-humanitarian-research-2026-data.ts
[2026-08-20 20:58:09] [cot:tool] start read C:\Users\ether\AppData\Local\data-insights-blog-workers\worker-5\src\components\visualizations\MigrationHumanitarianResearchDashboard.tsx
[2026-08-20 20:58:09] [cot:tool] done read C:\Users\ether\AppData\Local\data-insights-blog-workers\worker-5\src\components\visualizations\MigrationHumanitarianResearchDashboard.tsx
[2026-08-20 20:58:09] [cot:tool] start grep C:\Users\ether\AppData\Local\data-insights-blog-workers\worker-5\src\data
[2026-08-20 20:58:09] [cot:tool] done grep C:\Users\ether\AppData\Local\data-insights-blog-workers\worker-5\src\data
[2026-08-20 20:58:09] [cot:tool] start webSearch
[2026-08-20 20:58:09] [cot:tool] done webSearch
[2026-08-20 20:58:09] [cot:thought] Global Trends 2025 data through end-2025 is available. The prior post used
[2026-08-20 20:58:09] [cot:thought] 123.2 million by end-2024. The new figure is 117.8 million by end-2025. That is a 5.4 million drop. It is the first decline in a decade.
[2026-08-20 20:58:09] [cot:thought] I will pull GHO 2026 funding details next.Pulling key Global Trends 2025 and GHO funding figures for the vintage delta.
[2026-08-20 20:58:09] [cot:tool] start grep C:\Users\ether\.cursor\projects\C-Users-ether-AppData-Local-data-insights-blog-workers-worker-5\agent-tools\d5b414b1-dfe2-441c-8836-51d6e842321b.txt
[2026-08-20 20:58:09] [cot:tool] done grep C:\Users\ether\.cursor\projects\C-Users-ether-AppData-Local-data-insights-blog-workers-worker-5\agent-tools\d5b414b1-dfe2-441c-8836-51d6e842321b.txt
[2026-08-20 20:58:09] [cot:tool] start webSearch
[2026-08-20 20:58:09] [cot:tool] start read C:\Users\ether\AppData\Local\data-insights-blog-workers\worker-5\src\data\industrial-robotics-update-2026-data.ts
[2026-08-20 20:58:10] [cot:tool] done read C:\Users\ether\AppData\Local\data-insights-blog-workers\worker-5\src\data\industrial-robotics-update-2026-data.ts
[2026-08-20 20:58:10] [cot:tool] done webSearch
[2026-08-20 20:58:10] [cot:thought] The vintage delta story is now clear. The prior post cites
[2026-08-20 20:58:10] [cot:thought] 123.2M displaced at year-end 2024. The new vintage shows 117.8M by end-2025, a 4% drop.
[2026-08-20 20:58:10] [cot:thought] UNHCR mandate refugees fell to 35.6M. IDPs dropped to 68.7M. Asylum-seekers rose to 9M. LMIC host share fell to 68%.
[2026-08-20 20:58:10] [cot:thought] LDC host share rose to 26%. Return flows totaled
[2026-08-20 20:58:10] [cot:thought] 14.7M, a 50% increase over 2024. Of those, 4.4M were refugees. Resettlement fell to 81,800, roughly half the prior year. GHO 2026 requirements sit near $34.9B, with coverage at 40.4%, though mid-year May figures read 24.4%.
[2026-08-20 20:58:10] [cot:thought] People in need reached 252.1M in the May mid-year review. The vintage comparison needs care because the prior post relied on the October 2025 GHO 2025 update while the new data uses a different at-a-glance snapshot.
[2026-08-20 20:58:10] [cot:thought] The core narrative
[2026-08-20 20:58:10] [cot:thought] frames the displacement decline as driven by returns, though many of those returns are adverse. LMIC countries still host the majority of displaced people despite their reduced share. Humanitarian funding remains deeply underfunded, and the asylum backlog has grown. Next I will pull host country figures and UNHCR budgets for 2025 and 2026.
[2026-08-20 20:58:10] [cot:tool] start grep C:\Users\ether\.cursor\projects\C-Users-ether-AppData-Local-data-insights-blog-workers-worker-5\agent-tools\d5b414b1-dfe2-441c-8836-51d6e842321b.txt
[2026-08-20 20:58:10] [cot:tool] start webFetch
[2026-08-20 20:58:10] [cot:tool] start webSearch
[2026-08-20 20:58:10] [cot:tool] done grep C:\Users\ether\.cursor\projects\C-Users-ether-AppData-Local-data-insights-blog-workers-worker-5\agent-tools\d5b414b1-dfe2-441c-8836-51d6e842321b.txt
[2026-08-20 20:58:10] [cot:tool] done webFetch
[2026-08-20 20:58:10] [cot:tool] done webSearch
[2026-08-20 20:58:10] [cot:thought] Host country numbers are being extracted from the Global Trends PDF and GHO 2026 figures.
[2026-08-20 20:58:10] [cot:thought] Key migration deltas
[2026-08-20 20:58:10] [cot:thought] are now mapped for the data module. Displacement fell by 5.4 million. IDP numbers dropped by 4.9 million. Refugees declined by 1.1 million.
[2026-08-20 20:58:10] [cot:thought] Asylum applications rose by 0.6 million. Host country composition shifted: LMIC hosts dropped 5 percentage points while LDC hosts increased by 3. UNHCR funding remained at 37 percent. GHO 2026 requirements are estimated near $34.9 billion.
[2026-08-20 20:58:10] [cot:thought] GHO 2026 coverage
[2026-08-20 20:58:10] [cot:thought] sits near 24.4 percent, but requirements were reduced from roughly $45.4 billion to $33.7 billion. Returns grew by 50 percent to 14.7 million. Resettlement fell to 81,800, nearly half its prior level.
[2026-08-20 20:58:10] [cot:thought] Need resettlement totals 2.9 million. End-2025 host country rankings still need extraction from the PDF.
[2026-08-20 20:58:10] [cot:tool] start read C:\Users\ether\.cursor\projects\C-Users-ether-AppData-Local-data-insights-blog-workers-worker-5\agent-tools\d5b414b1-dfe2-441c-8836-51d6e842321b.txt
[2026-08-20 20:58:10] [cot:tool] start grep C:\Users\ether\.cursor\projects\C-Users-ether-AppData-Local-data-insights-blog-workers-worker-5\agent-tools\419d9827-5b1e-47e2-8192-6c4f11604ecf.txt
[2026-08-20 20:58:10] [cot:tool] start shell $env:BLOG_REPO_ROOT='E:\AI Projects\data-insights-blog'; npx tsx "E:\AI Projects\data-insights-blog\scripts\update-agent-job.mjs" --job job-mt28awi4-n5bjk --status building --activity "Phase 1: writing data module from GT2025 + GHO2026 deltas"
[2026-08-20 20:58:10] [cot:tool] done read C:\Users\ether\.cursor\projects\C-Users-ether-AppData-Local-data-insights-blog-workers-worker-5\agent-tools\d5b414b1-dfe2-441c-8836-51d6e842321b.txt
[2026-08-20 20:58:10] [cot:tool] done grep C:\Users\ether\.cursor\projects\C-Users-ether-AppData-Local-data-insights-blog-workers-worker-5\agent-tools\419d9827-5b1e-47e2-8192-6c4f11604ecf.txt
[2026-08-20 20:58:10] [cot:tool] done shell $env:BLOG_REPO_ROOT='E:\AI Projects\data-insights-blog'; npx tsx "E:\AI Projects\data-insights-blog\scripts\update-agent-job.mjs" --job job-mt28awi4-n5bjk --status building --activity "Phase 1: writing data module from GT2025 + GHO2026 deltas"
[2026-08-20 20:58:10] [cot:thought] Searching for the top host countries by asylum for end-2025.
[2026-08-20 20:58:10] [cot:tool] start grep C:\Users\ether\.cursor\projects\C-Users-ether-AppData-Local-data-insights-blog-workers-worker-5\agent-tools\d5b414b1-dfe2-441c-8836-51d6e842321b.txt
[2026-08-20 20:58:10] [cot:tool] done grep C:\Users\ether\.cursor\projects\C-Users-ether-AppData-Local-data-insights-blog-workers-worker-5\agent-tools\d5b414b1-dfe2-441c-8836-51d6e842321b.txt
[2026-08-20 20:58:10] [cot:tool] start read C:\Users\ether\.cursor\projects\C-Users-ether-AppData-Local-data-insights-blog-workers-worker-5\agent-tools\d5b414b1-dfe2-441c-8836-51d6e842321b.txt
[2026-08-20 20:58:11] [cot:tool] done read C:\Users\ether\.cursor\projects\C-Users-ether-AppData-Local-data-insights-blog-workers-worker-5\agent-tools\d5b414b1-dfe2-441c-8836-51d6e842321b.txt
[2026-08-20 20:58:11] [cot:tool] start webSearch
[2026-08-20 20:58:11] [cot:tool] done webSearch
[2026-08-20 20:58:11] [cot:thought] Sufficient data has been gathered to write the data module. Income breakdown shows
[2026-08-20 20:58:11] [cot:thought] 68% of LMICs. GHO 2026 mid-year figures are $33.66B requested, $8.21B funded, 24.4% coverage. Prior GHO 2025 data uses October 2025. The update will contrast these two snapshots.
[2026-08-20 20:58:11] [cot:thought] The GHO 2026 budget
[2026-08-20 20:58:11] [cot:thought] request fell roughly 26% while coverage remained near 25%. Resettlement numbers collapsed sharply from prior highs toward 2.9 million. The dashboard will use vintage deltas instead of cloning the research layout.
[2026-08-20 20:58:11] [cot:thought] Planned charts include diverging bars for meter comparisons, a dual-axis area and line for displacement trends, and stacked return flows by destination.
[2026-08-20 20:58:11] [cot:thought] Radar charts and parallel coordinates will highlight host income mix shifts. Horizontal bars will show host stock. Controls will include vintage compare toggles, region filters, and metric selectors. A scatter plot for host deltas and a radar view for income mix are also planned.
[2026-08-20 20:58:11] [cot:thought] Building the data module with vintage deltas, then committing phase 1.
[2026-08-20 20:58:11] [cot:tool] start edit C:\Users\ether\AppData\Local\data-insights-blog-workers\worker-5\src\data\migration-humanitarian-update-2026-data.ts
[2026-08-20 20:58:11] [cot:tool] done edit C:\Users\ether\AppData\Local\data-insights-blog-workers\worker-5\src\data\migration-humanitarian-update-2026-data.ts
[2026-08-20 20:58:11] [cot:thought] Proceeding to commit phase 1 and build the dashboard.
[2026-08-20 20:58:11] [cot:tool] start shell git add -A; git commit --trailer "Co-authored-by: Cursor <cursoragent@cursor.com>" -m "wip(migration-humanitarian-update-2026): data module"; $env:BLOG_REPO_ROOT='E:\AI Projects\data-insights-blog'; npx tsx "E:\AI Projects\data-insights-blog\scripts\update-agent-job.mjs" --job job-mt28awi4-n5bjk --status building --activity "Phase 2: dashboard + viz registration"
[2026-08-20 20:58:11] [cot:tool] start grep C:\Users\ether\AppData\Local\data-insights-blog-workers\worker-5\src\types\post.ts
[2026-08-20 20:58:11] [cot:tool] done grep C:\Users\ether\AppData\Local\data-insights-blog-workers\worker-5\src\types\post.ts
[2026-08-20 20:58:11] [cot:tool] start grep C:\Users\ether\AppData\Local\data-insights-blog-workers\worker-5\src\components\PostVisualization.tsx
[2026-08-20 20:58:11] [cot:tool] start read C:\Users\ether\AppData\Local\data-insights-blog-workers\worker-5\scripts\qa-migration-humanitarian-research-2026.mjs
[2026-08-20 20:58:11] [cot:tool] done read C:\Users\ether\AppData\Local\data-insights-blog-workers\worker-5\scripts\qa-migration-humanitarian-research-2026.mjs
[2026-08-20 20:58:11] [cot:tool] done grep C:\Users\ether\AppData\Local\data-insights-blog-workers\worker-5\src\components\PostVisualization.tsx
[2026-08-20 20:58:11] [cot:tool] done shell git add -A; git commit --trailer "Co-authored-by: Cursor <cursoragent@cursor.com>" -m "wip(migration-humanitarian-update-2026): data module"; $env:BLOG_REPO_ROOT='E:\AI Projects\data-insights-blog'; npx tsx "E:\AI Projects\data-insights-blog\scripts\update-agent-job.mjs" --job job-mt28awi4-n5bjk --status building --activity "Phase 2: dashboard + viz registration"
[2026-08-20 20:58:11] [cot:thought] Creating a dashboard with diverse chart types and registering it. Checking import patterns
[2026-08-20 20:58:11] [cot:thought] in PostVisualization.tsx.
[2026-08-20 20:58:11] [cot:tool] start grep C:\Users\ether\AppData\Local\data-insights-blog-workers\worker-5\src\components\PostVisualization.tsx
[2026-08-20 20:58:11] [cot:tool] done grep C:\Users\ether\AppData\Local\data-insights-blog-workers\worker-5\src\components\PostVisualization.tsx
[2026-08-20 20:58:11] [cot:tool] start read C:\Users\ether\AppData\Local\data-insights-blog-workers\worker-5\src\types\post.ts
[2026-08-20 20:58:11] [cot:tool] start grep C:\Users\ether\AppData\Local\data-insights-blog-workers\worker-5\scripts
[2026-08-20 20:58:12] [cot:tool] done read C:\Users\ether\AppData\Local\data-insights-blog-workers\worker-5\src\types\post.ts
[2026-08-20 20:58:12] [cot:tool] done grep C:\Users\ether\AppData\Local\data-insights-blog-workers\worker-5\scripts
[2026-08-20 20:58:12] [cot:thought] I need to check the end of the visualization union type and how smoke markers are registered.
[2026-08-20 20:58:12] [cot:tool] start read C:\Users\ether\AppData\Local\data-insights-blog-workers\worker-5\src\types\post.ts
[2026-08-20 20:58:12] [cot:tool] done read C:\Users\ether\AppData\Local\data-insights-blog-workers\worker-5\src\types\post.ts
[2026-08-20 20:58:12] [cot:tool] start grep C:\Users\ether\AppData\Local\data-insights-blog-workers\worker-5\scripts\smoke-test-viz-posts.mjs
[2026-08-20 20:58:12] [cot:tool] start read C:\Users\ether\AppData\Local\data-insights-blog-workers\worker-5\src\components\PostVisualization.tsx
[2026-08-20 20:58:12] [cot:tool] done read C:\Users\ether\AppData\Local\data-insights-blog-workers\worker-5\src\components\PostVisualization.tsx
[2026-08-20 20:58:12] [cot:tool] done grep C:\Users\ether\AppData\Local\data-insights-blog-workers\worker-5\scripts\smoke-test-viz-posts.mjs
[2026-08-20 20:58:12] [cot:thought] Starting to build the dashboard and wire up the components. Reviewing a short
[2026-08-20 20:58:12] [cot:thought] update dashboard for structural reference.
[2026-08-20 20:58:12] [cot:tool] start read C:\Users\ether\AppData\Local\data-insights-blog-workers\worker-5\src\components\visualizations\IndustrialRoboticsUpdateDashboard.tsx
[2026-08-20 20:58:12] [cot:tool] done read C:\Users\ether\AppData\Local\data-insights-blog-workers\worker-5\src\components\visualizations\IndustrialRoboticsUpdateDashboard.tsx
[2026-08-20 20:58:12] [cot:tool] start read C:\Users\ether\AppData\Local\data-insights-blog-workers\worker-5\scripts\smoke-test-viz-posts.mjs
[2026-08-20 20:58:12] [cot:tool] start grep C:\Users\ether\AppData\Local\data-insights-blog-workers\worker-5\src\data\theme-registry.ts
[2026-08-20 20:58:12] [cot:tool] done read C:\Users\ether\AppData\Local\data-insights-blog-workers\worker-5\scripts\smoke-test-viz-posts.mjs
[2026-08-20 20:58:12] [cot:tool] done grep C:\Users\ether\AppData\Local\data-insights-blog-workers\worker-5\src\data\theme-registry.ts
[2026-08-20 20:58:12] [cot:thought] Beginning work on the dashboard component. Planning seven dashboard
[2026-08-20 20:58:12] [cot:thought] panels: a hero delta, dumbbell vintage meters, dual-axis stock versus funded, diverging host bars, horizontal return flows, composition deltas, and controls for region, meter scope, and sort mode. Then registering the full component.
[2026-08-20 20:58:12] [cot:thought] Creating the dashboard and wiring registration.
[2026-08-20 20:58:12] [cot:tool] start edit C:\Users\ether\AppData\Local\data-insights-blog-workers\worker-5\src\components\visualizations\MigrationHumanitarianUpdateDashboard.tsx
[2026-08-20 20:58:12] [cot:tool] done edit C:\Users\ether\AppData\Local\data-insights-blog-workers\worker-5\src\components\visualizations\MigrationHumanitarianUpdateDashboard.tsx
[2026-08-20 20:58:12] [cot:thought] Registering the new visualization component in post.ts. Updating the TSX file
[2026-08-20 20:58:12] [cot:thought] and theme registry.
[2026-08-20 20:58:12] [cot:tool] start edit C:\Users\ether\AppData\Local\data-insights-blog-workers\worker-5\src\types\post.ts
[2026-08-20 20:58:12] [cot:tool] done edit C:\Users\ether\AppData\Local\data-insights-blog-workers\worker-5\src\types\post.ts
[2026-08-20 20:58:12] [cot:tool] start edit C:\Users\ether\AppData\Local\data-insights-blog-workers\worker-5\src\components\PostVisualization.tsx
[2026-08-20 20:58:13] [cot:tool] done edit C:\Users\ether\AppData\Local\data-insights-blog-workers\worker-5\src\components\PostVisualization.tsx
[2026-08-20 20:58:13] [cot:tool] start edit C:\Users\ether\AppData\Local\data-insights-blog-workers\worker-5\src\components\PostVisualization.tsx
[2026-08-20 20:58:13] [cot:tool] done edit C:\Users\ether\AppData\Local\data-insights-blog-workers\worker-5\src\components\PostVisualization.tsx
[2026-08-20 20:58:13] [cot:tool] start edit C:\Users\ether\AppData\Local\data-insights-blog-workers\worker-5\src\data\theme-registry.ts
[2026-08-20 20:58:13] [cot:tool] start shell git add -A; git commit --trailer "Co-authored-by: Cursor <cursoragent@cursor.com>" -m "wip(migration-humanitarian-update-2026): dashboard + viz wireup"; $env:BLOG_REPO_ROOT='E:\AI Projects\data-insights-blog'; npx tsx "E:\AI Projects\data-insights-blog\scripts\update-agent-job.mjs" --job job-mt28awi4-n5bjk --status building --activity "Phase 3: post prose + hero image"
[2026-08-20 20:58:13] [cot:tool] done edit C:\Users\ether\AppData\Local\data-insights-blog-workers\worker-5\src\data\theme-registry.ts
[2026-08-20 20:58:13] [cot:tool] done shell git add -A; git commit --trailer "Co-authored-by: Cursor <cursoragent@cursor.com>" -m "wip(migration-humanitarian-update-2026): dashboard + viz wireup"; $env:BLOG_REPO_ROOT='E:\AI Projects\data-insights-blog'; npx tsx "E:\AI Projects\data-insights-blog\scripts\update-agent-job.mjs" --job job-mt28awi4-n5bjk --status building --activity "Phase 3: post prose + hero image"
[2026-08-20 20:58:13] [cot:thought] The first step is generating the hero image. Next, I'll write the
[2026-08-20 20:58:13] [cot:thought] post prose into posts.ts and update backend-manifest.json. I'm checking the structure of recent updates to find the right insertion point.
[2026-08-20 20:58:13] [cot:thought] Generating the hero and writing post prose next.
[2026-08-20 20:58:13] [cot:tool] start generateImage
[2026-08-20 20:58:13] [cot:tool] start read C:\Users\ether\AppData\Local\data-insights-blog-workers\worker-5\src\data\posts.ts
[2026-08-20 20:58:13] [cot:tool] done read C:\Users\ether\AppData\Local\data-insights-blog-workers\worker-5\src\data\posts.ts
[2026-08-20 20:58:13] [cot:tool] start read C:\Users\ether\AppData\Local\data-insights-blog-workers\worker-5\artifacts\backend-manifest.json
[2026-08-20 20:58:13] [cot:tool] start read C:\Users\ether\AppData\Local\data-insights-blog-workers\worker-5\src\data\posts.ts
[2026-08-20 20:58:13] [cot:tool] done read C:\Users\ether\AppData\Local\data-insights-blog-workers\worker-5\artifacts\backend-manifest.json
[2026-08-20 20:58:13] [cot:tool] done read C:\Users\ether\AppData\Local\data-insights-blog-workers\worker-5\src\data\posts.ts
[2026-08-20 20:58:13] [cot:tool] done generateImage
[2026-08-20 20:58:13] [cot:thought] Copying the hero image to public/images and writing the post.
[2026-08-20 20:58:13] [cot:tool] start shell Copy-Item "C:\Users\ether\.cursor\projects\C-Users-ether-AppData-Local-data-insights-blog-workers-worker-5\assets\politics-migration-humanitarian-update-2026-hero.png" -Destination "C:\Users\ether\AppData\Local\data-insights-blog-workers\worker-5\public\images\politics-migration-humanitarian-update-2026-hero.png" -Force; Test-Path "C:\Users\ether\AppData\Local\data-insights-blog-workers\worker-5\public\images\politics-migration-humanitarian-update-2026-hero.png"
[2026-08-20 20:58:13] [cot:tool] done shell Copy-Item "C:\Users\ether\.cursor\projects\C-Users-ether-AppData-Local-data-insights-blog-workers-worker-5\assets\politics-migration-humanitarian-update-2026-hero.png" -Destination "C:\Users\ether\AppData\Local\data-insights-blog-workers\worker-5\public\images\politics-migration-humanitarian-update-2026-hero.png" -Force; Test-Path "C:\Users\ether\AppData\Local\data-insights-blog-workers\worker-5\public\images\politics-migration-humanitarian-update-2026-hero.png"
[2026-08-20 20:58:13] [cot:thought] Writing the full post content and inserting it at the beginning of posts.ts. The post must meet
[2026-08-20 20:58:13] [cot:thought] several quality thresholds: at least 1200 words, six H2 headings, caveats, a table, and two internal links.
[2026-08-20 20:58:13] [cot:tool] start edit C:\Users\ether\AppData\Local\data-insights-blog-workers\worker-5\src\data\posts.ts
[2026-08-20 20:58:13] [cot:tool] done edit C:\Users\ether\AppData\Local\data-insights-blog-workers\worker-5\src\data\posts.ts
[2026-08-20 20:58:13] [cot:thought] Updating the backend manifest and committing phase 3. Then running QA scripts.
[2026-08-20 20:58:14] [cot:tool] start edit C:\Users\ether\AppData\Local\data-insights-blog-workers\worker-5\artifacts\backend-manifest.json
[2026-08-20 20:58:14] [cot:tool] done edit C:\Users\ether\AppData\Local\data-insights-blog-workers\worker-5\artifacts\backend-manifest.json
[2026-08-20 20:58:14] [cot:tool] start edit C:\Users\ether\AppData\Local\data-insights-blog-workers\worker-5\scripts\qa-migration-humanitarian-update-2026.mjs
[2026-08-20 20:58:14] [cot:tool] start edit C:\Users\ether\AppData\Local\data-insights-blog-workers\worker-5\scripts\smoke-test-viz-posts.mjs
[2026-08-20 20:58:14] [cot:tool] done edit C:\Users\ether\AppData\Local\data-insights-blog-workers\worker-5\scripts\qa-migration-humanitarian-update-2026.mjs
[2026-08-20 20:58:14] [cot:tool] done edit C:\Users\ether\AppData\Local\data-insights-blog-workers\worker-5\scripts\smoke-test-viz-posts.mjs
[2026-08-20 20:58:14] [cot:thought] Checking package.json for QA script registration and verifying word count. Proceeding to commit and deploy.
[2026-08-20 20:58:14] [cot:tool] start grep C:\Users\ether\AppData\Local\data-insights-blog-workers\worker-5\package.json
[2026-08-20 20:58:14] [cot:tool] done grep C:\Users\ether\AppData\Local\data-insights-blog-workers\worker-5\package.json
[2026-08-20 20:58:14] [cot:tool] start shell $post = Get-Content "src\data\posts.ts" -Raw; if ($post -match 'id: "migration-humanitarian-update-2026"[\s\S]*?content: `([\s\S]*?)`,\s*\n\s*\},') { $c = $Matches[1]; $words = ($c -split '\s+').Count; $h2 = ([regex]::Matches($c, '(?m)^## ')).Count; Write-Output "words=$words h2=$h2" } else { Write-Output "parse fail" }; git add -A; git commit --trailer "Co-authored-by: Cursor <cursoragent@cursor.com>" -m "wip(migration-humanitarian-update-2026): post prose + hero"; git add scripts/qa-migration-humanitarian-update-2026.mjs scripts/smoke-test-viz-posts.mjs artifacts/backend-manifest.json; git status --short; $env:BLOG_REPO_ROOT='E:\AI Projects\data-insights-blog'; npx tsx "E:\AI Projects\data-insights-blog\scripts\update-agent-job.mjs" --job job-mt28awi4-n5bjk --status qa --activity "Phase 4-5: running local deploy smoke on ports 4188/4189"
[2026-08-20 20:58:14] [cot:tool] done shell $post = Get-Content "src\data\posts.ts" -Raw; if ($post -match 'id: "migration-humanitarian-update-2026"[\s\S]*?content: `([\s\S]*?)`,\s*\n\s*\},') { $c = $Matches[1]; $words = ($c -split '\s+').Count; $h2 = ([regex]::Matches($c, '(?m)^## ')).Count; Write-Output "words=$words h2=$h2" } else { Write-Output "parse fail" }; git add -A; git commit --trailer "Co-authored-by: Cursor <cursoragent@cursor.com>" -m "wip(migration-humanitarian-update-2026): post prose + hero"; git add scripts/qa-migration-humanitarian-update-2026.mjs scripts/smoke-test-viz-posts.mjs artifacts/backend-manifest.json; git status --short; $env:BLOG_REPO_ROOT='E:\AI Projects\data-insights-blog'; npx tsx "E:\AI Projects\data-insights-blog\scripts\update-agent-job.mjs" --job job-mt28awi4-n5bjk --status qa --activity "Phase 4-5: running local deploy smoke on ports 4188/4189"
[2026-08-20 20:58:14] [cot:thought] The commit included the QA script. The post reached 1697
[2026-08-20 20:58:14] [cot:thought] words and nine H2 sections. Now running npm run deploy with the ports. This will take a while.
[2026-08-20 20:58:14] [cot:tool] start shell $env:SMOKE_PORT='4188'; $env:SMOKE_QA_PORT='4189'; npm run deploy
[2026-08-20 20:58:14] [cot:tool] done shell $env:SMOKE_PORT='4188'; $env:SMOKE_QA_PORT='4189'; npm run deploy
[2026-08-20 20:58:14] [cot:thought] Fixing a Tooltip formatter type error.
[2026-08-20 20:58:14] [cot:tool] start edit C:\Users\ether\AppData\Local\data-insights-blog-workers\worker-5\src\components\visualizations\MigrationHumanitarianUpdateDashboard.tsx
[2026-08-20 20:58:14] [cot:tool] start grep C:\Users\ether\AppData\Local\data-insights-blog-workers\worker-5\src\components\visualizations\MigrationHumanitarianUpdateDashboard.tsx
[2026-08-20 20:58:14] [cot:tool] done grep C:\Users\ether\AppData\Local\data-insights-blog-workers\worker-5\src\components\visualizations\MigrationHumanitarianUpdateDashboard.tsx
[2026-08-20 20:58:14] [cot:tool] done edit C:\Users\ether\AppData\Local\data-insights-blog-workers\worker-5\src\components\visualizations\MigrationHumanitarianUpdateDashboard.tsx
[2026-08-20 20:58:14] [cot:thought] The other formatter needs the same safe fix.
[2026-08-20 20:58:14] [cot:tool] start edit C:\Users\ether\AppData\Local\data-insights-blog-workers\worker-5\src\components\visualizations\MigrationHumanitarianUpdateDashboard.tsx
[2026-08-20 20:58:14] [cot:tool] start shell $env:SMOKE_PORT='4188'; $env:SMOKE_QA_PORT='4189'; npm run deploy
[2026-08-20 20:58:15] [cot:tool] done edit C:\Users\ether\AppData\Local\data-insights-blog-workers\worker-5\src\components\visualizations\MigrationHumanitarianUpdateDashboard.tsx
[2026-08-20 20:58:15] [cot:tool] done shell $env:SMOKE_PORT='4188'; $env:SMOKE_QA_PORT='4189'; npm run deploy
[2026-08-20 20:58:15] [cot:thought] Deployment passed. The new post is featured at the top of the homepage, so homepage QA should be fine.
[2026-08-20 20:58:15] [cot:thought] Running the dedicated
[2026-08-20 20:58:15] [cot:thought] QA script now. Will verify the HTML output, commit the final feature, and mark the job ready.
[2026-08-20 20:58:15] [cot:thought] Deploy passed. Running dedicated QA, then final commit and ready mark.
[2026-08-20 20:58:15] [cot:tool] start shell $env:SMOKE_PORT='4188'; node scripts/qa-migration-humanitarian-update-2026.mjs; Test-Path "out/blog/migration-humanitarian-update-2026.html"; Test-Path "out/blog/migration-humanitarian-update-2026/index.html"
[2026-08-20 20:58:15] [cot:tool] done shell $env:SMOKE_PORT='4188'; node scripts/qa-migration-humanitarian-update-2026.mjs; Test-Path "out/blog/migration-humanitarian-update-2026.html"; Test-Path "out/blog/migration-humanitarian-update-2026/index.html"
[2026-08-20 20:58:15] [cot:thought] QA passed. Proceeding to final commit and marking the job ready.
[2026-08-20 20:58:15] [cot:tool] start shell git add -A; git status --short; git log --oneline -6; git commit --trailer "Co-authored-by: Cursor <cursoragent@cursor.com>" -m "$(@'
[2026-08-20 20:58:15] [cot:tool] done shell git add -A; git status --short; git log --oneline -6; git commit --trailer "Co-authored-by: Cursor <cursoragent@cursor.com>" -m "$(@'
[2026-08-20 20:58:15] [cot:thought] An npm error flagged a non-ASCII dash in the headline, yet the operation still returned ok: true.
[2026-08-20 20:58:15] [cot:thought] Retrying with an ASCII-only
[2026-08-20 20:58:15] [cot:thought] headline to avoid the non-ASCII dash issue.
[2026-08-20 20:58:15] [cot:tool] start shell $env:BLOG_REPO_ROOT='E:\AI Projects\data-insights-blog'; npx tsx "E:\AI Projects\data-insights-blog\scripts\update-agent-job.mjs" --job job-mt28awi4-n5bjk --status ready --activity "Ready for merge" --headline "-5.4M to 117.8M (-4%): first decade decline; GHO +1pp as ask -26%"; Write-Output "WorkerReady: migration-humanitarian-update-2026 | job=job-mt28awi4-n5bjk | worker=5"
[2026-08-20 20:58:15] [cot:tool] done shell $env:BLOG_REPO_ROOT='E:\AI Projects\data-insights-blog'; npx tsx "E:\AI Projects\data-insights-blog\scripts\update-agent-job.mjs" --job job-mt28awi4-n5bjk --status ready --activity "Ready for merge" --headline "-5.4M to 117.8M (-4%): first decade decline; GHO +1pp as ask -26%"; Write-Output "WorkerReady: migration-humanitarian-update-2026 | job=job-mt28awi4-n5bjk | worker=5"
[2026-08-20 20:58:15] [cot:thought] The migration-humanitarian-update-2026 post is complete. The HTML file was generated, committed, and the worker marked ready.
[2026-08-20 20:58:15] [cot:thought] Exiting cleanly.Shipped the vintage update vs the research print.
[2026-08-20 20:58:15] [cot:thought] **Headline:** Forced displacement fell **???5.4M to 117.8M (???4%)** ??? first decade decline ???
[2026-08-20 20:58:15] [cot:thought] while GHO coverage barely moved (+1pp) as the ask shrank **???26%**.
[2026-08-20 20:58:15] [cot:thought] **Delivered:** data module, dashboard (dumbbell / dual-axis / diverging host ?? / returns / income scatter + 3 controls), post prose (~1.
[2026-08-20 20:58:15] [cot:thought] 7k words, 9 H2s), hero PNG, QA + smoke marker, `themeId: migration-humanitarian`.
[2026-08-20 20:58:15] [cot:thought] **
[2026-08-20 20:58:15] [cot:thought] QA:** `npm run deploy` (ports 4188/4189) exit 0; dedicated QA PASS.
[2026-08-20 20:58:15] [cot:thought] `WorkerReady: migration-humanitarian-update-2026 | job=job-mt28awi4-n5bjk | worker=5`
[2026-08-20 20:58:15] [cot:system] result ok 702571ms ΓÇö Starting the migration-humanitarian update post: checking conveyor sync, production rules, and any existing theme posts.Reviewing the prior dashboard pattern and fetching the newest official vintage for a YoY/delta update.Pulling key Global
