[2026-07-31 12:29:42] Worker 1 starting job job-ms95r9et-w818d (phosphate-fertilizer-export-dependence-ms95r9et) in E:\AI Projects\data-insights-blog-worktrees\worker-1 (branch post/phosphate-fertilizer-export-dependence-ms95r9et-w1)
[2026-07-31 12:29:42] Resetting worktree to 61022e9bc8eecd1b18c428f7b34d1860b123d517 then checkout post/phosphate-fertilizer-export-dependence-ms95r9et-w1
[2026-07-31 12:29:42] git: HEAD is now at e9746a2 merge(post): macro-growth-trade-research-2026 from worker 4 (path-selective)
[2026-07-31 12:29:42] git: Removing scripts/bootstrap-worktrees.ps1
[2026-07-31 12:29:42] git: Removing scripts/claim-next-topics.mjs
[2026-07-31 12:29:42] git: Removing scripts/cursor-watchdog-loop.ps1
[2026-07-31 12:29:42] git: Removing scripts/debug-agent-transport.ps1
[2026-07-31 12:29:42] git: Removing scripts/lib/agent-jobs.mjs
[2026-07-31 12:29:42] git: Removing scripts/lib/production-ship-parser.mjs
[2026-07-31 12:29:43] git: Switched to a new branch 'post/phosphate-fertilizer-export-dependence-ms95r9et-w1'
[2026-07-31 12:29:47] Invoking agent for worker 1 (-p --force --trust --workspace worktree)
Connection lost, reconnecting to https://api2.cursor.sh (attempt 1)...
[2026-07-31 12:51:28] WARN: transport blip cliAttempt=1 (raw=1) elapsed=0s
Retry attempt 1...
[2026-07-31 12:51:30] WARN: transport blip cliAttempt=1 (raw=1) elapsed=2s
Connection lost, reconnecting to https://api2.cursor.sh (attempt 2)...
[2026-07-31 12:52:36] WARN: transport blip cliAttempt=2 (raw=2) elapsed=68s
Retry attempt 2...
[2026-07-31 12:52:38] WARN: transport blip cliAttempt=2 (raw=2) elapsed=70s
Connection lost, reconnecting to https://api2.cursor.sh (attempt 3)...
[2026-07-31 12:53:34] WARN: transport blip cliAttempt=3 (raw=3) elapsed=126s
[2026-07-31 12:53:34] ERROR: transport unhealthy (cliAttempt=3 elapsed=126s); killing worker agent
[2026-07-31 12:53:39] Worker 1 finished (exit=75)
