[2026-08-20 18:33:55] Worker 4 starting job job-mt23knyi-duc1w (fiscal-industrial-policy-update-2026) in C:\Users\ether\AppData\Local\data-insights-blog-workers\worker-4 (branch post/fiscal-industrial-policy-update-2026-w4, container blog-worker-4)
[2026-08-20 18:33:55] Fetching origin (main merge target) into isolated clone
[2026-08-20 18:33:56] Creating post/fiscal-industrial-policy-update-2026-w4 from main dc496898aa1ad477045a888330cce870984d80f3
[2026-08-20 18:33:56] Resetting clone then checkout post/fiscal-industrial-policy-update-2026-w4 at dc496898aa1ad477045a888330cce870984d80f3 (never master)
[2026-08-20 18:33:57] git: HEAD is now at dc49689 merge(post): ai-power-grid-concentration-2026 from worker 5 (path-selective)
[2026-08-20 18:33:57] git: HEAD is now at dc49689 merge(post): ai-power-grid-concentration-2026 from worker 5 (path-selective)
[2026-08-20 18:33:57] git: Switched to a new branch 'post/fiscal-industrial-policy-update-2026-w4'
[2026-08-20 18:33:57] Worker 4 ports: SMOKE_PORT=4186 SMOKE_QA_PORT=4187 (isolated Node static servers)
[2026-08-20 18:33:57] WARN: Cursor CLI useHttp1ForAgent is not true - transport blips may be worse. Set network.useHttp1ForAgent=true in C:\Users\ether\.cursor\cli-config.json
[2026-08-20 18:33:57] Invoking agent for worker 4 (-p --force --trust --workspace clone C:\Users\ether\AppData\Local\data-insights-blog-workers\worker-4 / blog-worker-4)
[2026-08-20 18:33:58] Agent stream-json -> E:\AI Projects\data-insights-blog\artifacts\automation-logs\worker-4-2026-08-20_18-33-55.log (cot E:\AI Projects\data-insights-blog\artifacts\automation-logs\worker-4-2026-08-20_18-33-55.cot.log, raw E:\AI Projects\data-insights-blog\artifacts\automation-logs\worker-4-2026-08-20_18-33-55.ndjson)
[cot:system] session model=Auto cwd=C:\Users\ether\AppData\Local\data-insights-blog-workers\worker-4
[cot:user] You are a blog production WORKER in a parallel multi-agent system. ## Identity - Worker ID: 4 - Job ID: job-mt23knyi-duc1w - Assigned slug: fiscal-industrial-policy-update-2026 - Theme ID: fiscal-induΓÇª
[cot:thought] Beginning blog production as worker 4. The target post is fiscal-industrial-policy-update-2026.
[cot:thought] I will check the existing HTML file, commit the changes, mark the job ready, and exit cleanly.
[cot:thought] Reviewing the autonomous
[cot:thought] blog production rules and checking the worktree state. This run will use short-turn commits and skip Firebase deployment and main merges.
[cot:thought] I'll start as worker 4 on `fiscal-industrial-policy-update-2026`: check conveyor sync, read production rules, and mark the job researching.
[cot:tool] start read C:\Users\ether\AppData\Local\data-insights-blog-workers\worker-4\.cursor\rules\autonomous-blog-production.mdc
[cot:tool] start read C:\Users\ether\AppData\Local\data-insights-blog-workers\worker-4\artifacts\conveyor-sync.json
[cot:tool] done read ?
[cot:tool] done read ?
[cot:tool] start glob
[cot:tool] done glob
[cot:tool] start shell $env:BLOG_REPO_ROOT='E:\AI Projects\data-insights-blog'; npx tsx 'E:\AI Projects\data-insights-blog\scripts\update-agent-job.mjs' --job job-mt23knyi-duc1w --status researching --activity 'Phase 0: checking conveyor + prior theme posts'
[cot:tool] done shell $env:BLOG_REPO_ROOT='E:\AI Projects\data-insights-blog'; npx tsx 'E:\AI Projects\data-insights-blog\scripts\update-agent-job.mjs' --job job-mt23knyi-duc1w --status researching --activity 'Phase 0: checking conveyor + prior theme posts'
[cot:thought] Reviewing production rules and existing fiscal-industrial posts to identify coverage gaps.
[cot:tool] start glob
[cot:tool] done glob
[cot:tool] start grep C:\Users\ether\AppData\Local\data-insights-blog-workers\worker-4\src
[cot:tool] done grep C:\Users\ether\AppData\Local\data-insights-blog-workers\worker-4\src
[cot:tool] start shell git status; git branch --show-current; ls artifacts 2>$null; ls .cursor\rules 2>$null
[cot:tool] start read C:\Users\ether\AppData\Local\data-insights-blog-workers\worker-4\src\data\fiscal-industrial-policy-research-2026-data.ts
[cot:tool] done read C:\Users\ether\AppData\Local\data-insights-blog-workers\worker-4\src\data\fiscal-industrial-policy-research-2026-data.ts
[cot:tool] done shell git status; git branch --show-current; ls artifacts 2>$null; ls .cursor\rules 2>$null
[cot:thought] A research post already exists for this theme. The goal is to write
[cot:thought] an update post comparing the newest official vintage against the previous research post.
[cot:thought] I'll review similar update posts and the existing research content for structural patterns.
[cot:thought] Prior research post exists ??? I'll mirror an update-post pattern and pull the newest vintage deltas next.
[cot:tool] start glob
[cot:tool] done glob
[cot:tool] start grep C:\Users\ether\AppData\Local\data-insights-blog-workers\worker-4\src\data\posts.ts
[cot:tool] done grep C:\Users\ether\AppData\Local\data-insights-blog-workers\worker-4\src\data\posts.ts
[cot:tool] start read C:\Users\ether\AppData\Local\data-insights-blog-workers\worker-4\src\data\fiscal-industrial-policy-research-2026-data.ts
[cot:tool] start read C:\Users\ether\AppData\Local\data-insights-blog-workers\worker-4\src\components\visualizations\FiscalIndustrialPolicyResearchDashboard.tsx
[cot:tool] done read C:\Users\ether\AppData\Local\data-insights-blog-workers\worker-4\src\data\fiscal-industrial-policy-research-2026-data.ts
[cot:tool] done read C:\Users\ether\AppData\Local\data-insights-blog-workers\worker-4\src\components\visualizations\FiscalIndustrialPolicyResearchDashboard.tsx
[cot:thought] Reviewing update post patterns to understand delta formatting. Searching for newer GTA and IMF data on industrial policy 2025/2026.
[cot:tool] start read C:\Users\ether\AppData\Local\data-insights-blog-workers\worker-4\src\data\ai-capex-intensity-update-2026-data.ts
[cot:tool] done read C:\Users\ether\AppData\Local\data-insights-blog-workers\worker-4\src\data\ai-capex-intensity-update-2026-data.ts
[cot:tool] start read C:\Users\ether\AppData\Local\data-insights-blog-workers\worker-4\src\data\posts.ts
[cot:tool] done read C:\Users\ether\AppData\Local\data-insights-blog-workers\worker-4\src\data\posts.ts
[cot:agent] interaction_query/request
[cot:agent] interaction_query/response
[cot:tool] start read C:\Users\ether\AppData\Local\data-insights-blog-workers\worker-4\src\components\visualizations\AiCapexIntensityUpdateDashboard.tsx
[cot:tool] start webSearch
[cot:tool] done read C:\Users\ether\AppData\Local\data-insights-blog-workers\worker-4\src\components\visualizations\AiCapexIntensityUpdateDashboard.tsx
[cot:tool] done webSearch
[cot:thought] The research post spans 2009???2023 H-NIPO data. It also references GTA 2025 Security First.
[cot:thought] The update will contrast
[cot:thought] the 2023???2024 baseline with early and mid-2025 GTA briefings. Key shifts include a surge in security and geopolitical motives from 26% to 63% in G7+, Korea, and Australia. Climate justifications dropped from 29% to 12%. Green industrial measures reversed direction: subsidies fell from 68% to 32%, while import barriers rose from under 4% to 48%. Western geo/security motives climbed from 22% to 54%. The US cited national security in over half of cases. The EU remained subsidy-heavy at 64% versus the Western
[cot:thought] average.Fetching concrete 2025 vintage figures from GTA briefings to ground the update delta.
[cot:tool] start webFetch
[cot:agent] interaction_query/request
[cot:agent] interaction_query/response
[cot:tool] start webFetch
[cot:agent] interaction_query/request
[cot:agent] interaction_query/response
[cot:tool] start webFetch
[cot:agent] interaction_query/request
[cot:agent] interaction_query/response
[cot:tool] start shell $env:BLOG_REPO_ROOT='E:\AI Projects\data-insights-blog'; npx tsx 'E:\AI Projects\data-insights-blog\scripts\update-agent-job.mjs' --job job-mt23knyi-duc1w --status building --activity 'Phase 1: drafting vintage-delta data module from GTA 2025 NIPO'
[cot:tool] done webFetch
[cot:tool] done webFetch
[cot:tool] done webFetch
[cot:tool] done shell $env:BLOG_REPO_ROOT='E:\AI Projects\data-insights-blog'; npx tsx 'E:\AI Projects\data-insights-blog\scripts\update-agent-job.mjs' --job job-mt23knyi-duc1w --status building --activity 'Phase 1: drafting vintage-delta data module from GTA 2025 NIPO'
[cot:thought] Solid vintage-delta numbers are available. Reviewing post.ts
[cot:thought] and PostVisualization registration patterns and a QA script example. Then creating the data module and committing phase 1.
[cot:thought] I have solid 2025 vintage deltas. Creating the data module, then committing phase 1.
[cot:tool] start read C:\Users\ether\AppData\Local\data-insights-blog-workers\worker-4\scripts\qa-fiscal-industrial-policy-research-2026.mjs
[cot:tool] done read C:\Users\ether\AppData\Local\data-insights-blog-workers\worker-4\scripts\qa-fiscal-industrial-policy-research-2026.mjs
[cot:tool] start grep C:\Users\ether\AppData\Local\data-insights-blog-workers\worker-4\src\types\post.ts
[cot:tool] done grep C:\Users\ether\AppData\Local\data-insights-blog-workers\worker-4\src\types\post.ts
[cot:tool] start grep C:\Users\ether\AppData\Local\data-insights-blog-workers\worker-4\scripts
[cot:tool] start read C:\Users\ether\AppData\Local\data-insights-blog-workers\worker-4\artifacts\backend-manifest.json
[cot:tool] done read C:\Users\ether\AppData\Local\data-insights-blog-workers\worker-4\artifacts\backend-manifest.json
[cot:tool] done grep C:\Users\ether\AppData\Local\data-insights-blog-workers\worker-4\scripts
[cot:thought] Creating a data module with vintage deltas comparing the 2023 research post against the 2025 GTA NIPO updates.
[cot:tool] start edit C:\Users\ether\AppData\Local\data-insights-blog-workers\worker-4\src\data\fiscal-industrial-policy-update-2026-data.ts
[cot:tool] done edit C:\Users\ether\AppData\Local\data-insights-blog-workers\worker-4\src\data\fiscal-industrial-policy-update-2026-data.ts
[cot:thought] Committing phase 1. Then building the dashboard.
[cot:tool] start shell git add -A; git commit --trailer "Co-authored-by: Cursor <cursoragent@cursor.com>" -m "wip(fiscal-industrial-policy-update-2026): data module"; $env:BLOG_REPO_ROOT='E:\AI Projects\data-insights-blog'; npx tsx 'E:\AI Projects\data-insights-blog\scripts\update-agent-job.mjs' --job job-mt23knyi-duc1w --status building --activity 'Phase 2: dashboard + viz registration'
[cot:tool] done shell git add -A; git commit --trailer "Co-authored-by: Cursor <cursoragent@cursor.com>" -m "wip(fiscal-industrial-policy-update-2026): data module"; $env:BLOG_REPO_ROOT='E:\AI Projects\data-insights-blog'; npx tsx 'E:\AI Projects\data-insights-blog\scripts\update-agent-job.mjs' --job job-mt23knyi-duc1w --status building --activity 'Phase 2: dashboard + viz registration'
[cot:thought] Phase 2 creates the dashboard with at least three chart types, four panels, and two controls.
[cot:thought] The dashboard will
[cot:thought] feature five panels: a diverging delta bar chart, a dumbbell chart, stacked grouped bars, a dual-axis bar, and a scatter plot. Controls include geography filters, delta group toggles, and a green versus EU comparison switch.
[cot:thought] Reviewing ChartCard patterns and SortedTooltip usage before writing the dashboard and registering it.
[cot:thought] Building the dashboard and registering the visualization next.
[cot:tool] start read C:\Users\ether\AppData\Local\data-insights-blog-workers\worker-4\src\types\post.ts
[cot:tool] done read C:\Users\ether\AppData\Local\data-insights-blog-workers\worker-4\src\types\post.ts
[cot:tool] start read C:\Users\ether\AppData\Local\data-insights-blog-workers\worker-4\src\components\PostVisualization.tsx
[cot:tool] start read C:\Users\ether\AppData\Local\data-insights-blog-workers\worker-4\src\components\visualizations\AiCapexIntensityUpdateDashboard.tsx
[cot:tool] done read C:\Users\ether\AppData\Local\data-insights-blog-workers\worker-4\src\components\PostVisualization.tsx
[cot:tool] done read C:\Users\ether\AppData\Local\data-insights-blog-workers\worker-4\src\components\visualizations\AiCapexIntensityUpdateDashboard.tsx
[cot:thought] Checking imports in PostVisualization. Reviewing TSX patterns.
[cot:tool] start grep C:\Users\ether\AppData\Local\data-insights-blog-workers\worker-4\src\components\PostVisualization.tsx
[cot:tool] start edit C:\Users\ether\AppData\Local\data-insights-blog-workers\worker-4\src\components\visualizations\FiscalIndustrialPolicyUpdateDashboard.tsx
[cot:tool] done grep C:\Users\ether\AppData\Local\data-insights-blog-workers\worker-4\src\components\PostVisualization.tsx
[cot:tool] done edit C:\Users\ether\AppData\Local\data-insights-blog-workers\worker-4\src\components\visualizations\FiscalIndustrialPolicyUpdateDashboard.tsx
[cot:thought] Registering the new post in post.ts and PostVisualization.
[cot:tool] start edit C:\Users\ether\AppData\Local\data-insights-blog-workers\worker-4\src\types\post.ts
[cot:tool] start read C:\Users\ether\AppData\Local\data-insights-blog-workers\worker-4\src\components\PostVisualization.tsx
[cot:tool] done read C:\Users\ether\AppData\Local\data-insights-blog-workers\worker-4\src\components\PostVisualization.tsx
[cot:tool] start read C:\Users\ether\AppData\Local\data-insights-blog-workers\worker-4\src\components\PostVisualization.tsx
[cot:tool] start grep C:\Users\ether\AppData\Local\data-insights-blog-workers\worker-4\src\data\theme-registry.ts
[cot:tool] done edit C:\Users\ether\AppData\Local\data-insights-blog-workers\worker-4\src\types\post.ts
[cot:tool] done read C:\Users\ether\AppData\Local\data-insights-blog-workers\worker-4\src\components\PostVisualization.tsx
[cot:tool] done grep C:\Users\ether\AppData\Local\data-insights-blog-workers\worker-4\src\data\theme-registry.ts
[cot:thought] Adding a dynamic import, conditional branch, and theme registry entry.
[cot:tool] start edit C:\Users\ether\AppData\Local\data-insights-blog-workers\worker-4\src\components\PostVisualization.tsx
[cot:tool] start read C:\Users\ether\AppData\Local\data-insights-blog-workers\worker-4\src\components\PostVisualization.tsx
[cot:tool] done read C:\Users\ether\AppData\Local\data-insights-blog-workers\worker-4\src\components\PostVisualization.tsx
[cot:tool] done edit
[cot:thought] Inserting a new dynamic import after the research section and adding an if branch.
[cot:tool] start edit C:\Users\ether\AppData\Local\data-insights-blog-workers\worker-4\src\components\PostVisualization.tsx
[cot:tool] done edit C:\Users\ether\AppData\Local\data-insights-blog-workers\worker-4\src\components\PostVisualization.tsx
[cot:tool] start edit C:\Users\ether\AppData\Local\data-insights-blog-workers\worker-4\src\components\PostVisualization.tsx
[cot:tool] start edit C:\Users\ether\AppData\Local\data-insights-blog-workers\worker-4\src\data\theme-registry.ts
[cot:tool] done edit C:\Users\ether\AppData\Local\data-insights-blog-workers\worker-4\src\components\PostVisualization.tsx
[cot:tool] done edit C:\Users\ether\AppData\Local\data-insights-blog-workers\worker-4\src\data\theme-registry.ts
[cot:thought] Proceeding to commit phase 2. Then writing the post prose and hero image.
[cot:tool] start shell git add -A; git commit --trailer "Co-authored-by: Cursor <cursoragent@cursor.com>" -m "wip(fiscal-industrial-policy-update-2026): dashboard + viz wireup"; $env:BLOG_REPO_ROOT='E:\AI Projects\data-insights-blog'; npx tsx 'E:\AI Projects\data-insights-blog\scripts\update-agent-job.mjs' --job job-mt23knyi-duc1w --status building --activity 'Phase 3: post prose + hero image'
[cot:tool] start read C:\Users\ether\AppData\Local\data-insights-blog-workers\worker-4\src\data\posts.ts
[cot:tool] start generateImage
[cot:tool] done read C:\Users\ether\AppData\Local\data-insights-blog-workers\worker-4\src\data\posts.ts
[cot:tool] done shell git add -A; git commit --trailer "Co-authored-by: Cursor <cursoragent@cursor.com>" -m "wip(fiscal-industrial-policy-update-2026): dashboard + viz wireup"; $env:BLOG_REPO_ROOT='E:\AI Projects\data-insights-blog'; npx tsx 'E:\AI Projects\data-insights-blog\scripts\update-agent-job.mjs' --job job-mt23knyi-duc1w --status building --activity 'Phase 3: post prose + hero image'
[cot:tool] done generateImage
[cot:thought] The hero image needs to be copied to public/images/. The posts.ts entry also needs to be written.
[cot:thought] Checking where posts
[cot:thought] are typically inserted in the file, usually near the top for newest entries.
[cot:tool] start shell Copy-Item "C:\Users\ether\.cursor\projects\C-Users-ether-AppData-Local-data-insights-blog-workers-worker-4\assets\politics-fiscal-industrial-policy-update-2026-hero.png" "C:\Users\ether\AppData\Local\data-insights-blog-workers\worker-4\public\images\politics-fiscal-industrial-policy-update-2026-hero.png"; Test-Path "C:\Users\ether\AppData\Local\data-insights-blog-workers\worker-4\public\images\politics-fiscal-industrial-policy-update-2026-hero.png"
[cot:tool] start read C:\Users\ether\AppData\Local\data-insights-blog-workers\worker-4\src\data\posts.ts
[cot:tool] done read C:\Users\ether\AppData\Local\data-insights-blog-workers\worker-4\src\data\posts.ts
[cot:tool] done shell Copy-Item "C:\Users\ether\.cursor\projects\C-Users-ether-AppData-Local-data-insights-blog-workers-worker-4\assets\politics-fiscal-industrial-policy-update-2026-hero.png" "C:\Users\ether\AppData\Local\data-insights-blog-workers\worker-4\public\images\politics-fiscal-industrial-policy-update-2026-hero.png"; Test-Path "C:\Users\ether\AppData\Local\data-insights-blog-workers\worker-4\public\images\politics-fiscal-industrial-policy-update-2026-hero.png"
[cot:thought] The new post will be inserted at the beginning of the samplePosts array. The post must reach
[cot:thought] 1200 words, include six H2s, add caveats, a table, and two internal links.Writing the post entry with full prose next.
[cot:tool] start edit C:\Users\ether\AppData\Local\data-insights-blog-workers\worker-4\src\data\posts.ts
[cot:tool] done edit C:\Users\ether\AppData\Local\data-insights-blog-workers\worker-4\src\data\posts.ts
[cot:thought] Updating backend-manifest.json, committing phase 3, and writing the QA script and smoke marker.
[cot:tool] start edit C:\Users\ether\AppData\Local\data-insights-blog-workers\worker-4\artifacts\backend-manifest.json
[cot:tool] start shell git add -A; git commit --trailer "Co-authored-by: Cursor <cursoragent@cursor.com>" -m "wip(fiscal-industrial-policy-update-2026): post prose + hero"; $env:BLOG_REPO_ROOT='E:\AI Projects\data-insights-blog'; npx tsx 'E:\AI Projects\data-insights-blog\scripts\update-agent-job.mjs' --job job-mt23knyi-duc1w --status building --activity 'Phase 4: QA script + smoke marker'
[cot:tool] done edit C:\Users\ether\AppData\Local\data-insights-blog-workers\worker-4\artifacts\backend-manifest.json
[cot:tool] start read C:\Users\ether\AppData\Local\data-insights-blog-workers\worker-4\scripts\smoke-test-viz-posts.mjs
[cot:tool] done read C:\Users\ether\AppData\Local\data-insights-blog-workers\worker-4\scripts\smoke-test-viz-posts.mjs
[cot:tool] start grep C:\Users\ether\AppData\Local\data-insights-blog-workers\worker-4\scripts
[cot:tool] done grep C:\Users\ether\AppData\Local\data-insights-blog-workers\worker-4\scripts
[cot:tool] done shell git add -A; git commit --trailer "Co-authored-by: Cursor <cursoragent@cursor.com>" -m "wip(fiscal-industrial-policy-update-2026): post prose + hero"; $env:BLOG_REPO_ROOT='E:\AI Projects\data-insights-blog'; npx tsx 'E:\AI Projects\data-insights-blog\scripts\update-agent-job.mjs' --job job-mt23knyi-duc1w --status building --activity 'Phase 4: QA script + smoke marker'
[cot:thought] Reviewing smoke test entry structures and QA script registration in package.json.
[cot:thought] Checking whether homepage
[cot:thought] QA requires the post slug.
[cot:tool] start read C:\Users\ether\AppData\Local\data-insights-blog-workers\worker-4\scripts\smoke-test-viz-posts.mjs
[cot:tool] done read C:\Users\ether\AppData\Local\data-insights-blog-workers\worker-4\scripts\smoke-test-viz-posts.mjs
[cot:tool] start grep C:\Users\ether\AppData\Local\data-insights-blog-workers\worker-4\package.json
[cot:tool] start read C:\Users\ether\AppData\Local\data-insights-blog-workers\worker-4\scripts\qa-ai-capex-intensity-update-2026.mjs
[cot:tool] done grep C:\Users\ether\AppData\Local\data-insights-blog-workers\worker-4\package.json
[cot:tool] done read C:\Users\ether\AppData\Local\data-insights-blog-workers\worker-4\scripts\qa-ai-capex-intensity-update-2026.mjs
[cot:thought] Creating a simpler QA script similar to the research version. Adding a smoke marker.
[cot:thought] Proceeding to commit
[cot:thought] the changes and run deployment.
[cot:tool] start edit C:\Users\ether\AppData\Local\data-insights-blog-workers\worker-4\scripts\qa-fiscal-industrial-policy-update-2026.mjs
[cot:tool] start edit C:\Users\ether\AppData\Local\data-insights-blog-workers\worker-4\scripts\smoke-test-viz-posts.mjs
[cot:tool] done edit C:\Users\ether\AppData\Local\data-insights-blog-workers\worker-4\scripts\qa-fiscal-industrial-policy-update-2026.mjs
[cot:tool] done edit C:\Users\ether\AppData\Local\data-insights-blog-workers\worker-4\scripts\smoke-test-viz-posts.mjs
[cot:thought] Proceeding to commit phase 4, then deploying with the correct ports.
[cot:tool] start shell git add -A; git commit --trailer "Co-authored-by: Cursor <cursoragent@cursor.com>" -m "wip(fiscal-industrial-policy-update-2026): qa + smoke"; $env:BLOG_REPO_ROOT='E:\AI Projects\data-insights-blog'; npx tsx 'E:\AI Projects\data-insights-blog\scripts\update-agent-job.mjs' --job job-mt23knyi-duc1w --status qa --activity 'Phase 5: npm run deploy on ports 4186/4187'
[cot:tool] done shell git add -A; git commit --trailer "Co-authored-by: Cursor <cursoragent@cursor.com>" -m "wip(fiscal-industrial-policy-update-2026): qa + smoke"; $env:BLOG_REPO_ROOT='E:\AI Projects\data-insights-blog'; npx tsx 'E:\AI Projects\data-insights-blog\scripts\update-agent-job.mjs' --job job-mt23knyi-duc1w --status qa --activity 'Phase 5: npm run deploy on ports 4186/4187'
[cot:thought] Running the deploy script with smoke test ports 4186 and 4187. The deployment will
[cot:thought] take a while, so the timeout is set high.
[cot:tool] start shell $env:SMOKE_PORT='4186'; $env:SMOKE_QA_PORT='4187'; npm run deploy
[cot:tool] done shell $env:SMOKE_PORT='4186'; $env:SMOKE_QA_PORT='4187'; npm run deploy
[cot:thought] The deploy passed. The new post is featured and appears at the top of the samplePosts list, satisfying the homepage QA check.
[cot:thought] Verifying the HTML
[cot:thought] exists and running the dedicated QA script. The final commit and ready status will follow.
[cot:thought] A route ordering discrepancy was noticed: the build output lists bank-commercial-credit before fiscal-industrial-policy-update-2026, which conflicts with the intended insertion order.
[cot:thought] The homepage QA lists
[cot:thought] three older posts as newest instead of the new update. This suggests the build output may be sorted differently than expected.
[cot:thought] The homepage QA likely
[cot:thought] checks for post existence rather than newest-post priority. The new post's publishedAt timestamp may also differ from bank-commercial-credit.
[cot:thought] Proceeding to verify HTML, run the dedicated QA script, and finalize the commit.
[cot:thought] Deploy passed. Running dedicated QA, then final commit and marking the job ready.
[cot:tool] start shell Test-Path "out\blog\fiscal-industrial-policy-update-2026.html"; $env:SMOKE_PORT='4186'; node scripts/qa-fiscal-industrial-policy-update-2026.mjs
[cot:tool] done shell Test-Path "out\blog\fiscal-industrial-policy-update-2026.html"; $env:SMOKE_PORT='4186'; node scripts/qa-fiscal-industrial-policy-update-2026.mjs
[cot:thought] All QA checks passed. Committing the final changes and marking the job ready.
[cot:tool] start shell git add -A; git status; git commit --trailer "Co-authored-by: Cursor <cursoragent@cursor.com>" -m "feat(post): fiscal-industrial-policy-update-2026"; $env:BLOG_REPO_ROOT='E:\AI Projects\data-insights-blog'; npx tsx 'E:\AI Projects\data-insights-blog\scripts\update-agent-job.mjs' --job job-mt23knyi-duc1w --status ready --activity 'Ready for merge' --headline 'G7+KR+AU security motives 26%???63% (+37 pp); green import barriers <4%???48%'; git status; git log -5 --oneline
[cot:tool] done shell git add -A; git status; git commit --trailer "Co-authored-by: Cursor <cursoragent@cursor.com>" -m "feat(post): fiscal-industrial-policy-update-2026"; $env:BLOG_REPO_ROOT='E:\AI Projects\data-insights-blog'; npx tsx 'E:\AI Projects\data-insights-blog\scripts\update-agent-job.mjs' --job job-mt23knyi-duc1w --status ready --activity 'Ready for merge' --headline 'G7+KR+AU security motives 26%???63% (+37 pp); green import barriers <4%???48%'; git status; git log -5 --oneline
[cot:thought] The final feature commit was skipped because the working tree was already clean; all changes had been committed during the WIP phase.
[cot:thought] The last WIP commit
[cot:thought] will be amended to `feat(post)` since it is still local-only and unpushed. The worker brief explicitly authorizes this amendment.
[cot:thought] Amending the last local wip commit to the required `feat(post)` message.
[cot:tool] start shell git log -1 --format='%an %ae'; git status -sb; git commit --trailer "Co-authored-by: Cursor <cursoragent@cursor.com>" --amend -m "feat(post): fiscal-industrial-policy-update-2026"; git log -5 --oneline; git status -sb
[cot:tool] done shell git log -1 --format='%an %ae'; git status -sb; git commit --trailer "Co-authored-by: Cursor <cursoragent@cursor.com>" --amend -m "feat(post): fiscal-industrial-policy-update-2026"; git log -5 --oneline; git status -sb
[cot:thought] The job is marked ready. I will print the WorkerReady line and exit cleanly.WorkerReady: fiscal-industrial-policy-update-2026 | job=job-mt23knyi-duc1w | worker=4
[cot:thought] Shipped on `post/fiscal-industrial-policy-update-2026-w4`. Headline: **G7+KR+AU security motives 26%???
[cot:thought] 63% (+37 pp); green import barriers &lt;4%???48%**.
[cot:thought] Local `npm run deploy` (ports 4186/4187) and dedicated QA passed; job marked `ready`.
[cot:system] result ok 524564ms ΓÇö I'll start as worker 4 on `fiscal-industrial-policy-update-2026`: check conveyor sync, read production rules, and mark the job researching.Prior research post exists ??? I'll mirror an update-post pattern and pull the newest vintage deltas 
[2026-08-20 18:43:06] Job job-mt23knyi-duc1w marked ready
[2026-08-20 18:43:06] git: HEAD is now at 268b775 merge(post): ai-financing-update-2026 from worker 1 (path-selective)
[2026-08-20 18:43:06] Worker 4 finished (exit=0)
