[2026-08-01 01:33:04] Worker 3 starting job job-ms9uy2m8-j98zf (consumer-finance-markets-research-2026) in E:\AI Projects\data-insights-blog-worktrees\worker-3 (branch post/consumer-finance-markets-research-2026-w3)
[2026-08-01 01:33:05] Creating post/consumer-finance-markets-research-2026-w3 from master 0b66a4802791867de514152eb05422337974e9c4
[2026-08-01 01:33:05] Resetting worktree then checkout post/consumer-finance-markets-research-2026-w3 at 0b66a4802791867de514152eb05422337974e9c4
[2026-08-01 01:33:06] git: HEAD is now at 0b66a48 merge(post): migration-humanitarian-research-2026 from worker 3 (path-selective)
[2026-08-01 01:33:06] git: Removing scripts/bootstrap-worktrees.ps1
[2026-08-01 01:33:06] git: Removing scripts/claim-next-topics.mjs
[2026-08-01 01:33:06] git: Removing scripts/claim-recovery-job.mjs
[2026-08-01 01:33:06] git: Removing scripts/clear-resolved-failures.mjs
[2026-08-01 01:33:06] git: Removing scripts/cursor-watchdog-loop.ps1
[2026-08-01 01:33:06] git: Removing scripts/debug-agent-transport.ps1
[2026-08-01 01:33:06] git: Removing scripts/firebase-deploy-hosting.mjs
[2026-08-01 01:33:06] git: Removing scripts/lib/agent-jobs.mjs
[2026-08-01 01:33:06] git: Removing scripts/lib/agent-stream-cot.mjs
[2026-08-01 01:33:06] git: Removing scripts/lib/markdown-formatting-qa.mjs
[2026-08-01 01:33:06] git: Removing scripts/lib/production-ship-parser.mjs
[2026-08-01 01:33:06] git: Removing scripts/lib/viz-interaction-qa.mjs
[2026-08-01 01:33:06] git: Removing scripts/lib/worker-exit-remap.mjs
[2026-08-01 01:33:06] git: Removing scripts/local-blog-server.mjs
[2026-08-01 01:33:06] git: Removing scripts/production-stream-server.mjs
[2026-08-01 01:33:06] git: Removing scripts/production-stream-ui.html
[2026-08-01 01:33:06] git: Removing scripts/prompts/
[2026-08-01 01:33:06] git: Removing scripts/prune-post-branches.mjs
[2026-08-01 01:33:06] git: Removing scripts/qa-cot-stream.mjs
[2026-08-01 01:33:06] git: Removing scripts/qa-fiscal-plumbing-research-2026.mjs
[2026-08-01 01:33:06] git: Removing scripts/qa-worker-isolation-requeue.mjs
[2026-08-01 01:33:06] git: Removing scripts/qa-worker-transport-exit.mjs
[2026-08-01 01:33:06] git: Removing scripts/resolve-flagged-jobs.mjs
[2026-08-01 01:33:06] git: Removing scripts/resume-blog-automation.ps1
[2026-08-01 01:33:06] git: Removing scripts/run-blog-orchestrator.ps1
[2026-08-01 01:33:06] git: Removing scripts/run-blog-production-local.ps1
[2026-08-01 01:33:06] git: Removing scripts/run-blog-worker.ps1
[2026-08-01 01:33:06] git: Removing scripts/start-blog-automation-in-app.ps1
[2026-08-01 01:33:06] git: Removing scripts/stop-blog-automation.ps1
[2026-08-01 01:33:06] git: Removing scripts/theme-balance.ts
[2026-08-01 01:33:06] git: Removing scripts/update-agent-job.mjs
[2026-08-01 01:33:06] git: Removing scripts/watch-blog-production.ps1
[2026-08-01 01:33:07] git: HEAD is now at 0b66a48 merge(post): migration-humanitarian-research-2026 from worker 3 (path-selective)
[2026-08-01 01:33:07] git: Switched to a new branch 'post/consumer-finance-markets-research-2026-w3'
[2026-08-01 01:33:08] Worker 3 ports: SMOKE_PORT=4184 SMOKE_QA_PORT=4185 (isolated Node static servers)
[2026-08-01 01:33:08] Invoking agent for worker 3 (-p --force --trust --workspace worktree)
[2026-08-01 01:33:08] Agent stream-json -> E:\AI Projects\data-insights-blog\artifacts\automation-logs\worker-3-2026-08-01_01-33-04.log (cot E:\AI Projects\data-insights-blog\artifacts\automation-logs\worker-3-2026-08-01_01-33-04.cot.log, raw E:\AI Projects\data-insights-blog\artifacts\automation-logs\worker-3-2026-08-01_01-33-04.ndjson)
[silence-watchdog] worker parent=9900 job=job-ms9uy2m8-j98zf logAge=31.0377258266667m hbAge=25.030796575m - killing agent children
[cot:system] session model=Auto cwd=E:\AI Projects\data-insights-blog-worktrees\worker-3
[cot:user] You are a blog production WORKER in a parallel multi-agent system. ## Identity - Worker ID: 3 - Job ID: job-ms9uy2m8-j98zf - Assigned slug: consumer-finance-markets-research-2026 - Theme ID: consumer-ΓÇª
[cot:thought] Beginning blog production for consumer finance research. The post will cover household balance sheets and financial market trends.
[cot:thought] Reviewing production rules and existing patterns before building the post.I'll produce the consumer
[cot:thought] -finance markets research post in this worktree only???starting with job status, production rules, and
[cot:thought] existing post patterns.
[cot:tool] start shell $env:BLOG_REPO_ROOT='E:\AI Projects\data-insights-blog'; npx tsx "E:\AI Projects\data-insights-blog\scripts\update-agent-job.mjs" --job job-ms9uy2m8-j98zf --status researching --activity "Reading production rules and existing post patterns"
[cot:tool] start read E:\AI Projects\data-insights-blog-worktrees\worker-3\.cursor\rules\autonomous-blog-production.mdc
[cot:tool] start glob
[cot:tool] start glob
[cot:tool] start glob
[cot:tool] done read ?
[cot:agent] connection/reconnecting
[2026-08-01 02:04:22] WARN: transport blip cliAttempt=1 (raw=) elapsed=0s
[cot:agent] retry/starting
[cot:agent] connection/reconnected
[2026-08-01 02:04:25] WARN: transport blip cliAttempt=1 (raw=) elapsed=0s
[cot:thought] Beginning the consumer finance research post. I will build a full-length article covering household balance sheets with charts, tables, and
[cot:thought] internal links.
Reviewing the autonomous production rules and existing codebase patterns before building the post.I'll
[cot:thought] research the brief and production rules first, then build the consumer-finance post in this worktree
[cot:thought] only.
[cot:tool] start read E:\AI Projects\data-insights-blog-worktrees\worker-3\.cursor\rules\autonomous-blog-production.mdc
[cot:tool] start shell $env:BLOG_REPO_ROOT='E:\AI Projects\data-insights-blog'; npx tsx "E:\AI Projects\data-insights-blog\scripts\update-agent-job.mjs" --job job-ms9uy2m8-j98zf --status researching --activity "Reading production rules and existing post patterns"
[cot:tool] done read ?
[cot:tool] start glob
[cot:tool] start grep E:\AI Projects\data-insights-blog-worktrees\worker-3\src
[cot:tool] done glob
[cot:tool] done grep E:\AI Projects\data-insights-blog-worktrees\worker-3\src
[cot:tool] done shell $env:BLOG_REPO_ROOT='E:\AI Projects\data-insights-blog'; npx tsx "E:\AI Projects\data-insights-blog\scripts\update-agent-job.mjs" --job job-ms9uy2m8-j98zf --status researching --activity "Reading production rules and existing post patterns"
[cot:thought] Reviewing existing consumer finance posts, QA scripts, visualization registration, and the theme registry entry.
Also locating the autonomous blog production rules.
[cot:tool] start glob
[cot:tool] start read E:\AI Projects\data-insights-blog-worktrees\worker-3\src\data\money-market-funds-deposits-data.ts
[cot:tool] start read E:\AI Projects\data-insights-blog-worktrees\worker-3\src\components\visualizations\MoneyMarketFundsDepositsDashboard.tsx
[cot:tool] done glob
[cot:tool] done read E:\AI Projects\data-insights-blog-worktrees\worker-3\src\data\money-market-funds-deposits-data.ts
[cot:tool] start read E:\AI Projects\data-insights-blog-worktrees\worker-3\src\data\posts.ts
[cot:tool] start glob
[cot:tool] done read E:\AI Projects\data-insights-blog-worktrees\worker-3\src\components\visualizations\MoneyMarketFundsDepositsDashboard.tsx
[cot:tool] done read E:\AI Projects\data-insights-blog-worktrees\worker-3\src\data\posts.ts
[cot:tool] done glob
[cot:agent] connection/reconnecting
[2026-08-01 02:04:55] WARN: transport blip cliAttempt=1 (raw=) elapsed=0s
[cot:agent] retry/starting
[cot:agent] retry/resuming
[cot:agent] connection/reconnected
[2026-08-01 02:04:56] WARN: transport blip cliAttempt=1 (raw=) elapsed=0s
[cot:tool] start glob
[cot:tool] start read E:\AI Projects\data-insights-blog-worktrees\worker-3\src\data\money-market-funds-deposits-data.ts
[cot:tool] start read E:\AI Projects\data-insights-blog-worktrees\worker-3\src\components\visualizations\MoneyMarketFundsDepositsDashboard.tsx
[cot:tool] start read E:\AI Projects\data-insights-blog-worktrees\worker-3\src\data\posts.ts
[cot:tool] start glob
[cot:tool] done glob
[cot:tool] done glob
[cot:tool] done read E:\AI Projects\data-insights-blog-worktrees\worker-3\src\data\money-market-funds-deposits-data.ts
[cot:tool] done read E:\AI Projects\data-insights-blog-worktrees\worker-3\src\data\posts.ts
[cot:tool] done read E:\AI Projects\data-insights-blog-worktrees\worker-3\src\components\visualizations\MoneyMarketFundsDepositsDashboard.tsx
[cot:thought] Reviewing a recent research-2026 post as a template and checking QA script patterns, PostVisualization registration, deploy
[cot:thought] scripts, and smoke tests.
[cot:tool] start read E:\AI Projects\data-insights-blog-worktrees\worker-3\scripts\qa-fiscal-plumbing-research-2026.mjs
[cot:tool] done read E:\AI Projects\data-insights-blog-worktrees\worker-3\scripts\qa-fiscal-plumbing-research-2026.mjs
[cot:tool] start read E:\AI Projects\data-insights-blog-worktrees\worker-3\src\types\post.ts
[cot:tool] start grep E:\AI Projects\data-insights-blog-worktrees\worker-3\src\components\PostVisualization.tsx
[cot:tool] done read E:\AI Projects\data-insights-blog-worktrees\worker-3\src\types\post.ts
[cot:tool] start read E:\AI Projects\data-insights-blog-worktrees\worker-3\src\data\fiscal-plumbing-research-2026-data.ts
[cot:tool] start read E:\AI Projects\data-insights-blog-worktrees\worker-3\artifacts\backend-manifest.json
[cot:tool] done grep E:\AI Projects\data-insights-blog-worktrees\worker-3\src\components\PostVisualization.tsx
[cot:tool] start grep E:\AI Projects\data-insights-blog-worktrees\worker-3\package.json
[cot:agent] interaction_query/request
[cot:agent] interaction_query/response
[cot:agent] connection/reconnecting
[2026-08-01 02:05:32] WARN: transport blip cliAttempt=1 (raw=) elapsed=0s
[cot:agent] retry/starting
[cot:agent] retry/resuming
[cot:agent] connection/reconnected
[2026-08-01 02:05:36] WARN: transport blip cliAttempt=1 (raw=) elapsed=0s
[cot:tool] start glob
[cot:tool] start read E:\AI Projects\data-insights-blog-worktrees\worker-3\src\data\money-market-funds-deposits-data.ts
[cot:tool] start read E:\AI Projects\data-insights-blog-worktrees\worker-3\src\components\visualizations\MoneyMarketFundsDepositsDashboard.tsx
[cot:tool] start read E:\AI Projects\data-insights-blog-worktrees\worker-3\src\data\posts.ts
[cot:tool] start glob
[cot:tool] done glob
[cot:tool] done glob
[cot:tool] done read E:\AI Projects\data-insights-blog-worktrees\worker-3\src\data\money-market-funds-deposits-data.ts
[cot:tool] done read E:\AI Projects\data-insights-blog-worktrees\worker-3\src\components\visualizations\MoneyMarketFundsDepositsDashboard.tsx
[cot:tool] done read E:\AI Projects\data-insights-blog-worktrees\worker-3\src\data\posts.ts
[cot:thought] Reviewing a recent fiscal-plumbing post as a template for this research-2026 article.
Checking PostVisualization registration, type
[cot:thought] definitions, deploy scripts, and existing consumer finance posts to ensure differentiation.Reviewing
[cot:thought] a recent research post template and how visualizations are registered.
[cot:tool] start read E:\AI Projects\data-insights-blog-worktrees\worker-3\scripts\qa-fiscal-plumbing-research-2026.mjs
[cot:tool] start read E:\AI Projects\data-insights-blog-worktrees\worker-3\src\types\post.ts
[cot:tool] start grep E:\AI Projects\data-insights-blog-worktrees\worker-3\src\components\PostVisualization.tsx
[cot:tool] start read E:\AI Projects\data-insights-blog-worktrees\worker-3\src\data\posts.ts
[cot:tool] start grep E:\AI Projects\data-insights-blog-worktrees\worker-3
[cot:tool] done read E:\AI Projects\data-insights-blog-worktrees\worker-3\scripts\qa-fiscal-plumbing-research-2026.mjs
[cot:tool] start read E:\AI Projects\data-insights-blog-worktrees\worker-3\src\data\theme-registry.ts
[cot:tool] start read E:\AI Projects\data-insights-blog-worktrees\worker-3\artifacts\backend-manifest.json
[cot:tool] done read E:\AI Projects\data-insights-blog-worktrees\worker-3\src\types\post.ts
[cot:tool] done grep E:\AI Projects\data-insights-blog-worktrees\worker-3\src\components\PostVisualization.tsx
[cot:tool] done read E:\AI Projects\data-insights-blog-worktrees\worker-3\src\data\posts.ts
[cot:tool] done grep E:\AI Projects\data-insights-blog-worktrees\worker-3
[cot:tool] done read E:\AI Projects\data-insights-blog-worktrees\worker-3\src\data\theme-registry.ts
[cot:tool] done read E:\AI Projects\data-insights-blog-worktrees\worker-3\artifacts\backend-manifest.json
[cot:thought] Reviewing existing consumer finance posts to ensure the new article offers a differentiated angle.
The planned post will
[cot:thought] synthesize household balance sheet data from Fed Flow of Funds, SCF, and NY Fed Household Debt and Credit. It will examine how households
[cot:thought] save, borrow, and allocate retail money.
Examining existing dashboards and smoke-test registrations for multi-panel design patterns. Noticing
[cot:thought] a potential gap in post.ts type definitions where fiscal-plumbing-research appears missing despite migration-humanitarian
[cot:thought] being present.
[cot:tool] start grep E:\AI Projects\data-insights-blog-worktrees\worker-3\scripts
[cot:tool] start read E:\AI Projects\data-insights-blog-worktrees\worker-3\src\components\visualizations\FiscalPlumbingResearchDashboard.tsx
[cot:tool] start read E:\AI Projects\data-insights-blog-worktrees\worker-3\src\data\fiscal-plumbing-research-2026-data.ts
[cot:tool] start grep E:\AI Projects\data-insights-blog-worktrees\worker-3\src\data\posts.ts
[cot:tool] start read E:\AI Projects\data-insights-blog-worktrees\worker-3\src\components\PostVisualization.tsx
[cot:tool] done grep E:\AI Projects\data-insights-blog-worktrees\worker-3\scripts
[cot:tool] done read E:\AI Projects\data-insights-blog-worktrees\worker-3\src\components\visualizations\FiscalPlumbingResearchDashboard.tsx
[cot:tool] done read E:\AI Projects\data-insights-blog-worktrees\worker-3\src\data\fiscal-plumbing-research-2026-data.ts
[cot:tool] done grep E:\AI Projects\data-insights-blog-worktrees\worker-3\src\data\posts.ts
[cot:tool] done read E:\AI Projects\data-insights-blog-worktrees\worker-3\src\components\PostVisualization.tsx
[cot:thought] Reviewing smoke test markers and post registration.
Planning a comprehensive household balance sheet dashboard rather than
[cot:thought] a single-slice post. The angle covers saving rates, debt composition, delinquency transitions, and asset allocation. Need to locate real
[cot:thought] Fed household debt data and verify smoke-test marker logic.
[cot:tool] start read E:\AI Projects\data-insights-blog-worktrees\worker-3\scripts\smoke-test-viz-posts.mjs
[cot:tool] start grep E:\AI Projects\data-insights-blog-worktrees\worker-3\src\data\theme-registry.ts
[cot:tool] done read E:\AI Projects\data-insights-blog-worktrees\worker-3\scripts\smoke-test-viz-posts.mjs
[cot:agent] interaction_query/request
[cot:agent] interaction_query/response
[cot:tool] done grep E:\AI Projects\data-insights-blog-worktrees\worker-3\src\data\theme-registry.ts
[cot:tool] start webSearch
[cot:tool] start read E:\AI Projects\data-insights-blog-worktrees\worker-3\src\components\PostVisualization.tsx
[cot:tool] start grep E:\AI Projects\data-insights-blog-worktrees\worker-3\scripts\smoke-test-viz-posts.mjs
[cot:tool] done read E:\AI Projects\data-insights-blog-worktrees\worker-3\src\components\PostVisualization.tsx
[cot:tool] done grep E:\AI Projects\data-insights-blog-worktrees\worker-3\scripts\smoke-test-viz-posts.mjs
[cot:tool] done webSearch
[cot:agent] interaction_query/request
[cot:agent] interaction_query/response
[cot:thought] Pulling personal saving rate and household assets data from the Federal Reserve Z-data.
[cot:tool] start read E:\AI Projects\data-insights-blog-worktrees\worker-3\scripts\smoke-test-viz-posts.mjs
[cot:tool] start webSearch
[cot:tool] done read E:\AI Projects\data-insights-blog-worktrees\worker-3\scripts\smoke-test-viz-posts.mjs
[cot:tool] start read E:\AI Projects\data-insights-blog-worktrees\worker-3\src\data\theme-registry.ts
[cot:tool] start read C:\Users\ether\.cursor\projects\E-AI-Projects-data-insights-blog-worktrees-worker-3\agent-tools\4ae5f5ee-1e5c-4a00-8625-d1d8134ba3b1.txt
[cot:tool] done read E:\AI Projects\data-insights-blog-worktrees\worker-3\src\data\theme-registry.ts
[cot:tool] start grep E:\AI Projects\data-insights-blog-worktrees\worker-3\src\data\posts.ts
[cot:tool] start read E:\AI Projects\data-insights-blog-worktrees\worker-3\src\data\posts.ts
[cot:tool] done read C:\Users\ether\.cursor\projects\E-AI-Projects-data-insights-blog-worktrees-worker-3\agent-tools\4ae5f5ee-1e5c-4a00-8625-d1d8134ba3b1.txt
[cot:tool] done grep E:\AI Projects\data-insights-blog-worktrees\worker-3\src\data\posts.ts
[cot:tool] done read E:\AI Projects\data-insights-blog-worktrees\worker-3\src\data\posts.ts
[cot:tool] done webSearch
[cot:thought] Sufficient data has been gathered to build the comprehensive post.
The post angle is household balance sheet research for 2026.
[cot:thought] It will cover personal saving rates, total household debt, and retail asset allocation. A headline will highlight net worth against a
[cot:thought] 3% saving rate and 4.8% delinquency. The visualization plan includes a stacked area panel for debt composition over time.
[cot:thought] The visualization plan now includes four panels: early delinquency transition rates by product, Z.1 asset allocation, saving rate
[cot:thought] versus debt and DPI, and interactive controls. More Z.1 detail and historical saving rate data are being gathered.
[cot:tool] start webFetch
[cot:agent] interaction_query/request
[cot:agent] interaction_query/response
[cot:agent] interaction_query/request
[cot:agent] interaction_query/response
[cot:tool] start shell $env:BLOG_REPO_ROOT='E:\AI Projects\data-insights-blog'; npx tsx "E:\AI Projects\data-insights-blog\scripts\update-agent-job.mjs" --job job-ms9uy2m8-j98zf --status building --activity "Building household balance-sheet data module and dashboard"
[cot:agent] connection/reconnecting
[2026-08-01 02:06:12] WARN: transport blip cliAttempt=1 (raw=) elapsed=0s
[cot:agent] retry/starting
[cot:agent] retry/resuming
[cot:agent] connection/reconnected
[2026-08-01 02:06:12] WARN: transport blip cliAttempt=1 (raw=) elapsed=0s
[cot:thought] Sufficient data has been gathered to build the comprehensive consumer finance markets research post.
Fetching more precise
[cot:thought] Z.1 financial breakdown data from the Federal Reserve page.I have enough source data. Building the data
[cot:thought] module, dashboard, post, and wiring next.
[cot:tool] start webFetch
[cot:agent] interaction_query/request
[cot:agent] interaction_query/response
[cot:tool] start shell $env:BLOG_REPO_ROOT='E:\AI Projects\data-insights-blog'; npx tsx "E:\AI Projects\data-insights-blog\scripts\update-agent-job.mjs" --job job-ms9uy2m8-j98zf --status building --activity "Building household balance-sheet data, dashboard, and post"
[cot:tool] start updateTodos
[cot:tool] done updateTodos
[cot:tool] done webFetch
[cot:tool] done shell $env:BLOG_REPO_ROOT='E:\AI Projects\data-insights-blog'; npx tsx "E:\AI Projects\data-insights-blog\scripts\update-agent-job.mjs" --job job-ms9uy2m8-j98zf --status building --activity "Building household balance-sheet data, dashboard, and post"
[cot:thought] I have excellent data and am beginning to create the post.
The post will center on New York Fed household debt data for Q1 2026.
[cot:thought] It will include historical debt paths, delinquency transitions, and asset allocation charts. The dashboard will feature
[cot:thought] four panels covering debt mix, delinquency transitions, asset allocation, and net worth. Two interactive controls will let readers
[cot:thought] filter by panel tabs and time ranges.
The headline will highlight $18.8 trillion in household debt, $183 trillion in net
[cot:thought] worth, and a 3.0% saving rate. The post will exceed 1,200 words with six H2 sections, caveats, a table, and two internal links.
[cot:thought] I am also checking how the smoke QA port is configured.
[cot:tool] start read E:\AI Projects\data-insights-blog-worktrees\worker-3\scripts\qa-homepage-and-fullscreen.mjs
[cot:tool] start edit E:\AI Projects\data-insights-blog-worktrees\worker-3\src\data\consumer-finance-markets-research-2026-data.ts
[cot:tool] done read E:\AI Projects\data-insights-blog-worktrees\worker-3\scripts\qa-homepage-and-fullscreen.mjs
[cot:tool] done edit E:\AI Projects\data-insights-blog-worktrees\worker-3\src\data\consumer-finance-markets-research-2026-data.ts
[cot:thought] The worker prompt specifies SMOKE_QA_PORT=4185, though qa-homepage appears to use SMOKE_PORT for the homepage.
[cot:tool] start grep E:\AI Projects\data-insights-blog-worktrees\worker-3\scripts\qa-homepage-and-fullscreen.mjs
[cot:tool] start edit E:\AI Projects\data-insights-blog-worktrees\worker-3\src\components\visualizations\ConsumerFinanceMarketsResearchDashboard.tsx
[cot:tool] done grep E:\AI Projects\data-insights-blog-worktrees\worker-3\scripts\qa-homepage-and-fullscreen.mjs
[cot:tool] done edit E:\AI Projects\data-insights-blog-worktrees\worker-3\src\components\visualizations\ConsumerFinanceMarketsResearchDashboard.tsx
[cot:thought] Proceeding to wire up the components and draft the post content.
Checking whether smoke QA and homepage share the same port variable.
[cot:thought] Both environments will be set as instructed.
The smoke test and homepage QA scripts both default to SMOKE_PORT, so the worker???s separate
[cot:thought] SMOKE_QA_PORT setting is currently ignored. This is a pre-existing issue and not part of the current task. The sequential deployment
[cot:thought] order prevents collisions on this worker, though parallel workers would still conflict without per-worker port isolation.
[cot:thought] Drafting the post content now. Then wiring up the visualization component, smoke marker, theme registry, and hero image.
[cot:thought] Wiring registration and writing the post content.
[cot:tool] start edit E:\AI Projects\data-insights-blog-worktrees\worker-3\src\types\post.ts
[cot:tool] start edit E:\AI Projects\data-insights-blog-worktrees\worker-3\src\components\PostVisualization.tsx
[cot:tool] start edit E:\AI Projects\data-insights-blog-worktrees\worker-3\src\data\theme-registry.ts
[cot:tool] start edit E:\AI Projects\data-insights-blog-worktrees\worker-3\scripts\smoke-test-viz-posts.mjs
[cot:tool] start generateImage
[cot:agent] connection/reconnecting
[2026-08-01 02:06:16] WARN: transport blip cliAttempt=1 (raw=) elapsed=0s
[cot:agent] retry/starting
[cot:agent] retry/resuming
[cot:agent] connection/reconnecting
[2026-08-01 02:06:16] WARN: transport blip cliAttempt=1 (raw=) elapsed=0s
[cot:agent] retry/starting
[cot:agent] retry/resuming
[cot:agent] connection/reconnected
[2026-08-01 02:06:16] WARN: transport blip cliAttempt=1 (raw=) elapsed=0s
[cot:thought] Wiring up types, PostVisualization, and posts.ts.
Generating the hero image. Writing the full post content. Preparing QA scripts and smoke
[cot:thought] markers. Updating theme registry and backend manifest. Checking smoke port variable mappings.
Deploy runs smoke and QA sequentially,
[cot:thought] so the ports won't collide. Both variables will be set as instructed. The post entry will be inserted at the beginning of samplePosts.
[cot:thought] Wiring registration and drafting the full post next.
[cot:tool] start edit E:\AI Projects\data-insights-blog-worktrees\worker-3\src\types\post.ts
[cot:tool] start edit E:\AI Projects\data-insights-blog-worktrees\worker-3\src\components\PostVisualization.tsx
[cot:tool] start edit E:\AI Projects\data-insights-blog-worktrees\worker-3\src\data\theme-registry.ts
[cot:tool] start edit E:\AI Projects\data-insights-blog-worktrees\worker-3\scripts\smoke-test-viz-posts.mjs
[cot:tool] start generateImage
[cot:agent] connection/reconnecting
[2026-08-01 02:06:17] WARN: transport blip cliAttempt=1 (raw=) elapsed=0s
[cot:agent] retry/starting
[cot:agent] retry/resuming
[cot:agent] connection/reconnected
[2026-08-01 02:06:17] WARN: transport blip cliAttempt=1 (raw=) elapsed=0s
[cot:thought] qa-homepage uses SMOKE_PORT rather than SMOKE_QA_PORT.
The worker script sets both SMOKE_PORT and SMOKE_QA_PORT. qa-homepage only reads
[cot:thought] SMOKE_PORT, so it may not pick up the QA port value.
The deploy script runs smoke and homepage tests sequentially, so they do not collide
[cot:thought] with each other. Using SMOKE_PORT=4184 for both is safe for isolation between workers.
Wiring up types, PostVisualization,
[cot:thought] posts entry, smoke marker, theme registry, hero, and QA script. The post must reach at least 1200 words and six H2 sections.
[cot:thought] Wiring registration and writing the full post entry next.
[cot:tool] start edit E:\AI Projects\data-insights-blog-worktrees\worker-3\src\types\post.ts
[cot:tool] done edit
[cot:tool] start edit E:\AI Projects\data-insights-blog-worktrees\worker-3\src\components\PostVisualization.tsx
[cot:tool] start edit E:\AI Projects\data-insights-blog-worktrees\worker-3\src\data\theme-registry.ts
[cot:tool] start edit E:\AI Projects\data-insights-blog-worktrees\worker-3\scripts\smoke-test-viz-posts.mjs
[cot:tool] start generateImage
[cot:tool] done edit E:\AI Projects\data-insights-blog-worktrees\worker-3\scripts\smoke-test-viz-posts.mjs
[cot:tool] done edit E:\AI Projects\data-insights-blog-worktrees\worker-3\src\components\PostVisualization.tsx
[cot:tool] done edit E:\AI Projects\data-insights-blog-worktrees\worker-3\src\data\theme-registry.ts
[cot:tool] start edit E:\AI Projects\data-insights-blog-worktrees\worker-3\src\components\PostVisualization.tsx
[cot:tool] done edit E:\AI Projects\data-insights-blog-worktrees\worker-3\src\components\PostVisualization.tsx
[cot:tool] done generateImage
[cot:thought] The post file already exists in post.ts.
Checking the types file and PostVisualization. Moving the hero image to public/images and
[cot:thought] adding the post entry.
[cot:tool] start read E:\AI Projects\data-insights-blog-worktrees\worker-3\src\types\post.ts
[cot:tool] done read E:\AI Projects\data-insights-blog-worktrees\worker-3\src\types\post.ts
[cot:tool] start grep E:\AI Projects\data-insights-blog-worktrees\worker-3\src
[cot:tool] start shell New-Item -ItemType Directory -Force -Path "E:\AI Projects\data-insights-blog-worktrees\worker-3\public\images" | Out-Null; Copy-Item -Force "C:\Users\ether\.cursor\projects\E-AI-Projects-data-insights-blog-worktrees-worker-3\assets\consumer-finance-consumer-finance-markets-research-2026-hero.png" "E:\AI Projects\data-insights-blog-worktrees\worker-3\public\images\consumer-finance-consumer-finance-markets-research-2026-hero.png"; Test-Path "E:\AI Projects\data-insights-blog-worktrees\worker-3\public\images\consumer-finance-consumer-finance-markets-research-2026-hero.png"
[cot:tool] done grep E:\AI Projects\data-insights-blog-worktrees\worker-3\src
[cot:tool] start read E:\AI Projects\data-insights-blog-worktrees\worker-3\src\components\PostVisualization.tsx
[cot:tool] done read E:\AI Projects\data-insights-blog-worktrees\worker-3\src\components\PostVisualization.tsx
[2026-08-01 02:06:21] INFO: remapping exit -1 -> silence_kill (silence-watchdog in log)
[2026-08-01 02:06:21] Soft-requeue job-ms9uy2m8-j98zf after silence_kill (requeue 1/2)
[2026-08-01 02:06:21] git: error: Your local changes to the following files would be overwritten by checkout:
[2026-08-01 02:06:21] git: 	scripts/smoke-test-viz-posts.mjs
[2026-08-01 02:06:21] git: 	src/components/PostVisualization.tsx
[2026-08-01 02:06:21] git: 	src/data/posts.ts
[2026-08-01 02:06:21] git: 	src/data/theme-registry.ts
[2026-08-01 02:06:21] git: 	src/types/post.ts
[2026-08-01 02:06:21] git: Please commit your changes or stash them before you switch branches.
[2026-08-01 02:06:21] git: Aborting
[2026-08-01 02:06:21] Deleting post branch post/consumer-finance-markets-research-2026-w3 (status=failed ahead=0)
[2026-08-01 02:06:22] git: error: cannot delete branch 'post/consumer-finance-markets-research-2026-w3' used by worktree at 'E:/AI Projects/data-insights-blog-worktrees/worker-3'
[2026-08-01 02:06:22] Worker 3 finished (exit=76)
