[2026-08-01 00:59:29] Worker 4 starting job job-ms9wjerx-0gpc8 (global-shipbuilding-gt-delivery-concentration-2026) in E:\AI Projects\data-insights-blog-worktrees\worker-4 (branch post/global-shipbuilding-gt-delivery-concentration-2026-w4)
[2026-08-01 00:59:38] Creating post/global-shipbuilding-gt-delivery-concentration-2026-w4 from master 0b66a4802791867de514152eb05422337974e9c4
[2026-08-01 00:59:38] Resetting worktree then checkout post/global-shipbuilding-gt-delivery-concentration-2026-w4 at 0b66a4802791867de514152eb05422337974e9c4
[2026-08-01 00:59:40] git: Updating files:  37% (3/8)
[2026-08-01 00:59:40] git: Updating files:  50% (4/8)
[2026-08-01 00:59:41] git: Updating files:  62% (5/8)
[2026-08-01 00:59:41] git: Updating files:  75% (6/8)
[2026-08-01 00:59:42] git: Updating files:  87% (7/8)
[2026-08-01 00:59:43] git: Updating files: 100% (8/8)
[2026-08-01 00:59:43] git: Updating files: 100% (8/8), done.
[2026-08-01 00:59:46] git: HEAD is now at 0b66a48 merge(post): migration-humanitarian-research-2026 from worker 3 (path-selective)
[2026-08-01 00:59:53] git: Removing scripts/bootstrap-worktrees.ps1
[2026-08-01 00:59:53] git: Removing scripts/claim-next-topics.mjs
[2026-08-01 00:59:53] git: Removing scripts/claim-recovery-job.mjs
[2026-08-01 00:59:53] git: Removing scripts/clear-resolved-failures.mjs
[2026-08-01 00:59:54] git: Removing scripts/cursor-watchdog-loop.ps1
[2026-08-01 00:59:54] git: Removing scripts/debug-agent-transport.ps1
[2026-08-01 00:59:54] git: Removing scripts/firebase-deploy-hosting.mjs
[2026-08-01 00:59:55] git: Removing scripts/lib/agent-jobs.mjs
[2026-08-01 00:59:55] git: Removing scripts/lib/markdown-formatting-qa.mjs
[2026-08-01 00:59:55] git: Removing scripts/lib/production-ship-parser.mjs
[2026-08-01 00:59:56] git: Removing scripts/lib/viz-interaction-qa.mjs
[2026-08-01 00:59:56] git: Removing scripts/local-blog-server.mjs
[2026-08-01 00:59:57] git: Removing scripts/production-stream-server.mjs
[2026-08-01 00:59:57] git: Removing scripts/production-stream-ui.html
[2026-08-01 00:59:58] git: Removing scripts/prompts/
[2026-08-01 00:59:58] git: Removing scripts/prune-post-branches.mjs
[2026-08-01 00:59:58] git: Removing scripts/qa-adaptation-economics-research-2026.mjs
[2026-08-01 00:59:59] git: Removing scripts/qa-fiscal-plumbing-research-2026.mjs
[2026-08-01 01:00:01] git: Removing scripts/qa-worker-transport-exit.mjs
[2026-08-01 01:00:02] git: Removing scripts/resolve-flagged-jobs.mjs
[2026-08-01 01:00:02] git: Removing scripts/resume-blog-automation.ps1
[2026-08-01 01:00:02] git: Removing scripts/run-blog-orchestrator.ps1
[2026-08-01 01:00:02] git: Removing scripts/run-blog-production-local.ps1
[2026-08-01 01:00:03] git: Removing scripts/run-blog-worker.ps1
[2026-08-01 01:00:03] git: Removing scripts/start-blog-automation-in-app.ps1
[2026-08-01 01:00:03] git: Removing scripts/stop-blog-automation.ps1
[2026-08-01 01:00:04] git: Removing scripts/theme-balance.ts
[2026-08-01 01:00:04] git: Removing scripts/update-agent-job.mjs
[2026-08-01 01:00:04] git: Removing scripts/watch-blog-production.ps1
[2026-08-01 01:00:07] git: Removing public/images/energy-adaptation-economics-research-2026-hero.png
[2026-08-01 01:00:08] git: Removing public/images/global-systems-fiscal-plumbing-research-2026-hero.png
[2026-08-01 01:00:08] git: Removing public/images/industry-commercial-aircraft-final-assembly-geography-2026-hero.png
[2026-08-01 01:00:09] git: Removing src/components/charts/
[2026-08-01 01:00:09] git: Removing src/components/visualizations/AdaptationEconomicsResearchDashboard.tsx
[2026-08-01 01:00:10] git: Removing src/components/visualizations/BankLoanChargeoffsDashboard.tsx
[2026-08-01 01:00:11] git: Removing src/components/visualizations/CommercialAircraftAssemblyDashboard.tsx
[2026-08-01 01:00:12] git: Removing src/components/visualizations/FiscalPlumbingResearchDashboard.tsx
[2026-08-01 01:00:12] git: Removing src/components/visualizations/IrenaRenewableCapacityDashboard.tsx
[2026-08-01 01:00:13] git: Removing src/components/visualizations/MoneyMarketFundsDepositsDashboard.tsx
[2026-08-01 01:00:13] git: Removing src/components/visualizations/NaturalGraphiteMineConcentrationDashboard.tsx
[2026-08-01 01:00:14] git: Removing src/components/visualizations/OecdDacOdaDashboard.tsx
[2026-08-01 01:00:15] git: Removing src/data/adaptation-economics-research-2026-data.ts
[2026-08-01 01:00:15] git: Removing src/data/bank-loan-chargeoffs-data.ts
[2026-08-01 01:00:16] git: Removing src/data/commercial-aircraft-assembly-data.ts
[2026-08-01 01:00:17] git: Removing src/data/fiscal-plumbing-research-2026-data.ts
[2026-08-01 01:00:17] git: Removing src/data/irena-renewable-capacity-data.ts
[2026-08-01 01:00:17] git: Removing src/data/money-market-funds-deposits-data.ts
[2026-08-01 01:00:18] git: Removing src/data/natural-graphite-mine-concentration-data.ts
[2026-08-01 01:00:18] git: Removing src/data/oecd-dac-oda-data.ts
[2026-08-01 01:00:19] git: Removing src/data/social-security-trust-fund-data.ts
[2026-08-01 01:00:24] git: HEAD is now at 0b66a48 merge(post): migration-humanitarian-research-2026 from worker 3 (path-selective)
[2026-08-01 01:00:28] git: Switched to a new branch 'post/global-shipbuilding-gt-delivery-concentration-2026-w4'
[2026-08-01 01:01:12] Invoking agent for worker 4 (-p --force --trust --workspace worktree)
Connection lost, reconnecting to https://api2.cursor.sh (attempt 1)...
[2026-08-01 01:02:52] WARN: transport blip cliAttempt=1 (raw=1) elapsed=0s
Retry attempt 1...
[2026-08-01 01:02:54] WARN: transport blip cliAttempt=1 (raw=1) elapsed=2s
Connection lost, reconnecting to https://api2.cursor.sh (attempt 2)...
[2026-08-01 01:03:27] WARN: transport blip cliAttempt=2 (raw=2) elapsed=35s
Retry attempt 2...
[2026-08-01 01:03:32] WARN: transport blip cliAttempt=2 (raw=2) elapsed=40s
Connection lost, reconnecting to https://api2.cursor.sh (attempt 3)...
[2026-08-01 01:04:07] WARN: transport blip cliAttempt=3 (raw=3) elapsed=75s
Retry attempt 3...
[2026-08-01 01:04:16] WARN: transport blip cliAttempt=3 (raw=3) elapsed=84s
Connection lost, reconnecting to https://api2.cursor.sh (attempt 4)...
[2026-08-01 01:04:53] WARN: transport blip cliAttempt=4 (raw=4) elapsed=121s
Retry attempt 4...
[2026-08-01 01:05:10] WARN: transport blip cliAttempt=4 (raw=4) elapsed=138s
Connection lost, reconnecting to https://api2.cursor.sh (attempt 5)...
[2026-08-01 01:05:38] WARN: transport blip cliAttempt=5 (raw=5) elapsed=166s
Retry attempt 5...
[2026-08-01 01:06:11] WARN: transport blip cliAttempt=5 (raw=5) elapsed=200s
Connection lost, reconnecting to https://api2.cursor.sh (attempt 6)...
[2026-08-01 01:06:47] WARN: transport blip cliAttempt=6 (raw=6) elapsed=235s
Retry attempt 6...
[2026-08-01 01:07:56] WARN: transport blip cliAttempt=6 (raw=6) elapsed=304s
Connection lost, reconnecting to https://api2.cursor.sh (attempt 7)...
[2026-08-01 01:08:55] WARN: transport blip cliAttempt=7 (raw=7) elapsed=363s
Retry attempt 7...
[2026-08-01 01:10:03] WARN: transport blip cliAttempt=7 (raw=7) elapsed=431s
[2026-08-01 01:17:40] git: HEAD is now at 0b66a48 merge(post): migration-humanitarian-research-2026 from worker 3 (path-selective)
[2026-08-01 01:17:40] git: M	artifacts/backend-manifest.json
[2026-08-01 01:17:40] git: M	scripts/smoke-test-viz-posts.mjs
[2026-08-01 01:17:41] git: M	src/components/PostVisualization.tsx
[2026-08-01 01:17:41] git: M	src/data/posts.ts
[2026-08-01 01:17:41] git: M	src/data/theme-registry.ts
[2026-08-01 01:17:41] git: M	src/lib/markdown.tsx
[2026-08-01 01:17:41] git: M	src/types/post.ts
[2026-08-01 01:17:41] Deleting post branch post/global-shipbuilding-gt-delivery-concentration-2026-w4 (status=failed ahead=0)
[2026-08-01 01:17:41] git: Deleted branch post/global-shipbuilding-gt-delivery-concentration-2026-w4 (was 0b66a48).
[2026-08-01 01:17:41] Worker 4 finished (exit=-1)
