[2026-07-31 13:04:51] Worker 2 starting job job-ms970e89-911wr (global-remittance-corridors-ms970e89) in E:\AI Projects\data-insights-blog-worktrees\worker-2 (branch post/global-remittance-corridors-ms970e89-w2)
[2026-07-31 13:04:51] Resetting worktree to 61022e9bc8eecd1b18c428f7b34d1860b123d517 then checkout post/global-remittance-corridors-ms970e89-w2
[2026-07-31 13:04:51] git: HEAD is now at e9746a2 merge(post): macro-growth-trade-research-2026 from worker 4 (path-selective)
[2026-07-31 13:04:51] git: Removing public/images/global-systems-global-remittance-corridors-ms95mc0c-hero.png
[2026-07-31 13:04:51] git: Removing scripts/bootstrap-worktrees.ps1
[2026-07-31 13:04:51] git: Removing scripts/claim-next-topics.mjs
[2026-07-31 13:04:51] git: Removing scripts/cursor-watchdog-loop.ps1
[2026-07-31 13:04:51] git: Removing scripts/debug-agent-transport.ps1
[2026-07-31 13:04:51] git: Removing scripts/lib/agent-jobs.mjs
[2026-07-31 13:04:51] git: Removing scripts/lib/production-ship-parser.mjs
[2026-07-31 13:04:51] git: Removing scripts/lib/viz-interaction-qa.mjs
[2026-07-31 13:04:51] git: Removing scripts/local-blog-server.mjs
[2026-07-31 13:04:51] git: Removing scripts/production-stream-server.mjs
[2026-07-31 13:04:52] git: Removing scripts/production-stream-ui.html
[2026-07-31 13:04:52] git: Removing scripts/prompts/
[2026-07-31 13:04:52] git: Removing scripts/qa-global-remittance-corridors-ms95mc0c.mjs
[2026-07-31 13:04:52] git: Removing scripts/qa-us-billion-dollar-weather-disasters-ms94skof.mjs
[2026-07-31 13:04:52] git: Removing scripts/resume-blog-automation.ps1
[2026-07-31 13:04:52] git: Removing scripts/run-blog-orchestrator.ps1
[2026-07-31 13:04:52] git: Removing scripts/run-blog-production-local.ps1
[2026-07-31 13:04:52] git: Removing scripts/run-blog-worker.ps1
[2026-07-31 13:04:52] git: Removing scripts/start-blog-automation-in-app.ps1
[2026-07-31 13:04:52] git: Removing scripts/stop-blog-automation.ps1
[2026-07-31 13:04:52] git: Removing scripts/theme-balance.ts
[2026-07-31 13:04:52] git: Removing scripts/update-agent-job.mjs
[2026-07-31 13:04:52] git: Removing scripts/watch-blog-production.ps1
[2026-07-31 13:04:52] git: Removing src/components/visualizations/GlobalRemittanceCorridorsMs95Dashboard.tsx
[2026-07-31 13:04:52] git: Removing src/data/global-remittance-corridors-ms95mc0c-data.ts
[2026-07-31 13:04:52] git: HEAD is now at e9746a2 merge(post): macro-growth-trade-research-2026 from worker 4 (path-selective)
[2026-07-31 13:04:52] git: Previous HEAD position was e9746a2 merge(post): macro-growth-trade-research-2026 from worker 4 (path-selective)
[2026-07-31 13:04:53] git: Switched to a new branch 'post/global-remittance-corridors-ms970e89-w2'
[2026-07-31 13:05:07] Invoking agent for worker 2 (-p --force --trust --workspace worktree)
