[2026-07-31 12:32:19] Worker 3 starting job job-ms95um0d-cyo8z (us-billion-dollar-weather-disasters-ms95um0d) in E:\AI Projects\data-insights-blog-worktrees\worker-3 (branch post/us-billion-dollar-weather-disasters-ms95um0d-w3)
[2026-07-31 12:32:19] Resetting worktree to 61022e9bc8eecd1b18c428f7b34d1860b123d517 then checkout post/us-billion-dollar-weather-disasters-ms95um0d-w3
[2026-07-31 12:32:19] git: HEAD is now at e9746a2 merge(post): macro-growth-trade-research-2026 from worker 4 (path-selective)
[2026-07-31 12:32:19] git: Removing public/images/energy-us-billion-dollar-weather-disasters-ms95i0vj-hero.png
[2026-07-31 12:32:20] git: Removing scripts/bootstrap-worktrees.ps1
[2026-07-31 12:32:20] git: Removing scripts/claim-next-topics.mjs
[2026-07-31 12:32:20] git: Removing scripts/cursor-watchdog-loop.ps1
[2026-07-31 12:32:20] git: Removing scripts/debug-agent-transport.ps1
[2026-07-31 12:32:20] git: Removing scripts/lib/agent-jobs.mjs
[2026-07-31 12:32:20] git: Removing scripts/lib/production-ship-parser.mjs
[2026-07-31 12:32:20] git: Removing scripts/lib/viz-interaction-qa.mjs
[2026-07-31 12:32:20] git: Removing scripts/local-blog-server.mjs
[2026-07-31 12:32:20] git: Removing scripts/production-stream-server.mjs
[2026-07-31 12:32:20] git: Removing scripts/production-stream-ui.html
[2026-07-31 12:32:20] git: Removing scripts/prompts/
[2026-07-31 12:32:20] git: Removing scripts/qa-us-billion-dollar-weather-disasters-ms94skof.mjs
[2026-07-31 12:32:20] git: Removing scripts/resume-blog-automation.ps1
[2026-07-31 12:32:20] git: Removing scripts/run-blog-orchestrator.ps1
[2026-07-31 12:32:20] git: Removing scripts/run-blog-production-local.ps1
[2026-07-31 12:32:20] git: Removing scripts/run-blog-worker.ps1
[2026-07-31 12:32:25] Invoking agent for worker 3 (-p --force --trust --workspace worktree)
Connection lost, reconnecting to https://api2.cursor.sh (attempt 1)...
[2026-07-31 12:51:40] WARN: transport blip cliAttempt=1 (raw=1) elapsed=0s
Retry attempt 1...
[2026-07-31 12:51:42] WARN: transport blip cliAttempt=1 (raw=1) elapsed=1s
Connection lost, reconnecting to https://api2.cursor.sh (attempt 2)...
[2026-07-31 12:53:34] INFO: blip streak reset after quiet gap
[2026-07-31 12:53:34] WARN: transport blip cliAttempt=1 (raw=2) elapsed=0s
Retry attempt 2...
[2026-07-31 12:53:38] WARN: transport blip cliAttempt=1 (raw=2) elapsed=4s
Connection lost, reconnecting to https://api2.cursor.sh (attempt 3)...
[2026-07-31 12:58:35] INFO: blip streak reset after quiet gap
[2026-07-31 12:58:35] WARN: transport blip cliAttempt=1 (raw=3) elapsed=0s
Retry attempt 3...
[2026-07-31 12:58:43] WARN: transport blip cliAttempt=1 (raw=3) elapsed=8s
Connection lost, reconnecting to https://api2.cursor.sh (attempt 4)...
[2026-07-31 13:01:54] INFO: blip streak reset after quiet gap
[2026-07-31 13:01:54] WARN: transport blip cliAttempt=1 (raw=4) elapsed=0s
Retry attempt 4...
[2026-07-31 13:02:12] WARN: transport blip cliAttempt=1 (raw=4) elapsed=18s
Connection lost, reconnecting to https://api2.cursor.sh (attempt 5)...
[2026-07-31 13:04:37] INFO: blip streak reset after quiet gap
[2026-07-31 13:04:37] WARN: transport blip cliAttempt=1 (raw=5) elapsed=0s
