[2026-07-31 23:54:20] Worker 3 starting job job-ms9u7axx-e38na (copper-mine-vs-refinery-geography-2026) in E:\AI Projects\data-insights-blog-worktrees\worker-3 (branch post/copper-mine-vs-refinery-geography-2026-w3)
[2026-07-31 23:54:21] Creating post/copper-mine-vs-refinery-geography-2026-w3 from master 0b66a4802791867de514152eb05422337974e9c4
[2026-07-31 23:54:21] Resetting worktree then checkout post/copper-mine-vs-refinery-geography-2026-w3 at 0b66a4802791867de514152eb05422337974e9c4
[2026-07-31 23:54:25] git: HEAD is now at 0b66a48 merge(post): migration-humanitarian-research-2026 from worker 3 (path-selective)
[2026-07-31 23:54:25] git: Removing scripts/bootstrap-worktrees.ps1
[2026-07-31 23:54:25] git: Removing scripts/claim-next-topics.mjs
[2026-07-31 23:54:25] git: Removing scripts/claim-recovery-job.mjs
[2026-07-31 23:54:25] git: Removing scripts/clear-resolved-failures.mjs
[2026-07-31 23:54:25] git: Removing scripts/cursor-watchdog-loop.ps1
[2026-07-31 23:54:25] git: Removing scripts/debug-agent-transport.ps1
[2026-07-31 23:54:25] git: Removing scripts/lib/agent-jobs.mjs
[2026-07-31 23:54:25] git: Removing scripts/lib/production-ship-parser.mjs
[2026-07-31 23:54:25] git: Removing scripts/lib/viz-interaction-qa.mjs
[2026-07-31 23:54:25] git: Removing scripts/local-blog-server.mjs
[2026-07-31 23:54:26] git: Removing scripts/production-stream-server.mjs
[2026-07-31 23:54:26] git: Removing scripts/production-stream-ui.html
[2026-07-31 23:54:26] git: Removing scripts/prompts/
[2026-07-31 23:54:26] git: Removing scripts/prune-post-branches.mjs
[2026-07-31 23:54:26] git: Removing scripts/qa-fiscal-plumbing-research-2026.mjs
[2026-07-31 23:54:26] git: Removing scripts/resolve-flagged-jobs.mjs
[2026-07-31 23:54:26] git: Removing scripts/resume-blog-automation.ps1
[2026-07-31 23:54:26] git: Removing scripts/run-blog-orchestrator.ps1
[2026-07-31 23:54:26] git: Removing scripts/run-blog-production-local.ps1
[2026-07-31 23:54:26] git: Removing scripts/run-blog-worker.ps1
[2026-07-31 23:54:26] git: Removing scripts/start-blog-automation-in-app.ps1
[2026-07-31 23:54:26] git: Removing scripts/stop-blog-automation.ps1
[2026-07-31 23:54:26] git: Removing scripts/theme-balance.ts
[2026-07-31 23:54:26] git: Removing scripts/update-agent-job.mjs
[2026-07-31 23:54:26] git: Removing scripts/watch-blog-production.ps1
[2026-07-31 23:54:26] git: HEAD is now at 0b66a48 merge(post): migration-humanitarian-research-2026 from worker 3 (path-selective)
[2026-07-31 23:54:27] git: Switched to a new branch 'post/copper-mine-vs-refinery-geography-2026-w3'
[2026-07-31 23:54:29] Invoking agent for worker 3 (-p --force --trust --workspace worktree)
Connection lost, reconnecting to https://api2.cursor.sh (attempt 1)...
[2026-07-31 23:56:20] WARN: transport blip cliAttempt=1 (raw=1) elapsed=0s
Retry attempt 1...
[2026-07-31 23:56:22] WARN: transport blip cliAttempt=1 (raw=1) elapsed=2s
Connection lost, reconnecting to https://api2.cursor.sh (attempt 2)...
[2026-07-31 23:57:05] WARN: transport blip cliAttempt=2 (raw=2) elapsed=45s
Retry attempt 2...
[2026-07-31 23:57:09] WARN: transport blip cliAttempt=2 (raw=2) elapsed=50s
Connection lost, reconnecting to https://api2.cursor.sh (attempt 3)...
[2026-07-31 23:58:27] WARN: transport blip cliAttempt=3 (raw=3) elapsed=128s
Retry attempt 3...
[2026-07-31 23:58:36] WARN: transport blip cliAttempt=3 (raw=3) elapsed=136s
Connection lost, reconnecting to https://api2.cursor.sh (attempt 4)...
[2026-07-31 23:59:38] WARN: transport blip cliAttempt=4 (raw=4) elapsed=198s
Retry attempt 4...
[2026-07-31 23:59:56] WARN: transport blip cliAttempt=4 (raw=4) elapsed=216s
Connection lost, reconnecting to https://api2.cursor.sh (attempt 5)...
[2026-08-01 00:00:50] WARN: transport blip cliAttempt=5 (raw=5) elapsed=270s
Retry attempt 5...
[2026-08-01 00:01:26] WARN: transport blip cliAttempt=5 (raw=5) elapsed=306s
[2026-08-01 00:01:26] ERROR: transport unhealthy (cliAttempt=5 elapsed=306s); killing worker agent
