[2026-08-20 19:17:01] Worker 2 starting job job-mt253kqc-vrf45 (bank-commercial-credit-update-2026) in C:\Users\ether\AppData\Local\data-insights-blog-workers\worker-2 (branch post/bank-commercial-credit-update-2026-w2, container blog-worker-2)
[2026-08-20 19:17:01] Fetching origin (main merge target) into isolated clone
[2026-08-20 19:17:01] Creating post/bank-commercial-credit-update-2026-w2 from main 6f2d4d2eb2ed75cb5711b5330ea4d7225644612a
[2026-08-20 19:17:01] Resetting clone then checkout post/bank-commercial-credit-update-2026-w2 at 6f2d4d2eb2ed75cb5711b5330ea4d7225644612a (never master)
[2026-08-20 19:17:01] git: HEAD is now at 6f2d4d2 merge(post): industrial-robotics-update-2026 from worker 5 (path-selective)
[2026-08-20 19:17:01] git: HEAD is now at 6f2d4d2 merge(post): industrial-robotics-update-2026 from worker 5 (path-selective)
[2026-08-20 19:17:02] git: Switched to a new branch 'post/bank-commercial-credit-update-2026-w2'
[2026-08-20 19:17:02] Worker 2 ports: SMOKE_PORT=4182 SMOKE_QA_PORT=4183 (isolated Node static servers)
[2026-08-20 19:17:02] WARN: Cursor CLI useHttp1ForAgent is not true - transport blips may be worse. Set network.useHttp1ForAgent=true in C:\Users\ether\.cursor\cli-config.json
[2026-08-20 19:17:02] Invoking agent for worker 2 (-p --force --trust --workspace clone C:\Users\ether\AppData\Local\data-insights-blog-workers\worker-2 / blog-worker-2)
[2026-08-20 19:17:02] Agent stream-json -> E:\AI Projects\data-insights-blog\artifacts\automation-logs\worker-2-2026-08-20_19-17-00.log (cot E:\AI Projects\data-insights-blog\artifacts\automation-logs\worker-2-2026-08-20_19-17-00.cot.log, raw E:\AI Projects\data-insights-blog\artifacts\automation-logs\worker-2-2026-08-20_19-17-00.ndjson)
[cot:system] session model=Auto cwd=C:\Users\ether\AppData\Local\data-insights-blog-workers\worker-2
[cot:user] You are a blog production WORKER in a parallel multi-agent system. ## Identity - Worker ID: 2 - Job ID: job-mt253kqc-vrf45 - Assigned slug: bank-commercial-credit-update-2026 - Theme ID: bank-commerciΓÇª
[cot:agent] connection/reconnecting
[2026-08-20 19:18:22] WARN: transport blip cliAttempt=1 (raw=) elapsed=0s
[cot:agent] retry/starting
[cot:agent] connection/reconnected
[2026-08-20 19:18:22] WARN: transport blip cliAttempt=1 (raw=) elapsed=0s
[cot:agent] connection/reconnecting
[2026-08-20 19:18:22] WARN: transport blip cliAttempt=2 (raw=) elapsed=0s
[cot:agent] retry/starting
[cot:agent] retry/resuming
[cot:agent] connection/reconnected
[2026-08-20 19:18:22] WARN: transport blip cliAttempt=1 (raw=) elapsed=0s
[cot:agent] connection/reconnecting
[2026-08-20 19:18:22] WARN: transport blip cliAttempt=2 (raw=) elapsed=0s
[cot:agent] retry/starting
[cot:agent] retry/resuming
[cot:agent] connection/reconnected
[2026-08-20 19:18:22] WARN: transport blip cliAttempt=1 (raw=) elapsed=0s
[cot:agent] connection/reconnecting
[2026-08-20 19:18:22] WARN: transport blip cliAttempt=2 (raw=) elapsed=0s
[cot:agent] retry/starting
[cot:agent] retry/resuming
[cot:agent] connection/reconnected
[2026-08-20 19:18:22] WARN: transport blip cliAttempt=1 (raw=) elapsed=0s
RetriableError: [resource_exhausted] Error
[2026-08-20 19:18:23] git: HEAD is now at c01c527 merge(post): chokepoint-commodities-update-2026 from worker 1 (path-selective)
[2026-08-20 19:18:23] Deleting local clone branch post/bank-commercial-credit-update-2026-w2 (status=failed ahead=0)
[2026-08-20 19:18:23] git: Deleted branch post/bank-commercial-credit-update-2026-w2 (was c01c527).
[2026-08-20 19:18:23] Worker 2 finished (exit=0)
