[2026-07-31 14:19:22] Worker 5 starting job job-ms98umw1-fb4kn (ai-compute-demand-research-2026) in E:\AI Projects\data-insights-blog-worktrees\worker-5 (branch post/ai-compute-demand-research-2026-w5-recovery) [RECOVERY]
[2026-07-31 14:19:22] Recovery: starting from prior branch post/ai-compute-demand-research-2026-w1 @ 61022e9bc8eecd1b18c428f7b34d1860b123d517
[2026-07-31 14:19:23] Resetting worktree then checkout post/ai-compute-demand-research-2026-w5-recovery at 61022e9bc8eecd1b18c428f7b34d1860b123d517
[2026-07-31 14:19:23] git: HEAD is now at 61022e9 merge(post): us-billion-dollar-weather-disasters-ms94skof from worker 3 (path-selective)
[2026-07-31 14:19:23] git: Removing scripts/_park-extra-recovery.mjs
[2026-07-31 14:19:23] git: Removing scripts/bootstrap-worktrees.ps1
[2026-07-31 14:19:23] git: Removing scripts/claim-next-topics.mjs
[2026-07-31 14:19:23] git: Removing scripts/claim-recovery-job.mjs
[2026-07-31 14:19:23] git: Removing scripts/cursor-watchdog-loop.ps1
[2026-07-31 14:19:23] git: Removing scripts/debug-agent-transport.ps1
[2026-07-31 14:19:23] git: Removing scripts/lib/agent-jobs.mjs
[2026-07-31 14:19:23] git: Removing scripts/lib/production-ship-parser.mjs
[2026-07-31 14:19:23] git: Removing scripts/lib/viz-interaction-qa.mjs
[2026-07-31 14:19:23] git: Removing scripts/local-blog-server.mjs
[2026-07-31 14:19:23] git: Removing scripts/production-stream-server.mjs
[2026-07-31 14:19:23] git: Removing scripts/production-stream-ui.html
[2026-07-31 14:19:23] git: Removing scripts/prompts/
[2026-07-31 14:19:23] git: Removing scripts/resume-blog-automation.ps1
[2026-07-31 14:19:23] git: Removing scripts/run-blog-orchestrator.ps1
[2026-07-31 14:19:23] git: Removing scripts/run-blog-production-local.ps1
[2026-07-31 14:19:23] git: Removing scripts/run-blog-worker.ps1
[2026-07-31 14:19:24] git: Removing scripts/start-blog-automation-in-app.ps1
[2026-07-31 14:19:24] git: Removing scripts/stop-blog-automation.ps1
[2026-07-31 14:19:24] git: Removing scripts/theme-balance.ts
[2026-07-31 14:19:24] git: Removing scripts/update-agent-job.mjs
[2026-07-31 14:19:24] git: Removing scripts/watch-blog-production.ps1
[2026-07-31 14:19:25] git: HEAD is now at 61022e9 merge(post): us-billion-dollar-weather-disasters-ms94skof from worker 3 (path-selective)
[2026-07-31 14:19:25] git: Switched to a new branch 'post/ai-compute-demand-research-2026-w5-recovery'
[2026-07-31 14:19:44] Invoking agent for worker 5 (-p --force --trust --workspace worktree)
