[2026-07-31 12:25:55] Worker 2 starting job job-ms95mc0c-xw7nh (global-remittance-corridors-ms95mc0c) in E:\AI Projects\data-insights-blog-worktrees\worker-2 (branch post/global-remittance-corridors-ms95mc0c-w2)
[2026-07-31 12:25:56] Resetting worktree to e9746a2c69f57c9b9184281fa45bd6d9a95199df then checkout post/global-remittance-corridors-ms95mc0c-w2
[2026-07-31 12:25:56] git: HEAD is now at e9746a2 merge(post): macro-growth-trade-research-2026 from worker 4 (path-selective)
[2026-07-31 12:25:56] git: Removing public/images/global-systems-global-remittance-corridors-ms94skof-hero.png
[2026-07-31 12:25:56] git: Removing scripts/bootstrap-worktrees.ps1
[2026-07-31 12:25:56] git: Removing scripts/claim-next-topics.mjs
[2026-07-31 12:25:56] git: Removing scripts/cursor-watchdog-loop.ps1
[2026-07-31 12:25:56] git: Removing scripts/debug-agent-transport.ps1
[2026-07-31 12:25:56] git: Removing scripts/lib/agent-jobs.mjs
[2026-07-31 12:25:56] git: Removing scripts/lib/production-ship-parser.mjs
[2026-07-31 12:25:56] git: Removing scripts/lib/viz-interaction-qa.mjs
[2026-07-31 12:25:56] git: Removing scripts/local-blog-server.mjs
[2026-07-31 12:25:56] git: Removing scripts/production-stream-server.mjs
[2026-07-31 12:25:56] git: Removing scripts/production-stream-ui.html
[2026-07-31 12:25:56] git: Removing scripts/prompts/
[2026-07-31 12:25:56] git: Removing scripts/qa-global-remittance-corridors-ms94skof.mjs
[2026-07-31 12:25:56] git: Removing scripts/resume-blog-automation.ps1
[2026-07-31 12:25:56] git: Removing scripts/run-blog-orchestrator.ps1
[2026-07-31 12:25:56] git: Removing scripts/run-blog-production-local.ps1
[2026-07-31 12:25:56] git: Removing scripts/run-blog-worker.ps1
[2026-07-31 12:25:56] git: Removing scripts/start-blog-automation-in-app.ps1
[2026-07-31 12:25:56] git: Removing scripts/stop-blog-automation.ps1
[2026-07-31 12:25:56] git: Removing scripts/theme-balance.ts
[2026-07-31 12:25:56] git: Removing scripts/update-agent-job.mjs
[2026-07-31 12:25:56] git: Removing scripts/watch-blog-production.ps1
[2026-07-31 12:25:56] git: Removing src/components/charts/
[2026-07-31 12:25:56] git: Removing src/components/visualizations/BankLoanChargeoffsDashboard.tsx
[2026-07-31 12:25:56] git: Removing src/components/visualizations/CommercialAircraftAssemblyDashboard.tsx
[2026-07-31 12:25:56] git: Removing src/components/visualizations/GlobalRemittanceCorridorsMs94skofDashboard.tsx
[2026-07-31 12:25:56] git: Removing src/components/visualizations/IrenaRenewableCapacityDashboard.tsx
[2026-07-31 12:25:56] git: Removing src/components/visualizations/MoneyMarketFundsDepositsDashboard.tsx
[2026-07-31 12:25:56] git: Removing src/components/visualizations/NaturalGraphiteMineConcentrationDashboard.tsx
[2026-07-31 12:25:56] git: Removing src/components/visualizations/OecdDacOdaDashboard.tsx
[2026-07-31 12:25:56] git: Removing src/data/bank-loan-chargeoffs-data.ts
[2026-07-31 12:25:56] git: Removing src/data/commercial-aircraft-assembly-data.ts
[2026-07-31 12:25:56] git: Removing src/data/global-remittance-corridors-ms94skof-data.ts
[2026-07-31 12:25:56] git: Removing src/data/irena-renewable-capacity-data.ts
[2026-07-31 12:25:56] git: Removing src/data/money-market-funds-deposits-data.ts
[2026-07-31 12:25:56] git: Removing src/data/natural-graphite-mine-concentration-data.ts
[2026-07-31 12:25:56] git: Removing src/data/oecd-dac-oda-data.ts
[2026-07-31 12:25:56] git: Removing src/data/social-security-trust-fund-data.ts
[2026-07-31 12:25:57] git: HEAD is now at e9746a2 merge(post): macro-growth-trade-research-2026 from worker 4 (path-selective)
[2026-07-31 12:25:57] git: Switched to a new branch 'post/global-remittance-corridors-ms95mc0c-w2'
[2026-07-31 12:26:02] Invoking agent for worker 2 (-p --force --trust --workspace worktree)
Connection lost, reconnecting to https://api2.cursor.sh (attempt 1)...
[2026-07-31 12:28:28] WARN: transport blip cliAttempt=1 (raw=1) elapsed=0s
Retry attempt 1...
[2026-07-31 12:28:30] WARN: transport blip cliAttempt=1 (raw=1) elapsed=2s
Connection lost, reconnecting to https://api2.cursor.sh (attempt 2)...
[2026-07-31 12:46:27] INFO: blip streak reset after quiet gap
[2026-07-31 12:46:27] WARN: transport blip cliAttempt=1 (raw=2) elapsed=0s
Retry attempt 2...
[2026-07-31 12:46:31] WARN: transport blip cliAttempt=1 (raw=2) elapsed=4s
Connection lost, reconnecting to https://api2.cursor.sh (attempt 3)...
[2026-07-31 12:51:56] INFO: blip streak reset after quiet gap
[2026-07-31 12:51:57] WARN: transport blip cliAttempt=1 (raw=3) elapsed=0s
Retry attempt 3...
[2026-07-31 12:52:06] WARN: transport blip cliAttempt=1 (raw=3) elapsed=10s
Connection lost, reconnecting to https://api2.cursor.sh (attempt 4)...
[2026-07-31 12:53:40] INFO: blip streak reset after quiet gap
[2026-07-31 12:53:40] WARN: transport blip cliAttempt=1 (raw=4) elapsed=0s
Retry attempt 4...
[2026-07-31 12:53:57] WARN: transport blip cliAttempt=1 (raw=4) elapsed=18s
Connection lost, reconnecting to https://api2.cursor.sh (attempt 5)...
[2026-07-31 13:02:31] INFO: blip streak reset after quiet gap
[2026-07-31 13:02:31] WARN: transport blip cliAttempt=1 (raw=5) elapsed=0s
Retry attempt 5...
[2026-07-31 13:03:08] WARN: transport blip cliAttempt=1 (raw=5) elapsed=37s
Connection lost, reconnecting to https://api2.cursor.sh (attempt 6)...
[2026-07-31 13:04:35] WARN: transport blip cliAttempt=2 (raw=6) elapsed=124s
[2026-07-31 13:04:35] ERROR: transport unhealthy (cliAttempt=2 elapsed=124s); killing worker agent
[2026-07-31 13:04:41] Worker 2 finished (exit=75)
