[2026-08-20 20:52:55] [cot:system] session model=Auto cwd=C:\Users\ether\AppData\Local\data-insights-blog-workers\worker-3
[2026-08-20 20:52:56] [cot:user] You are a blog production WORKER in a parallel multi-agent system. ## Identity - Worker ID: 3 - Job ID: job-mt2810ov-ol2lw - Assigned slug: heavy-industrial-capacity-update-2026 - Theme ID: heavy-induΓÇª
[2026-08-20 20:52:56] [cot:thought] I am starting as blog production worker 3. I will produce the heavy-industrial-capacity-update-2026 post.
[2026-08-20 20:52:56] [cot:thought] I will follow the
[2026-08-20 20:52:56] [cot:thought] phase-based workflow and commit frequently. First I will read the production rules, check conveyor-sync status, update the job to researching, and explore existing codebase patterns.
[2026-08-20 20:52:56] [cot:thought] Starting the heavy-industrial-capacity post as worker 3: checking conveyor sync, reading production rules, and marking the job researching.
[2026-08-20 20:52:56] [cot:tool] start read C:\Users\ether\AppData\Local\data-insights-blog-workers\worker-3\.cursor\rules\autonomous-blog-production.mdc
[2026-08-20 20:52:56] [cot:tool] start read C:\Users\ether\AppData\Local\data-insights-blog-workers\worker-3\artifacts\conveyor-sync.json
[2026-08-20 20:52:56] [cot:tool] start glob
[2026-08-20 20:52:56] [cot:tool] start shell $env:BLOG_REPO_ROOT='E:\AI Projects\data-insights-blog'; npx tsx "E:\AI Projects\data-insights-blog\scripts\update-agent-job.mjs" --job job-mt2810ov-ol2lw --status researching --activity "Phase 0: reading rules + prior theme posts"
[2026-08-20 20:52:56] [cot:tool] done read ?
[2026-08-20 20:52:56] [cot:tool] done read ?
[2026-08-20 20:52:56] [cot:tool] done glob
[2026-08-20 20:52:56] [cot:tool] done shell $env:BLOG_REPO_ROOT='E:\AI Projects\data-insights-blog'; npx tsx "E:\AI Projects\data-insights-blog\scripts\update-agent-job.mjs" --job job-mt2810ov-ol2lw --status researching --activity "Phase 0: reading rules + prior theme posts"
[2026-08-20 20:52:56] [cot:thought] A prior post already exists on this theme. Exploring the codebase
[2026-08-20 20:52:56] [cot:thought] structure to locate rules, prior posts, theme registry, and update-post patterns.
[2026-08-20 20:52:57] [cot:tool] start glob
[2026-08-20 20:52:57] [cot:tool] done glob
[2026-08-20 20:52:57] [cot:tool] start grep C:\Users\ether\AppData\Local\data-insights-blog-workers\worker-3\src
[2026-08-20 20:52:57] [cot:tool] done grep C:\Users\ether\AppData\Local\data-insights-blog-workers\worker-3\src
[2026-08-20 20:52:57] [cot:tool] start glob
[2026-08-20 20:52:57] [cot:tool] done glob
[2026-08-20 20:52:57] [cot:tool] start grep C:\Users\ether\AppData\Local\data-insights-blog-workers\worker-3\src\data\posts.ts
[2026-08-20 20:52:57] [cot:tool] done grep C:\Users\ether\AppData\Local\data-insights-blog-workers\worker-3\src\data\posts.ts
[2026-08-20 20:52:57] [cot:tool] start shell Get-ChildItem -Name artifacts, .cursor\rules 2>$null; git status -sb; git branch --show-current; git log -3 --oneline
[2026-08-20 20:52:57] [cot:tool] start glob
[2026-08-20 20:52:57] [cot:tool] start grep C:\Users\ether\AppData\Local\data-insights-blog-workers\worker-3\src
[2026-08-20 20:52:58] [cot:tool] start glob
[2026-08-20 20:52:58] [cot:tool] start grep C:\Users\ether\AppData\Local\data-insights-blog-workers\worker-3\src\data\posts.ts
[2026-08-20 20:52:58] [cot:tool] start shell Get-ChildItem -Name artifacts, .cursor\rules 2>$null; git status -sb; git branch --show-current; git log -3 --oneline
[2026-08-20 20:52:58] [cot:tool] done glob
[2026-08-20 20:52:58] [cot:tool] done grep C:\Users\ether\AppData\Local\data-insights-blog-workers\worker-3\src
[2026-08-20 20:52:58] [cot:tool] done glob
[2026-08-20 20:52:58] [cot:tool] done grep C:\Users\ether\AppData\Local\data-insights-blog-workers\worker-3\src\data\posts.ts
[2026-08-20 20:52:58] [cot:tool] done shell Get-ChildItem -Name artifacts, .cursor\rules 2>$null; git status -sb; git branch --show-current; git log -3 --oneline
[2026-08-20 20:52:58] [cot:thought] Confirmed the correct branch. Reviewing the prior
[2026-08-20 20:52:58] [cot:thought] research post and update patterns to establish baseline metrics and vintage delta handling.
[2026-08-20 20:52:58] [cot:thought] Reviewing the prior theme post and a recent update-post pattern to match structure.
[2026-08-20 20:52:58] [cot:tool] start read C:\Users\ether\AppData\Local\data-insights-blog-workers\worker-3\src\data\heavy-industrial-capacity-research-2026-data.ts
[2026-08-20 20:52:58] [cot:tool] done read C:\Users\ether\AppData\Local\data-insights-blog-workers\worker-3\src\data\heavy-industrial-capacity-research-2026-data.ts
[2026-08-20 20:52:58] [cot:tool] start read C:\Users\ether\AppData\Local\data-insights-blog-workers\worker-3\src\data\posts.ts
[2026-08-20 20:52:58] [cot:tool] start glob
[2026-08-20 20:52:58] [cot:tool] start grep C:\Users\ether\AppData\Local\data-insights-blog-workers\worker-3\src\data\posts.ts
[2026-08-20 20:52:59] [cot:tool] done read C:\Users\ether\AppData\Local\data-insights-blog-workers\worker-3\src\data\posts.ts
[2026-08-20 20:52:59] [cot:tool] done glob
[2026-08-20 20:52:59] [cot:tool] done grep C:\Users\ether\AppData\Local\data-insights-blog-workers\worker-3\src\data\posts.ts
[2026-08-20 20:52:59] [cot:thought] Drafting an update post that contrasts the newest official vintage against the previous post.
[2026-08-20 20:52:59] [cot:thought] Reviewing prior post
[2026-08-20 20:52:59] [cot:thought] data sources and searching for fresh 2026 vintage updates. Checking update data file structures and research briefs for reference.
[2026-08-20 20:52:59] [cot:thought] Checking a compact update-post data pattern and scanning for fresher source vintages.
[2026-08-20 20:52:59] [cot:tool] start read C:\Users\ether\AppData\Local\data-insights-blog-workers\worker-3\src\data\industrial-robotics-update-202608-data.ts
[2026-08-20 20:52:59] [cot:tool] done read C:\Users\ether\AppData\Local\data-insights-blog-workers\worker-3\src\data\industrial-robotics-update-202608-data.ts
[2026-08-20 20:52:59] [cot:tool] start read C:\Users\ether\AppData\Local\data-insights-blog-workers\worker-3\src\data\heavy-industrial-capacity-research-2026-data.ts
[2026-08-20 20:52:59] [cot:tool] done read C:\Users\ether\AppData\Local\data-insights-blog-workers\worker-3\src\data\heavy-industrial-capacity-research-2026-data.ts
[2026-08-20 20:52:59] [cot:tool] start grep C:\Users\ether\AppData\Local\data-insights-blog-workers\worker-3\artifacts\agent-jobs.json
[2026-08-20 20:52:59] [cot:tool] done grep C:\Users\ether\AppData\Local\data-insights-blog-workers\worker-3\artifacts\agent-jobs.json
[2026-08-20 20:52:59] [cot:tool] start read C:\Users\ether\AppData\Local\data-insights-blog-workers\worker-3\src\components\visualizations\HeavyIndustrialCapacityResearch2026Dashboard.tsx
[2026-08-20 20:52:59] [cot:tool] done read C:\Users\ether\AppData\Local\data-insights-blog-workers\worker-3\src\components\visualizations\HeavyIndustrialCapacityResearch2026Dashboard.tsx
[2026-08-20 20:52:59] [cot:tool] start webSearch
[2026-08-20 20:52:59] [cot:tool] done webSearch
[2026-08-20 20:52:59] [cot:thought] Sufficient data exists for the update. UNCTAD RMT 2025 shows
[2026-08-20 20:52:59] [cot:thought] the Asia trio fell to roughly 91% of 2025 GT completions, down from 95.2%. DWT shares also shifted slightly.
[2026-08-20 20:53:00] [cot:thought] Conflicting data requires fetching precise UNCTAD, World Steel 2025, and aircraft delivery figures.
[2026-08-20 20:53:00] [cot:thought] The original post used GT deliveries.
[2026-08-20 20:53:00] [cot:tool] start webFetch
[2026-08-20 20:53:00] [cot:tool] start webSearch
[2026-08-20 20:53:00] [cot:tool] start webSearch
[2026-08-20 20:53:00] [cot:tool] done webFetch
[2026-08-20 20:53:00] [cot:tool] done webSearch
[2026-08-20 20:53:00] [cot:tool] done webSearch
[2026-08-20 20:53:00] [cot:thought] Solid vintage deltas are ready for the 2026 update. Prior research covers 2024 GT, 2025 FAL, and 2024 steel.
[2026-08-20 20:53:00] [cot:thought] Key vintage metrics
[2026-08-20 20:53:01] [cot:thought] are set. China ship GT is 54.6%. The Asia trio is 95.2%. China steel is 53.8%. Renton is 31.7%. US FAL is 54.5%. VLCC docks in China are roughly 62%.
[2026-08-20 20:53:01] [cot:thought] Ultra-heavy forges total six shops. The headline delta is the Asia trio ship GT dropping to 91% from 95.2%.
[2026-08-20 20:53:01] [cot:thought] Country-level China ship GT remains uncertain because UNCTAD only reports the trio total.
[2026-08-20 20:53:01] [cot:thought] Clarksons or BRS data may supply the missing piece. Country-level shipbuilding
[2026-08-20 20:53:01] [cot:thought] data is being pulled from UNCTAD and the companion post. China???s 2025 steel share is now 51.95% (???1.8 percentage points). India???s share is 8.92%.
[2026-08-20 20:53:01] [cot:thought] US steel share is
[2026-08-20 20:53:01] [cot:thought] 4.43%. Japan is 4.36%. Korea is 3.35%. Individual
[2026-08-20 20:53:01] [cot:thought] 2025 GT shares for China, Japan, and Korea remain unavailable. The Asia trio total of 91% is the cleanest official print.
[2026-08-20 20:53:01] [cot:thought] Derived country splits
[2026-08-20 20:53:01] [cot:thought] for the Asia trio are being weighed against secondary source citations. The companion shipbuilding post is being checked for 2025 GT data.
[2026-08-20 20:53:01] [cot:thought] Enough vintage signal for the update. Checking registration patterns, then writing the data module.
[2026-08-20 20:53:01] [cot:tool] start read C:\Users\ether\AppData\Local\data-insights-blog-workers\worker-3\src\types\post.ts
[2026-08-20 20:53:01] [cot:tool] done read C:\Users\ether\AppData\Local\data-insights-blog-workers\worker-3\src\types\post.ts
[2026-08-20 20:53:01] [cot:tool] start read C:\Users\ether\AppData\Local\data-insights-blog-workers\worker-3\src\components\PostVisualization.tsx
[2026-08-20 20:53:01] [cot:tool] done read C:\Users\ether\AppData\Local\data-insights-blog-workers\worker-3\src\components\PostVisualization.tsx
[2026-08-20 20:53:01] [cot:tool] start grep C:\Users\ether\AppData\Local\data-insights-blog-workers\worker-3\scripts
[2026-08-20 20:53:01] [cot:tool] done grep C:\Users\ether\AppData\Local\data-insights-blog-workers\worker-3\scripts
[2026-08-20 20:53:01] [cot:tool] start read C:\Users\ether\AppData\Local\data-insights-blog-workers\worker-3\scripts\qa-heavy-industrial-capacity-research-2026.mjs
[2026-08-20 20:53:02] [cot:tool] done read C:\Users\ether\AppData\Local\data-insights-blog-workers\worker-3\scripts\qa-heavy-industrial-capacity-research-2026.mjs
[2026-08-20 20:53:02] [cot:tool] start shell $env:BLOG_REPO_ROOT='E:\AI Projects\data-insights-blog'; npx tsx "E:\AI Projects\data-insights-blog\scripts\update-agent-job.mjs" --job job-mt2810ov-ol2lw --status building --activity "Phase 1: writing data module (UNCTAD 2025 GT + worldsteel 2025)"
[2026-08-20 20:53:02] [cot:tool] done shell $env:BLOG_REPO_ROOT='E:\AI Projects\data-insights-blog'; npx tsx "E:\AI Projects\data-insights-blog\scripts\update-agent-job.mjs" --job job-mt2810ov-ol2lw --status building --activity "Phase 1: writing data module (UNCTAD 2025 GT + worldsteel 2025)"
[2026-08-20 20:53:02] [cot:thought] Reviewing a recent dashboard for structural patterns and checking PostVisualization import conventions.
[2026-08-20 20:53:02] [cot:thought] Mapping key vintage-delta
[2026-08-20 20:53:02] [cot:thought] data points for the update. Ship completions dropped 4.2 percentage points. China???s steel share fell 1.8 points.
[2026-08-20 20:53:02] [cot:thought] Aircraft deliveries show a 54 percent Airbus share. Dry dock and forge inventory remains largely flat.
[2026-08-20 20:53:02] [cot:thought] Attributing the 91
[2026-08-20 20:53:02] [cot:thought] percent Asia trio completion rate to carefully sourced estimates. The prior trio share was 95.2 percent. The remaining 9 percent likely reflects rest-of-Asia plus Europe.
[2026-08-20 20:53:02] [cot:thought] Scaled trio shares
[2026-08-20 20:53:02] [cot:thought] yield 52.2 percent for China, 26.8 percent for Korea, and 12.0 percent for Japan.
[2026-08-20 20:53:02] [cot:thought] These remain estimates. The next step is to locate actual UNCTAD country-level shipbuilding data for 2025 gross tonnage.
[2026-08-20 20:53:02] [cot:tool] start webSearch
[2026-08-20 20:53:02] [cot:tool] start read C:\Users\ether\AppData\Local\data-insights-blog-workers\worker-3\src\data\chokepoint-commodities-update-202608-data.ts
[2026-08-20 20:53:02] [cot:tool] start read C:\Users\ether\AppData\Local\data-insights-blog-workers\worker-3\src\components\PostVisualization.tsx
[2026-08-20 20:53:02] [cot:tool] done read C:\Users\ether\AppData\Local\data-insights-blog-workers\worker-3\src\data\chokepoint-commodities-update-202608-data.ts
[2026-08-20 20:53:02] [cot:tool] done read C:\Users\ether\AppData\Local\data-insights-blog-workers\worker-3\src\components\PostVisualization.tsx
[2026-08-20 20:53:02] [cot:tool] done webSearch
[2026-08-20 20:53:02] [cot:thought] I am writing a comprehensive data module focused on vintage deltas. The headline delta
[2026-08-20 20:53:02] [cot:thought] is the Asia ship trio GT share dropping from 95.2% in 2024 to 91% in 2025. I will structure the post around a VINTAGE_DELTAS table, a SHIP_TRIO_PATH milestone, steel shares, ownership trends, and an aircraft H1 2026 duo split.
[2026-08-20 20:53:02] [cot:thought] Stable layers such
[2026-08-20 20:53:03] [cot:thought] as docks and forges will carry unchanged flags. New ownership figures show China rising to 15.08% from 14.4%, while Greece holds 15.88% and Japan 9.72%. Aircraft H1 2026 totals 649, with Airbus at roughly 350 and Boeing near 299.
[2026-08-20 20:53:03] [cot:thought] Renton???s MAX-8 share of the duo is approximately 30.8%. I am writing the data file and committing phase 1.
[2026-08-20 20:53:03] [cot:thought] Writing the data module with the UNCTAD ???4.2 pp Asia-trio GT delta and World Steel China share drop as the headline.
[2026-08-20 20:53:03] [cot:tool] start edit C:\Users\ether\AppData\Local\data-insights-blog-workers\worker-3\src\data\heavy-industrial-capacity-update-2026-data.ts
[2026-08-20 20:53:03] [cot:tool] done edit C:\Users\ether\AppData\Local\data-insights-blog-workers\worker-3\src\data\heavy-industrial-capacity-update-2026-data.ts
[2026-08-20 20:53:03] [cot:thought] Committing phase 1 and starting the dashboard.
[2026-08-20 20:53:03] [cot:tool] start shell git add -A; git commit --trailer "Co-authored-by: Cursor <cursoragent@cursor.com>" -m "wip(heavy-industrial-capacity-update-2026): data module"; $env:BLOG_REPO_ROOT='E:\AI Projects\data-insights-blog'; npx tsx "E:\AI Projects\data-insights-blog\scripts\update-agent-job.mjs" --job job-mt2810ov-ol2lw --status building --activity "Phase 2: dashboard + viz registration"
[2026-08-20 20:53:03] [cot:tool] start read C:\Users\ether\AppData\Local\data-insights-blog-workers\worker-3\src\components\visualizations\IndustrialRoboticsUpdate202608Dashboard.tsx
[2026-08-20 20:53:03] [cot:tool] done read C:\Users\ether\AppData\Local\data-insights-blog-workers\worker-3\src\components\visualizations\IndustrialRoboticsUpdate202608Dashboard.tsx
[2026-08-20 20:53:03] [cot:tool] done shell git add -A; git commit --trailer "Co-authored-by: Cursor <cursoragent@cursor.com>" -m "wip(heavy-industrial-capacity-update-2026): data module"; $env:BLOG_REPO_ROOT='E:\AI Projects\data-insights-blog'; npx tsx "E:\AI Projects\data-insights-blog\scripts\update-agent-job.mjs" --job job-mt2810ov-ol2lw --status building --activity "Phase 2: dashboard + viz registration"
[2026-08-20 20:53:03] [cot:thought] Beginning to draft a rich dashboard. Planning six specific
[2026-08-20 20:53:03] [cot:thought] chart types: vintage delta diverging bars, ship share area, steel leaders, build versus own scatter, FAL H1 pie and bars, and forge strip. Controls will include tab filters, metric mode toggles, and sector or ownership selectors. This satisfies the required three chart types, four panels, and two controls.
[2026-08-20 20:53:03] [cot:thought] Building the dashboard and wiring visualization registration.
[2026-08-20 20:53:03] [cot:tool] start edit C:\Users\ether\AppData\Local\data-insights-blog-workers\worker-3\src\components\visualizations\HeavyIndustrialCapacityUpdate2026Dashboard.tsx
[2026-08-20 20:53:03] [cot:tool] done edit C:\Users\ether\AppData\Local\data-insights-blog-workers\worker-3\src\components\visualizations\HeavyIndustrialCapacityUpdate2026Dashboard.tsx
[2026-08-20 20:53:03] [cot:thought] Registering the new post in post.ts and PostVisualization. Locating the dynamic
[2026-08-20 20:53:03] [cot:thought] import site for HeavyIndustrialCapacityResearch.
[2026-08-20 20:53:03] [cot:tool] start grep C:\Users\ether\AppData\Local\data-insights-blog-workers\worker-3\src\components\PostVisualization.tsx
[2026-08-20 20:53:03] [cot:tool] done grep C:\Users\ether\AppData\Local\data-insights-blog-workers\worker-3\src\components\PostVisualization.tsx
[2026-08-20 20:53:03] [cot:tool] start read C:\Users\ether\AppData\Local\data-insights-blog-workers\worker-3\src\data\theme-registry.ts
[2026-08-20 20:53:04] [cot:tool] done read C:\Users\ether\AppData\Local\data-insights-blog-workers\worker-3\src\data\theme-registry.ts
[2026-08-20 20:53:04] [cot:tool] start grep C:\Users\ether\AppData\Local\data-insights-blog-workers\worker-3\scripts\smoke-test-viz-posts.mjs
[2026-08-20 20:53:04] [cot:tool] done grep C:\Users\ether\AppData\Local\data-insights-blog-workers\worker-3\scripts\smoke-test-viz-posts.mjs
[2026-08-20 20:53:04] [cot:thought] Updating post.ts and PostVisualization. Also updating theme-registry.ts.
[2026-08-20 20:53:04] [cot:tool] start edit C:\Users\ether\AppData\Local\data-insights-blog-workers\worker-3\src\types\post.ts
[2026-08-20 20:53:04] [cot:tool] done edit C:\Users\ether\AppData\Local\data-insights-blog-workers\worker-3\src\types\post.ts
[2026-08-20 20:53:04] [cot:tool] start edit C:\Users\ether\AppData\Local\data-insights-blog-workers\worker-3\src\data\theme-registry.ts
[2026-08-20 20:53:04] [cot:tool] start read C:\Users\ether\AppData\Local\data-insights-blog-workers\worker-3\src\components\PostVisualization.tsx
[2026-08-20 20:53:04] [cot:tool] done edit C:\Users\ether\AppData\Local\data-insights-blog-workers\worker-3\src\data\theme-registry.ts
[2026-08-20 20:53:04] [cot:tool] done read C:\Users\ether\AppData\Local\data-insights-blog-workers\worker-3\src\components\PostVisualization.tsx
[2026-08-20 20:53:04] [cot:thought] Adding a dynamic import and conditional check for the new dashboard.
[2026-08-20 20:53:04] [cot:tool] start edit C:\Users\ether\AppData\Local\data-insights-blog-workers\worker-3\src\components\PostVisualization.tsx
[2026-08-20 20:53:04] [cot:tool] done edit C:\Users\ether\AppData\Local\data-insights-blog-workers\worker-3\src\components\PostVisualization.tsx
[2026-08-20 20:53:04] [cot:tool] start edit C:\Users\ether\AppData\Local\data-insights-blog-workers\worker-3\src\components\PostVisualization.tsx
[2026-08-20 20:53:05] [cot:tool] start shell git add -A; git commit --trailer "Co-authored-by: Cursor <cursoragent@cursor.com>" -m "wip(heavy-industrial-capacity-update-2026): dashboard + viz wireup"; $env:BLOG_REPO_ROOT='E:\AI Projects\data-insights-blog'; npx tsx "E:\AI Projects\data-insights-blog\scripts\update-agent-job.mjs" --job job-mt2810ov-ol2lw --status building --activity "Phase 3: post prose + hero image"
[2026-08-20 20:53:05] [cot:tool] done edit C:\Users\ether\AppData\Local\data-insights-blog-workers\worker-3\src\components\PostVisualization.tsx
[2026-08-20 20:53:05] [cot:tool] done shell git add -A; git commit --trailer "Co-authored-by: Cursor <cursoragent@cursor.com>" -m "wip(heavy-industrial-capacity-update-2026): dashboard + viz wireup"; $env:BLOG_REPO_ROOT='E:\AI Projects\data-insights-blog'; npx tsx "E:\AI Projects\data-insights-blog\scripts\update-agent-job.mjs" --job job-mt2810ov-ol2lw --status building --activity "Phase 3: post prose + hero image"
[2026-08-20 20:53:05] [cot:thought] Drafting the post prose and hero image. Checking the posts.ts
[2026-08-20 20:53:05] [cot:thought] file structure to place the new post at the top.Writing post prose and generating the hero image.
[2026-08-20 20:53:05] [cot:tool] start read C:\Users\ether\AppData\Local\data-insights-blog-workers\worker-3\src\data\posts.ts
[2026-08-20 20:53:05] [cot:tool] done read C:\Users\ether\AppData\Local\data-insights-blog-workers\worker-3\src\data\posts.ts
[2026-08-20 20:53:05] [cot:tool] start read C:\Users\ether\AppData\Local\data-insights-blog-workers\worker-3\artifacts\backend-manifest.json
[2026-08-20 20:53:05] [cot:tool] start generateImage
[2026-08-20 20:53:06] [cot:tool] done read C:\Users\ether\AppData\Local\data-insights-blog-workers\worker-3\artifacts\backend-manifest.json
[2026-08-20 20:53:06] [cot:tool] done generateImage
[2026-08-20 20:53:06] [cot:thought] Copying the hero image to public/images/ and writing the post entry.
[2026-08-20 20:53:06] [cot:tool] start shell Copy-Item "C:\Users\ether\.cursor\projects\C-Users-ether-AppData-Local-data-insights-blog-workers-worker-3\assets\industry-heavy-industrial-capacity-update-2026-hero.png" "C:\Users\ether\AppData\Local\data-insights-blog-workers\worker-3\public\images\industry-heavy-industrial-capacity-update-2026-hero.png" -Force; (Get-Item "C:\Users\ether\AppData\Local\data-insights-blog-workers\worker-3\public\images\industry-heavy-industrial-capacity-update-2026-hero.png").Length
[2026-08-20 20:53:06] [cot:tool] start edit C:\Users\ether\AppData\Local\data-insights-blog-workers\worker-3\src\data\posts.ts
[2026-08-20 20:53:06] [cot:tool] done edit
[2026-08-20 20:53:06] [cot:tool] done shell Copy-Item "C:\Users\ether\.cursor\projects\C-Users-ether-AppData-Local-data-insights-blog-workers-worker-3\assets\industry-heavy-industrial-capacity-update-2026-hero.png" "C:\Users\ether\AppData\Local\data-insights-blog-workers\worker-3\public\images\industry-heavy-industrial-capacity-update-2026-hero.png" -Force; (Get-Item "C:\Users\ether\AppData\Local\data-insights-blog-workers\worker-3\public\images\industry-heavy-industrial-capacity-update-2026-hero.png").Length
[2026-08-20 20:53:06] [cot:thought] posts.ts has changed. A bank-commercial-credit post already exists. The file structure may differ.
[2026-08-20 20:53:06] [cot:thought] Posts file shifted ??? checking the current top entry before inserting.
[2026-08-20 20:53:06] [cot:tool] start read C:\Users\ether\AppData\Local\data-insights-blog-workers\worker-3\src\data\posts.ts
[2026-08-20 20:53:07] [cot:tool] start grep C:\Users\ether\AppData\Local\data-insights-blog-workers\worker-3\src\data\posts.ts
[2026-08-20 20:53:07] [cot:tool] done read C:\Users\ether\AppData\Local\data-insights-blog-workers\worker-3\src\data\posts.ts
[2026-08-20 20:53:07] [cot:tool] done grep C:\Users\ether\AppData\Local\data-insights-blog-workers\worker-3\src\data\posts.ts
[2026-08-20 20:53:07] [cot:thought] The file was updated by merges or other workers. Inserting content
[2026-08-20 20:53:07] [cot:thought] at the beginning of the `samplePosts` array.
[2026-08-20 20:53:07] [cot:tool] start edit C:\Users\ether\AppData\Local\data-insights-blog-workers\worker-3\src\data\posts.ts
[2026-08-20 20:53:07] [cot:tool] done edit C:\Users\ether\AppData\Local\data-insights-blog-workers\worker-3\src\data\posts.ts
[2026-08-20 20:53:07] [cot:thought] Updating the backend manifest and committing phase three. Then writing the QA script and smoke marker.
[2026-08-20 20:53:07] [cot:tool] start edit C:\Users\ether\AppData\Local\data-insights-blog-workers\worker-3\artifacts\backend-manifest.json
[2026-08-20 20:53:08] [cot:tool] done edit C:\Users\ether\AppData\Local\data-insights-blog-workers\worker-3\artifacts\backend-manifest.json
[2026-08-20 20:53:08] [cot:tool] start edit C:\Users\ether\AppData\Local\data-insights-blog-workers\worker-3\scripts\qa-heavy-industrial-capacity-update-2026.mjs
[2026-08-20 20:53:08] [cot:tool] start edit C:\Users\ether\AppData\Local\data-insights-blog-workers\worker-3\scripts\smoke-test-viz-posts.mjs
[2026-08-20 20:53:08] [cot:tool] done edit C:\Users\ether\AppData\Local\data-insights-blog-workers\worker-3\scripts\qa-heavy-industrial-capacity-update-2026.mjs
[2026-08-20 20:53:08] [cot:tool] done edit C:\Users\ether\AppData\Local\data-insights-blog-workers\worker-3\scripts\smoke-test-viz-posts.mjs
[2026-08-20 20:53:08] [cot:thought] Checking that the new visualization type is included in the VisualizationType enum in post.ts.
[2026-08-20 20:53:08] [cot:thought] Verifying posts.ts
[2026-08-20 20:53:08] [cot:thought] contains the correct visualization type. Checking for an unused AreaChart import in the dashboard. Will commit and run deploy next.
[2026-08-20 20:53:08] [cot:tool] start grep C:\Users\ether\AppData\Local\data-insights-blog-workers\worker-3\src\types\post.ts
[2026-08-20 20:53:08] [cot:tool] done grep C:\Users\ether\AppData\Local\data-insights-blog-workers\worker-3\src\types\post.ts
[2026-08-20 20:53:08] [cot:tool] start shell git add -A; git commit --trailer "Co-authored-by: Cursor <cursoragent@cursor.com>" -m "wip(heavy-industrial-capacity-update-2026): post prose + hero"; git add -A; git status -sb; $env:BLOG_REPO_ROOT='E:\AI Projects\data-insights-blog'; npx tsx "E:\AI Projects\data-insights-blog\scripts\update-agent-job.mjs" --job job-mt2810ov-ol2lw --status qa --activity "Phase 4-5: local deploy + smoke on ports 4184/4185"
[2026-08-20 20:53:09] [cot:tool] start edit C:\Users\ether\AppData\Local\data-insights-blog-workers\worker-3\src\components\visualizations\HeavyIndustrialCapacityUpdate2026Dashboard.tsx
[2026-08-20 20:53:09] [cot:tool] done edit C:\Users\ether\AppData\Local\data-insights-blog-workers\worker-3\src\components\visualizations\HeavyIndustrialCapacityUpdate2026Dashboard.tsx
[2026-08-20 20:53:09] [cot:tool] done shell git add -A; git commit --trailer "Co-authored-by: Cursor <cursoragent@cursor.com>" -m "wip(heavy-industrial-capacity-update-2026): post prose + hero"; git add -A; git status -sb; $env:BLOG_REPO_ROOT='E:\AI Projects\data-insights-blog'; npx tsx "E:\AI Projects\data-insights-blog\scripts\update-agent-job.mjs" --job job-mt2810ov-ol2lw --status qa --activity "Phase 4-5: local deploy + smoke on ports 4184/4185"
[2026-08-20 20:53:09] [cot:thought] Prose and hero changes were committed. An unused import fix may still be uncommitted.
[2026-08-20 20:53:09] [cot:thought] posts.ts shows massive
[2026-08-20 20:53:09] [cot:thought] insertions and deletions. This likely picked up unrelated changes. The import fix needs committing before deploying.
[2026-08-20 20:53:09] [cot:thought] Need to verify the new post and demographic post are still present.Committing the import cleanup, then running local deploy with isolated ports.
[2026-08-20 20:53:09] [cot:tool] start shell git add -A; git status -sb; git diff --stat HEAD; Test-Path "public\images\industry-heavy-industrial-capacity-update-2026-hero.png"; Select-String -Path "src\data\posts.ts" -Pattern "heavy-industrial-capacity-update-2026" | Select-Object -First 3
[2026-08-20 20:53:09] [cot:tool] done shell git add -A; git status -sb; git diff --stat HEAD; Test-Path "public\images\industry-heavy-industrial-capacity-update-2026-hero.png"; Select-String -Path "src\data\posts.ts" -Pattern "heavy-industrial-capacity-update-2026" | Select-Object -First 3
[2026-08-20 20:53:09] [cot:thought] The AreaChart import fix may have already been committed, or git did not detect a change.
[2026-08-20 20:53:09] [cot:thought] Git status is unexpectedly
[2026-08-20 20:53:09] [cot:thought] clean despite the recent StrReplace. Either the AreaChart import was already absent from the committed version, or the file failed to save.
[2026-08-20 20:53:09] [cot:thought] The file change was
[2026-08-20 20:53:09] [cot:thought] lost. I will inspect the import section and run deploy.
[2026-08-20 20:53:09] [cot:tool] start read C:\Users\ether\AppData\Local\data-insights-blog-workers\worker-3\src\components\visualizations\HeavyIndustrialCapacityUpdate2026Dashboard.tsx
[2026-08-20 20:53:09] [cot:tool] start shell $env:SMOKE_PORT='4184'; $env:SMOKE_QA_PORT='4185'; npm run deploy
[2026-08-20 20:53:10] [cot:tool] done read C:\Users\ether\AppData\Local\data-insights-blog-workers\worker-3\src\components\visualizations\HeavyIndustrialCapacityUpdate2026Dashboard.tsx
[2026-08-20 20:53:10] [cot:tool] done shell $env:SMOKE_PORT='4184'; $env:SMOKE_QA_PORT='4185'; npm run deploy
[2026-08-20 20:53:10] [cot:thought] Waiting for the build to complete.
[2026-08-20 20:53:10] [cot:tool] start await
[2026-08-20 20:53:10] [cot:tool] done await
[2026-08-20 20:53:10] [cot:thought] Deployment succeeded. Verifying the output HTML, running the QA script, committing the final feature, and marking the job ready.
[2026-08-20 20:53:10] [cot:tool] start shell Test-Path "out\blog\heavy-industrial-capacity-update-2026.html"; Test-Path "out\blog\heavy-industrial-capacity-update-2026\index.html"; Get-Content "C:\Users\ether\.cursor\projects\C-Users-ether-AppData-Local-data-insights-blog-workers-worker-3\terminals\640141.txt" -Tail 40
[2026-08-20 20:53:10] [cot:tool] done shell Test-Path "out\blog\heavy-industrial-capacity-update-2026.html"; Test-Path "out\blog\heavy-industrial-capacity-update-2026\index.html"; Get-Content "C:\Users\ether\.cursor\projects\C-Users-ether-AppData-Local-data-insights-blog-workers-worker-3\terminals\640141.txt" -Tail 40
[2026-08-20 20:53:10] [cot:thought] Deployment passed. Running the QA script now. Then committing the final feature and marking the job ready.
[2026-08-20 20:53:10] [cot:thought] Checking whether the
[2026-08-20 20:53:10] [cot:thought] AreaChart import change needs committing. Verifying the smoke test includes the new slug.
[2026-08-20 20:53:10] [cot:tool] start grep C:\Users\ether\.cursor\projects\C-Users-ether-AppData-Local-data-insights-blog-workers-worker-3\terminals\640141.txt
[2026-08-20 20:53:10] [cot:tool] start shell $env:SMOKE_PORT='4184'; node scripts/qa-heavy-industrial-capacity-update-2026.mjs
[2026-08-20 20:53:10] [cot:tool] done grep C:\Users\ether\.cursor\projects\C-Users-ether-AppData-Local-data-insights-blog-workers-worker-3\terminals\640141.txt
[2026-08-20 20:53:10] [cot:tool] done shell $env:SMOKE_PORT='4184'; node scripts/qa-heavy-industrial-capacity-update-2026.mjs
[2026-08-20 20:53:10] [cot:thought] All quality checks passed. Proceeding to final commit and marking the job ready.
[2026-08-20 20:53:10] [cot:thought] Checking for uncommitted
[2026-08-20 20:53:10] [cot:thought] changes from the AreaChart fix.
[2026-08-20 20:53:10] [cot:tool] start shell git status -sb; git log -5 --oneline; git add -A; git commit --trailer "Co-authored-by: Cursor <cursoragent@cursor.com>" -m "$(@'
[2026-08-20 20:53:11] [cot:tool] done shell git status -sb; git log -5 --oneline; git add -A; git commit --trailer "Co-authored-by: Cursor <cursoragent@cursor.com>" -m "$(@'
[2026-08-20 20:53:11] [cot:thought] Commit hashes changed during a rebase from the orchestrator. The final feat commit
[2026-08-20 20:53:11] [cot:thought] failed because the working tree was clean. The last WIP already contained all changes.
[2026-08-20 20:53:11] [cot:thought] I need to create a feat commit now. I am deciding between amending the last WIP or using an empty commit.
[2026-08-20 20:53:11] [cot:thought] Amending the last
[2026-08-20 20:53:11] [cot:thought] WIP commit is authorized by the worker brief. I will check if the commit is pushed before changing its message to feat(post): heavy-industrial-capacity-update-2026.
[2026-08-20 20:53:11] [cot:thought] Amending the last local wip commit to the required `feat(post):` message.
[2026-08-20 20:53:11] [cot:tool] start shell git status -sb; git log -1 --format='%an %ae %s'; git rev-parse @{u} 2>&1; git commit --trailer "Co-authored-by: Cursor <cursoragent@cursor.com>" --amend -m "$(@'
[2026-08-20 20:53:11] [cot:tool] done shell git status -sb; git log -1 --format='%an %ae %s'; git rev-parse @{u} 2>&1; git commit --trailer "Co-authored-by: Cursor <cursoragent@cursor.com>" --amend -m "$(@'
[2026-08-20 20:53:11] [cot:thought] A PowerShell escaping issue with `@{u}` needs fixing.
[2026-08-20 20:53:11] [cot:tool] start shell git status -sb; git log -1 --format='%an %ae %s'; git rev-parse '@{u}' 2>&1; git commit --trailer "Co-authored-by: Cursor <cursoragent@cursor.com>" --amend -m "feat(post): heavy-industrial-capacity-update-2026"; git log -4 --oneline; git status -sb
[2026-08-20 20:53:11] [cot:tool] done shell git status -sb; git log -1 --format='%an %ae %s'; git rev-parse '@{u}' 2>&1; git commit --trailer "Co-authored-by: Cursor <cursoragent@cursor.com>" --amend -m "feat(post): heavy-industrial-capacity-update-2026"; git log -4 --oneline; git status -sb
[2026-08-20 20:53:11] [cot:thought] The job was already marked ready. Printing the WorkerReady status and exiting. Verifying word count
[2026-08-20 20:53:11] [cot:thought] and deliverables. Checking posts.ts for accidental deletions or churned content.
[2026-08-20 20:53:11] [cot:tool] start grep C:\Users\ether\AppData\Local\data-insights-blog-workers\worker-3\src\data\posts.ts
[2026-08-20 20:53:11] [cot:tool] done grep C:\Users\ether\AppData\Local\data-insights-blog-workers\worker-3\src\data\posts.ts
[2026-08-20 20:53:11] [cot:tool] start shell $env:BLOG_REPO_ROOT='E:\AI Projects\data-insights-blog'; npx tsx "E:\AI Projects\data-insights-blog\scripts\update-agent-job.mjs" --job job-mt2810ov-ol2lw --status ready --activity "Ready for merge" --headline "Asia ship trio 91% of 2025 GT (???4.2 pp); China steel 52.0% (???1.8 pp); docks/forges held"; Write-Output "WorkerReady: heavy-industrial-capacity-update-2026 | job=job-mt2810ov-ol2lw | worker=3"
[2026-08-20 20:53:11] [cot:tool] done shell $env:BLOG_REPO_ROOT='E:\AI Projects\data-insights-blog'; npx tsx "E:\AI Projects\data-insights-blog\scripts\update-agent-job.mjs" --job job-mt2810ov-ol2lw --status ready --activity "Ready for merge" --headline "Asia ship trio 91% of 2025 GT (???4.2 pp); China steel 52.0% (???1.8 pp); docks/forges held"; Write-Output "WorkerReady: heavy-industrial-capacity-update-2026 | job=job-mt2810ov-ol2lw | worker=3"
[2026-08-20 20:53:12] [cot:thought] The heavy-industrial-capacity-update-2026 post is complete. The HTML file was generated, committed, and the job marked ready.
[2026-08-20 20:53:12] [cot:thought] Shipped **heavy-industrial-capacity-update-2026** on `post/heavy-industrial-capacity-update-2026-w3`.
[2026-08-20 20:53:12] [cot:thought] **
[2026-08-20 20:53:12] [cot:thought] Headline:** Asia ship trio **91%** of 2025 GT (**???4.2 pp** vs research 95.2%); China crude steel **52.
[2026-08-20 20:53:12] [cot:thought] 0%** (**???1.8 pp**); VLCC docks / six-shop forges **held**.
[2026-08-20 20:53:12] [cot:thought] **Deliverables:** data module, dashboard (6 panels, diverging ?? / area+line / dual bars / scatter), viz registration, posts.ts + hero PNG, QA + smoke marker, theme registry, backend-manifest.
[2026-08-20 20:53:12] [cot:thought] **QA:** `npm run deploy` (ports 4184/4185) exit 0; dedicated QA passed; `out/blog/heavy-industrial-capacity-update-2026.html` present.
[2026-08-20 20:53:12] [cot:thought] **Job:** `ready`
[2026-08-20 20:53:12] [cot:system] task_notification
[2026-08-20 20:53:12] [cot:system] task_notification
[2026-08-20 20:53:12] [cot:thought] WorkerReady: heavy-industrial-capacity-update-2026 | job=job-mt2810ov-ol2lw | worker=3The shell tasks are complete. No follow-up actions are needed.
[2026-08-20 20:53:12] [cot:thought] Local build and smoke finished successfully on ports 4184/4185. The heavy-industrial-capacity update is committed and marked **ready** for merge.
[2026-08-20 20:53:12] [cot:thought] WorkerReady: heavy-industrial-capacity-update-2026 | job=job-mt2810ov-ol2lw | worker=3
[2026-08-20 20:53:12] [cot:system] result ok 847527ms ΓÇö Starting the heavy-industrial-capacity post as worker 3: checking conveyor sync, reading production rules, and marking the job researching.Reviewing the prior theme post and a recent update-post pattern to match structure.Checking a compact
