[2026-07-31 13:20:25] Worker 1 starting job job-ms97khm6-l9smd (ai-financing-research-2026) in E:\AI Projects\data-insights-blog-worktrees\worker-1 (branch post/ai-financing-research-2026-w1)
[2026-07-31 13:20:25] Resetting worktree to 61022e9bc8eecd1b18c428f7b34d1860b123d517 then checkout post/ai-financing-research-2026-w1
[2026-07-31 13:20:25] git: HEAD is now at 61022e9 merge(post): us-billion-dollar-weather-disasters-ms94skof from worker 3 (path-selective)
[2026-07-31 13:20:25] git: Removing scripts/bootstrap-worktrees.ps1
[2026-07-31 13:20:25] git: Removing scripts/claim-next-topics.mjs
[2026-07-31 13:20:25] git: Removing scripts/cursor-watchdog-loop.ps1
[2026-07-31 13:20:25] git: Removing scripts/debug-agent-transport.ps1
[2026-07-31 13:20:25] git: Removing scripts/lib/agent-jobs.mjs
[2026-07-31 13:20:25] git: Removing scripts/lib/production-ship-parser.mjs
[2026-07-31 13:20:25] git: Removing scripts/lib/viz-interaction-qa.mjs
[2026-07-31 13:20:25] git: Removing scripts/local-blog-server.mjs
[2026-07-31 13:20:25] git: Removing scripts/production-stream-server.mjs
[2026-07-31 13:20:25] git: Removing scripts/production-stream-ui.html
[2026-07-31 13:20:25] git: Removing scripts/prompts/
[2026-07-31 13:20:25] git: Removing scripts/resume-blog-automation.ps1
[2026-07-31 13:20:25] git: Removing scripts/run-blog-orchestrator.ps1
[2026-07-31 13:20:25] git: Removing scripts/run-blog-production-local.ps1
[2026-07-31 13:20:25] git: Removing scripts/run-blog-worker.ps1
[2026-07-31 13:20:25] git: Removing scripts/start-blog-automation-in-app.ps1
[2026-07-31 13:20:25] git: Removing scripts/stop-blog-automation.ps1
[2026-07-31 13:20:25] git: Removing scripts/theme-balance.ts
[2026-07-31 13:20:25] git: Removing scripts/update-agent-job.mjs
[2026-07-31 13:20:25] git: Removing scripts/watch-blog-production.ps1
[2026-07-31 13:20:25] git: HEAD is now at 61022e9 merge(post): us-billion-dollar-weather-disasters-ms94skof from worker 3 (path-selective)
[2026-07-31 13:20:25] git: Switched to and reset branch 'post/ai-financing-research-2026-w1'
[2026-07-31 13:20:29] Invoking agent for worker 1 (-p --force --trust --workspace worktree)
Connection lost, reconnecting to https://api2.cursor.sh (attempt 1)...
[2026-07-31 13:22:07] WARN: transport blip cliAttempt=1 (raw=1) elapsed=0s
Retry attempt 1...
[2026-07-31 13:22:09] WARN: transport blip cliAttempt=1 (raw=1) elapsed=2s
Connection lost, reconnecting to https://api2.cursor.sh (attempt 2)...
[2026-07-31 13:25:23] INFO: blip streak reset after quiet gap
[2026-07-31 13:25:23] WARN: transport blip cliAttempt=1 (raw=2) elapsed=0s
Retry attempt 2...
[2026-07-31 13:25:27] WARN: transport blip cliAttempt=1 (raw=2) elapsed=4s
Connection lost, reconnecting to https://api2.cursor.sh (attempt 3)...
[2026-07-31 13:26:12] WARN: transport blip cliAttempt=2 (raw=3) elapsed=49s
Retry attempt 3...
[2026-07-31 13:26:20] WARN: transport blip cliAttempt=2 (raw=3) elapsed=57s
Connection lost, reconnecting to https://api2.cursor.sh (attempt 4)...
[2026-07-31 13:26:53] WARN: transport blip cliAttempt=3 (raw=4) elapsed=90s
[2026-07-31 13:26:53] ERROR: transport unhealthy (cliAttempt=3 elapsed=90s); killing worker agent
[2026-07-31 13:26:57] Worker 1 finished (exit=75)
