[2026-08-20 23:16:57] [cot:system] session model=Auto cwd=C:\Users\ether\AppData\Local\data-insights-blog-workers\worker-5
[2026-08-20 23:16:57] [cot:user] You are a blog production WORKER in a parallel multi-agent system. ## Identity - Worker ID: 5 - Job ID: job-mt2d2aqu-dpfyy - Assigned slug: ai-financing-concentration-2026q3 - Theme ID: ai-financing -ΓÇª
[2026-08-20 23:16:57] [cot:thought] Beginning blog production as worker 5 for the ai-financing-concentration-2026q3 post.
[2026-08-20 23:16:58] [cot:thought] Reviewing the production
[2026-08-20 23:16:58] [cot:thought] rules and workspace state before building the post.I'll start by checking conveyor sync status, reading the production rules, and marking the job as researching.
[2026-08-20 23:16:58] [cot:tool] start read C:\Users\ether\AppData\Local\data-insights-blog-workers\worker-5\.cursor\rules\autonomous-blog-production.mdc
[2026-08-20 23:16:58] [cot:tool] start read C:\Users\ether\AppData\Local\data-insights-blog-workers\worker-5\artifacts\conveyor-sync.json
[2026-08-20 23:16:58] [cot:tool] start glob
[2026-08-20 23:16:58] [cot:tool] start shell $env:BLOG_REPO_ROOT='E:\AI Projects\data-insights-blog'; npx tsx "E:\AI Projects\data-insights-blog\scripts\update-agent-job.mjs" --job job-mt2d2aqu-dpfyy --status researching --activity "Phase 0: checking sync + reading production rules"
[2026-08-20 23:16:58] [cot:tool] done read ?
[2026-08-20 23:16:58] [cot:tool] done read ?
[2026-08-20 23:16:58] [cot:tool] done glob
[2026-08-20 23:16:58] [cot:tool] done shell
[2026-08-20 23:16:58] [cot:thought] Tools failed. Retrying.Retrying after a temporary service blip.
[2026-08-20 23:16:58] [cot:tool] start shell cd "C:\Users\ether\AppData\Local\data-insights-blog-workers\worker-5"; Get-Content artifacts\conveyor-sync.json -ErrorAction SilentlyContinue; git status -sb; git branch --show-current; Test-Path .cursor\rules\autonomous-blog-production.mdc; $env:BLOG_REPO_ROOT='E:\AI Projects\data-insights-blog'; npx tsx "E:\AI Projects\data-insights-blog\scripts\update-agent-job.mjs" --job job-mt2d2aqu-dpfyy --status researching --activity "Phase 0: checking sync + reading production rules"
[2026-08-20 23:16:58] [cot:tool] done shell cd "C:\Users\ether\AppData\Local\data-insights-blog-workers\worker-5"; Get-Content artifacts\conveyor-sync.json -ErrorAction SilentlyContinue; git status -sb; git branch --show-current; Test-Path .cursor\rules\autonomous-blog-production.mdc; $env:BLOG_REPO_ROOT='E:\AI Projects\data-insights-blog'; npx tsx "E:\AI Projects\data-insights-blog\scripts\update-agent-job.mjs" --job job-mt2d2aqu-dpfyy --status researching --activity "Phase 0: checking sync + reading production rules"
[2026-08-20 23:16:58] [cot:thought] The conveyor-sync.json and autonomous-blog-production.mdc files are missing from the worker workspace.
[2026-08-20 23:16:58] [cot:thought] Job update succeeded.
[2026-08-20 23:16:58] [cot:thought] Now exploring the workspace structure and searching for similar posts to use as templates.
[2026-08-20 23:16:58] [cot:tool] start shell cd "C:\Users\ether\AppData\Local\data-insights-blog-workers\worker-5"; ls artifacts 2>$null; ls .cursor\rules 2>$null; ls src\data\*financing* 2>$null; ls src\data\*concentration* 2>$null; ls src\components\visualizations | Select-Object -First 40; Get-ChildItem src\data\*-data.ts | Select-Object -ExpandProperty Name | Select-Object -First 30
[2026-08-20 23:16:58] [cot:tool] done shell cd "C:\Users\ether\AppData\Local\data-insights-blog-workers\worker-5"; ls artifacts 2>$null; ls .cursor\rules 2>$null; ls src\data\*financing* 2>$null; ls src\data\*concentration* 2>$null; ls src\components\visualizations | Select-Object -First 40; Get-ChildItem src\data\*-data.ts | Select-Object -ExpandProperty Name | Select-Object -First 30
[2026-08-20 23:16:58] [cot:thought] The data file and dashboard component already exist in the workspace. Reviewing a recent
[2026-08-20 23:16:58] [cot:thought] 2026q3 concentration post and the existing ai-financing files to draft the new versions.
[2026-08-20 23:16:58] [cot:thought] There's already a 2026 concentration post; I'll mirror the recent 2026q3 concentration pattern and build the Q3 financing version.
[2026-08-20 23:16:58] [cot:tool] start read C:\Users\ether\AppData\Local\data-insights-blog-workers\worker-5\src\data\ai-financing-concentration-2026-data.ts
[2026-08-20 23:16:58] [cot:tool] done read C:\Users\ether\AppData\Local\data-insights-blog-workers\worker-5\src\data\ai-financing-concentration-2026-data.ts
[2026-08-20 23:16:58] [cot:tool] start read C:\Users\ether\AppData\Local\data-insights-blog-workers\worker-5\src\data\ai-capex-spend-concentration-2026q3-data.ts
[2026-08-20 23:16:59] [cot:tool] done read C:\Users\ether\AppData\Local\data-insights-blog-workers\worker-5\src\data\ai-capex-spend-concentration-2026q3-data.ts
[2026-08-20 23:16:59] [cot:tool] start shell cd "C:\Users\ether\AppData\Local\data-insights-blog-workers\worker-5"; Select-String -Path src\data\posts.ts -Pattern "ai-financing-concentration|ai-capex-spend-concentration-2026q3" | Select-Object -First 20; Select-String -Path src\types\post.ts,src\components\PostVisualization.tsx -Pattern "ai-financing-concentration|AiFinancingConcentration" | Select-Object LineNumber,Line; Select-String -Path src\data\theme-registry.ts -Pattern "ai-financing" | Select-Object -First 15; ls scripts\qa-ai-financing* 2>$null; ls public\images\*financing*concentration* 2>$null; ls public\images\*capex-spend-concentration* 2>$null
[2026-08-20 23:16:59] [cot:tool] done shell cd "C:\Users\ether\AppData\Local\data-insights-blog-workers\worker-5"; Select-String -Path src\data\posts.ts -Pattern "ai-financing-concentration|ai-capex-spend-concentration-2026q3" | Select-Object -First 20; Select-String -Path src\types\post.ts,src\components\PostVisualization.tsx -Pattern "ai-financing-concentration|AiFinancingConcentration" | Select-Object LineNumber,Line; Select-String -Path src\data\theme-registry.ts -Pattern "ai-financing" | Select-Object -First 15; ls scripts\qa-ai-financing* 2>$null; ls public\images\*financing*concentration* 2>$null; ls public\images\*capex-spend-concentration* 2>$null
[2026-08-20 23:16:59] [cot:thought] I have a clear plan. I will create a Q3 vintage of the AI financing concentration post.
[2026-08-20 23:16:59] [cot:thought] Reviewing the existing
[2026-08-20 23:16:59] [cot:thought] data file, dashboard, recent Q3 post, and QA script for pattern matching. Fetching fresher 2026Q3 financing update data.
[2026-08-20 23:16:59] [cot:tool] start read C:\Users\ether\AppData\Local\data-insights-blog-workers\worker-5\src\data\ai-financing-concentration-2026-data.ts
[2026-08-20 23:16:59] [cot:tool] done read C:\Users\ether\AppData\Local\data-insights-blog-workers\worker-5\src\data\ai-financing-concentration-2026-data.ts
[2026-08-20 23:16:59] [cot:tool] start read C:\Users\ether\AppData\Local\data-insights-blog-workers\worker-5\src\data\ai-financing-update-2026q3-data.ts
[2026-08-20 23:16:59] [cot:tool] done read C:\Users\ether\AppData\Local\data-insights-blog-workers\worker-5\src\data\ai-financing-update-2026q3-data.ts
[2026-08-20 23:16:59] [cot:tool] start read C:\Users\ether\AppData\Local\data-insights-blog-workers\worker-5\src\data\posts.ts
