[2026-08-01 00:06:41] Worker 5 starting job job-ms9sfs3o-xpkey (commercial-aircraft-final-assembly-geography-2026) in E:\AI Projects\data-insights-blog-worktrees\worker-5 (branch post/commercial-aircraft-final-assembly-geography-2026-w1) [RECOVERY]
[2026-08-01 00:06:44] Releasing post/commercial-aircraft-final-assembly-geography-2026-w1 from other worktree E:/AI Projects/data-insights-blog-worktrees/worker-5 (detach -> master)
[2026-08-01 00:06:45] git: HEAD is now at 0b66a48 merge(post): migration-humanitarian-research-2026 from worker 3 (path-selective)
[2026-08-01 00:06:45] git: M	artifacts/backend-manifest.json
[2026-08-01 00:06:45] git: M	package.json
[2026-08-01 00:06:46] git: M	scripts/qa-homepage-and-fullscreen.mjs
[2026-08-01 00:06:46] git: M	scripts/smoke-test-viz-posts.mjs
[2026-08-01 00:06:46] git: M	src/data/posts.ts
[2026-08-01 00:06:46] git: M	src/data/theme-registry.ts
[2026-08-01 00:06:46] Existing post/commercial-aircraft-final-assembly-geography-2026-w1 is empty vs master - resetting from master 0b66a4802791867de514152eb05422337974e9c4
[2026-08-01 00:06:46] Resetting worktree then checkout post/commercial-aircraft-final-assembly-geography-2026-w1 at 0b66a4802791867de514152eb05422337974e9c4
[2026-08-01 00:06:49] git: HEAD is now at 0b66a48 merge(post): migration-humanitarian-research-2026 from worker 3 (path-selective)
[2026-08-01 00:06:54] git: Removing scripts/_fix-ps-encoding.mjs
[2026-08-01 00:06:55] git: Removing scripts/bootstrap-worktrees.ps1
[2026-08-01 00:06:55] git: Removing scripts/claim-next-topics.mjs
[2026-08-01 00:06:55] git: Removing scripts/claim-recovery-job.mjs
[2026-08-01 00:06:56] git: Removing scripts/clear-resolved-failures.mjs
[2026-08-01 00:06:56] git: Removing scripts/cursor-watchdog-loop.ps1
[2026-08-01 00:06:56] git: Removing scripts/debug-agent-transport.ps1
[2026-08-01 00:06:57] git: Removing scripts/lib/agent-jobs.mjs
[2026-08-01 00:06:57] git: Removing scripts/lib/production-ship-parser.mjs
[2026-08-01 00:06:57] git: Removing scripts/lib/viz-interaction-qa.mjs
[2026-08-01 00:06:58] git: Removing scripts/local-blog-server.mjs
[2026-08-01 00:06:58] git: Removing scripts/production-stream-server.mjs
[2026-08-01 00:06:59] git: Removing scripts/production-stream-ui.html
[2026-08-01 00:06:59] git: Removing scripts/prompts/
[2026-08-01 00:06:59] git: Removing scripts/prune-post-branches.mjs
[2026-08-01 00:07:00] git: Removing scripts/qa-commercial-aircraft-final-assembly-geography-2026.mjs
[2026-08-01 00:07:00] git: Removing scripts/qa-fiscal-plumbing-research-2026.mjs
[2026-08-01 00:07:00] git: Removing scripts/resolve-flagged-jobs.mjs
[2026-08-01 00:07:01] git: Removing scripts/resume-blog-automation.ps1
[2026-08-01 00:07:01] git: Removing scripts/run-blog-orchestrator.ps1
[2026-08-01 00:07:01] git: Removing scripts/run-blog-production-local.ps1
[2026-08-01 00:07:02] git: Removing scripts/run-blog-worker.ps1
[2026-08-01 00:07:02] git: Removing scripts/start-blog-automation-in-app.ps1
[2026-08-01 00:07:03] git: Removing scripts/stop-blog-automation.ps1
[2026-08-01 00:07:03] git: Removing scripts/theme-balance.ts
[2026-08-01 00:07:03] git: Removing scripts/update-agent-job.mjs
[2026-08-01 00:07:03] git: Removing scripts/watch-blog-production.ps1
[2026-08-01 00:07:03] Recovery: cleaned scripts/; keeping other untracked WIP
[2026-08-01 00:07:05] git: HEAD is now at 0b66a48 merge(post): migration-humanitarian-research-2026 from worker 3 (path-selective)
[2026-08-01 00:07:08] git: Switched to and reset branch 'post/commercial-aircraft-final-assembly-geography-2026-w1'
[2026-08-01 00:07:23] Invoking agent for worker 5 (-p --force --trust --workspace worktree)
Connection lost, reconnecting to https://api2.cursor.sh (attempt 1)...
[2026-08-01 00:09:30] WARN: transport blip cliAttempt=1 (raw=1) elapsed=0s
Retry attempt 1...
[2026-08-01 00:09:32] WARN: transport blip cliAttempt=1 (raw=1) elapsed=2s
Connection lost, reconnecting to https://api2.cursor.sh (attempt 2)...
[2026-08-01 00:10:40] WARN: transport blip cliAttempt=2 (raw=2) elapsed=70s
Retry attempt 2...
[2026-08-01 00:10:45] WARN: transport blip cliAttempt=2 (raw=2) elapsed=74s
Connection lost, reconnecting to https://api2.cursor.sh (attempt 3)...
[2026-08-01 00:14:38] INFO: blip streak reset after quiet gap
[2026-08-01 00:14:39] WARN: transport blip cliAttempt=1 (raw=3) elapsed=0s
Retry attempt 3...
[2026-08-01 00:14:47] WARN: transport blip cliAttempt=1 (raw=3) elapsed=9s
Connection lost, reconnecting to https://api2.cursor.sh (attempt 4)...
[2026-08-01 00:15:31] WARN: transport blip cliAttempt=2 (raw=4) elapsed=52s
Retry attempt 4...
[2026-08-01 00:15:50] WARN: transport blip cliAttempt=2 (raw=4) elapsed=71s
Connection lost, reconnecting to https://api2.cursor.sh (attempt 5)...
[2026-08-01 00:16:30] WARN: transport blip cliAttempt=3 (raw=5) elapsed=112s
Retry attempt 5...
[2026-08-01 00:17:05] WARN: transport blip cliAttempt=3 (raw=5) elapsed=147s
Connection lost, reconnecting to https://api2.cursor.sh (attempt 6)...
[2026-08-01 00:17:54] WARN: transport blip cliAttempt=4 (raw=6) elapsed=196s
Retry attempt 6...
[2026-08-01 00:18:59] WARN: transport blip cliAttempt=4 (raw=6) elapsed=260s
Connection lost, reconnecting to https://api2.cursor.sh (attempt 7)...
[2026-08-01 00:19:41] WARN: transport blip cliAttempt=5 (raw=7) elapsed=303s
Retry attempt 7...
[2026-08-01 00:20:50] WARN: transport blip cliAttempt=5 (raw=7) elapsed=371s
Connection lost, reconnecting to https://api2.cursor.sh (attempt 8)...
[2026-08-01 00:21:25] WARN: transport blip cliAttempt=6 (raw=8) elapsed=406s
Retry attempt 8...
[2026-08-01 00:22:33] WARN: transport blip cliAttempt=6 (raw=8) elapsed=474s
Connection lost, reconnecting to https://api2.cursor.sh (attempt 9)...
[2026-08-01 00:25:08] INFO: blip streak reset after quiet gap
[2026-08-01 00:25:08] WARN: transport blip cliAttempt=1 (raw=9) elapsed=0s
Retry attempt 9...
[2026-08-01 00:26:12] WARN: transport blip cliAttempt=1 (raw=9) elapsed=65s
Connection lost, reconnecting to https://api2.cursor.sh (attempt 10)...
[2026-08-01 00:31:08] INFO: blip streak reset after quiet gap
[2026-08-01 00:31:09] WARN: transport blip cliAttempt=1 (raw=10) elapsed=0s
Retry attempt 10...
[2026-08-01 00:32:14] WARN: transport blip cliAttempt=1 (raw=10) elapsed=66s
RetriableError: Connection failed repeatedly
[2026-08-01 00:40:11] git: HEAD is now at 0b66a48 merge(post): migration-humanitarian-research-2026 from worker 3 (path-selective)
[2026-08-01 00:40:13] Deleting post branch post/commercial-aircraft-final-assembly-geography-2026-w1 (status=failed ahead=0)
[2026-08-01 00:40:14] git: Deleted branch post/commercial-aircraft-final-assembly-geography-2026-w1 (was 0b66a48).
[2026-08-01 00:40:14] Worker 5 finished (exit=1)
