[2026-08-20 21:14:56] [cot:system] session model=Auto cwd=C:\Users\ether\AppData\Local\data-insights-blog-workers\worker-1
[2026-08-20 21:14:57] [cot:user] You are a blog production WORKER in a parallel multi-agent system. ## Identity - Worker ID: 1 - Job ID: job-mt28outq-ijl20 - Assigned slug: chokepoint-commodities-concentration-2026 - Theme ID: chokepΓÇª
[2026-08-20 21:14:57] [cot:thought] Beginning blog production as worker 1 for the chokepoint commodities concentration post.
[2026-08-20 21:14:57] [cot:thought] Reviewing the production
[2026-08-20 21:14:57] [cot:thought] rules and checking the worktree state before starting phase 1.Starting the chokepoint-commodities post as worker 1: checking conveyor sync and production rules, then moving into the data-module phase.
[2026-08-20 21:14:57] [cot:tool] start read C:\Users\ether\AppData\Local\data-insights-blog-workers\worker-1\.cursor\rules\autonomous-blog-production.mdc
[2026-08-20 21:14:58] [cot:tool] done read ?
[2026-08-20 21:14:58] [cot:tool] start read C:\Users\ether\AppData\Local\data-insights-blog-workers\worker-1\artifacts\conveyor-sync.json
[2026-08-20 21:14:58] [cot:tool] done read ?
[2026-08-20 21:14:58] [cot:tool] start glob
[2026-08-20 21:14:59] [cot:tool] start shell $env:BLOG_REPO_ROOT='E:\AI Projects\data-insights-blog'; npx tsx 'E:\AI Projects\data-insights-blog\scripts\update-agent-job.mjs' --job job-mt28outq-ijl20 --status researching --activity 'Phase 1: checking sync + reading production rules'
[2026-08-20 21:14:59] [cot:tool] done glob
[2026-08-20 21:14:59] [cot:tool] done shell $env:BLOG_REPO_ROOT='E:\AI Projects\data-insights-blog'; npx tsx 'E:\AI Projects\data-insights-blog\scripts\update-agent-job.mjs' --job job-mt28outq-ijl20 --status researching --activity 'Phase 1: checking sync + reading production rules'
[2026-08-20 21:14:59] [cot:thought] Existing chokepoint commodities content is already present. Reviewing autonomous
[2026-08-20 21:14:59] [cot:thought] blog production rules and existing post patterns.
[2026-08-20 21:14:59] [cot:tool] start glob
[2026-08-20 21:14:59] [cot:tool] done glob
[2026-08-20 21:14:59] [cot:tool] start shell if (Test-Path artifacts) { Get-ChildItem artifacts } else { Write-Output 'no artifacts' }; git status -sb; git branch --show-current; ls src/data/*concentration* 2>$null; ls src/data/*chokepoint*
[2026-08-20 21:15:00] [cot:tool] start grep C:\Users\ether\AppData\Local\data-insights-blog-workers\worker-1\src
[2026-08-20 21:15:00] [cot:tool] start read C:\Users\ether\AppData\Local\data-insights-blog-workers\worker-1\src\data\chokepoint-commodities-research-2026-data.ts
[2026-08-20 21:15:01] [cot:tool] done read C:\Users\ether\AppData\Local\data-insights-blog-workers\worker-1\src\data\chokepoint-commodities-research-2026-data.ts
[2026-08-20 21:15:01] [cot:tool] done grep C:\Users\ether\AppData\Local\data-insights-blog-workers\worker-1\src
[2026-08-20 21:15:01] [cot:tool] done shell if (Test-Path artifacts) { Get-ChildItem artifacts } else { Write-Output 'no artifacts' }; git status -sb; git branch --show-current; ls src/data/*concentration* 2>$null; ls src/data/*chokepoint*
[2026-08-20 21:15:01] [cot:thought] Research data for chokepoint commodities is already available. Reviewing existing
[2026-08-20 21:15:01] [cot:thought] concentration post patterns and the research dashboard. Checking posts.ts registration and PostVisualization components.
[2026-08-20 21:15:01] [cot:thought] Existing chokepoint research data looks solid. Pulling a concentration-post template and registration patterns next.
[2026-08-20 21:15:01] [cot:tool] start read C:\Users\ether\AppData\Local\data-insights-blog-workers\worker-1\src\data\industrial-robotics-concentration-2026-data.ts
[2026-08-20 21:15:01] [cot:tool] start grep C:\Users\ether\AppData\Local\data-insights-blog-workers\worker-1\src
[2026-08-20 21:15:02] [cot:tool] start glob
[2026-08-20 21:15:02] [cot:tool] start read C:\Users\ether\AppData\Local\data-insights-blog-workers\worker-1\artifacts\backend-manifest.json
[2026-08-20 21:15:02] [cot:tool] done read C:\Users\ether\AppData\Local\data-insights-blog-workers\worker-1\src\data\industrial-robotics-concentration-2026-data.ts
[2026-08-20 21:15:02] [cot:tool] done read C:\Users\ether\AppData\Local\data-insights-blog-workers\worker-1\artifacts\backend-manifest.json
[2026-08-20 21:15:02] [cot:tool] done glob
[2026-08-20 21:15:02] [cot:tool] done grep C:\Users\ether\AppData\Local\data-insights-blog-workers\worker-1\src
[2026-08-20 21:15:02] [cot:tool] start shell Get-ChildItem .cursor/rules -ErrorAction SilentlyContinue | Select-Object Name; Get-ChildItem 'E:\AI Projects\data-insights-blog\.cursor\rules' -ErrorAction SilentlyContinue | Select-Object Name | Select-Object -First 20
[2026-08-20 21:15:03] [cot:tool] done shell Get-ChildItem .cursor/rules -ErrorAction SilentlyContinue | Select-Object Name; Get-ChildItem 'E:\AI Projects\data-insights-blog\.cursor\rules' -ErrorAction SilentlyContinue | Select-Object Name | Select-Object -First 20
[2026-08-20 21:15:03] [cot:thought] Reviewing research data and a concentration dashboard for patterns. Examining post structure
[2026-08-20 21:15:03] [cot:thought] for concentration posts and smoke-testing markers.
[2026-08-20 21:15:03] [cot:tool] start read C:\Users\ether\AppData\Local\data-insights-blog-workers\worker-1\src\data\chokepoint-commodities-research-2026-data.ts
[2026-08-20 21:15:03] [cot:tool] done read C:\Users\ether\AppData\Local\data-insights-blog-workers\worker-1\src\data\chokepoint-commodities-research-2026-data.ts
[2026-08-20 21:15:03] [cot:tool] start read C:\Users\ether\AppData\Local\data-insights-blog-workers\worker-1\src\components\visualizations\IndustrialRoboticsConcentrationDashboard.tsx
[2026-08-20 21:15:03] [cot:tool] done read C:\Users\ether\AppData\Local\data-insights-blog-workers\worker-1\src\components\visualizations\IndustrialRoboticsConcentrationDashboard.tsx
[2026-08-20 21:15:03] [cot:tool] start read C:\Users\ether\AppData\Local\data-insights-blog-workers\worker-1\src\data\posts.ts
[2026-08-20 21:15:04] [cot:tool] done read C:\Users\ether\AppData\Local\data-insights-blog-workers\worker-1\src\data\posts.ts
[2026-08-20 21:15:04] [cot:tool] start grep C:\Users\ether\AppData\Local\data-insights-blog-workers\worker-1\scripts
[2026-08-20 21:15:04] [cot:tool] start read C:\Users\ether\AppData\Local\data-insights-blog-workers\worker-1\scripts\qa-industrial-robotics-concentration-2026.mjs
[2026-08-20 21:15:04] [cot:tool] done read C:\Users\ether\AppData\Local\data-insights-blog-workers\worker-1\scripts\qa-industrial-robotics-concentration-2026.mjs
[2026-08-20 21:15:04] [cot:tool] done grep C:\Users\ether\AppData\Local\data-insights-blog-workers\worker-1\scripts
[2026-08-20 21:15:04] [cot:thought] The post will center on Top-1 and Top-3 commodity shares. This distinguishes it from the full ledger research post and vintage delta update posts.
[2026-08-20 21:15:04] [cot:thought] Reviewing research
[2026-08-20 21:15:04] [cot:thought] data for summary statistics and helpers. Checking smoke-test registration patterns. Examining PostVisualization and post.ts for new visualization type integration.
[2026-08-20 21:15:04] [cot:tool] start read C:\Users\ether\AppData\Local\data-insights-blog-workers\worker-1\src\data\chokepoint-commodities-research-2026-data.ts
[2026-08-20 21:15:05] [cot:tool] done read C:\Users\ether\AppData\Local\data-insights-blog-workers\worker-1\src\data\chokepoint-commodities-research-2026-data.ts
[2026-08-20 21:15:05] [cot:tool] start grep C:\Users\ether\AppData\Local\data-insights-blog-workers\worker-1\scripts\smoke-test-viz-posts.mjs
[2026-08-20 21:15:05] [cot:tool] done grep C:\Users\ether\AppData\Local\data-insights-blog-workers\worker-1\scripts\smoke-test-viz-posts.mjs
[2026-08-20 21:15:05] [cot:tool] start read C:\Users\ether\AppData\Local\data-insights-blog-workers\worker-1\src\types\post.ts
[2026-08-20 21:15:05] [cot:tool] done read C:\Users\ether\AppData\Local\data-insights-blog-workers\worker-1\src\types\post.ts
[2026-08-20 21:15:05] [cot:tool] start read C:\Users\ether\AppData\Local\data-insights-blog-workers\worker-1\src\components\PostVisualization.tsx
[2026-08-20 21:15:06] [cot:tool] start read C:\Users\ether\AppData\Local\data-insights-blog-workers\worker-1\src\components\visualizations\ChokepointCommoditiesResearchDashboard.tsx
[2026-08-20 21:15:06] [cot:tool] done read C:\Users\ether\AppData\Local\data-insights-blog-workers\worker-1\src\components\PostVisualization.tsx
[2026-08-20 21:15:06] [cot:tool] done read C:\Users\ether\AppData\Local\data-insights-blog-workers\worker-1\src\components\visualizations\ChokepointCommoditiesResearchDashboard.tsx
[2026-08-20 21:15:06] [cot:thought] The concentration post will distinguish itself from the research piece by focusing specifically on Top-1/Top-3 share distribution. Key tools include Lorenz curves, concentration ladders, and HHI bands.
[2026-08-20 21:15:06] [cot:thought] A dedicated data module
[2026-08-20 21:15:06] [cot:thought] will reframe commodity concentration metrics such as stage flip deltas. Phase 1 commits this module. Smoke test entry format and the post.ts visualization union also need verification.
[2026-08-20 21:15:06] [cot:thought] Building the concentration-focused data module next, then committing phase 1.
[2026-08-20 21:15:06] [cot:tool] start read C:\Users\ether\AppData\Local\data-insights-blog-workers\worker-1\src\types\post.ts
[2026-08-20 21:15:07] [cot:tool] done read C:\Users\ether\AppData\Local\data-insights-blog-workers\worker-1\src\types\post.ts
[2026-08-20 21:15:07] [cot:tool] start read C:\Users\ether\AppData\Local\data-insights-blog-workers\worker-1\scripts\smoke-test-viz-posts.mjs
[2026-08-20 21:15:07] [cot:tool] done read C:\Users\ether\AppData\Local\data-insights-blog-workers\worker-1\scripts\smoke-test-viz-posts.mjs
[2026-08-20 21:15:07] [cot:tool] start read C:\Users\ether\AppData\Local\data-insights-blog-workers\worker-1\src\components\PostVisualization.tsx
[2026-08-20 21:15:07] [cot:tool] done read C:\Users\ether\AppData\Local\data-insights-blog-workers\worker-1\src\components\PostVisualization.tsx
[2026-08-20 21:15:07] [cot:tool] start grep C:\Users\ether\AppData\Local\data-insights-blog-workers\worker-1\src\components\PostVisualization.tsx
[2026-08-20 21:15:07] [cot:tool] start shell $env:BLOG_REPO_ROOT='E:\AI Projects\data-insights-blog'; npx tsx 'E:\AI Projects\data-insights-blog\scripts\update-agent-job.mjs' --job job-mt28outq-ijl20 --status building --activity 'Phase 1: writing concentration data module'
[2026-08-20 21:15:08] [cot:tool] done grep C:\Users\ether\AppData\Local\data-insights-blog-workers\worker-1\src\components\PostVisualization.tsx
[2026-08-20 21:15:08] [cot:tool] done shell $env:BLOG_REPO_ROOT='E:\AI Projects\data-insights-blog'; npx tsx 'E:\AI Projects\data-insights-blog\scripts\update-agent-job.mjs' --job job-mt28outq-ijl20 --status building --activity 'Phase 1: writing concentration data module'
[2026-08-20 21:15:08] [cot:thought] Creating the data module for the concentration post. Analyzing top-1 and
[2026-08-20 21:15:08] [cot:thought] top-3 share distributions across chokepoint commodities. Key findings include 20 commodities, 12 led by China, 8 stages above 70% top-1, and 98% market share for gallium. Metrics will feed into Lorenz curves, HHI bands, stage flips, and producer concentration.
[2026-08-20 21:15:08] [cot:thought] Top-1 market shares
[2026-08-20 21:15:08] [cot:thought] span 23% to 98%. The median top-1 share is 65%, calculated from the sorted list of 20 commodities.
[2026-08-20 21:15:08] [cot:tool] start edit C:\Users\ether\AppData\Local\data-insights-blog-workers\worker-1\src\data\chokepoint-commodities-concentration-2026-data.ts
[2026-08-20 21:15:08] [cot:tool] done edit C:\Users\ether\AppData\Local\data-insights-blog-workers\worker-1\src\data\chokepoint-commodities-concentration-2026-data.ts
[2026-08-20 21:15:08] [cot:thought] Data module is complete. Committing phase 1 and proceeding to the dashboard.
[2026-08-20 21:15:08] [cot:tool] start shell git add -A; git commit --trailer "Co-authored-by: Cursor <cursoragent@cursor.com>" -m "wip(chokepoint-commodities-concentration-2026): data module"; $env:BLOG_REPO_ROOT='E:\AI Projects\data-insights-blog'; npx tsx 'E:\AI Projects\data-insights-blog\scripts\update-agent-job.mjs' --job job-mt28outq-ijl20 --status building --activity 'Phase 2: building concentration dashboard + viz wireup'
[2026-08-20 21:15:08] [cot:tool] done shell git add -A; git commit --trailer "Co-authored-by: Cursor <cursoragent@cursor.com>" -m "wip(chokepoint-commodities-concentration-2026): data module"; $env:BLOG_REPO_ROOT='E:\AI Projects\data-insights-blog'; npx tsx 'E:\AI Projects\data-insights-blog\scripts\update-agent-job.mjs' --job job-mt28outq-ijl20 --status building --activity 'Phase 2: building concentration dashboard + viz wireup'
[2026-08-20 21:15:08] [cot:thought] Building the dashboard now. The design will include at least three chart types. The dashboard will
[2026-08-20 21:15:08] [cot:thought] contain seven panels and four interactive controls. It includes a Lorenz concentration curve, ranked commodity bars, a mine-to-midstream slope, an HHI band chart, a producer scoreboard, a Reliance scatter plot, and sector exposure.
[2026-08-20 21:15:08] [cot:thought] Controls will toggle views, select metrics, and filter by stage and sector. Now reviewing the lazy import pattern at the end of the visualization file.
[2026-08-20 21:15:08] [cot:thought] Building the dashboard and wiring it into the viz registry.
[2026-08-20 21:15:08] [cot:tool] start read C:\Users\ether\AppData\Local\data-insights-blog-workers\worker-1\src\components\PostVisualization.tsx
[2026-08-20 21:15:09] [cot:tool] done read C:\Users\ether\AppData\Local\data-insights-blog-workers\worker-1\src\components\PostVisualization.tsx
[2026-08-20 21:15:09] [cot:tool] start grep C:\Users\ether\AppData\Local\data-insights-blog-workers\worker-1\src\components\PostVisualization.tsx
[2026-08-20 21:15:09] [cot:tool] start read C:\Users\ether\AppData\Local\data-insights-blog-workers\worker-1\src\components\PostVisualization.tsx
[2026-08-20 21:15:09] [cot:tool] done read C:\Users\ether\AppData\Local\data-insights-blog-workers\worker-1\src\components\PostVisualization.tsx
[2026-08-20 21:15:09] [cot:tool] done grep C:\Users\ether\AppData\Local\data-insights-blog-workers\worker-1\src\components\PostVisualization.tsx
[2026-08-20 21:15:09] [cot:thought] I will create the dashboard and wire it up.
[2026-08-20 21:15:09] [cot:tool] start edit C:\Users\ether\AppData\Local\data-insights-blog-workers\worker-1\src\components\visualizations\ChokepointCommoditiesConcentrationDashboard.tsx
[2026-08-20 21:15:09] [cot:tool] done edit C:\Users\ether\AppData\Local\data-insights-blog-workers\worker-1\src\components\visualizations\ChokepointCommoditiesConcentrationDashboard.tsx
[2026-08-20 21:15:09] [cot:thought] Wiring up post.ts types, PostVisualization, and theme registry.
[2026-08-20 21:15:09] [cot:tool] start edit C:\Users\ether\AppData\Local\data-insights-blog-workers\worker-1\src\types\post.ts
[2026-08-20 21:15:10] [cot:tool] done edit
[2026-08-20 21:15:10] [cot:tool] start edit C:\Users\ether\AppData\Local\data-insights-blog-workers\worker-1\src\components\PostVisualization.tsx
[2026-08-20 21:15:13] [cot:tool] start read C:\Users\ether\AppData\Local\data-insights-blog-workers\worker-1\src\components\PostVisualization.tsx
[2026-08-20 21:15:13] [cot:tool] done read C:\Users\ether\AppData\Local\data-insights-blog-workers\worker-1\src\components\PostVisualization.tsx
[2026-08-20 21:15:13] [cot:tool] start read C:\Users\ether\AppData\Local\data-insights-blog-workers\worker-1\src\data\theme-registry.ts
[2026-08-20 21:15:13] [cot:tool] done read C:\Users\ether\AppData\Local\data-insights-blog-workers\worker-1\src\data\theme-registry.ts
[2026-08-20 21:15:13] [cot:tool] done edit C:\Users\ether\AppData\Local\data-insights-blog-workers\worker-1\src\components\PostVisualization.tsx
[2026-08-20 21:15:14] [cot:thought] The post.ts file now references the fiscal-industrial-policy-concentration-2026 slug.
[2026-08-20 21:15:14] [cot:thought] Checking whether the
[2026-08-20 21:15:14] [cot:thought] PostVisualization edit accidentally removed the ssr/loading options from the Geopolitics dynamic import.
[2026-08-20 21:15:14] [cot:thought] Fixing registration after the types file shifted; checking PostVisualization for a broken import.
[2026-08-20 21:15:14] [cot:tool] start read C:\Users\ether\AppData\Local\data-insights-blog-workers\worker-1\src\types\post.ts
[2026-08-20 21:15:14] [cot:tool] done read C:\Users\ether\AppData\Local\data-insights-blog-workers\worker-1\src\types\post.ts
[2026-08-20 21:15:14] [cot:tool] start read C:\Users\ether\AppData\Local\data-insights-blog-workers\worker-1\src\components\PostVisualization.tsx
[2026-08-20 21:15:14] [cot:tool] done read C:\Users\ether\AppData\Local\data-insights-blog-workers\worker-1\src\components\PostVisualization.tsx
[2026-08-20 21:15:14] [cot:tool] start grep C:\Users\ether\AppData\Local\data-insights-blog-workers\worker-1\src\components\PostVisualization.tsx
[2026-08-20 21:15:14] [cot:tool] done grep C:\Users\ether\AppData\Local\data-insights-blog-workers\worker-1\src\components\PostVisualization.tsx
[2026-08-20 21:15:14] [cot:tool] start grep C:\Users\ether\AppData\Local\data-insights-blog-workers\worker-1\src\data\theme-registry.ts
[2026-08-20 21:15:15] [cot:tool] done grep C:\Users\ether\AppData\Local\data-insights-blog-workers\worker-1\src\data\theme-registry.ts
[2026-08-20 21:15:15] [cot:thought] Fixing the Geopolitics dynamic import to restore SSR and loading behavior. Adding a type to post.ts.
[2026-08-20 21:15:15] [cot:thought] Inserting a render branch before the null return. Registering the theme.
[2026-08-20 21:15:15] [cot:tool] start edit C:\Users\ether\AppData\Local\data-insights-blog-workers\worker-1\src\types\post.ts
[2026-08-20 21:15:15] [cot:tool] done edit C:\Users\ether\AppData\Local\data-insights-blog-workers\worker-1\src\types\post.ts
[2026-08-20 21:15:15] [cot:tool] start edit C:\Users\ether\AppData\Local\data-insights-blog-workers\worker-1\src\components\PostVisualization.tsx
[2026-08-20 21:15:16] [cot:tool] done edit C:\Users\ether\AppData\Local\data-insights-blog-workers\worker-1\src\components\PostVisualization.tsx
[2026-08-20 21:15:16] [cot:tool] start read C:\Users\ether\AppData\Local\data-insights-blog-workers\worker-1\src\components\PostVisualization.tsx
[2026-08-20 21:15:16] [cot:tool] start edit C:\Users\ether\AppData\Local\data-insights-blog-workers\worker-1\src\data\theme-registry.ts
[2026-08-20 21:15:16] [cot:tool] done read C:\Users\ether\AppData\Local\data-insights-blog-workers\worker-1\src\components\PostVisualization.tsx
[2026-08-20 21:15:16] [cot:tool] done edit C:\Users\ether\AppData\Local\data-insights-blog-workers\worker-1\src\data\theme-registry.ts
[2026-08-20 21:15:16] [cot:thought] The chokepoint concentration dashboard render branch needs to be added before the null return.
[2026-08-20 21:15:16] [cot:tool] start edit C:\Users\ether\AppData\Local\data-insights-blog-workers\worker-1\src\components\PostVisualization.tsx
[2026-08-20 21:15:17] [cot:tool] start shell git add -A; git commit --trailer "Co-authored-by: Cursor <cursoragent@cursor.com>" -m "wip(chokepoint-commodities-concentration-2026): dashboard + viz wireup"; $env:BLOG_REPO_ROOT='E:\AI Projects\data-insights-blog'; npx tsx 'E:\AI Projects\data-insights-blog\scripts\update-agent-job.mjs' --job job-mt28outq-ijl20 --status building --activity 'Phase 3: post prose + hero image'
[2026-08-20 21:15:17] [cot:tool] done edit C:\Users\ether\AppData\Local\data-insights-blog-workers\worker-1\src\components\PostVisualization.tsx
[2026-08-20 21:15:17] [cot:tool] done shell git add -A; git commit --trailer "Co-authored-by: Cursor <cursoragent@cursor.com>" -m "wip(chokepoint-commodities-concentration-2026): dashboard + viz wireup"; $env:BLOG_REPO_ROOT='E:\AI Projects\data-insights-blog'; npx tsx 'E:\AI Projects\data-insights-blog\scripts\update-agent-job.mjs' --job job-mt28outq-ijl20 --status building --activity 'Phase 3: post prose + hero image'
[2026-08-20 21:15:17] [cot:thought] Proceeding to Phase 3: drafting the post prose and hero section. Planning to generate
[2026-08-20 21:15:17] [cot:thought] the hero image, populate the posts entry with the required word count and structural elements, and update the backend manifest. Checking posts.ts insertion points and existing internal-linking patterns.
[2026-08-20 21:15:17] [cot:thought] Generating the hero and drafting the post entry next.
[2026-08-20 21:15:17] [cot:tool] start generateImage
[2026-08-20 21:15:18] [cot:tool] start read C:\Users\ether\AppData\Local\data-insights-blog-workers\worker-1\src\data\posts.ts
[2026-08-20 21:15:18] [cot:tool] start read C:\Users\ether\AppData\Local\data-insights-blog-workers\worker-1\src\data\posts.ts
[2026-08-20 21:15:18] [cot:tool] done read C:\Users\ether\AppData\Local\data-insights-blog-workers\worker-1\src\data\posts.ts
[2026-08-20 21:15:18] [cot:tool] done read C:\Users\ether\AppData\Local\data-insights-blog-workers\worker-1\src\data\posts.ts
[2026-08-20 21:15:18] [cot:tool] done generateImage
[2026-08-20 21:15:19] [cot:thought] Copying the hero image to public/images/ and writing the post content. Moving the image and
[2026-08-20 21:15:19] [cot:thought] inserting the post at the top of samplePosts.
[2026-08-20 21:15:19] [cot:tool] start shell Copy-Item "C:\Users\ether\.cursor\projects\C-Users-ether-AppData-Local-data-insights-blog-workers-worker-1\assets\global-systems-chokepoint-commodities-concentration-2026-hero.png" -Destination "C:\Users\ether\AppData\Local\data-insights-blog-workers\worker-1\public\images\global-systems-chokepoint-commodities-concentration-2026-hero.png" -Force; Test-Path "public\images\global-systems-chokepoint-commodities-concentration-2026-hero.png"
[2026-08-20 21:15:19] [cot:tool] done shell Copy-Item "C:\Users\ether\.cursor\projects\C-Users-ether-AppData-Local-data-insights-blog-workers-worker-1\assets\global-systems-chokepoint-commodities-concentration-2026-hero.png" -Destination "C:\Users\ether\AppData\Local\data-insights-blog-workers\worker-1\public\images\global-systems-chokepoint-commodities-concentration-2026-hero.png" -Force; Test-Path "public\images\global-systems-chokepoint-commodities-concentration-2026-hero.png"
[2026-08-20 21:15:19] [cot:thought] Drafting the post now. The content must reach 1200 words, include six H2 sections, a caveat, a table, and two internal links.
[2026-08-20 21:15:19] [cot:thought] Inserting the new
[2026-08-20 21:15:19] [cot:thought] post entry at the beginning of the samplePosts array.
[2026-08-20 21:15:19] [cot:tool] start edit C:\Users\ether\AppData\Local\data-insights-blog-workers\worker-1\src\data\posts.ts
[2026-08-20 21:15:19] [cot:tool] done edit C:\Users\ether\AppData\Local\data-insights-blog-workers\worker-1\src\data\posts.ts
[2026-08-20 21:15:19] [cot:thought] Verifying that median top1 and extreme top3 counts align with the data. Median top1 concentration
[2026-08-20 21:15:19] [cot:thought] is 65. Thirteen commodities exceed the 85 threshold for the extreme top3 group.
[2026-08-20 21:15:19] [cot:thought] Fifteen HHI values
[2026-08-20 21:15:19] [cot:thought] meet the 2500 threshold. The prose table incorrectly
[2026-08-20 21:15:20] [cot:thought] states fourteen HHI stages instead of fifteen. This needs correction to match the computed value. Midstream median concentration is seventy-six.
[2026-08-20 21:15:20] [cot:thought] Mine median concentration
[2026-08-20 21:15:20] [cot:thought] is fifty. Twelve Chinese commodity stages were identified.
[2026-08-20 21:15:20] [cot:tool] start edit C:\Users\ether\AppData\Local\data-insights-blog-workers\worker-1\src\data\posts.ts
[2026-08-20 21:15:20] [cot:tool] done edit C:\Users\ether\AppData\Local\data-insights-blog-workers\worker-1\src\data\posts.ts
[2026-08-20 21:15:20] [cot:tool] start edit C:\Users\ether\AppData\Local\data-insights-blog-workers\worker-1\src\data\posts.ts
[2026-08-20 21:15:20] [cot:tool] done edit C:\Users\ether\AppData\Local\data-insights-blog-workers\worker-1\src\data\posts.ts
[2026-08-20 21:15:20] [cot:tool] start edit C:\Users\ether\AppData\Local\data-insights-blog-workers\worker-1\artifacts\backend-manifest.json
[2026-08-20 21:15:21] [cot:tool] start shell git add -A; git commit --trailer "Co-authored-by: Cursor <cursoragent@cursor.com>" -m "wip(chokepoint-commodities-concentration-2026): post prose + hero"; $env:BLOG_REPO_ROOT='E:\AI Projects\data-insights-blog'; npx tsx 'E:\AI Projects\data-insights-blog\scripts\update-agent-job.mjs' --job job-mt28outq-ijl20 --status building --activity 'Phase 4: QA script + smoke marker'
[2026-08-20 21:15:21] [cot:tool] done edit C:\Users\ether\AppData\Local\data-insights-blog-workers\worker-1\artifacts\backend-manifest.json
[2026-08-20 21:15:21] [cot:tool] done shell git add -A; git commit --trailer "Co-authored-by: Cursor <cursoragent@cursor.com>" -m "wip(chokepoint-commodities-concentration-2026): post prose + hero"; $env:BLOG_REPO_ROOT='E:\AI Projects\data-insights-blog'; npx tsx 'E:\AI Projects\data-insights-blog\scripts\update-agent-job.mjs' --job job-mt28outq-ijl20 --status building --activity 'Phase 4: QA script + smoke marker'
[2026-08-20 21:15:21] [cot:thought] The posts.ts commit diff is massive, suggesting line endings or formatting changes rather than actual content edits.
[2026-08-20 21:15:21] [cot:thought] Proceeding with QA
[2026-08-20 21:15:21] [cot:thought] and smoke checks. Need to verify posts.ts structure and ensure fiscal-industrial post content was not truncated.
[2026-08-20 21:15:21] [cot:thought] Verifying the posts.ts edit didn't break the fiscal-industrial entry, then adding the QA script and smoke marker.
[2026-08-20 21:15:21] [cot:tool] start read C:\Users\ether\AppData\Local\data-insights-blog-workers\worker-1\src\data\posts.ts
[2026-08-20 21:15:21] [cot:tool] done read C:\Users\ether\AppData\Local\data-insights-blog-workers\worker-1\src\data\posts.ts
[2026-08-20 21:15:21] [cot:tool] start read C:\Users\ether\AppData\Local\data-insights-blog-workers\worker-1\scripts\qa-industrial-robotics-concentration-2026.mjs
[2026-08-20 21:15:22] [cot:tool] start read C:\Users\ether\AppData\Local\data-insights-blog-workers\worker-1\scripts\smoke-test-viz-posts.mjs
[2026-08-20 21:15:22] [cot:tool] done read C:\Users\ether\AppData\Local\data-insights-blog-workers\worker-1\scripts\qa-industrial-robotics-concentration-2026.mjs
[2026-08-20 21:15:22] [cot:tool] done read C:\Users\ether\AppData\Local\data-insights-blog-workers\worker-1\scripts\smoke-test-viz-posts.mjs
[2026-08-20 21:15:22] [cot:thought] The fiscal post file appears intact. Writing the QA script
[2026-08-20 21:15:22] [cot:thought] and adding a smoke marker at the top of the POSTS array.
[2026-08-20 21:15:22] [cot:tool] start edit C:\Users\ether\AppData\Local\data-insights-blog-workers\worker-1\scripts\qa-chokepoint-commodities-concentration-2026.mjs
[2026-08-20 21:15:23] [cot:tool] done edit C:\Users\ether\AppData\Local\data-insights-blog-workers\worker-1\scripts\qa-chokepoint-commodities-concentration-2026.mjs
[2026-08-20 21:15:23] [cot:tool] start edit C:\Users\ether\AppData\Local\data-insights-blog-workers\worker-1\scripts\smoke-test-viz-posts.mjs
[2026-08-20 21:15:23] [cot:tool] start grep C:\Users\ether\AppData\Local\data-insights-blog-workers\worker-1\package.json
[2026-08-20 21:15:23] [cot:tool] done grep C:\Users\ether\AppData\Local\data-insights-blog-workers\worker-1\package.json
[2026-08-20 21:15:23] [cot:tool] done edit C:\Users\ether\AppData\Local\data-insights-blog-workers\worker-1\scripts\smoke-test-viz-posts.mjs
[2026-08-20 21:15:23] [cot:thought] The smoke test pulls from the POSTS array. Committing QA changes
[2026-08-20 21:15:23] [cot:thought] and deploying to ports 4180/4181. The homepage should auto-pick up the new post from posts.ts.
[2026-08-20 21:15:24] [cot:thought] The QA script uses `.first()` to avoid ambiguous "All" button matches. Confirmed the Area import is properly used in the Lorenz chart.
[2026-08-20 21:15:24] [cot:tool] start shell git add -A; git commit --trailer "Co-authored-by: Cursor <cursoragent@cursor.com>" -m "wip(chokepoint-commodities-concentration-2026): qa + smoke"; $env:BLOG_REPO_ROOT='E:\AI Projects\data-insights-blog'; npx tsx 'E:\AI Projects\data-insights-blog\scripts\update-agent-job.mjs' --job job-mt28outq-ijl20 --status qa --activity 'Phase 5: npm run deploy (SMOKE_PORT=4180)'
[2026-08-20 21:15:24] [cot:tool] done shell git add -A; git commit --trailer "Co-authored-by: Cursor <cursoragent@cursor.com>" -m "wip(chokepoint-commodities-concentration-2026): qa + smoke"; $env:BLOG_REPO_ROOT='E:\AI Projects\data-insights-blog'; npx tsx 'E:\AI Projects\data-insights-blog\scripts\update-agent-job.mjs' --job job-mt28outq-ijl20 --status qa --activity 'Phase 5: npm run deploy (SMOKE_PORT=4180)'
[2026-08-20 21:15:24] [cot:thought] Running npm run deploy with smoke ports 4180 and 4181. The deployment will
[2026-08-20 21:15:24] [cot:thought] take a while.
[2026-08-20 21:15:24] [cot:tool] start shell $env:SMOKE_PORT='4180'; $env:SMOKE_QA_PORT='4181'; npm run deploy
[2026-08-20 21:15:24] [cot:tool] done shell $env:SMOKE_PORT='4180'; $env:SMOKE_QA_PORT='4181'; npm run deploy
[2026-08-20 21:15:24] [cot:thought] Deployment passed. Verifying the generated HTML file exists. Proceeding to finalize
[2026-08-20 21:15:24] [cot:thought] the commit, mark the job ready, print the WorkerReady status, and exit. A quick QA pass is also being considered.
[2026-08-20 21:15:24] [cot:thought] Deploy passed. Final commit and marking the job ready.
[2026-08-20 21:15:24] [cot:tool] start shell Test-Path 'out/blog/chokepoint-commodities-concentration-2026/index.html'; Test-Path 'out/blog/chokepoint-commodities-concentration-2026.html'; git add -A; git status -sb; git diff --cached --stat
[2026-08-20 21:15:25] [cot:tool] done shell Test-Path 'out/blog/chokepoint-commodities-concentration-2026/index.html'; Test-Path 'out/blog/chokepoint-commodities-concentration-2026.html'; git add -A; git status -sb; git diff --cached --stat
[2026-08-20 21:15:25] [cot:thought] The HTML file is confirmed present at the expected output path. No uncommitted changes
[2026-08-20 21:15:25] [cot:thought] remain. I am deciding between amending the last WIP commit to a final feat message or making a small touch to trigger a new commit.
[2026-08-20 21:15:25] [cot:thought] Empty commits are
[2026-08-20 21:15:25] [cot:thought] forbidden. A tiny meaningful update will be added to trigger the final commit. Amending the last
[2026-08-20 21:15:25] [cot:thought] WIP commit to the final feat message is explicitly permitted under the worker brief for local-only branches. I will verify git status and remote ahead count before proceeding.
[2026-08-20 21:15:25] [cot:tool] start shell git log -5 --oneline; git status -sb; git rev-parse @{u} 2>&1
[2026-08-20 21:15:25] [cot:tool] done shell git log -5 --oneline; git status -sb; git rev-parse @{u} 2>&1
[2026-08-20 21:15:25] [cot:thought] Escaping a PowerShell syntax issue with `@{u}`.
[2026-08-20 21:15:25] [cot:tool] start shell git log -5 --oneline; git status -sb; git rev-parse '@{u}' 2>&1
[2026-08-20 21:15:25] [cot:tool] done shell git log -5 --oneline; git status -sb; git rev-parse '@{u}' 2>&1
[2026-08-20 21:15:25] [cot:thought] The data module commit hash shifted from 8b67bb0 to 168a4c5. This likely reflects an orchestrator rebase or merge.
[2026-08-20 21:15:25] [cot:thought] All changes are local
[2026-08-20 21:15:25] [cot:thought] with no upstream. The worker brief permits amending the last WIP commit message to a feat post. The full post spans four commits.
[2026-08-20 21:15:25] [cot:thought] Empty commits are forbidden. The user rule for --amend conditions is being checked.
[2026-08-20 21:15:25] [cot:thought] The worker brief explicitly
[2026-08-20 21:15:25] [cot:thought] authorizes amending the last commit message. The amendment will change only the commit message, leaving all files untouched.
[2026-08-20 21:15:25] [cot:tool] start shell git commit --trailer "Co-authored-by: Cursor <cursoragent@cursor.com>" --amend -m "feat(post): chokepoint-commodities-concentration-2026"; git log -3 --oneline; $env:BLOG_REPO_ROOT='E:\AI Projects\data-insights-blog'; npx tsx 'E:\AI Projects\data-insights-blog\scripts\update-agent-job.mjs' --job job-mt28outq-ijl20 --status ready --activity 'Ready for merge' --headline '8/20 stages Top-1 ???70% ?? median Top-1 65% ?? China leads 12 ?? gallium 98%'
[2026-08-20 21:15:26] [cot:tool] done shell git commit --trailer "Co-authored-by: Cursor <cursoragent@cursor.com>" --amend -m "feat(post): chokepoint-commodities-concentration-2026"; git log -3 --oneline; $env:BLOG_REPO_ROOT='E:\AI Projects\data-insights-blog'; npx tsx 'E:\AI Projects\data-insights-blog\scripts\update-agent-job.mjs' --job job-mt28outq-ijl20 --status ready --activity 'Ready for merge' --headline '8/20 stages Top-1 ???70% ?? median Top-1 65% ?? China leads 12 ?? gallium 98%'
[2026-08-20 21:15:26] [cot:thought] Job marked ready. Printing WorkerReady and exiting cleanly.WorkerReady: chokepoint-commodities-concentration-2026 | job=job-mt28outq-ijl20 | worker=1
[2026-08-20 21:15:26] [cot:thought] Shipped on `post/chokepoint-commodities-concentration-2026-w1`: concentration lens post (median Top-1 **65%**, **8/20** stages ???
[2026-08-20 21:15:26] [cot:thought] 70% Top-1, China leads **12**, gallium **98%**). `npm run deploy` passed on ports **4180/4181**; job marked **ready**.
[2026-08-20 21:15:26] [cot:system] result ok 1050999ms ΓÇö Starting the chokepoint-commodities post as worker 1: checking conveyor sync and production rules, then moving into the data-module phase.Existing chokepoint research data looks solid. Pulling a concentration-post template and registration 
