[2026-07-31 13:20:29] Worker 2 starting job job-ms97khm6-ozezz (global-remittance-corridors-ms97khm5) in E:\AI Projects\data-insights-blog-worktrees\worker-2 (branch post/global-remittance-corridors-ms97khm5-w2)
[2026-07-31 13:20:29] Resetting worktree to 61022e9bc8eecd1b18c428f7b34d1860b123d517 then checkout post/global-remittance-corridors-ms97khm5-w2
[2026-07-31 13:20:29] git: HEAD is now at 61022e9 merge(post): us-billion-dollar-weather-disasters-ms94skof from worker 3 (path-selective)
[2026-07-31 13:20:29] git: Removing scripts/bootstrap-worktrees.ps1
[2026-07-31 13:20:29] git: Removing scripts/claim-next-topics.mjs
[2026-07-31 13:20:29] git: Removing scripts/cursor-watchdog-loop.ps1
[2026-07-31 13:20:29] git: Removing scripts/debug-agent-transport.ps1
[2026-07-31 13:20:29] git: Removing scripts/lib/agent-jobs.mjs
[2026-07-31 13:20:29] git: Removing scripts/lib/production-ship-parser.mjs
[2026-07-31 13:20:29] git: Removing scripts/lib/viz-interaction-qa.mjs
[2026-07-31 13:20:30] git: Removing scripts/local-blog-server.mjs
[2026-07-31 13:20:30] git: Removing scripts/production-stream-server.mjs
[2026-07-31 13:20:30] git: Removing scripts/production-stream-ui.html
[2026-07-31 13:20:30] git: Removing scripts/prompts/
[2026-07-31 13:20:30] git: Removing scripts/resume-blog-automation.ps1
[2026-07-31 13:20:30] git: Removing scripts/run-blog-orchestrator.ps1
[2026-07-31 13:20:30] git: Removing scripts/run-blog-production-local.ps1
[2026-07-31 13:20:30] git: Removing scripts/run-blog-worker.ps1
[2026-07-31 13:20:30] git: Removing scripts/start-blog-automation-in-app.ps1
[2026-07-31 13:20:30] git: Removing scripts/stop-blog-automation.ps1
[2026-07-31 13:20:30] git: Removing scripts/theme-balance.ts
[2026-07-31 13:20:30] git: Removing scripts/update-agent-job.mjs
[2026-07-31 13:20:30] git: Removing scripts/watch-blog-production.ps1
[2026-07-31 13:20:30] git: HEAD is now at 61022e9 merge(post): us-billion-dollar-weather-disasters-ms94skof from worker 3 (path-selective)
[2026-07-31 13:20:30] git: Switched to a new branch 'post/global-remittance-corridors-ms97khm5-w2'
[2026-07-31 13:20:33] Invoking agent for worker 2 (-p --force --trust --workspace worktree)
Connection lost, reconnecting to https://api2.cursor.sh (attempt 1)...
[2026-07-31 13:26:11] WARN: transport blip cliAttempt=1 (raw=1) elapsed=0s
Retry attempt 1...
[2026-07-31 13:26:13] WARN: transport blip cliAttempt=1 (raw=1) elapsed=2s
Connection lost, reconnecting to https://api2.cursor.sh (attempt 2)...
[2026-07-31 13:27:02] WARN: transport blip cliAttempt=2 (raw=2) elapsed=50s
Retry attempt 2...
[2026-07-31 13:27:06] WARN: transport blip cliAttempt=2 (raw=2) elapsed=55s
Connection lost, reconnecting to https://api2.cursor.sh (attempt 3)...
[2026-07-31 13:28:59] INFO: blip streak reset after quiet gap
[2026-07-31 13:28:59] WARN: transport blip cliAttempt=1 (raw=3) elapsed=0s
Retry attempt 3...
[2026-07-31 13:29:08] WARN: transport blip cliAttempt=1 (raw=3) elapsed=9s
Connection lost, reconnecting to https://api2.cursor.sh (attempt 4)...
[2026-07-31 13:49:58] INFO: blip streak reset after quiet gap
[2026-07-31 13:49:58] WARN: transport blip cliAttempt=1 (raw=4) elapsed=0s
Retry attempt 4...
[2026-07-31 13:50:14] WARN: transport blip cliAttempt=1 (raw=4) elapsed=16s
Connection lost, reconnecting to https://api2.cursor.sh (attempt 5)...
[2026-07-31 13:50:45] WARN: transport blip cliAttempt=2 (raw=5) elapsed=47s
Retry attempt 5...
[2026-07-31 13:51:17] WARN: transport blip cliAttempt=2 (raw=5) elapsed=79s
Connection lost, reconnecting to https://api2.cursor.sh (attempt 6)...
[2026-07-31 13:52:15] WARN: transport blip cliAttempt=3 (raw=6) elapsed=138s
[2026-07-31 13:52:15] ERROR: transport unhealthy (cliAttempt=3 elapsed=138s); killing worker agent
