[2026-08-20 22:30:00] Worker 2 starting job job-mt2c06zw-b4bxo (demographic-cash-flows-concentration-2026q3) in C:\Users\ether\AppData\Local\data-insights-blog-workers\worker-2 (branch post/demographic-cash-flows-concentration-2026q3-w2, container blog-worker-2)
[2026-08-20 22:30:02] Fetching origin (main merge target) into isolated clone
[2026-08-20 22:30:04] Creating post/demographic-cash-flows-concentration-2026q3-w2 from main 97724fbfd165dececee38ddaac5815cb3083fdb4
[2026-08-20 22:30:04] Resetting clone then checkout post/demographic-cash-flows-concentration-2026q3-w2 at 97724fbfd165dececee38ddaac5815cb3083fdb4 (never master)
[2026-08-20 22:30:05] git: HEAD is now at 789d84d wip(industrial-robotics-concentration-2026q3): post prose + hero
[2026-08-20 22:30:09] git: HEAD is now at 97724fb merge(post): demographic-cash-flows-concentration-2026 from worker 1 (path-selective)
[2026-08-20 22:30:10] git: Switched to a new branch 'post/demographic-cash-flows-concentration-2026q3-w2'
[2026-08-20 22:30:11] Worker 2 ports: SMOKE_PORT=4182 SMOKE_QA_PORT=4183 (isolated Node static servers)
[2026-08-20 22:30:11] WARN: Cursor CLI useHttp1ForAgent is not true - transport blips may be worse. Set network.useHttp1ForAgent=true in C:\Users\ether\.cursor\cli-config.json
[2026-08-20 22:30:11] Invoking agent for worker 2 (-p --force --trust --workspace clone C:\Users\ether\AppData\Local\data-insights-blog-workers\worker-2 / blog-worker-2)
[2026-08-20 22:30:13] Agent stream-json -> E:\AI Projects\data-insights-blog\artifacts\automation-logs\worker-2-2026-08-20_22-29-59.log (cot E:\AI Projects\data-insights-blog\artifacts\automation-logs\worker-2-2026-08-20_22-29-59.cot.log, raw E:\AI Projects\data-insights-blog\artifacts\automation-logs\worker-2-2026-08-20_22-29-59.ndjson)
[cot:system] session model=Auto cwd=C:\Users\ether\AppData\Local\data-insights-blog-workers\worker-2
[cot:user] You are a blog production WORKER in a parallel multi-agent system. ## Identity - Worker ID: 2 - Job ID: job-mt2c06zw-b4bxo - Assigned slug: demographic-cash-flows-concentration-2026q3 - Theme ID: demoΓÇª
[cot:thought] Beginning blog production work as worker 2. Reviewing workspace
[cot:thought] state and production rules before building the demographic cash flows post.I'll start as worker 2 on the demographic cash-flows concentration post: check conveyor sync, skim production rules, and set the job to researching.
[cot:tool] start read C:\Users\ether\AppData\Local\data-insights-blog-workers\worker-2\.cursor\rules\autonomous-blog-production.mdc
[cot:tool] start read C:\Users\ether\AppData\Local\data-insights-blog-workers\worker-2\artifacts\conveyor-sync.json
[cot:tool] start glob
[cot:tool] start shell $env:BLOG_REPO_ROOT='E:\AI Projects\data-insights-blog'; npx tsx "E:\AI Projects\data-insights-blog\scripts\update-agent-job.mjs" --job job-mt2c06zw-b4bxo --status researching --activity "Phase 0: checking conveyor + patterns"
[cot:tool] start grep C:\Users\ether\AppData\Local\data-insights-blog-workers\worker-2\src
[cot:tool] done read ?
[cot:tool] done read ?
[cot:tool] done grep C:\Users\ether\AppData\Local\data-insights-blog-workers\worker-2\src
[cot:tool] done glob
[cot:tool] done shell $env:BLOG_REPO_ROOT='E:\AI Projects\data-insights-blog'; npx tsx "E:\AI Projects\data-insights-blog\scripts\update-agent-job.mjs" --job job-mt2c06zw-b4bxo --status researching --activity "Phase 0: checking conveyor + patterns"
[cot:thought] The existing post `demographic-cash-flows-concentration-2026` is different from the required `demographic-cash-flows-concentration-2026q3`.
[cot:thought] A new file must be created. Reviewing existing concentration and Q3 post patterns and autonomous blog production rules.
[cot:thought] There's already a 2026 concentration post; I'll use it as a template for the 2026q3 variant and inspect patterns next.
[cot:tool] start glob
[cot:tool] start read C:\Users\ether\AppData\Local\data-insights-blog-workers\worker-2\src\data\demographic-cash-flows-concentration-2026-data.ts
[cot:tool] start read C:\Users\ether\AppData\Local\data-insights-blog-workers\worker-2\src\components\visualizations\DemographicCashFlowsConcentrationDashboard.tsx
[cot:tool] done glob
[cot:tool] start grep C:\Users\ether\AppData\Local\data-insights-blog-workers\worker-2\src\data\posts.ts
[cot:tool] start shell git status -sb; if (Test-Path artifacts/conveyor-sync.json) { Get-Content artifacts/conveyor-sync.json } else { Write-Output 'no conveyor-sync' }; Get-ChildItem artifacts -ErrorAction SilentlyContinue | Select-Object -First 20 Name
[cot:tool] done read C:\Users\ether\AppData\Local\data-insights-blog-workers\worker-2\src\data\demographic-cash-flows-concentration-2026-data.ts
[cot:tool] done read C:\Users\ether\AppData\Local\data-insights-blog-workers\worker-2\src\components\visualizations\DemographicCashFlowsConcentrationDashboard.tsx
[cot:tool] done grep C:\Users\ether\AppData\Local\data-insights-blog-workers\worker-2\src\data\posts.ts
[cot:tool] done shell git status -sb; if (Test-Path artifacts/conveyor-sync.json) { Get-Content artifacts/conveyor-sync.json } else { Write-Output 'no conveyor-sync' }; Get-ChildItem artifacts -ErrorAction SilentlyContinue | Select-Object -First 20 Name
[cot:thought] The concentration-2026 post already exists. I'll build a fresh
[cot:thought] Q3 concentration post rather than copying the existing one. I'll review prior Q3 concentration posts and the update-2026q3 data for fresh angles and numbers.
[cot:thought] I'll differentiate the Q3 concentration post from the existing 2026 piece and pull registration patterns plus fresher Q3 numbers.
[cot:tool] start read C:\Users\ether\AppData\Local\data-insights-blog-workers\worker-2\src\data\demographic-cash-flows-update-2026q3-data.ts
[cot:tool] done read C:\Users\ether\AppData\Local\data-insights-blog-workers\worker-2\src\data\demographic-cash-flows-update-2026q3-data.ts
[cot:tool] start grep C:\Users\ether\AppData\Local\data-insights-blog-workers\worker-2\src\components
[cot:tool] start grep C:\Users\ether\AppData\Local\data-insights-blog-workers\worker-2\scripts
[cot:tool] start read C:\Users\ether\AppData\Local\data-insights-blog-workers\worker-2\src\data\demographic-cash-flows-concentration-2026-data.ts
[cot:tool] start glob
[cot:tool] done grep C:\Users\ether\AppData\Local\data-insights-blog-workers\worker-2\src\components
[cot:tool] done read C:\Users\ether\AppData\Local\data-insights-blog-workers\worker-2\src\data\demographic-cash-flows-concentration-2026-data.ts
[cot:tool] done glob
[cot:tool] done grep C:\Users\ether\AppData\Local\data-insights-blog-workers\worker-2\scripts
[cot:thought] The Q3 concentration post is being created. The Q3 angle differentiates
[cot:thought] from the prior post by focusing on post-H1 Mexico share shifts. Mexico FY2025 cash flows are restated at $61.8B rather than the Brief 41 $68B figure.
[cot:thought] The headline targets top-1 or top-3 share to show how concentration changed after Mexico's streak break and H1 rebound.
[cot:thought] H1 2026 rebound of
[cot:thought] +3.1% suggests concentration may be re-tightening on the corridor side. A US compliance rule due in September 2026 is flagged as a concentration risk. The top-1 and top-3 recalculations will use the Banxico-restated Mexico figure. Next steps include reviewing helper curves, exploring a cross-theme concentration dashboard for visual variety, and checking the PostVisualization registration pattern.
[cot:thought] I'll frame Q3 around Banxico restatements shifting top-2/corridor shares, then scaffold the data module.
[cot:tool] start read C:\Users\ether\AppData\Local\data-insights-blog-workers\worker-2\src\data\demographic-cash-flows-concentration-2026-data.ts
[cot:tool] done read C:\Users\ether\AppData\Local\data-insights-blog-workers\worker-2\src\data\demographic-cash-flows-concentration-2026-data.ts
[cot:tool] start read C:\Users\ether\AppData\Local\data-insights-blog-workers\worker-2\src\types\post.ts
[cot:tool] start read C:\Users\ether\AppData\Local\data-insights-blog-workers\worker-2\src\components\PostVisualization.tsx
[cot:tool] done read C:\Users\ether\AppData\Local\data-insights-blog-workers\worker-2\src\types\post.ts
[cot:tool] start read C:\Users\ether\AppData\Local\data-insights-blog-workers\worker-2\scripts\smoke-test-viz-posts.mjs
[cot:tool] done read C:\Users\ether\AppData\Local\data-insights-blog-workers\worker-2\src\components\PostVisualization.tsx
[cot:tool] done read C:\Users\ether\AppData\Local\data-insights-blog-workers\worker-2\scripts\smoke-test-viz-posts.mjs
[cot:tool] start read C:\Users\ether\AppData\Local\data-insights-blog-workers\worker-2\artifacts\backend-manifest.json
[cot:tool] start shell $env:BLOG_REPO_ROOT='E:\AI Projects\data-insights-blog'; npx tsx "E:\AI Projects\data-insights-blog\scripts\update-agent-job.mjs" --job job-mt2c06zw-b4bxo --status building --activity "Phase 1: writing Q3 concentration data module"
[cot:tool] done read C:\Users\ether\AppData\Local\data-insights-blog-workers\worker-2\artifacts\backend-manifest.json
[cot:tool] done shell $env:BLOG_REPO_ROOT='E:\AI Projects\data-insights-blog'; npx tsx "E:\AI Projects\data-insights-blog\scripts\update-agent-job.mjs" --job job-mt2c06zw-b4bxo --status building --activity "Phase 1: writing Q3 concentration data module"
[cot:thought] Planning a Q3 concentration post that differentiates from the existing 2026 concentration piece.
[cot:thought] The post will use
[cot:thought] a vintage delta lens comparing Brief 41 against Banxico-restated FY2025 figures. Recalculated numbers show Mexico Brief 41 at $68B versus Banxico???s $61.8B, and the top-three cluster at 35.8%. Four new panels will cover vintage delta bars, share-of-top3 shifts, compliance risk concentration, and host outflow concentration.
[cot:thought] Restated top-three
[cot:thought] concentration is 34.9%, down from Brief 41???s ~36%. Mexico???s top-two share falls from ~10% to ~9% of LMIC dollars.
[cot:thought] India remains the dominant single country at roughly 19%. The US-to-Mexico corridor estimate is being calibrated against Banxico???s lower total.
[cot:thought] The Q3 headline will highlight Mexico???s share slip and the H1 2026 rebound tightening the pipeline.
[cot:thought] The US-to-Mexico corridor
[cot:thought] is estimated at roughly $55???59 billion under Banxico???s restated total. The H1 2026 Mexico run-rate is about $61.5 billion. To satisfy the quality blockers without cloning templates, the dashboard will use a treemap or stacked area for share composition, a waterfall for vintage deltas, radar or parallel coordinates for multi-lens views, and a heatmap or dual-axis layout.
[cot:thought] This yields the required three chart types, four panels, and two controls. The dashboard now
[cot:thought] includes a cumulative concentration area-and-line plot, horizontal corridor bars with H1 overlays, a scatter dual-ledger view, and a pie chart for the top-three versus rest split. Controls will toggle between the Brief 41 and Banxico-restated vintage, switch lenses, and select metrics.
[cot:thought] The immediate priority is writing the data module and committing it to lock in the Q3 framing.
[cot:thought] The US-to-Mexico corridor
[cot:thought] share rises to roughly 9.0% of the LMIC perimeter under Banxico???s restated total, higher than the Brief 41 figure of 7.6%.
[cot:thought] Brief 41???s $52 billion
[cot:thought] corridor estimate likely understates true concentration because Banxico???s $61.8 billion Mexico total implies a larger pipeline than the bilateral matrix suggests.
[cot:thought] Creating the Q3 data module with Banxico-restated top-2/top-3 shares and a vintage-delta lens.
[cot:tool] start edit C:\Users\ether\AppData\Local\data-insights-blog-workers\worker-2\src\data\demographic-cash-flows-concentration-2026q3-data.ts
[cot:tool] done edit C:\Users\ether\AppData\Local\data-insights-blog-workers\worker-2\src\data\demographic-cash-flows-concentration-2026q3-data.ts
[cot:thought] A TypeScript cast error was found for Mexico in DEPENDENCE_SHARES. Fixing the TypeScript
[cot:thought] error, committing phase 1, and building the dashboard.
[cot:tool] start edit C:\Users\ether\AppData\Local\data-insights-blog-workers\worker-2\src\data\demographic-cash-flows-concentration-2026q3-data.ts
[cot:tool] start shell git add -A; git commit --trailer "Co-authored-by: Cursor <cursoragent@cursor.com>" -m "wip(demographic-cash-flows-concentration-2026q3): data module"
[cot:tool] done edit C:\Users\ether\AppData\Local\data-insights-blog-workers\worker-2\src\data\demographic-cash-flows-concentration-2026q3-data.ts
[cot:tool] start edit C:\Users\ether\AppData\Local\data-insights-blog-workers\worker-2\src\data\demographic-cash-flows-concentration-2026q3-data.ts
[cot:tool] done edit C:\Users\ether\AppData\Local\data-insights-blog-workers\worker-2\src\data\demographic-cash-flows-concentration-2026q3-data.ts
[cot:tool] done shell git add -A; git commit --trailer "Co-authored-by: Cursor <cursoragent@cursor.com>" -m "wip(demographic-cash-flows-concentration-2026q3): data module"
[cot:thought] Phase 1 is committed. Now building the dashboard with diverse chart types and registering it.
[cot:thought] Reviewing the existing
[cot:thought] concentration dashboard to adapt its patterns. Then writing a distinct Q3 dashboard.
[cot:thought] Phase 1 is committed. Next I???ll build the Q3 dashboard with a vintage toggle and more varied chart types.
[cot:tool] start read C:\Users\ether\AppData\Local\data-insights-blog-workers\worker-2\src\components\visualizations\DemographicCashFlowsConcentrationDashboard.tsx
[cot:tool] done read C:\Users\ether\AppData\Local\data-insights-blog-workers\worker-2\src\components\visualizations\DemographicCashFlowsConcentrationDashboard.tsx
[cot:tool] start grep C:\Users\ether\AppData\Local\data-insights-blog-workers\worker-2\src\components\PostVisualization.tsx
[cot:tool] start shell $env:BLOG_REPO_ROOT='E:\AI Projects\data-insights-blog'; npx tsx "E:\AI Projects\data-insights-blog\scripts\update-agent-job.mjs" --job job-mt2c06zw-b4bxo --status building --activity "Phase 2: dashboard + viz registration"
[cot:tool] done grep C:\Users\ether\AppData\Local\data-insights-blog-workers\worker-2\src\components\PostVisualization.tsx
[cot:tool] done shell $env:BLOG_REPO_ROOT='E:\AI Projects\data-insights-blog'; npx tsx "E:\AI Projects\data-insights-blog\scripts\update-agent-job.mjs" --job job-mt2c06zw-b4bxo --status building --activity "Phase 2: dashboard + viz registration"
[cot:thought] Planning a distinct Q3 dashboard. The dashboard will
[cot:thought] feature a vintage toggle and a view toggle. Charts include grouped bar vintage deltas, a Lorenz composition, a top-three donut, an H1 rebound line, corridor vintage bars, a dual scatter, and a radar-like lens scatter.
[cot:thought] These will be registered in types and PostVisualization.
[cot:tool] start edit C:\Users\ether\AppData\Local\data-insights-blog-workers\worker-2\src\components\visualizations\DemographicCashFlowsConcentration2026q3Dashboard.tsx
[cot:tool] start read C:\Users\ether\AppData\Local\data-insights-blog-workers\worker-2\src\components\PostVisualization.tsx
[cot:tool] start edit C:\Users\ether\AppData\Local\data-insights-blog-workers\worker-2\src\types\post.ts
[cot:tool] done edit
[cot:tool] done read C:\Users\ether\AppData\Local\data-insights-blog-workers\worker-2\src\components\PostVisualization.tsx
[cot:tool] done edit C:\Users\ether\AppData\Local\data-insights-blog-workers\worker-2\src\components\visualizations\DemographicCashFlowsConcentration2026q3Dashboard.tsx
[cot:thought] The types file may have changed. Checking the end of
[cot:thought] post.ts for visualization type registrations.
[cot:tool] start grep C:\Users\ether\AppData\Local\data-insights-blog-workers\worker-2\src\types\post.ts
[cot:tool] start read C:\Users\ether\AppData\Local\data-insights-blog-workers\worker-2\src\types\post.ts
[cot:tool] done grep C:\Users\ether\AppData\Local\data-insights-blog-workers\worker-2\src\types\post.ts
[cot:tool] done read C:\Users\ether\AppData\Local\data-insights-blog-workers\worker-2\src\types\post.ts
[cot:thought] A migration-humanitarian-update-2026q3 file was added. The visualization
[cot:thought] type will be appended after the last existing entry.
[cot:tool] start edit C:\Users\ether\AppData\Local\data-insights-blog-workers\worker-2\src\types\post.ts
[cot:tool] done edit C:\Users\ether\AppData\Local\data-insights-blog-workers\worker-2\src\types\post.ts
[cot:tool] start edit C:\Users\ether\AppData\Local\data-insights-blog-workers\worker-2\src\components\PostVisualization.tsx
[cot:tool] start shell git add -A; git commit --trailer "Co-authored-by: Cursor <cursoragent@cursor.com>" -m "wip(demographic-cash-flows-concentration-2026q3): dashboard + viz wireup"
[cot:tool] done edit C:\Users\ether\AppData\Local\data-insights-blog-workers\worker-2\src\components\PostVisualization.tsx
[cot:tool] start edit C:\Users\ether\AppData\Local\data-insights-blog-workers\worker-2\src\components\PostVisualization.tsx
[cot:tool] done edit
[cot:tool] done shell git add -A; git commit --trailer "Co-authored-by: Cursor <cursoragent@cursor.com>" -m "wip(demographic-cash-flows-concentration-2026q3): dashboard + viz wireup"
[cot:thought] The PostVisualization render branch was skipped because migration-humanitarian was inserted instead.
[cot:thought] The dynamic import
[cot:thought] may have been added. I will fix the render branch and verify.Fixing the missing render branch, then moving on to posts prose and hero.
[cot:tool] start grep C:\Users\ether\AppData\Local\data-insights-blog-workers\worker-2\src\components\PostVisualization.tsx
[cot:tool] done grep C:\Users\ether\AppData\Local\data-insights-blog-workers\worker-2\src\components\PostVisualization.tsx
[cot:tool] start read C:\Users\ether\AppData\Local\data-insights-blog-workers\worker-2\src\components\PostVisualization.tsx
[cot:tool] start read C:\Users\ether\AppData\Local\data-insights-blog-workers\worker-2\src\components\PostVisualization.tsx
[cot:tool] done read C:\Users\ether\AppData\Local\data-insights-blog-workers\worker-2\src\components\PostVisualization.tsx
[cot:tool] done read C:\Users\ether\AppData\Local\data-insights-blog-workers\worker-2\src\components\PostVisualization.tsx
[cot:thought] The Q3 concentration render branch needs to be added.
[cot:tool] start edit C:\Users\ether\AppData\Local\data-insights-blog-workers\worker-2\src\components\PostVisualization.tsx
[cot:tool] done edit C:\Users\ether\AppData\Local\data-insights-blog-workers\worker-2\src\components\PostVisualization.tsx
[cot:tool] start shell $env:BLOG_REPO_ROOT='E:\AI Projects\data-insights-blog'; npx tsx "E:\AI Projects\data-insights-blog\scripts\update-agent-job.mjs" --job job-mt2c06zw-b4bxo --status building --activity "Phase 3: posts.ts prose + hero image"
[cot:tool] start generateImage
[cot:tool] start read C:\Users\ether\AppData\Local\data-insights-blog-workers\worker-2\src\data\theme-registry.ts
[cot:tool] start read C:\Users\ether\AppData\Local\data-insights-blog-workers\worker-2\src\data\posts.ts
[cot:tool] done read C:\Users\ether\AppData\Local\data-insights-blog-workers\worker-2\src\data\theme-registry.ts
[cot:tool] done read C:\Users\ether\AppData\Local\data-insights-blog-workers\worker-2\src\data\posts.ts
[cot:tool] done shell $env:BLOG_REPO_ROOT='E:\AI Projects\data-insights-blog'; npx tsx "E:\AI Projects\data-insights-blog\scripts\update-agent-job.mjs" --job job-mt2c06zw-b4bxo --status building --activity "Phase 3: posts.ts prose + hero image"
[cot:tool] done generateImage
[cot:thought] Copying the hero image to public/images/. Adding the post entry
[cot:thought] to posts.ts, updating the theme registry, and refreshing the backend manifest.Copying the hero into `public/images` and adding the post entry with full prose.
[cot:tool] start shell Copy-Item "C:\Users\ether\.cursor\projects\C-Users-ether-AppData-Local-data-insights-blog-workers-worker-2\assets\global-systems-demographic-cash-flows-concentration-2026q3-hero.png" "C:\Users\ether\AppData\Local\data-insights-blog-workers\worker-2\public\images\global-systems-demographic-cash-flows-concentration-2026q3-hero.png"; Test-Path "C:\Users\ether\AppData\Local\data-insights-blog-workers\worker-2\public\images\global-systems-demographic-cash-flows-concentration-2026q3-hero.png"
[cot:tool] done shell Copy-Item "C:\Users\ether\.cursor\projects\C-Users-ether-AppData-Local-data-insights-blog-workers-worker-2\assets\global-systems-demographic-cash-flows-concentration-2026q3-hero.png" "C:\Users\ether\AppData\Local\data-insights-blog-workers\worker-2\public\images\global-systems-demographic-cash-flows-concentration-2026q3-hero.png"; Test-Path "C:\Users\ether\AppData\Local\data-insights-blog-workers\worker-2\public\images\global-systems-demographic-cash-flows-concentration-2026q3-hero.png"
[cot:tool] start edit C:\Users\ether\AppData\Local\data-insights-blog-workers\worker-2\src\data\theme-registry.ts
[cot:tool] start edit C:\Users\ether\AppData\Local\data-insights-blog-workers\worker-2\src\data\posts.ts
[cot:tool] done edit C:\Users\ether\AppData\Local\data-insights-blog-workers\worker-2\src\data\theme-registry.ts
[cot:tool] done edit C:\Users\ether\AppData\Local\data-insights-blog-workers\worker-2\src\data\posts.ts
[cot:thought] Updating the backend manifest and committing phase 3. Then running QA scripts.
[cot:tool] start edit C:\Users\ether\AppData\Local\data-insights-blog-workers\worker-2\artifacts\backend-manifest.json
[cot:tool] start read C:\Users\ether\AppData\Local\data-insights-blog-workers\worker-2\scripts\qa-demographic-cash-flows-concentration-2026.mjs
[cot:tool] start shell git add -A; git commit --trailer "Co-authored-by: Cursor <cursoragent@cursor.com>" -m "wip(demographic-cash-flows-concentration-2026q3): post prose + hero"
[cot:tool] done read C:\Users\ether\AppData\Local\data-insights-blog-workers\worker-2\scripts\qa-demographic-cash-flows-concentration-2026.mjs
[cot:tool] done edit C:\Users\ether\AppData\Local\data-insights-blog-workers\worker-2\artifacts\backend-manifest.json
[cot:tool] done shell git add -A; git commit --trailer "Co-authored-by: Cursor <cursoragent@cursor.com>" -m "wip(demographic-cash-flows-concentration-2026q3): post prose + hero"
[cot:thought] The posts.ts commit diff looks unusually large. Line ending changes may be the cause.
[cot:thought] Creating a QA script
[cot:thought] and smoke marker before deploying.Next up: QA script, smoke marker, then local deploy.
[cot:tool] start edit C:\Users\ether\AppData\Local\data-insights-blog-workers\worker-2\scripts\qa-demographic-cash-flows-concentration-2026q3.mjs
[cot:tool] done edit C:\Users\ether\AppData\Local\data-insights-blog-workers\worker-2\scripts\qa-demographic-cash-flows-concentration-2026q3.mjs
[cot:tool] start edit C:\Users\ether\AppData\Local\data-insights-blog-workers\worker-2\scripts\smoke-test-viz-posts.mjs
[cot:tool] start shell $env:BLOG_REPO_ROOT='E:\AI Projects\data-insights-blog'; npx tsx "E:\AI Projects\data-insights-blog\scripts\update-agent-job.mjs" --job job-mt2c06zw-b4bxo --status building --activity "Phase 4: QA script + smoke marker committed"; git add -A; git commit --trailer "Co-authored-by: Cursor <cursoragent@cursor.com>" -m "wip(demographic-cash-flows-concentration-2026q3): qa + smoke"
[cot:tool] done edit
[cot:tool] done shell $env:BLOG_REPO_ROOT='E:\AI Projects\data-insights-blog'; npx tsx "E:\AI Projects\data-insights-blog\scripts\update-agent-job.mjs" --job job-mt2c06zw-b4bxo --status building --activity "Phase 4: QA script + smoke marker committed"; git add -A; git commit --trailer "Co-authored-by: Cursor <cursoragent@cursor.com>" -m "wip(demographic-cash-flows-concentration-2026q3): qa + smoke"
[cot:thought] The smoke test file edit failed. I need to check the current POSTS array state and add the marker.
[cot:tool] start read C:\Users\ether\AppData\Local\data-insights-blog-workers\worker-2\scripts\smoke-test-viz-posts.mjs
[cot:tool] done read C:\Users\ether\AppData\Local\data-insights-blog-workers\worker-2\scripts\smoke-test-viz-posts.mjs
[cot:thought] Adding a smoke marker at the top of the POSTS array.
[cot:tool] start edit C:\Users\ether\AppData\Local\data-insights-blog-workers\worker-2\scripts\smoke-test-viz-posts.mjs
[cot:tool] start shell git add -A; git commit --trailer "Co-authored-by: Cursor <cursoragent@cursor.com>" -m "wip(demographic-cash-flows-concentration-2026q3): smoke marker"; $env:BLOG_REPO_ROOT='E:\AI Projects\data-insights-blog'; npx tsx "E:\AI Projects\data-insights-blog\scripts\update-agent-job.mjs" --job job-mt2c06zw-b4bxo --status qa --activity "Phase 5: npm run deploy on ports 4182/4183"
[cot:tool] done edit C:\Users\ether\AppData\Local\data-insights-blog-workers\worker-2\scripts\smoke-test-viz-posts.mjs
[cot:tool] done shell git add -A; git commit --trailer "Co-authored-by: Cursor <cursoragent@cursor.com>" -m "wip(demographic-cash-flows-concentration-2026q3): smoke marker"; $env:BLOG_REPO_ROOT='E:\AI Projects\data-insights-blog'; npx tsx "E:\AI Projects\data-insights-blog\scripts\update-agent-job.mjs" --job job-mt2c06zw-b4bxo --status qa --activity "Phase 5: npm run deploy on ports 4182/4183"
[cot:thought] Running npm run deploy with isolated ports. The build and smoke
[cot:thought] test will take a while.Running local deploy with isolated ports 4182/4183.
[cot:tool] start shell $env:SMOKE_PORT='4182'; $env:SMOKE_QA_PORT='4183'; npm run deploy
[cot:tool] done shell $env:SMOKE_PORT='4182'; $env:SMOKE_QA_PORT='4183'; npm run deploy
[cot:thought] The deployment appears to have completed successfully.
[cot:tool] start await
[cot:tool] done await
[cot:thought] The process ran for over ten minutes but completed successfully.
[cot:tool] start read C:\Users\ether\.cursor\projects\C-Users-ether-AppData-Local-data-insights-blog-workers-worker-2\terminals\291039.txt
[cot:tool] done read C:\Users\ether\.cursor\projects\C-Users-ether-AppData-Local-data-insights-blog-workers-worker-2\terminals\291039.txt
[cot:thought] The output shows success, but the footer with exit_code is missing. Cleanup may be hanging.
[cot:thought] Waiting or checking if the process is still running.
[cot:tool] start await
[cot:tool] done await
[cot:thought] The process appears hung after appearing successful. Checking if the process
[cot:thought] is still running and whether the HTML file was generated. Since quality assurance already passed, the next step may be to kill the process and proceed.
[cot:tool] start shell Get-Process -Id 21728 -ErrorAction SilentlyContinue | Select-Object Id, ProcessName, CPU; Test-Path "C:\Users\ether\AppData\Local\data-insights-blog-workers\worker-2\out\blog\demographic-cash-flows-concentration-2026q3.html"; Get-ChildItem "C:\Users\ether\AppData\Local\data-insights-blog-workers\worker-2\out\blog" -Filter "*demographic-cash-flows-concentration-2026q3*" | Select-Object Name, Length; Get-Content "C:\Users\ether\.cursor\projects\C-Users-ether-AppData-Local-data-insights-blog-workers-worker-2\terminals\291039.txt" -Head 12
[cot:tool] done shell Get-Process -Id 21728 -ErrorAction SilentlyContinue | Select-Object Id, ProcessName, CPU; Test-Path "C:\Users\ether\AppData\Local\data-insights-blog-workers\worker-2\out\blog\demographic-cash-flows-concentration-2026q3.html"; Get-ChildItem "C:\Users\ether\AppData\Local\data-insights-blog-workers\worker-2\out\blog" -Filter "*demographic-cash-flows-concentration-2026q3*" | Select-Object Name, Length; Get-Content "C:\Users\ether\.cursor\projects\C-Users-ether-AppData-Local-data-insights-blog-workers-worker-2\terminals\291039.txt" -Head 12
[cot:thought] The HTML file already exists. Re-checking the terminal
[cot:thought] footer and file status. The previous process and file queries may have returned empty results.
[cot:tool] start shell if (Get-Process -Id 21728 -ErrorAction SilentlyContinue) { "PID 21728 still running" } else { "PID 21728 gone" }; Get-Item "out\blog\demographic-cash-flows-concentration-2026q3.html" | Format-List Name, Length, LastWriteTime; Get-Content "C:\Users\ether\.cursor\projects\C-Users-ether-AppData-Local-data-insights-blog-workers-worker-2\terminals\291039.txt" -Tail 15
[cot:tool] done shell if (Get-Process -Id 21728 -ErrorAction SilentlyContinue) { "PID 21728 still running" } else { "PID 21728 gone" }; Get-Item "out\blog\demographic-cash-flows-concentration-2026q3.html" | Format-List Name, Length, LastWriteTime; Get-Content "C:\Users\ether\.cursor\projects\C-Users-ether-AppData-Local-data-insights-blog-workers-worker-2\terminals\291039.txt" -Tail 15
[cot:thought] Deployment succeeded. The HTML file exists and all smoke tests passed. The exit footer may
[cot:thought] be missing due to encoding issues. A final commit and readiness mark will follow. The per-post QA script will also run.
[cot:tool] start await
[cot:tool] start shell $env:SMOKE_PORT='4182'; node scripts/qa-demographic-cash-flows-concentration-2026q3.mjs
[cot:tool] done await
[cot:tool] done shell $env:SMOKE_PORT='4182'; node scripts/qa-demographic-cash-flows-concentration-2026q3.mjs
[cot:thought] Waiting for the QA audit to finish. The old deploy process
[cot:thought] appears to be a zombie according to AwaitShell, yet Get-Process shows it is gone. This discrepancy is odd.
[cot:tool] start await
[cot:tool] done await
[cot:thought] QA passed. Proceeding to final commit and marking the job ready.
[cot:tool] start shell git add -A; git status -sb; git commit --trailer "Co-authored-by: Cursor <cursoragent@cursor.com>" -m "$(cat <<'EOF'
feat(post): demographic-cash-flows-concentration-2026q3
EOF
)"; $env:BLOG_REPO_ROOT='E:\AI Projects\data-insights-blog'; npx tsx "E:\AI Projects\data-insights-blog\scripts\update-agent-job.mjs" --job job-mt2c06zw-b4bxo --status ready --activity "Ready for merge" --headline "Top-3 LMIC remittance share ~35% after Banxico MX ???0.9pp; India ~19% top-1; US???MX ~8???9%"
[cot:tool] done shell git add -A; git status -sb; git commit --trailer "Co-authored-by: Cursor <cursoragent@cursor.com>" -m "$(cat <<'EOF'
feat(post): demographic-cash-flows-concentration-2026q3
EOF
)"; $env:BLOG_REPO_ROOT='E:\AI Projects\data-insights-blog'; npx tsx "E:\AI Projects\data-insights-blog\scripts\update-agent-job.mjs" --job job-mt2c06zw-b4bxo --status ready --activity "Ready for merge" --headline "Top-3 LMIC remittance share ~35% after Banxico MX ???0.9pp; India ~19% top-1; US???MX ~8???9%"
[cot:thought] PowerShell does not support heredoc syntax. A PowerShell-compatible
[cot:thought] commit message approach is needed.
[cot:tool] start shell git add -A; git status -sb; git commit --trailer "Co-authored-by: Cursor <cursoragent@cursor.com>" -m "feat(post): demographic-cash-flows-concentration-2026q3"; $env:BLOG_REPO_ROOT='E:\AI Projects\data-insights-blog'; npx tsx "E:\AI Projects\data-insights-blog\scripts\update-agent-job.mjs" --job job-mt2c06zw-b4bxo --status ready --activity "Ready for merge" --headline "Top-3 LMIC remittance share ~35% after Banxico MX -0.9pp; India ~19% top-1; US->MX ~8-9%"
[cot:tool] done shell git add -A; git status -sb; git commit --trailer "Co-authored-by: Cursor <cursoragent@cursor.com>" -m "feat(post): demographic-cash-flows-concentration-2026q3"; $env:BLOG_REPO_ROOT='E:\AI Projects\data-insights-blog'; npx tsx "E:\AI Projects\data-insights-blog\scripts\update-agent-job.mjs" --job job-mt2c06zw-b4bxo --status ready --activity "Ready for merge" --headline "Top-3 LMIC remittance share ~35% after Banxico MX -0.9pp; India ~19% top-1; US->MX ~8-9%"
[cot:thought] The working tree is clean. There is nothing to commit. The final `feat` commit
[cot:thought] needs to replace the existing WIP commits. I am deciding between soft-resetting and recreating the commit, or amending the last WIP.
[cot:thought] Checking if the branch
[cot:thought] is local-only and the last commit belongs to this worker. This will determine whether amending the final WIP commit is allowed.
[cot:thought] Working tree is clean after the wip commits ??? amending the last local commit message to the final `feat` form.
[cot:tool] start shell git log -5 --oneline; git status -sb; git log -1 --format='%an %ae'
[cot:tool] done shell git log -5 --oneline; git status -sb; git log -1 --format='%an %ae'
[cot:thought] The data module commit hash changed from 7d0d3f7 to dbaeb26, likely due to a rebase.
[cot:thought] I will create an empty
[cot:thought] commit with the feat message to mark the ship gate. The existing HEAD commit was authored by another agent, so amending is not permitted.
[cot:tool] start shell git commit --trailer "Co-authored-by: Cursor <cursoragent@cursor.com>" --allow-empty -m "feat(post): demographic-cash-flows-concentration-2026q3"; git log -3 --oneline; git status -sb; Write-Output "WorkerReady: demographic-cash-flows-concentration-2026q3 | job=job-mt2c06zw-b4bxo | worker=2"
[cot:tool] done shell git commit --trailer "Co-authored-by: Cursor <cursoragent@cursor.com>" --allow-empty -m "feat(post): demographic-cash-flows-concentration-2026q3"; git log -3 --oneline; git status -sb; Write-Output "WorkerReady: demographic-cash-flows-concentration-2026q3 | job=job-mt2c06zw-b4bxo | worker=2"
[cot:thought] The post has been finalized and committed. The job is marked ready. Verifying the PostVisualization
[cot:thought] render branch is present in the committed code.
[cot:tool] start grep C:\Users\ether\AppData\Local\data-insights-blog-workers\worker-2\src\components\PostVisualization.tsx
[cot:tool] done grep C:\Users\ether\AppData\Local\data-insights-blog-workers\worker-2\src\components\PostVisualization.tsx
[cot:thought] The render branch exists in the file, though git status was clean before the empty commit.
[cot:thought] The PostVisualization
[cot:thought] fix was committed in the posts and hero commit. The render branch fix was included in that batch.
[cot:thought] Smoke tests passed
[cot:thought] for the post. The render branch is working correctly. The worker is exiting cleanly.
[cot:thought] WorkerReady: demographic-cash-flows-concentration-2026q3 | job=job-mt2c06zw-b4bxo | worker=2
[cot:thought] Shipped the Q3 concentration vintage on `post/demographic-cash-flows-concentration-2026q3-w2`.
[cot:thought] **
[cot:thought] Headline:** Top-3 LMIC remittance share ~35% after Banxico MX ???0.9pp; India ~19% top-1; US???
[cot:thought] MX ~8???9%
[cot:thought] **What landed** - Data module with Banxico-restated ladder vs Brief 41 delta - Dashboard: vintage toggle, grouped bars, donut, H1 line, Lorenz, corridor delta, dual-ledger scatter - Post prose (???
[cot:system] task_notification
[cot:system] task_notification
[cot:thought] 6 H2s, table, caveats, internal links) + hero PNG - QA script + smoke marker; `npm run deploy` passed on ports 4182/4183 - Job marked `ready`I will summarize the task results from the two notifications.
[cot:thought] Shell task 291039
[cot:thought] shows an error status, though the deploy and smoke tests likely passed successfully.
[cot:thought] Shell task 291040 succeeded. I need to determine whether the error was genuine or a false exit after success.
[cot:thought] Checking why the deploy shell reported an error despite the earlier green smoke output.
[cot:tool] start read C:\Users\ether\.cursor\projects\C-Users-ether-AppData-Local-data-insights-blog-workers-worker-2\terminals\291039.txt
[cot:tool] start read C:\Users\ether\.cursor\projects\C-Users-ether-AppData-Local-data-insights-blog-workers-worker-2\terminals\291040.txt
[cot:tool] done read C:\Users\ether\.cursor\projects\C-Users-ether-AppData-Local-data-insights-blog-workers-worker-2\terminals\291040.txt
[cot:tool] done read C:\Users\ether\.cursor\projects\C-Users-ether-AppData-Local-data-insights-blog-workers-worker-2\terminals\291039.txt
[cot:thought] The deploy terminal lacks an exit_code footer. The process likely timed out or was killed after completing successfully.
[cot:thought] QA passed with exit
[cot:thought] code 0. No follow-up is needed.`npm run deploy` finished its checks successfully (build, 110 viz smokes, homepage QA), but the shell session exited uncleanly after that ???
[cot:thought] likely a hung teardown, not a failed gate. The HTML artifact is present.
[cot:thought] Per-post QA also passed (`qa-demographic-cash-flows-concentration-2026q3: PASS`), with only non-blocking interaction-audit timeout warnings on extra controls.
[cot:thought] Job remains `ready` for merge.
[cot:system] result ok 1701717ms ΓÇö I'll start as worker 2 on the demographic cash-flows concentration post: check conveyor sync, skim production rules, and set the job to researching.There's already a 2026 concentration post; I'll use it as a template for the 2026q3 variant 
[2026-08-20 22:59:43] Job job-mt2c06zw-b4bxo marked ready
[2026-08-20 22:59:44] git: HEAD is now at 143b495 merge(post): ai-capex-spend-concentration-2026q3 from worker 1 (path-selective)
[2026-08-20 22:59:44] Worker 2 finished (exit=0)
