[2026-08-01 00:58:43] Worker 1 starting job job-ms9v0m5m-218jn (adaptation-economics-research-2026) in E:\AI Projects\data-insights-blog-worktrees\worker-1 (branch post/adaptation-economics-research-2026-w1)
[2026-08-01 00:58:47] Creating post/adaptation-economics-research-2026-w1 from master 0b66a4802791867de514152eb05422337974e9c4
[2026-08-01 00:58:47] Resetting worktree then checkout post/adaptation-economics-research-2026-w1 at 0b66a4802791867de514152eb05422337974e9c4
[2026-08-01 00:58:51] git: Updating files:  25% (2/8)
[2026-08-01 00:58:51] git: Updating files:  37% (3/8)
[2026-08-01 00:58:52] git: Updating files:  50% (4/8)
[2026-08-01 00:58:53] git: Updating files:  62% (5/8)
[2026-08-01 00:58:53] git: Updating files:  75% (6/8)
[2026-08-01 00:58:54] git: Updating files:  87% (7/8)
[2026-08-01 00:58:55] git: Updating files: 100% (8/8)
[2026-08-01 00:58:55] git: Updating files: 100% (8/8), done.
[2026-08-01 00:58:56] git: HEAD is now at 0b66a48 merge(post): migration-humanitarian-research-2026 from worker 3 (path-selective)
[2026-08-01 00:59:02] git: Removing scripts/_tmp-check-copper.mjs
[2026-08-01 00:59:04] git: Removing scripts/bootstrap-worktrees.ps1
[2026-08-01 00:59:05] git: Removing scripts/claim-next-topics.mjs
[2026-08-01 00:59:05] git: Removing scripts/claim-recovery-job.mjs
[2026-08-01 00:59:05] git: Removing scripts/clear-resolved-failures.mjs
[2026-08-01 00:59:05] git: Removing scripts/cursor-watchdog-loop.ps1
[2026-08-01 00:59:05] git: Removing scripts/debug-agent-transport.ps1
[2026-08-01 00:59:06] git: Removing scripts/firebase-deploy-hosting.mjs
[2026-08-01 00:59:06] git: Removing scripts/lib/agent-jobs.mjs
[2026-08-01 00:59:06] git: Removing scripts/lib/markdown-formatting-qa.mjs
[2026-08-01 00:59:07] git: Removing scripts/lib/production-ship-parser.mjs
[2026-08-01 00:59:07] git: Removing scripts/lib/viz-interaction-qa.mjs
[2026-08-01 00:59:07] git: Removing scripts/local-blog-server.mjs
[2026-08-01 00:59:08] git: Removing scripts/production-stream-server.mjs
[2026-08-01 00:59:08] git: Removing scripts/production-stream-ui.html
[2026-08-01 00:59:08] git: Removing scripts/prompts/
[2026-08-01 00:59:08] git: Removing scripts/prune-post-branches.mjs
[2026-08-01 00:59:09] git: Removing scripts/qa-consumer-finance-markets-research-2026.mjs
[2026-08-01 00:59:09] git: Removing scripts/qa-fiscal-plumbing-research-2026.mjs
[2026-08-01 00:59:09] git: Removing scripts/qa-worker-transport-exit.mjs
[2026-08-01 00:59:10] git: Removing scripts/resolve-flagged-jobs.mjs
[2026-08-01 00:59:10] git: Removing scripts/resume-blog-automation.ps1
[2026-08-01 00:59:10] git: Removing scripts/run-blog-orchestrator.ps1
[2026-08-01 00:59:11] git: Removing scripts/run-blog-production-local.ps1
[2026-08-01 00:59:11] git: Removing scripts/run-blog-worker.ps1
[2026-08-01 00:59:11] git: Removing scripts/start-blog-automation-in-app.ps1
[2026-08-01 00:59:11] git: Removing scripts/stop-blog-automation.ps1
[2026-08-01 00:59:11] git: Removing scripts/theme-balance.ts
[2026-08-01 00:59:12] git: Removing scripts/update-agent-job.mjs
[2026-08-01 00:59:12] git: Removing scripts/watch-blog-production.ps1
[2026-08-01 00:59:15] git: Removing public/images/consumer-finance-consumer-finance-markets-research-2026-hero.png
[2026-08-01 00:59:16] git: Removing public/images/global-systems-fiscal-plumbing-research-2026-hero.png
[2026-08-01 00:59:16] git: Removing public/images/industry-commercial-aircraft-final-assembly-geography-2026-hero.png
[2026-08-01 00:59:17] git: Removing src/components/charts/
[2026-08-01 00:59:17] git: Removing src/components/visualizations/BankLoanChargeoffsDashboard.tsx
[2026-08-01 00:59:18] git: Removing src/components/visualizations/CommercialAircraftAssemblyDashboard.tsx
[2026-08-01 00:59:18] git: Removing src/components/visualizations/ConsumerFinanceMarketsResearchDashboard.tsx
[2026-08-01 00:59:19] git: Removing src/components/visualizations/FiscalPlumbingResearchDashboard.tsx
[2026-08-01 00:59:19] git: Removing src/components/visualizations/IrenaRenewableCapacityDashboard.tsx
[2026-08-01 00:59:20] git: Removing src/components/visualizations/MoneyMarketFundsDepositsDashboard.tsx
[2026-08-01 00:59:20] git: Removing src/components/visualizations/NaturalGraphiteMineConcentrationDashboard.tsx
[2026-08-01 00:59:20] git: Removing src/components/visualizations/OecdDacOdaDashboard.tsx
[2026-08-01 00:59:21] git: Removing src/data/bank-loan-chargeoffs-data.ts
[2026-08-01 00:59:22] git: Removing src/data/commercial-aircraft-assembly-data.ts
[2026-08-01 00:59:22] git: Removing src/data/consumer-finance-markets-research-2026-data.ts
[2026-08-01 00:59:23] git: Removing src/data/fiscal-plumbing-research-2026-data.ts
[2026-08-01 00:59:23] git: Removing src/data/irena-renewable-capacity-data.ts
[2026-08-01 00:59:24] git: Removing src/data/money-market-funds-deposits-data.ts
[2026-08-01 00:59:24] git: Removing src/data/natural-graphite-mine-concentration-data.ts
[2026-08-01 00:59:24] git: Removing src/data/oecd-dac-oda-data.ts
[2026-08-01 00:59:25] git: Removing src/data/social-security-trust-fund-data.ts
[2026-08-01 00:59:27] git: HEAD is now at 0b66a48 merge(post): migration-humanitarian-research-2026 from worker 3 (path-selective)
[2026-08-01 00:59:34] git: Switched to a new branch 'post/adaptation-economics-research-2026-w1'
[2026-08-01 01:00:09] Invoking agent for worker 1 (-p --force --trust --workspace worktree)
Connection lost, reconnecting to https://api2.cursor.sh (attempt 1)...
[2026-08-01 01:02:09] WARN: transport blip cliAttempt=1 (raw=1) elapsed=0s
Retry attempt 1...
[2026-08-01 01:02:10] WARN: transport blip cliAttempt=1 (raw=1) elapsed=1s
Connection lost, reconnecting to https://api2.cursor.sh (attempt 2)...
[2026-08-01 01:02:50] WARN: transport blip cliAttempt=2 (raw=2) elapsed=41s
Retry attempt 2...
[2026-08-01 01:02:54] WARN: transport blip cliAttempt=2 (raw=2) elapsed=46s
Connection lost, reconnecting to https://api2.cursor.sh (attempt 3)...
[2026-08-01 01:05:38] INFO: blip streak reset after quiet gap
[2026-08-01 01:05:38] WARN: transport blip cliAttempt=1 (raw=3) elapsed=0s
Retry attempt 3...
[2026-08-01 01:05:47] WARN: transport blip cliAttempt=1 (raw=3) elapsed=9s
Connection lost, reconnecting to https://api2.cursor.sh (attempt 4)...
[2026-08-01 01:06:20] WARN: transport blip cliAttempt=2 (raw=4) elapsed=42s
Retry attempt 4...
[2026-08-01 01:06:37] WARN: transport blip cliAttempt=2 (raw=4) elapsed=59s
Connection lost, reconnecting to https://api2.cursor.sh (attempt 5)...
[2026-08-01 01:08:35] WARN: transport blip cliAttempt=3 (raw=5) elapsed=177s
Retry attempt 5...
[2026-08-01 01:09:10] WARN: transport blip cliAttempt=3 (raw=5) elapsed=212s
Connection lost, reconnecting to https://api2.cursor.sh (attempt 6)...
[2026-08-01 01:12:40] INFO: blip streak reset after quiet gap
[2026-08-01 01:12:40] WARN: transport blip cliAttempt=1 (raw=6) elapsed=0s
Retry attempt 6...
[2026-08-01 01:13:45] WARN: transport blip cliAttempt=1 (raw=6) elapsed=65s
Connection lost, reconnecting to https://api2.cursor.sh (attempt 7)...
[2026-08-01 01:16:03] INFO: blip streak reset after quiet gap
[2026-08-01 01:16:03] WARN: transport blip cliAttempt=1 (raw=7) elapsed=0s
Retry attempt 7...
[2026-08-01 01:17:06] WARN: transport blip cliAttempt=1 (raw=7) elapsed=62s
[2026-08-01 01:17:40] git: HEAD is now at 0b66a48 merge(post): migration-humanitarian-research-2026 from worker 3 (path-selective)
[2026-08-01 01:17:40] git: M	scripts/smoke-test-viz-posts.mjs
[2026-08-01 01:17:40] git: M	src/components/PostVisualization.tsx
[2026-08-01 01:17:40] git: M	src/data/theme-registry.ts
[2026-08-01 01:17:41] git: M	src/lib/markdown.tsx
[2026-08-01 01:17:41] git: M	src/types/post.ts
[2026-08-01 01:17:41] Worker 1 finished (exit=-1)
