[2026-08-20 18:58:22] [cot:system] session model=Auto cwd=C:\Users\ether\AppData\Local\data-insights-blog-workers\worker-4
[2026-08-20 18:58:22] [cot:user] You are a blog production WORKER in a parallel multi-agent system. ## Identity - Worker ID: 4 - Job ID: job-mt23ws03-o7sa8 - Assigned slug: geopolitics-institutions-update-2026 - Theme ID: geopoliticsΓÇª
[2026-08-20 18:58:22] [cot:thought] Beginning blog production work as worker 4. Reviewing production
[2026-08-20 18:58:23] [cot:thought] rules and worktree state before building the post.I'll start as worker 4 on `geopolitics-institutions-update-2026`: check conveyor sync, job state, and production rules, then begin the data module phase.
[2026-08-20 18:58:23] [cot:tool] start read C:\Users\ether\AppData\Local\data-insights-blog-workers\worker-4\.cursor\rules\autonomous-blog-production.mdc
[2026-08-20 18:58:23] [cot:tool] start read C:\Users\ether\AppData\Local\data-insights-blog-workers\worker-4\artifacts\conveyor-sync.json
[2026-08-20 18:58:23] [cot:tool] done read ?
[2026-08-20 18:58:23] [cot:tool] done read ?
[2026-08-20 18:58:23] [cot:tool] start glob
[2026-08-20 18:58:23] [cot:tool] start shell $env:BLOG_REPO_ROOT='E:\AI Projects\data-insights-blog'; npx tsx "E:\AI Projects\data-insights-blog\scripts\update-agent-job.mjs" --job job-mt23ws03-o7sa8 --status researching --activity "Phase 1: checking conveyor + prior theme posts"
[2026-08-20 18:58:23] [cot:tool] done glob
[2026-08-20 18:58:23] [cot:tool] done shell $env:BLOG_REPO_ROOT='E:\AI Projects\data-insights-blog'; npx tsx "E:\AI Projects\data-insights-blog\scripts\update-agent-job.mjs" --job job-mt23ws03-o7sa8 --status researching --activity "Phase 1: checking conveyor + prior theme posts"
[2026-08-20 18:58:23] [cot:thought] An existing geopolitics-institutions research post was found. I need to locate the
[2026-08-20 18:58:23] [cot:thought] production rules and review the prior post structure.
[2026-08-20 18:58:23] [cot:tool] start glob
[2026-08-20 18:58:24] [cot:tool] done glob
[2026-08-20 18:58:24] [cot:tool] start grep C:\Users\ether\AppData\Local\data-insights-blog-workers\worker-4\src
[2026-08-20 18:58:24] [cot:tool] done grep C:\Users\ether\AppData\Local\data-insights-blog-workers\worker-4\src
[2026-08-20 18:58:24] [cot:tool] start glob
[2026-08-20 18:58:24] [cot:tool] start shell git status; git branch --show-current; git log -5 --oneline
[2026-08-20 18:58:24] [cot:tool] done glob
[2026-08-20 18:58:24] [cot:tool] done shell git status; git branch --show-current; git log -5 --oneline
[2026-08-20 18:58:24] [cot:thought] Reviewing prior research posts and update examples to understand the required writing pattern.
[2026-08-20 18:58:24] [cot:thought] Also locating production rules.
[2026-08-20 18:58:24] [cot:thought] Reviewing the prior institutions post and a recent update-post pattern so we can ship a vintage delta cleanly.
[2026-08-20 18:58:25] [cot:tool] start read C:\Users\ether\AppData\Local\data-insights-blog-workers\worker-4\src\data\geopolitics-institutions-research-2026-data.ts
[2026-08-20 18:58:25] [cot:tool] done read C:\Users\ether\AppData\Local\data-insights-blog-workers\worker-4\src\data\geopolitics-institutions-research-2026-data.ts
[2026-08-20 18:58:25] [cot:tool] start read C:\Users\ether\AppData\Local\data-insights-blog-workers\worker-4\src\data\posts.ts
[2026-08-20 18:58:25] [cot:tool] done read C:\Users\ether\AppData\Local\data-insights-blog-workers\worker-4\src\data\posts.ts
[2026-08-20 18:58:25] [cot:tool] start glob
[2026-08-20 18:58:25] [cot:tool] start grep C:\Users\ether\AppData\Local\data-insights-blog-workers\worker-4\.cursor
[2026-08-20 18:58:25] [cot:tool] done glob
[2026-08-20 18:58:25] [cot:tool] done grep C:\Users\ether\AppData\Local\data-insights-blog-workers\worker-4\.cursor
[2026-08-20 18:58:25] [cot:thought] Reviewing recent update post patterns to distinguish them from research posts. Also examining prior institutions data and dashboard details.
[2026-08-20 18:58:25] [cot:tool] start read C:\Users\ether\AppData\Local\data-insights-blog-workers\worker-4\src\data\macro-growth-trade-update-2026-data.ts
[2026-08-20 18:58:26] [cot:tool] done read C:\Users\ether\AppData\Local\data-insights-blog-workers\worker-4\src\data\macro-growth-trade-update-2026-data.ts
[2026-08-20 18:58:26] [cot:tool] start read C:\Users\ether\AppData\Local\data-insights-blog-workers\worker-4\src\components\visualizations\GeopoliticsInstitutionsResearchDashboard.tsx
[2026-08-20 18:58:26] [cot:tool] done read C:\Users\ether\AppData\Local\data-insights-blog-workers\worker-4\src\components\visualizations\GeopoliticsInstitutionsResearchDashboard.tsx
[2026-08-20 18:58:26] [cot:tool] start glob
[2026-08-20 18:58:26] [cot:tool] done glob
[2026-08-20 18:58:26] [cot:tool] start grep C:\Users\ether\AppData\Local\data-insights-blog-workers\worker-4\src\data\posts.ts
[2026-08-20 18:58:26] [cot:tool] start webSearch
[2026-08-20 18:58:26] [cot:tool] done grep C:\Users\ether\AppData\Local\data-insights-blog-workers\worker-4\src\data\posts.ts
[2026-08-20 18:58:26] [cot:tool] done webSearch
[2026-08-20 18:58:26] [cot:thought] The prior research post examined IMF/IBRD voting versus GDP and UNSC. The update post will
[2026-08-20 18:58:26] [cot:thought] focus on vintage deltas. Key metrics include IMF 16th GRQ consent progress, World Bank 2025 shareholding review, WEO PPP GDP share updates, and UNSC veto activity.
[2026-08-20 18:58:26] [cot:thought] I will review the prior research data and the dashboard pattern. Then I will fetch the latest IMF consent figures and World Bank share review.
[2026-08-20 18:58:27] [cot:thought] Pulling consent-progress and shareholding-review figures from the research data and a recent update dashboard pattern.
[2026-08-20 18:58:27] [cot:tool] start read C:\Users\ether\AppData\Local\data-insights-blog-workers\worker-4\src\data\geopolitics-institutions-research-2026-data.ts
[2026-08-20 18:58:27] [cot:tool] done read C:\Users\ether\AppData\Local\data-insights-blog-workers\worker-4\src\data\geopolitics-institutions-research-2026-data.ts
[2026-08-20 18:58:27] [cot:tool] start read C:\Users\ether\AppData\Local\data-insights-blog-workers\worker-4\src\components\visualizations\MacroGrowthTradeUpdateDashboard.tsx
[2026-08-20 18:58:27] [cot:tool] done read C:\Users\ether\AppData\Local\data-insights-blog-workers\worker-4\src\components\visualizations\MacroGrowthTradeUpdateDashboard.tsx
[2026-08-20 18:58:27] [cot:tool] start webFetch
[2026-08-20 18:58:27] [cot:tool] start webSearch
[2026-08-20 18:58:27] [cot:tool] done webSearch
[2026-08-20 18:58:27] [cot:tool] done webFetch
[2026-08-20 18:58:27] [cot:thought] The update post narrative is now clear. The update post will
[2026-08-20 18:58:27] [cot:thought] cover three key changes since the research post: - IMF quota consent
[2026-08-20 18:58:27] [cot:thought] remains below thresholds at 72.78% versus the required 85%, with NAB rollback at 83.90% versus 90%; the deadline is extended to May 15, 2026. - The World Bank Spring 2026 report shows 45 of 189 under-represented countries and 144 over-represented; capital increase and Basic Votes changes are rejected, leaving shares frozen. - Updated GDP gaps from the WEO will be included, with China???s share near
[2026-08-20 18:58:27] [cot:thought] 19% versus roughly 6% votes. The IMF consent shortfall is 12.22 percentage points. I am pulling exact figures from the consent paper and World Bank shareholding report. Registration patterns and smoke test markers are also being checked.
[2026-08-20 18:58:27] [cot:tool] start read C:\Users\ether\.cursor\projects\C-Users-ether-AppData-Local-data-insights-blog-workers-worker-4\agent-tools\1bf2c599-59ed-4e8f-888a-f0a09caab91f.txt
[2026-08-20 18:58:28] [cot:tool] done read C:\Users\ether\.cursor\projects\C-Users-ether-AppData-Local-data-insights-blog-workers-worker-4\agent-tools\1bf2c599-59ed-4e8f-888a-f0a09caab91f.txt
[2026-08-20 18:58:28] [cot:tool] start read C:\Users\ether\.cursor\projects\C-Users-ether-AppData-Local-data-insights-blog-workers-worker-4\agent-tools\7e821edf-9359-45a8-855e-a5f06eb4953e.txt
[2026-08-20 18:58:28] [cot:tool] done read C:\Users\ether\.cursor\projects\C-Users-ether-AppData-Local-data-insights-blog-workers-worker-4\agent-tools\7e821edf-9359-45a8-855e-a5f06eb4953e.txt
[2026-08-20 18:58:28] [cot:tool] start grep C:\Users\ether\AppData\Local\data-insights-blog-workers\worker-4\scripts
[2026-08-20 18:58:28] [cot:tool] done grep C:\Users\ether\AppData\Local\data-insights-blog-workers\worker-4\scripts
[2026-08-20 18:58:28] [cot:tool] start read C:\Users\ether\AppData\Local\data-insights-blog-workers\worker-4\scripts\qa-macro-growth-trade-update-2026.mjs
[2026-08-20 18:58:28] [cot:tool] done read C:\Users\ether\AppData\Local\data-insights-blog-workers\worker-4\scripts\qa-macro-growth-trade-update-2026.mjs
[2026-08-20 18:58:28] [cot:tool] start grep C:\Users\ether\AppData\Local\data-insights-blog-workers\worker-4\src\types\post.ts
[2026-08-20 18:58:28] [cot:tool] start grep C:\Users\ether\AppData\Local\data-insights-blog-workers\worker-4\src\components\PostVisualization.tsx
[2026-08-20 18:58:29] [cot:tool] done grep C:\Users\ether\AppData\Local\data-insights-blog-workers\worker-4\src\types\post.ts
[2026-08-20 18:58:29] [cot:tool] done grep C:\Users\ether\AppData\Local\data-insights-blog-workers\worker-4\src\components\PostVisualization.tsx
[2026-08-20 18:58:29] [cot:thought] Checking the consent list to verify US approval.
[2026-08-20 18:58:29] [cot:tool] start grep C:\Users\ether\.cursor\projects\C-Users-ether-AppData-Local-data-insights-blog-workers-worker-4\agent-tools\1bf2c599-59ed-4e8f-888a-f0a09caab91f.txt
[2026-08-20 18:58:29] [cot:tool] done grep C:\Users\ether\.cursor\projects\C-Users-ether-AppData-Local-data-insights-blog-workers-worker-4\agent-tools\1bf2c599-59ed-4e8f-888a-f0a09caab91f.txt
[2026-08-20 18:58:29] [cot:tool] start read C:\Users\ether\AppData\Local\data-insights-blog-workers\worker-4\scripts\smoke-test-viz-posts.mjs
[2026-08-20 18:58:29] [cot:tool] done read C:\Users\ether\AppData\Local\data-insights-blog-workers\worker-4\scripts\smoke-test-viz-posts.mjs
[2026-08-20 18:58:29] [cot:tool] start read C:\Users\ether\AppData\Local\data-insights-blog-workers\worker-4\artifacts\backend-manifest.json
[2026-08-20 18:58:29] [cot:tool] done read C:\Users\ether\AppData\Local\data-insights-blog-workers\worker-4\artifacts\backend-manifest.json
[2026-08-20 18:58:29] [cot:tool] start read C:\Users\ether\AppData\Local\data-insights-blog-workers\worker-4\src\data\macro-growth-trade-update-2026-data.ts
[2026-08-20 18:58:29] [cot:tool] done read C:\Users\ether\AppData\Local\data-insights-blog-workers\worker-4\src\data\macro-growth-trade-update-2026-data.ts
[2026-08-20 18:58:29] [cot:thought] The United States is absent from the consented list. This is the key story. US quota share is
[2026-08-20 18:58:30] [cot:thought] roughly 17.4%. That alone covers the 12.22 percentage point gap. The headline will cite the 72.78% IMF 16th GRQ consent rate against the 85% threshold.
[2026-08-20 18:58:30] [cot:thought] The World Bank 2025 review found 45 under-represented countries but no SCI. Relative shares remain frozen.
[2026-08-20 18:58:30] [cot:thought] The research post
[2026-08-20 18:58:30] [cot:thought] lacked consent numbers. Prior analysis assumed frozen shares plus a fifty percent agreement.
[2026-08-20 18:58:30] [cot:thought] The update shows effectiveness stalled at seventy-two point seven eight percent.
[2026-08-20 18:58:30] [cot:thought] The World Bank review closed without realignment. WEO PPP shares likely remain unchanged. China is eighteen point seven percent. The United States is fifteen point five percent.
[2026-08-20 18:58:30] [cot:tool] start read C:\Users\ether\.cursor\projects\C-Users-ether-AppData-Local-data-insights-blog-workers-worker-4\agent-tools\1bf2c599-59ed-4e8f-888a-f0a09caab91f.txt
[2026-08-20 18:58:30] [cot:tool] done read C:\Users\ether\.cursor\projects\C-Users-ether-AppData-Local-data-insights-blog-workers-worker-4\agent-tools\1bf2c599-59ed-4e8f-888a-f0a09caab91f.txt
[2026-08-20 18:58:30] [cot:tool] start grep C:\Users\ether\AppData\Local\data-insights-blog-workers\worker-4\scripts\smoke-test-viz-posts.mjs
[2026-08-20 18:58:30] [cot:tool] done grep C:\Users\ether\AppData\Local\data-insights-blog-workers\worker-4\scripts\smoke-test-viz-posts.mjs
[2026-08-20 18:58:30] [cot:tool] start shell $env:BLOG_REPO_ROOT='E:\AI Projects\data-insights-blog'; npx tsx "E:\AI Projects\data-insights-blog\scripts\update-agent-job.mjs" --job job-mt23ws03-o7sa8 --status building --activity "Phase 1: writing data module (IMF consent + WB shareholding vintage)"
[2026-08-20 18:58:30] [cot:tool] done shell $env:BLOG_REPO_ROOT='E:\AI Projects\data-insights-blog'; npx tsx "E:\AI Projects\data-insights-blog\scripts\update-agent-job.mjs" --job job-mt23ws03-o7sa8 --status building --activity "Phase 1: writing data module (IMF consent + WB shareholding vintage)"
[2026-08-20 18:58:30] [cot:thought] United States is excluded from both the quota increase and NAB rollback consented lists.
[2026-08-20 18:58:30] [cot:thought] The headline will
[2026-08-20 18:58:30] [cot:thought] focus on the IMF 16th General Review Quota consent stuck at 72.78%, 12.22 percentage points short of the 85% threshold.
[2026-08-20 18:58:30] [cot:thought] The United States holds roughly 17.4% of quotas, exceeding the shortfall. Japan leads the NAB consent list at 18.39%.
[2026-08-20 18:58:30] [cot:thought] The World Bank 2025 review identified 45 under-represented countries totaling 47.5% of shareholding, yet the Security Capital Instrument remains frozen.
[2026-08-20 18:58:30] [cot:thought] Six dashboard panels
[2026-08-20 18:58:30] [cot:thought] are planned to meet the visualization requirements. A thermometer panel will track quota consent against the 85% threshold and NAB consent against 90%. A timeline panel will map the path from December 2023 to the May 2026 deadline.
[2026-08-20 18:58:30] [cot:thought] A World Bank misalignment panel will contrast under- and over-represented countries, highlighting that low-income countries hold only 2% of voting power. A vote-GDP gap panel will show that these gaps remain frozen since prior research.
[2026-08-20 18:58:30] [cot:thought] A big-shareholder consent status panel and an authority freeze scorecard will round out the set.
[2026-08-20 18:58:30] [cot:thought] Dashboard controls
[2026-08-20 18:58:30] [cot:thought] will include an institution toggle, a region filter, and a metric comparing consent progress to the representation gap. The data module is being written now and will be committed in phase one. China, Japan, the UK, France, and Germany have all consented, while the United States has not.
[2026-08-20 18:58:30] [cot:thought] US hasn't consented???that's the binding gap. Writing the data module next.
[2026-08-20 18:58:30] [cot:tool] start edit C:\Users\ether\AppData\Local\data-insights-blog-workers\worker-4\src\data\geopolitics-institutions-update-2026-data.ts
[2026-08-20 18:58:31] [cot:tool] done edit C:\Users\ether\AppData\Local\data-insights-blog-workers\worker-4\src\data\geopolitics-institutions-update-2026-data.ts
[2026-08-20 18:58:31] [cot:thought] Committing phase 1 and starting the dashboard.
[2026-08-20 18:58:31] [cot:tool] start shell git add -A; git commit --trailer "Co-authored-by: Cursor <cursoragent@cursor.com>" -m "wip(geopolitics-institutions-update-2026): data module"
[2026-08-20 18:58:31] [cot:tool] done shell git add -A; git commit --trailer "Co-authored-by: Cursor <cursoragent@cursor.com>" -m "wip(geopolitics-institutions-update-2026): data module"
[2026-08-20 18:58:31] [cot:thought] Writing the dashboard with diverse chart types and controls. Then wiring up registration.
[2026-08-20 18:58:31] [cot:thought] Building the dashboard and wiring visualization registration.
[2026-08-20 18:58:31] [cot:tool] start read C:\Users\ether\AppData\Local\data-insights-blog-workers\worker-4\src\components\PostVisualization.tsx
[2026-08-20 18:58:31] [cot:tool] done read C:\Users\ether\AppData\Local\data-insights-blog-workers\worker-4\src\components\PostVisualization.tsx
[2026-08-20 18:58:31] [cot:tool] start read C:\Users\ether\AppData\Local\data-insights-blog-workers\worker-4\src\types\post.ts
[2026-08-20 18:58:32] [cot:tool] start read C:\Users\ether\AppData\Local\data-insights-blog-workers\worker-4\src\data\theme-registry.ts
[2026-08-20 18:58:32] [cot:tool] done read C:\Users\ether\AppData\Local\data-insights-blog-workers\worker-4\src\types\post.ts
[2026-08-20 18:58:32] [cot:tool] done read C:\Users\ether\AppData\Local\data-insights-blog-workers\worker-4\src\data\theme-registry.ts
[2026-08-20 18:58:32] [cot:thought] The dashboard will be written while registration files are updated in parallel.
[2026-08-20 18:58:32] [cot:tool] start edit C:\Users\ether\AppData\Local\data-insights-blog-workers\worker-4\src\components\visualizations\GeopoliticsInstitutionsUpdateDashboard.tsx
[2026-08-20 18:58:32] [cot:tool] start edit C:\Users\ether\AppData\Local\data-insights-blog-workers\worker-4\src\types\post.ts
[2026-08-20 18:58:32] [cot:tool] done edit C:\Users\ether\AppData\Local\data-insights-blog-workers\worker-4\src\components\visualizations\GeopoliticsInstitutionsUpdateDashboard.tsx
[2026-08-20 18:58:32] [cot:tool] done edit C:\Users\ether\AppData\Local\data-insights-blog-workers\worker-4\src\types\post.ts
[2026-08-20 18:58:32] [cot:tool] start edit C:\Users\ether\AppData\Local\data-insights-blog-workers\worker-4\src\data\theme-registry.ts
[2026-08-20 18:58:33] [cot:tool] start edit C:\Users\ether\AppData\Local\data-insights-blog-workers\worker-4\src\components\PostVisualization.tsx
[2026-08-20 18:58:33] [cot:tool] start read C:\Users\ether\AppData\Local\data-insights-blog-workers\worker-4\src\components\PostVisualization.tsx
[2026-08-20 18:58:33] [cot:tool] done read C:\Users\ether\AppData\Local\data-insights-blog-workers\worker-4\src\components\PostVisualization.tsx
[2026-08-20 18:58:33] [cot:tool] done edit C:\Users\ether\AppData\Local\data-insights-blog-workers\worker-4\src\data\theme-registry.ts
[2026-08-20 18:58:33] [cot:tool] done edit C:\Users\ether\AppData\Local\data-insights-blog-workers\worker-4\src\components\PostVisualization.tsx
[2026-08-20 18:58:33] [cot:thought] Adding the render branch for the geopolitics-institutions-update-2026 post.
[2026-08-20 18:58:33] [cot:tool] start edit C:\Users\ether\AppData\Local\data-insights-blog-workers\worker-4\src\components\PostVisualization.tsx
[2026-08-20 18:58:33] [cot:tool] start shell git add -A; git commit --trailer "Co-authored-by: Cursor <cursoragent@cursor.com>" -m "wip(geopolitics-institutions-update-2026): dashboard + viz wireup"; $env:BLOG_REPO_ROOT='E:\AI Projects\data-insights-blog'; npx tsx "E:\AI Projects\data-insights-blog\scripts\update-agent-job.mjs" --job job-mt23ws03-o7sa8 --status building --activity "Phase 3: post prose + hero image"
[2026-08-20 18:58:34] [cot:tool] done edit C:\Users\ether\AppData\Local\data-insights-blog-workers\worker-4\src\components\PostVisualization.tsx
[2026-08-20 18:58:34] [cot:tool] done shell git add -A; git commit --trailer "Co-authored-by: Cursor <cursoragent@cursor.com>" -m "wip(geopolitics-institutions-update-2026): dashboard + viz wireup"; $env:BLOG_REPO_ROOT='E:\AI Projects\data-insights-blog'; npx tsx "E:\AI Projects\data-insights-blog\scripts\update-agent-job.mjs" --job job-mt23ws03-o7sa8 --status building --activity "Phase 3: post prose + hero image"
[2026-08-20 18:58:34] [cot:thought] Checking shell output and proceeding with posts.ts and hero image generation.
[2026-08-20 18:58:34] [cot:tool] start await
[2026-08-20 18:58:34] [cot:tool] start generateImage
[2026-08-20 18:58:34] [cot:tool] start read C:\Users\ether\AppData\Local\data-insights-blog-workers\worker-4\src\data\posts.ts
[2026-08-20 18:58:34] [cot:tool] done read C:\Users\ether\AppData\Local\data-insights-blog-workers\worker-4\src\data\posts.ts
[2026-08-20 18:58:34] [cot:tool] done await
[2026-08-20 18:58:34] [cot:tool] done generateImage
[2026-08-20 18:58:34] [cot:thought] Copying the hero image to public/images and writing the post entry. Checking the fiscal
[2026-08-20 18:58:34] [cot:thought] update's word count for reference length. Writing a full post of at least 1200 words with six H2 sections.
[2026-08-20 18:58:34] [cot:thought] Copying the hero into `public/images` and adding the post prose.
[2026-08-20 18:58:34] [cot:tool] start shell Copy-Item "C:\Users\ether\.cursor\projects\C-Users-ether-AppData-Local-data-insights-blog-workers-worker-4\assets\politics-geopolitics-institutions-update-2026-hero.png" -Destination "C:\Users\ether\AppData\Local\data-insights-blog-workers\worker-4\public\images\politics-geopolitics-institutions-update-2026-hero.png" -Force; Test-Path "C:\Users\ether\AppData\Local\data-insights-blog-workers\worker-4\public\images\politics-geopolitics-institutions-update-2026-hero.png"
[2026-08-20 18:58:35] [cot:tool] start edit C:\Users\ether\AppData\Local\data-insights-blog-workers\worker-4\src\data\posts.ts
[2026-08-20 18:58:35] [cot:tool] done shell Copy-Item "C:\Users\ether\.cursor\projects\C-Users-ether-AppData-Local-data-insights-blog-workers-worker-4\assets\politics-geopolitics-institutions-update-2026-hero.png" -Destination "C:\Users\ether\AppData\Local\data-insights-blog-workers\worker-4\public\images\politics-geopolitics-institutions-update-2026-hero.png" -Force; Test-Path "C:\Users\ether\AppData\Local\data-insights-blog-workers\worker-4\public\images\politics-geopolitics-institutions-update-2026-hero.png"
[2026-08-20 18:58:35] [cot:tool] done edit C:\Users\ether\AppData\Local\data-insights-blog-workers\worker-4\src\data\posts.ts
[2026-08-20 18:58:35] [cot:thought] Updating the backend manifest, writing a QA script, adding a smoke marker, committing, and deploying.
[2026-08-20 18:58:35] [cot:tool] start edit C:\Users\ether\AppData\Local\data-insights-blog-workers\worker-4\artifacts\backend-manifest.json
[2026-08-20 18:58:35] [cot:tool] done edit C:\Users\ether\AppData\Local\data-insights-blog-workers\worker-4\artifacts\backend-manifest.json
[2026-08-20 18:58:35] [cot:tool] start read C:\Users\ether\AppData\Local\data-insights-blog-workers\worker-4\scripts\qa-macro-growth-trade-update-2026.mjs
[2026-08-20 18:58:36] [cot:tool] start read C:\Users\ether\AppData\Local\data-insights-blog-workers\worker-4\scripts\smoke-test-viz-posts.mjs
[2026-08-20 18:58:36] [cot:tool] done read C:\Users\ether\AppData\Local\data-insights-blog-workers\worker-4\scripts\qa-macro-growth-trade-update-2026.mjs
[2026-08-20 18:58:36] [cot:tool] done read C:\Users\ether\AppData\Local\data-insights-blog-workers\worker-4\scripts\smoke-test-viz-posts.mjs
[2026-08-20 18:58:36] [cot:thought] Writing the QA script and adding a smoke marker to the POSTS array. Then committing and deploying.
[2026-08-20 18:58:36] [cot:tool] start edit C:\Users\ether\AppData\Local\data-insights-blog-workers\worker-4\scripts\qa-geopolitics-institutions-update-2026.mjs
[2026-08-20 18:58:37] [cot:tool] start edit C:\Users\ether\AppData\Local\data-insights-blog-workers\worker-4\scripts\smoke-test-viz-posts.mjs
[2026-08-20 18:58:37] [cot:tool] done edit C:\Users\ether\AppData\Local\data-insights-blog-workers\worker-4\scripts\qa-geopolitics-institutions-update-2026.mjs
[2026-08-20 18:58:37] [cot:tool] start shell $wc = (Select-String -Path "src\data\posts.ts" -Pattern 'id: "geopolitics-institutions-update-2026"' -Context 0,0); $content = Get-Content "src\data\posts.ts" -Raw; $m = [regex]::Match($content, 'id: "geopolitics-institutions-update-2026"[\s\S]*?content: `([\s\S]*?)`,\r?\n    category:'); if ($m.Success) { $words = ($m.Groups[1].Value -split '\s+').Count; $h2 = ([regex]::Matches($m.Groups[1].Value, '(?m)^## ')).Count; Write-Output "words=$words h2=$h2" } else { Write-Output "parse fail" }; git add -A; git commit --trailer "Co-authored-by: Cursor <cursoragent@cursor.com>" -m "wip(geopolitics-institutions-update-2026): post prose + hero"; git add -A; git status --short; git log -3 --oneline
[2026-08-20 18:58:37] [cot:tool] done edit C:\Users\ether\AppData\Local\data-insights-blog-workers\worker-4\scripts\smoke-test-viz-posts.mjs
[2026-08-20 18:58:37] [cot:tool] done shell $wc = (Select-String -Path "src\data\posts.ts" -Pattern 'id: "geopolitics-institutions-update-2026"' -Context 0,0); $content = Get-Content "src\data\posts.ts" -Raw; $m = [regex]::Match($content, 'id: "geopolitics-institutions-update-2026"[\s\S]*?content: `([\s\S]*?)`,\r?\n    category:'); if ($m.Success) { $words = ($m.Groups[1].Value -split '\s+').Count; $h2 = ([regex]::Matches($m.Groups[1].Value, '(?m)^## ')).Count; Write-Output "words=$words h2=$h2" } else { Write-Output "parse fail" }; git add -A; git commit --trailer "Co-authored-by: Cursor <cursoragent@cursor.com>" -m "wip(geopolitics-institutions-update-2026): post prose + hero"; git add -A; git status --short; git log -3 --oneline
[2026-08-20 18:58:37] [cot:thought] QA and smoke tests were already committed with the prose and hero content. The working tree is
[2026-08-20 18:58:37] [cot:thought] clean. Updating the job status to QA and running the isolated-port deploy.Running local deploy with isolated ports 4186/4187.
[2026-08-20 18:58:37] [cot:tool] start shell $env:BLOG_REPO_ROOT='E:\AI Projects\data-insights-blog'; npx tsx "E:\AI Projects\data-insights-blog\scripts\update-agent-job.mjs" --job job-mt23ws03-o7sa8 --status qa --activity "Running npm run deploy on SMOKE_PORT=4186"; $env:SMOKE_PORT='4186'; $env:SMOKE_QA_PORT='4187'; npm run deploy
[2026-08-20 18:58:38] [cot:tool] done shell $env:BLOG_REPO_ROOT='E:\AI Projects\data-insights-blog'; npx tsx "E:\AI Projects\data-insights-blog\scripts\update-agent-job.mjs" --job job-mt23ws03-o7sa8 --status qa --activity "Running npm run deploy on SMOKE_PORT=4186"; $env:SMOKE_PORT='4186'; $env:SMOKE_QA_PORT='4187'; npm run deploy
[2026-08-20 18:58:38] [cot:thought] Deployment passed. Running the QA script next. Then committing and marking the job ready.
[2026-08-20 18:58:38] [cot:thought] Deploy passed. Running the dedicated QA script, then final commit and ready mark.
[2026-08-20 18:58:38] [cot:tool] start shell $env:SMOKE_PORT='4186'; node scripts/qa-geopolitics-institutions-update-2026.mjs; Test-Path "out/blog/geopolitics-institutions-update-2026/index.html"; Test-Path "out/blog/geopolitics-institutions-update-2026.html"
[2026-08-20 18:58:38] [cot:tool] done shell $env:SMOKE_PORT='4186'; node scripts/qa-geopolitics-institutions-update-2026.mjs; Test-Path "out/blog/geopolitics-institutions-update-2026/index.html"; Test-Path "out/blog/geopolitics-institutions-update-2026.html"
[2026-08-20 18:58:38] [cot:thought] The word count regex failed due to Windows line endings or content structure. The QA script regex
[2026-08-20 18:58:38] [cot:thought] expects themeId before content, but the actual post entry places themeId before content too.
[2026-08-20 18:58:38] [cot:thought] This suggests the failure is structural rather than caused by Windows line endings.
[2026-08-20 18:58:38] [cot:thought] The regex already
[2026-08-20 18:58:38] [cot:thought] handles Windows line endings via `\r?\n`, so the failure likely stems from unexpected backtick characters or whitespace in the content block. The fiscal post structure is being compared to confirm the exact format.
[2026-08-20 18:58:38] [cot:thought] The QA script regex
[2026-08-20 18:58:38] [cot:thought] hardcodes `\n` instead of `\r?\n`. This is the root cause of the failure. PowerShell had already parsed the content correctly.
[2026-08-20 18:58:38] [cot:thought] Fixing QA word-count parsing for Windows line endings.
[2026-08-20 18:58:38] [cot:tool] start edit C:\Users\ether\AppData\Local\data-insights-blog-workers\worker-4\scripts\qa-geopolitics-institutions-update-2026.mjs
[2026-08-20 18:58:38] [cot:tool] start shell $env:SMOKE_PORT='4186'; node scripts/qa-geopolitics-institutions-update-2026.mjs
[2026-08-20 18:58:39] [cot:tool] done edit C:\Users\ether\AppData\Local\data-insights-blog-workers\worker-4\scripts\qa-geopolitics-institutions-update-2026.mjs
[2026-08-20 18:58:39] [cot:tool] done shell $env:SMOKE_PORT='4186'; node scripts/qa-geopolitics-institutions-update-2026.mjs
[2026-08-20 18:58:39] [cot:thought] QA passed. Proceeding to final commit and marking the job ready.
[2026-08-20 18:58:39] [cot:tool] start shell git add -A; git commit --trailer "Co-authored-by: Cursor <cursoragent@cursor.com>" -m "feat(post): geopolitics-institutions-update-2026"; git status; git log -5 --oneline; $env:BLOG_REPO_ROOT='E:\AI Projects\data-insights-blog'; npx tsx "E:\AI Projects\data-insights-blog\scripts\update-agent-job.mjs" --job job-mt23ws03-o7sa8 --status ready --activity "Ready for merge" --headline "IMF quota consents 72.78% (???12.22 pp vs 85%); US not filed; WB 45 under-represented / no SCI"; Write-Output "WorkerReady: geopolitics-institutions-update-2026 | job=job-mt23ws03-o7sa8 | worker=4"
[2026-08-20 18:58:39] [cot:tool] done shell git add -A; git commit --trailer "Co-authored-by: Cursor <cursoragent@cursor.com>" -m "feat(post): geopolitics-institutions-update-2026"; git status; git log -5 --oneline; $env:BLOG_REPO_ROOT='E:\AI Projects\data-insights-blog'; npx tsx "E:\AI Projects\data-insights-blog\scripts\update-agent-job.mjs" --job job-mt23ws03-o7sa8 --status ready --activity "Ready for merge" --headline "IMF quota consents 72.78% (???12.22 pp vs 85%); US not filed; WB 45 under-represented / no SCI"; Write-Output "WorkerReady: geopolitics-institutions-update-2026 | job=job-mt23ws03-o7sa8 | worker=4"
[2026-08-20 18:58:40] [cot:thought] The blog post has been fully produced and committed. The worker is now ready.Shipped **geopolitics-institutions-update-2026** on `post/geopolitics-institutions-update-2026-w4`.
[2026-08-20 18:58:40] [cot:thought] **
[2026-08-20 18:58:40] [cot:thought] Headline:** IMF quota consents at **72.78%** (???12.22 pp vs 85%); US not filed; WB **45** under-represented countries / no SCI.
[2026-08-20 18:58:40] [cot:thought] **Vintage delta:** Research stock (shares frozen after 16th GRQ) ??? IMF PP 2025/040 consent ledger + WB DC2026-0003 shareholding review ???
[2026-08-20 18:58:40] [cot:thought] soft voice advances; hard voting weights stay frozen.
[2026-08-20 18:58:40] [cot:thought] **Gate:** `npm run deploy` (ports 4186/4187) passed; dedicated QA passed; job marked **ready**.
[2026-08-20 18:58:40] [cot:thought] `
[2026-08-20 18:58:40] [cot:system] task_notification
[2026-08-20 18:58:40] [cot:thought] WorkerReady: geopolitics-institutions-update-2026 | job=job-mt23ws03-o7sa8 | worker=4`The commit dashboard wireup task is complete.
[2026-08-20 18:58:40] [cot:thought] Dashboard + viz wireup committed successfully earlier in the run; the post is already marked ready for merge (`WorkerReady: geopolitics-institutions-update-2026`).
[2026-08-20 18:58:41] [cot:system] result ok 892295ms ΓÇö I'll start as worker 4 on `geopolitics-institutions-update-2026`: check conveyor sync, job state, and production rules, then begin the data module phase.Reviewing the prior institutions post and a recent update-post pattern so we can ship a
