[2026-08-01 03:21:48] [cot:system] session model=Auto cwd=E:\AI Projects\data-insights-blog-worktrees\worker-3
[2026-08-01 03:21:48] [cot:user] You are a blog production WORKER in a parallel multi-agent system. ## Identity - Worker ID: 3 - Job ID: job-msa0sb5p-8jgdg - Assigned slug: bank-commercial-credit-research-2026 - Theme ID: bank-commerΓÇª
[2026-08-01 03:21:48] [cot:thought] Starting the bank and commercial credit research blog post. I will follow the
[2026-08-01 03:21:48] [cot:thought] user's explicit instructions. This task requires no Firebase deployment. I will build only the assigned post in this worktree and commit in small phases.
[2026-08-01 03:21:49] [cot:thought] The worker brief overrides
[2026-08-01 03:21:49] [cot:thought] the usual commit rule, so I will commit after each phase. I am now reading the production rules, updating the job status to researching, and exploring existing related files for patterns.
[2026-08-01 03:21:49] [cot:thought] Starting the bank commercial credit post as worker 3 ??? checking the production rules and current worktree state, then researching in a short first phase.
[2026-08-01 03:21:49] [cot:tool] start read E:\AI Projects\data-insights-blog-worktrees\worker-3\.cursor\rules\autonomous-blog-production.mdc
[2026-08-01 03:21:49] [cot:tool] start shell $env:BLOG_REPO_ROOT='E:\AI Projects\data-insights-blog'; npx tsx "E:\AI Projects\data-insights-blog\scripts\update-agent-job.mjs" --job job-msa0sb5p-8jgdg --status researching --activity "Phase 1: exploring patterns + gathering bank/CRE credit data"; git status -sb; git branch --show-current; ls src/data/*bank* src/components/visualizations/*Bank* 2>$null; ls src/data/*credit* src/components/visualizations/*Credit* 2>$null
[2026-08-01 03:21:49] [cot:tool] start glob
[2026-08-01 03:21:49] [cot:tool] start grep E:\AI Projects\data-insights-blog-worktrees\worker-3\src
[2026-08-01 03:21:49] [cot:tool] done read ?
[2026-08-01 03:21:49] [cot:tool] done glob
[2026-08-01 03:21:49] [cot:tool] done grep E:\AI Projects\data-insights-blog-worktrees\worker-3\src
[2026-08-01 03:21:49] [cot:tool] done shell $env:BLOG_REPO_ROOT='E:\AI Projects\data-insights-blog'; npx tsx "E:\AI Projects\data-insights-blog\scripts\update-agent-job.mjs" --job job-msa0sb5p-8jgdg --status researching --activity "Phase 1: exploring patterns + gathering bank/CRE credit data"; git status -sb; git branch --show-current; ls src/data/*bank* src/components/visualizations/*Bank* 2>$null; ls src/data/*credit* src/components/visualizations/*Credit* 2>$null
[2026-08-01 03:21:49] [cot:thought] Existing bank-loan-chargeoffs data and dashboard may be leftover artifacts from another theme.
[2026-08-01 03:21:49] [cot:thought] Reviewing existing
[2026-08-01 03:21:49] [cot:thought] bank credit posts and recent patterns for guidance. Need to locate the autonomous blog production rules, possibly via a different path.
[2026-08-01 03:21:49] [cot:thought] There's leftover bank-loan-chargeoffs work in the tree ??? I'll inspect existing finance posts and a recent dashboard pattern, then start the data module.
[2026-08-01 03:21:49] [cot:tool] start glob
[2026-08-01 03:21:49] [cot:tool] start read E:\AI Projects\data-insights-blog-worktrees\worker-3\src\data\bank-loan-chargeoffs-data.ts
[2026-08-01 03:21:49] [cot:tool] start read E:\AI Projects\data-insights-blog-worktrees\worker-3\src\data\posts.ts
[2026-08-01 03:21:49] [cot:tool] start grep E:\AI Projects\data-insights-blog-worktrees\worker-3\src
[2026-08-01 03:21:49] [cot:tool] start read E:\AI Projects\data-insights-blog-worktrees\worker-3\src\data\money-market-funds-deposits-data.ts
[2026-08-01 03:21:50] [cot:tool] done glob
[2026-08-01 03:21:50] [cot:tool] done read E:\AI Projects\data-insights-blog-worktrees\worker-3\src\data\bank-loan-chargeoffs-data.ts
[2026-08-01 03:21:50] [cot:tool] done read E:\AI Projects\data-insights-blog-worktrees\worker-3\src\data\posts.ts
[2026-08-01 03:21:50] [cot:tool] done grep E:\AI Projects\data-insights-blog-worktrees\worker-3\src
[2026-08-01 03:21:50] [cot:tool] done read E:\AI Projects\data-insights-blog-worktrees\worker-3\src\data\money-market-funds-deposits-data.ts
[2026-08-01 03:21:50] [cot:thought] A bank-loan-chargeoffs post already exists on this theme. The new post will
[2026-08-01 03:21:50] [cot:thought] synthesize Federal Reserve data on CRE delinquency, charge-offs, and commercial lending to answer where stress is appearing on bank loan books and CRE portfolios.
[2026-08-01 03:21:50] [cot:thought] It will follow recent research-style post patterns and avoid reusing the existing charge-offs article.
[2026-08-01 03:21:50] [cot:thought] The next step is fetching the required Federal data. A synthesis dashboard will map stress across bank loan books and CRE portfolios.
[2026-08-01 03:21:50] [cot:thought] Existing charge-offs post stays; I'll ship a distinct research synthesis on loan-book vs CRE stress.
[2026-08-01 03:21:50] [cot:thought] Checking a recent dashboard + QA pattern, then building the data module.
[2026-08-01 03:21:50] [cot:tool] start read E:\AI Projects\data-insights-blog-worktrees\worker-3\src\components\visualizations\FiscalPlumbingResearchDashboard.tsx
[2026-08-01 03:21:50] [cot:tool] start read E:\AI Projects\data-insights-blog-worktrees\worker-3\scripts\qa-fiscal-plumbing-research-2026.mjs
[2026-08-01 03:21:50] [cot:tool] start grep E:\AI Projects\data-insights-blog-worktrees\worker-3\src\data\posts.ts
[2026-08-01 03:21:50] [cot:tool] start read E:\AI Projects\data-insights-blog-worktrees\worker-3\src\data\bank-loan-chargeoffs-data.ts
[2026-08-01 03:21:50] [cot:tool] done read E:\AI Projects\data-insights-blog-worktrees\worker-3\src\components\visualizations\FiscalPlumbingResearchDashboard.tsx
[2026-08-01 03:21:50] [cot:tool] done read E:\AI Projects\data-insights-blog-worktrees\worker-3\scripts\qa-fiscal-plumbing-research-2026.mjs
[2026-08-01 03:21:50] [cot:tool] done grep E:\AI Projects\data-insights-blog-worktrees\worker-3\src\data\posts.ts
[2026-08-01 03:21:50] [cot:tool] done read E:\AI Projects\data-insights-blog-worktrees\worker-3\src\data\bank-loan-chargeoffs-data.ts
[2026-08-01 03:21:50] [cot:tool] start webSearch
[2026-08-01 03:21:51] [cot:tool] done webSearch
[2026-08-01 03:21:51] [cot:thought] Fed data is available. Next step is locating CRE by bank size delinquency data in the repository and reviewing how visualization types are registered.
[2026-08-01 03:21:51] [cot:thought] Planning a research
[2026-08-01 03:21:51] [cot:thought] synthesis post titled "Where is stress showing up." It will feature a dual-meter view comparing delinquency against charge-offs, a category stress map, CRE-specific lag analysis, bank size splits, and consumer versus commercial divergence.
[2026-08-01 03:21:51] [cot:thought] This work will be distinct from the existing bank-loan-chargeoffs-2026 post. Fetching additional CRE size-split data. Reviewing PostVisualization registration patterns, package.json deploy scripts, and smoke test markers.
[2026-08-01 03:21:51] [cot:tool] start webFetch
[2026-08-01 03:21:51] [cot:tool] start grep E:\AI Projects\data-insights-blog-worktrees\worker-3\src
[2026-08-01 03:21:51] [cot:tool] done grep E:\AI Projects\data-insights-blog-worktrees\worker-3\src
[2026-08-01 03:21:51] [cot:tool] start read E:\AI Projects\data-insights-blog-worktrees\worker-3\src\types\post.ts
[2026-08-01 03:21:51] [cot:tool] done read E:\AI Projects\data-insights-blog-worktrees\worker-3\src\types\post.ts
[2026-08-01 03:21:51] [cot:tool] start grep E:\AI Projects\data-insights-blog-worktrees\worker-3\package.json
[2026-08-01 03:21:51] [cot:tool] start grep E:\AI Projects\data-insights-blog-worktrees\worker-3\artifacts
[2026-08-01 03:21:51] [cot:tool] done grep E:\AI Projects\data-insights-blog-worktrees\worker-3\package.json
[2026-08-01 03:21:51] [cot:tool] done grep E:\AI Projects\data-insights-blog-worktrees\worker-3\artifacts
[2026-08-01 03:21:51] [cot:tool] done webFetch
[2026-08-01 03:21:51] [cot:thought] Confirmed that `npm run deploy` is local-only, handling build and smoke tests without touching Firebase.
[2026-08-01 03:21:51] [cot:thought] Fetching CRE size-split
[2026-08-01 03:21:51] [cot:thought] data from FRED. Reviewing smoke test marker registration. Preparing fiscal plumbing data structure as a template for research posts.
[2026-08-01 03:21:51] [cot:tool] start webFetch
[2026-08-01 03:21:51] [cot:tool] start grep E:\AI Projects\data-insights-blog-worktrees\worker-3\scripts\smoke-test-viz-posts.mjs
[2026-08-01 03:21:51] [cot:tool] start read E:\AI Projects\data-insights-blog-worktrees\worker-3\src\data\posts.ts
[2026-08-01 03:21:51] [cot:tool] done grep E:\AI Projects\data-insights-blog-worktrees\worker-3\scripts\smoke-test-viz-posts.mjs
[2026-08-01 03:21:51] [cot:tool] done read E:\AI Projects\data-insights-blog-worktrees\worker-3\src\data\posts.ts
[2026-08-01 03:21:51] [cot:tool] start read E:\AI Projects\data-insights-blog-worktrees\worker-3\artifacts\backend-manifest.json
[2026-08-01 03:21:52] [cot:tool] start grep E:\AI Projects\data-insights-blog-worktrees\worker-3\scripts
[2026-08-01 03:21:52] [cot:tool] done read E:\AI Projects\data-insights-blog-worktrees\worker-3\artifacts\backend-manifest.json
[2026-08-01 03:21:52] [cot:tool] done grep E:\AI Projects\data-insights-blog-worktrees\worker-3\scripts
[2026-08-01 03:21:52] [cot:tool] done webFetch
[2026-08-01 03:21:52] [cot:thought] Fetching CRE size split data. Reviewing smoke-test-viz-posts registration patterns.
[2026-08-01 03:21:52] [cot:thought] Examining a research dashboard for chart diversity.
[2026-08-01 03:21:52] [cot:tool] start webFetch
[2026-08-01 03:21:52] [cot:tool] start read E:\AI Projects\data-insights-blog-worktrees\worker-3\scripts\smoke-test-viz-posts.mjs
[2026-08-01 03:21:52] [cot:tool] start read E:\AI Projects\data-insights-blog-worktrees\worker-3\src\components\visualizations\BankLoanChargeoffsDashboard.tsx
[2026-08-01 03:21:52] [cot:tool] start grep E:\AI Projects\data-insights-blog-worktrees\worker-3\src\data\theme-registry.ts
[2026-08-01 03:21:52] [cot:tool] done webFetch
[2026-08-01 03:21:52] [cot:tool] done read E:\AI Projects\data-insights-blog-worktrees\worker-3\scripts\smoke-test-viz-posts.mjs
[2026-08-01 03:21:52] [cot:tool] done read E:\AI Projects\data-insights-blog-worktrees\worker-3\src\components\visualizations\BankLoanChargeoffsDashboard.tsx
[2026-08-01 03:21:52] [cot:tool] done grep E:\AI Projects\data-insights-blog-worktrees\worker-3\src\data\theme-registry.ts
[2026-08-01 03:21:52] [cot:thought] Fetching size-split CRE delinquency data for the top 100 banks versus other banks to differentiate this post from the chargeoffs analysis.
[2026-08-01 03:21:52] [cot:thought] Planning a research
[2026-08-01 03:21:52] [cot:thought] synthesis post titled "Where is stress showing up?". The post will feature five visual layers: a dual meter comparing delinquency to charge-off by category, a CRE dual-path curve tracking delinquency rise against muted charge-offs, size-cohort CRE delinquency splits, a stress-gap ratio ranking, and a consumer versus CRE versus C&I divergence area chart.
[2026-08-01 03:21:52] [cot:tool] start webFetch
[2026-08-01 03:21:52] [cot:tool] start shell $env:BLOG_REPO_ROOT='E:\AI Projects\data-insights-blog'; npx tsx "E:\AI Projects\data-insights-blog\scripts\update-agent-job.mjs" --job job-msa0sb5p-8jgdg --status building --activity "Phase 1: writing bank-commercial-credit-research-2026 data module"
[2026-08-01 03:21:53] [cot:tool] start read E:\AI Projects\data-insights-blog-worktrees\worker-3\src\components\PostVisualization.tsx
[2026-08-01 03:21:53] [cot:tool] done read E:\AI Projects\data-insights-blog-worktrees\worker-3\src\components\PostVisualization.tsx
[2026-08-01 03:21:53] [cot:tool] done webFetch
[2026-08-01 03:21:53] [cot:tool] done shell $env:BLOG_REPO_ROOT='E:\AI Projects\data-insights-blog'; npx tsx "E:\AI Projects\data-insights-blog\scripts\update-agent-job.mjs" --job job-msa0sb5p-8jgdg --status building --activity "Phase 1: writing bank-commercial-credit-research-2026 data module"
[2026-08-01 03:21:53] [cot:thought] Fetching CRE size split data from the Federal Reserve to compare the top 100 banks against the rest.
[2026-08-01 03:21:53] [cot:thought] Searching the existing
[2026-08-01 03:21:53] [cot:thought] post content for known FRED values.
[2026-08-01 03:21:53] [cot:tool] start grep E:\AI Projects\data-insights-blog-worktrees\worker-3\src\data\posts.ts
[2026-08-01 03:21:53] [cot:tool] start webSearch
[2026-08-01 03:21:53] [cot:tool] done grep E:\AI Projects\data-insights-blog-worktrees\worker-3\src\data\posts.ts
[2026-08-01 03:21:53] [cot:tool] done webSearch
[2026-08-01 03:21:53] [cot:thought] Enough data has been gathered to write the data module. The data module will
[2026-08-01 03:21:53] [cot:thought] synthesize five datasets: dual meter stress maps, CRE dual paths, size cohort comparisons, stress gap ratios, and cards versus CRE divergence. Phase 1 will be committed next.
[2026-08-01 03:21:53] [cot:thought] More historical data is needed for the size cohort path. FRED API will supply
[2026-08-01 03:21:53] [cot:thought] the remaining historical data. Disclosed quarterly points will anchor the size cohort path, with estimates labeled where needed. The existing all-banks series will provide the historical trajectory.
[2026-08-01 03:21:53] [cot:thought] Writing the data module with Fed Q1 2026 dual-meter (delinquency vs charge-off) and CRE size-cohort series.
[2026-08-01 03:21:53] [cot:tool] start webFetch
[2026-08-01 03:21:53] [cot:tool] start edit E:\AI Projects\data-insights-blog-worktrees\worker-3\src\data\bank-commercial-credit-research-2026-data.ts
[2026-08-01 03:21:53] [cot:tool] done webFetch
[2026-08-01 03:21:53] [cot:tool] done edit E:\AI Projects\data-insights-blog-worktrees\worker-3\src\data\bank-commercial-credit-research-2026-data.ts
[2026-08-01 03:21:53] [cot:thought] The full FRED CSV is now available. I will replace the estimated CRE_SIZE_PATH values with accurate disclosed figures.
[2026-08-01 03:21:53] [cot:thought] Updating the size-cohort path with exact FRED values, then committing phase 1.
[2026-08-01 03:21:53] [cot:tool] start edit E:\AI Projects\data-insights-blog-worktrees\worker-3\src\data\bank-commercial-credit-research-2026-data.ts
[2026-08-01 03:21:54] [cot:tool] start shell git add src/data/bank-commercial-credit-research-2026-data.ts; git commit --trailer "Co-authored-by: Cursor <cursoragent@cursor.com>" -m "wip(bank-commercial-credit-research-2026): data module"; $env:BLOG_REPO_ROOT='E:\AI Projects\data-insights-blog'; npx tsx "E:\AI Projects\data-insights-blog\scripts\update-agent-job.mjs" --job job-msa0sb5p-8jgdg --status building --activity "Phase 1 done: data module committed; starting dashboard"
[2026-08-01 03:21:54] [cot:tool] done edit E:\AI Projects\data-insights-blog-worktrees\worker-3\src\data\bank-commercial-credit-research-2026-data.ts
[2026-08-01 03:21:54] [cot:tool] done shell git add src/data/bank-commercial-credit-research-2026-data.ts; git commit --trailer "Co-authored-by: Cursor <cursoragent@cursor.com>" -m "wip(bank-commercial-credit-research-2026): data module"; $env:BLOG_REPO_ROOT='E:\AI Projects\data-insights-blog'; npx tsx "E:\AI Projects\data-insights-blog\scripts\update-agent-job.mjs" --job job-msa0sb5p-8jgdg --status building --activity "Phase 1 done: data module committed; starting dashboard"
[2026-08-01 03:21:54] [cot:thought] Phase 1 is complete. The dashboard will now be built with diverse chart types, panels, and controls. Registration wiring follows.
[2026-08-01 03:21:54] [cot:thought] Phase 1 committed. Building the dashboard with dual-meter, CRE path, size cohort, and gap-rank panels.
[2026-08-01 03:21:54] [cot:tool] start read E:\AI Projects\data-insights-blog-worktrees\worker-3\src\components\PostVisualization.tsx
[2026-08-01 03:21:54] [cot:tool] start edit E:\AI Projects\data-insights-blog-worktrees\worker-3\src\components\visualizations\BankCommercialCreditResearchDashboard.tsx
[2026-08-01 03:21:54] [cot:tool] done read E:\AI Projects\data-insights-blog-worktrees\worker-3\src\components\PostVisualization.tsx
[2026-08-01 03:21:54] [cot:tool] done edit E:\AI Projects\data-insights-blog-worktrees\worker-3\src\components\visualizations\BankCommercialCreditResearchDashboard.tsx
[2026-08-01 03:21:54] [cot:thought] The slope panel's ComposedChart with Lines is too messy. A custom dumbbell HTML component is already available.
[2026-08-01 03:21:54] [cot:thought] The slope panel will
[2026-08-01 03:21:54] [cot:thought] be simplified to use the dumbbell component and drop the broken ComposedChart. Unused imports will be cleaned up. Then the panel will be registered in post.ts and PostVisualization.tsx.
[2026-08-01 03:21:54] [cot:thought] Simplifying the slope panel (removing the broken chart) and wiring visualization registration.
[2026-08-01 03:21:54] [cot:tool] start edit E:\AI Projects\data-insights-blog-worktrees\worker-3\src\components\visualizations\BankCommercialCreditResearchDashboard.tsx
[2026-08-01 03:21:54] [cot:tool] done edit E:\AI Projects\data-insights-blog-worktrees\worker-3\src\components\visualizations\BankCommercialCreditResearchDashboard.tsx
[2026-08-01 03:21:54] [cot:tool] start edit E:\AI Projects\data-insights-blog-worktrees\worker-3\src\types\post.ts
[2026-08-01 03:21:54] [cot:tool] start edit E:\AI Projects\data-insights-blog-worktrees\worker-3\src\components\PostVisualization.tsx
[2026-08-01 03:21:54] [cot:tool] done edit E:\AI Projects\data-insights-blog-worktrees\worker-3\src\types\post.ts
[2026-08-01 03:21:54] [cot:tool] start edit E:\AI Projects\data-insights-blog-worktrees\worker-3\src\data\theme-registry.ts
[2026-08-01 03:21:54] [cot:tool] done edit E:\AI Projects\data-insights-blog-worktrees\worker-3\src\components\PostVisualization.tsx
[2026-08-01 03:21:54] [cot:tool] start edit E:\AI Projects\data-insights-blog-worktrees\worker-3\src\components\PostVisualization.tsx
[2026-08-01 03:21:54] [cot:tool] done edit E:\AI Projects\data-insights-blog-worktrees\worker-3\src\data\theme-registry.ts
[2026-08-01 03:21:54] [cot:tool] done edit E:\AI Projects\data-insights-blog-worktrees\worker-3\src\components\PostVisualization.tsx
[2026-08-01 03:21:54] [cot:thought] Phase 2 is committed. Next: posts and hero.
[2026-08-01 03:21:54] [cot:tool] start shell git add src/components/visualizations/BankCommercialCreditResearchDashboard.tsx src/types/post.ts src/components/PostVisualization.tsx src/data/theme-registry.ts; git commit --trailer "Co-authored-by: Cursor <cursoragent@cursor.com>" -m "wip(bank-commercial-credit-research-2026): dashboard + viz wireup"; $env:BLOG_REPO_ROOT='E:\AI Projects\data-insights-blog'; npx tsx "E:\AI Projects\data-insights-blog\scripts\update-agent-job.mjs" --job job-msa0sb5p-8jgdg --status building --activity "Phase 2 done: dashboard wired; writing post prose + hero"
[2026-08-01 03:21:54] [cot:tool] start generateImage
[2026-08-01 03:21:55] [cot:tool] done shell git add src/components/visualizations/BankCommercialCreditResearchDashboard.tsx src/types/post.ts src/components/PostVisualization.tsx src/data/theme-registry.ts; git commit --trailer "Co-authored-by: Cursor <cursoragent@cursor.com>" -m "wip(bank-commercial-credit-research-2026): dashboard + viz wireup"; $env:BLOG_REPO_ROOT='E:\AI Projects\data-insights-blog'; npx tsx "E:\AI Projects\data-insights-blog\scripts\update-agent-job.mjs" --job job-msa0sb5p-8jgdg --status building --activity "Phase 2 done: dashboard wired; writing post prose + hero"
[2026-08-01 03:21:55] [cot:tool] done generateImage
[2026-08-01 03:21:55] [cot:thought] Copying the hero image to public/images/ and writing the posts.ts entry. Drafting the full
[2026-08-01 03:21:55] [cot:thought] post now. It will exceed 1200 words with at least six H2 sections, caveats, a table, and two internal links.
[2026-08-01 03:21:55] [cot:thought] Copying the hero into `public/images` and writing the post prose.
[2026-08-01 03:21:55] [cot:tool] start shell Copy-Item "C:\Users\ether\.cursor\projects\E-AI-Projects-data-insights-blog-worktrees-worker-3\assets\finance-bank-commercial-credit-research-2026-hero.png" "E:\AI Projects\data-insights-blog-worktrees\worker-3\public\images\finance-bank-commercial-credit-research-2026-hero.png" -Force; Test-Path "E:\AI Projects\data-insights-blog-worktrees\worker-3\public\images\finance-bank-commercial-credit-research-2026-hero.png"
[2026-08-01 03:21:55] [cot:tool] start read E:\AI Projects\data-insights-blog-worktrees\worker-3\src\data\posts.ts
[2026-08-01 03:21:55] [cot:tool] done read E:\AI Projects\data-insights-blog-worktrees\worker-3\src\data\posts.ts
[2026-08-01 03:21:55] [cot:tool] done shell Copy-Item "C:\Users\ether\.cursor\projects\E-AI-Projects-data-insights-blog-worktrees-worker-3\assets\finance-bank-commercial-credit-research-2026-hero.png" "E:\AI Projects\data-insights-blog-worktrees\worker-3\public\images\finance-bank-commercial-credit-research-2026-hero.png" -Force; Test-Path "E:\AI Projects\data-insights-blog-worktrees\worker-3\public\images\finance-bank-commercial-credit-research-2026-hero.png"
[2026-08-01 03:21:55] [cot:thought] The new post will be inserted at the beginning of the samplePosts array, since featured posts typically appear first.
[2026-08-01 03:21:55] [cot:tool] start edit E:\AI Projects\data-insights-blog-worktrees\worker-3\src\data\posts.ts
[2026-08-01 03:21:55] [cot:tool] done edit E:\AI Projects\data-insights-blog-worktrees\worker-3\src\data\posts.ts
[2026-08-01 03:21:55] [cot:thought] Updating the backend manifest, committing phase 3, and writing the QA script with a smoke marker.
[2026-08-01 03:21:55] [cot:tool] start edit E:\AI Projects\data-insights-blog-worktrees\worker-3\artifacts\backend-manifest.json
[2026-08-01 03:21:55] [cot:tool] start shell git add src/data/posts.ts public/images/finance-bank-commercial-credit-research-2026-hero.png artifacts/backend-manifest.json; git commit --trailer "Co-authored-by: Cursor <cursoragent@cursor.com>" -m "wip(bank-commercial-credit-research-2026): post prose + hero"; $env:BLOG_REPO_ROOT='E:\AI Projects\data-insights-blog'; npx tsx "E:\AI Projects\data-insights-blog\scripts\update-agent-job.mjs" --job job-msa0sb5p-8jgdg --status building --activity "Phase 3 done: post + hero; writing QA + smoke marker"
[2026-08-01 03:21:55] [cot:tool] done edit E:\AI Projects\data-insights-blog-worktrees\worker-3\artifacts\backend-manifest.json
[2026-08-01 03:21:55] [cot:tool] done shell git add src/data/posts.ts public/images/finance-bank-commercial-credit-research-2026-hero.png artifacts/backend-manifest.json; git commit --trailer "Co-authored-by: Cursor <cursoragent@cursor.com>" -m "wip(bank-commercial-credit-research-2026): post prose + hero"; $env:BLOG_REPO_ROOT='E:\AI Projects\data-insights-blog'; npx tsx "E:\AI Projects\data-insights-blog\scripts\update-agent-job.mjs" --job job-msa0sb5p-8jgdg --status building --activity "Phase 3 done: post + hero; writing QA + smoke marker"
[2026-08-01 03:21:55] [cot:thought] Running the QA script and smoke marker. Then deploying with isolated ports.
[2026-08-01 03:21:55] [cot:tool] start edit E:\AI Projects\data-insights-blog-worktrees\worker-3\scripts\qa-bank-commercial-credit-research-2026.mjs
[2026-08-01 03:21:55] [cot:tool] done edit E:\AI Projects\data-insights-blog-worktrees\worker-3\scripts\qa-bank-commercial-credit-research-2026.mjs
[2026-08-01 03:21:55] [cot:tool] start edit E:\AI Projects\data-insights-blog-worktrees\worker-3\scripts\smoke-test-viz-posts.mjs
[2026-08-01 03:21:55] [cot:tool] start shell git add scripts/qa-bank-commercial-credit-research-2026.mjs scripts/smoke-test-viz-posts.mjs; git commit --trailer "Co-authored-by: Cursor <cursoragent@cursor.com>" -m "wip(bank-commercial-credit-research-2026): qa + smoke"; $env:BLOG_REPO_ROOT='E:\AI Projects\data-insights-blog'; npx tsx "E:\AI Projects\data-insights-blog\scripts\update-agent-job.mjs" --job job-msa0sb5p-8jgdg --status qa --activity "Phase 4 done: running npm run deploy on ports 4184/4185"
[2026-08-01 03:21:55] [cot:tool] done edit E:\AI Projects\data-insights-blog-worktrees\worker-3\scripts\smoke-test-viz-posts.mjs
[2026-08-01 03:21:55] [cot:tool] done shell git add scripts/qa-bank-commercial-credit-research-2026.mjs scripts/smoke-test-viz-posts.mjs; git commit --trailer "Co-authored-by: Cursor <cursoragent@cursor.com>" -m "wip(bank-commercial-credit-research-2026): qa + smoke"; $env:BLOG_REPO_ROOT='E:\AI Projects\data-insights-blog'; npx tsx "E:\AI Projects\data-insights-blog\scripts\update-agent-job.mjs" --job job-msa0sb5p-8jgdg --status qa --activity "Phase 4 done: running npm run deploy on ports 4184/4185"
[2026-08-01 03:21:55] [cot:thought] Running npm run deploy with SMOKE_PORT=4184 and SMOKE_QA_PORT=4185. The build and smoke tests will take some time.
[2026-08-01 03:21:55] [cot:thought] Running the local deploy gate on ports 4184/4185.
[2026-08-01 03:21:55] [cot:tool] start shell $env:SMOKE_PORT='4184'; $env:SMOKE_QA_PORT='4185'; npm run deploy
[2026-08-01 03:21:56] [cot:tool] done shell $env:SMOKE_PORT='4184'; $env:SMOKE_QA_PORT='4185'; npm run deploy
[2026-08-01 03:21:56] [cot:thought] A pre-existing type error was found in GlobalShipbuildingGtDeliveryDashboard. The TSX file is blocking
[2026-08-01 03:21:56] [cot:thought] the build. A minimal fix is needed to unblock the post deployment.Fixing a pre-existing TypeScript error that's blocking the build.
[2026-08-01 03:21:56] [cot:tool] start read E:\AI Projects\data-insights-blog-worktrees\worker-3\src\components\visualizations\GlobalShipbuildingGtDeliveryDashboard.tsx
[2026-08-01 03:21:56] [cot:tool] done read E:\AI Projects\data-insights-blog-worktrees\worker-3\src\components\visualizations\GlobalShipbuildingGtDeliveryDashboard.tsx
[2026-08-01 03:21:56] [cot:thought] A simple fix is needed for the onMouseEnter handler. Recharts Bar changed
[2026-08-01 03:21:56] [cot:thought] its onMouseEnter signature. The fix is to pass the bar index and look up the segment from segmentBars. Removing the hover handlers entirely is another option.
[2026-08-01 03:21:56] [cot:tool] start edit E:\AI Projects\data-insights-blog-worktrees\worker-3\src\components\visualizations\GlobalShipbuildingGtDeliveryDashboard.tsx
[2026-08-01 03:21:56] [cot:tool] start shell $env:SMOKE_PORT='4184'; $env:SMOKE_QA_PORT='4185'; npm run deploy
[2026-08-01 03:21:56] [cot:tool] done edit E:\AI Projects\data-insights-blog-worktrees\worker-3\src\components\visualizations\GlobalShipbuildingGtDeliveryDashboard.tsx
[2026-08-01 03:21:56] [cot:tool] done shell $env:SMOKE_PORT='4184'; $env:SMOKE_QA_PORT='4185'; npm run deploy
[2026-08-01 03:21:56] [cot:thought] Pre-existing type errors are surfacing. I'll fix them as they appear or look for a pattern.
[2026-08-01 03:21:56] [cot:thought] Grepping for `itemSorter={sortTooltipPayload}`
[2026-08-01 03:21:56] [cot:thought] to batch-fix multiple related type errors.
[2026-08-01 03:21:56] [cot:tool] start grep E:\AI Projects\data-insights-blog-worktrees\worker-3\src
[2026-08-01 03:21:56] [cot:tool] start read E:\AI Projects\data-insights-blog-worktrees\worker-3\src\components\charts\SortedTooltip.tsx
[2026-08-01 03:21:56] [cot:tool] done read E:\AI Projects\data-insights-blog-worktrees\worker-3\src\components\charts\SortedTooltip.tsx
[2026-08-01 03:21:56] [cot:tool] done grep E:\AI Projects\data-insights-blog-worktrees\worker-3\src
[2026-08-01 03:21:56] [cot:thought] Fixing a tooltip item sorter reference in MeasurementScienceResearchDashboard.
[2026-08-01 03:21:56] [cot:tool] start shell (Get-Content "src\components\visualizations\MeasurementScienceResearchDashboard.tsx" -Raw) -replace 'itemSorter=\{sortTooltipPayload\}','itemSorter={tooltipItemSorter}' -replace "sortTooltipPayload","tooltipItemSorter" | Set-Content "src\components\visualizations\MeasurementScienceResearchDashboard.tsx" -NoNewline; Select-String -Path "src\components\visualizations\MeasurementScienceResearchDashboard.tsx" -Pattern "sortTooltip|tooltipItemSorter" | Select-Object -First 15
[2026-08-01 03:21:56] [cot:tool] done shell (Get-Content "src\components\visualizations\MeasurementScienceResearchDashboard.tsx" -Raw) -replace 'itemSorter=\{sortTooltipPayload\}','itemSorter={tooltipItemSorter}' -replace "sortTooltipPayload","tooltipItemSorter" | Set-Content "src\components\visualizations\MeasurementScienceResearchDashboard.tsx" -NoNewline; Select-String -Path "src\components\visualizations\MeasurementScienceResearchDashboard.tsx" -Pattern "sortTooltip|tooltipItemSorter" | Select-Object -First 15
[2026-08-01 03:21:56] [cot:thought] Confirmed the import replacement correctly renamed the tooltip payload helper. Checking whether sortTooltipPayload
[2026-08-01 03:21:56] [cot:thought] is still referenced elsewhere in the file, since Tooltip custom content may depend on it.
[2026-08-01 03:21:56] [cot:tool] start grep E:\AI Projects\data-insights-blog-worktrees\worker-3\src\components\visualizations\MeasurementScienceResearchDashboard.tsx
[2026-08-01 03:21:57] [cot:tool] start shell $env:SMOKE_PORT='4184'; $env:SMOKE_QA_PORT='4185'; npm run deploy
[2026-08-01 03:21:57] [cot:tool] done grep E:\AI Projects\data-insights-blog-worktrees\worker-3\src\components\visualizations\MeasurementScienceResearchDashboard.tsx
[2026-08-01 03:21:57] [cot:tool] done shell $env:SMOKE_PORT='4184'; $env:SMOKE_QA_PORT='4185'; npm run deploy
[2026-08-01 03:21:57] [cot:thought] The visualization union type needs to include the industrial-robotics-research-2026 slug. Dashboard wiring should follow if the dashboard exists.
[2026-08-01 03:21:57] [cot:tool] start grep E:\AI Projects\data-insights-blog-worktrees\worker-3\src
[2026-08-01 03:21:57] [cot:tool] start shell npx tsc --noEmit 2>&1 | Select-Object -First 40
[2026-08-01 03:21:57] [cot:tool] done grep E:\AI Projects\data-insights-blog-worktrees\worker-3\src
[2026-08-01 03:21:57] [cot:tool] done shell npx tsc --noEmit 2>&1 | Select-Object -First 40
[2026-08-01 03:21:57] [cot:thought] The IndustrialRoboticsResearchDashboard component is missing from post.ts type definitions and PostVisualization.
[2026-08-01 03:21:57] [cot:thought] Adding the missing
[2026-08-01 03:21:57] [cot:thought] component now and awaiting TypeScript compilation output.
[2026-08-01 03:21:57] [cot:tool] start await
[2026-08-01 03:21:57] [cot:tool] start grep E:\AI Projects\data-insights-blog-worktrees\worker-3\src\components\PostVisualization.tsx
[2026-08-01 03:21:57] [cot:tool] start grep E:\AI Projects\data-insights-blog-worktrees\worker-3\src\data\posts.ts
[2026-08-01 03:21:58] [cot:tool] done await
[2026-08-01 03:21:58] [cot:tool] done grep E:\AI Projects\data-insights-blog-worktrees\worker-3\src\components\PostVisualization.tsx
[2026-08-01 03:21:58] [cot:tool] done grep E:\AI Projects\data-insights-blog-worktrees\worker-3\src\data\posts.ts
[2026-08-01 03:21:58] [cot:thought] Several visualization keys in posts.ts may be missing from the type union. Three specific posts
[2026-08-01 03:21:58] [cot:thought] were flagged as potentially missing from the type union: industrial-robotics-research-2026, ai-supply-chain-research-2026, and us-billion-dollar-weather-disasters-ms94skof.
[2026-08-01 03:21:58] [cot:thought] The next step is to inspect the TypeScript compiler output and post.ts type definitions to identify and add the missing entries.
[2026-08-01 03:21:58] [cot:tool] start read C:\Users\ether\.cursor\projects\E-AI-Projects-data-insights-blog-worktrees-worker-3\terminals\20574.txt
[2026-08-01 03:21:58] [cot:tool] done read C:\Users\ether\.cursor\projects\E-AI-Projects-data-insights-blog-worktrees-worker-3\terminals\20574.txt
[2026-08-01 03:21:58] [cot:tool] start read E:\AI Projects\data-insights-blog-worktrees\worker-3\src\types\post.ts
[2026-08-01 03:21:58] [cot:tool] start grep E:\AI Projects\data-insights-blog-worktrees\worker-3\src\components\PostVisualization.tsx
[2026-08-01 03:21:58] [cot:tool] done read E:\AI Projects\data-insights-blog-worktrees\worker-3\src\types\post.ts
[2026-08-01 03:21:58] [cot:tool] done grep E:\AI Projects\data-insights-blog-worktrees\worker-3\src\components\PostVisualization.tsx
[2026-08-01 03:21:58] [cot:tool] start glob
[2026-08-01 03:21:58] [cot:tool] start glob
[2026-08-01 03:21:58] [cot:tool] start glob
[2026-08-01 03:21:58] [cot:tool] done glob
[2026-08-01 03:21:58] [cot:tool] done glob
[2026-08-01 03:21:58] [cot:tool] done glob
[2026-08-01 03:21:58] [cot:thought] Three missing visualization types must be added to post.ts and wired into PostVisualization.
[2026-08-01 03:21:58] [cot:thought] Reviewing existing
[2026-08-01 03:21:58] [cot:thought] dashboard export patterns to guide the TSX wiring.Registering three missing visualizations that are blocking the typecheck.
[2026-08-01 03:21:58] [cot:tool] start grep E:\AI Projects\data-insights-blog-worktrees\worker-3\src\components\visualizations
[2026-08-01 03:21:59] [cot:tool] start read E:\AI Projects\data-insights-blog-worktrees\worker-3\src\components\PostVisualization.tsx
[2026-08-01 03:21:59] [cot:tool] done grep E:\AI Projects\data-insights-blog-worktrees\worker-3\src\components\visualizations
[2026-08-01 03:21:59] [cot:tool] done read E:\AI Projects\data-insights-blog-worktrees\worker-3\src\components\PostVisualization.tsx
[2026-08-01 03:21:59] [cot:thought] Adding three dashboard types and wiring them together.
[2026-08-01 03:21:59] [cot:tool] start edit E:\AI Projects\data-insights-blog-worktrees\worker-3\src\types\post.ts
[2026-08-01 03:21:59] [cot:tool] start edit E:\AI Projects\data-insights-blog-worktrees\worker-3\src\components\PostVisualization.tsx
[2026-08-01 03:21:59] [cot:tool] done edit E:\AI Projects\data-insights-blog-worktrees\worker-3\src\types\post.ts
[2026-08-01 03:21:59] [cot:tool] start shell $env:SMOKE_PORT='4184'; $env:SMOKE_QA_PORT='4185'; npm run deploy
[2026-08-01 03:21:59] [cot:tool] done edit E:\AI Projects\data-insights-blog-worktrees\worker-3\src\components\PostVisualization.tsx
[2026-08-01 03:21:59] [cot:tool] start edit E:\AI Projects\data-insights-blog-worktrees\worker-3\src\components\PostVisualization.tsx
[2026-08-01 03:21:59] [cot:tool] done edit E:\AI Projects\data-insights-blog-worktrees\worker-3\src\components\PostVisualization.tsx
