[2026-08-20 17:56:28] [cot:system] session model=Auto cwd=C:\Users\ether\AppData\Local\data-insights-blog-workers\worker-3
[2026-08-20 17:56:28] [cot:user] You are a blog production WORKER in a parallel multi-agent system. ## Identity - Worker ID: 3 - Job ID: job-mt1jt2i5-z76wv - Assigned slug: consumer-finance-markets-research-2026 - Theme ID: consumer-ΓÇª
[2026-08-20 17:56:28] [cot:thought] Beginning blog production as worker 3 for the consumer finance markets research post.
[2026-08-20 17:56:28] [cot:thought] Reviewing production
[2026-08-20 17:56:28] [cot:thought] rules and worktree state before building the post.I'll start by checking conveyor sync status and the production rules, then begin the consumer-finance post in short committed phases.
[2026-08-20 17:56:28] [cot:tool] start read C:\Users\ether\AppData\Local\data-insights-blog-workers\worker-3\.cursor\rules\autonomous-blog-production.mdc
[2026-08-20 17:56:28] [cot:tool] start read C:\Users\ether\AppData\Local\data-insights-blog-workers\worker-3\artifacts\conveyor-sync.json
[2026-08-20 17:56:29] [cot:tool] start shell $env:BLOG_REPO_ROOT='E:\AI Projects\data-insights-blog'; npx tsx "E:\AI Projects\data-insights-blog\scripts\update-agent-job.mjs" --job job-mt1jt2i5-z76wv --status researching --activity "Phase 0: reading rules + surveying existing post patterns"; git status; git branch --show-current; ls artifacts 2>$null; ls src/data/*consumer* 2>$null; ls src/components/visualizations/*consumer* 2>$null
[2026-08-20 17:56:29] [cot:tool] done read ?
[2026-08-20 17:56:29] [cot:tool] done read ?
[2026-08-20 17:56:29] [cot:tool] done shell $env:BLOG_REPO_ROOT='E:\AI Projects\data-insights-blog'; npx tsx "E:\AI Projects\data-insights-blog\scripts\update-agent-job.mjs" --job job-mt1jt2i5-z76wv --status researching --activity "Phase 0: reading rules + surveying existing post patterns"; git status; git branch --show-current; ls artifacts 2>$null; ls src/data/*consumer* 2>$null; ls src/components/visualizations/*consumer* 2>$null
[2026-08-20 17:56:29] [cot:thought] An existing data file was found for this topic. I am surveying existing
[2026-08-20 17:56:29] [cot:thought] files and production rules.Data module already exists. Checking what's done and which patterns to follow for the rest.
[2026-08-20 17:56:29] [cot:tool] start glob
[2026-08-20 17:56:29] [cot:tool] done glob
[2026-08-20 17:56:29] [cot:tool] start read C:\Users\ether\AppData\Local\data-insights-blog-workers\worker-3\src\data\consumer-finance-markets-research-2026-data.ts
[2026-08-20 17:56:29] [cot:tool] done read C:\Users\ether\AppData\Local\data-insights-blog-workers\worker-3\src\data\consumer-finance-markets-research-2026-data.ts
[2026-08-20 17:56:29] [cot:tool] start glob
[2026-08-20 17:56:29] [cot:tool] start shell git log --oneline -8; Get-ChildItem .cursor/rules -ErrorAction SilentlyContinue | Select-Object Name; Get-ChildItem src/components/visualizations -Filter "*finance*" -ErrorAction SilentlyContinue | Select-Object Name; Get-ChildItem src/components/visualizations -Filter "*household*" -ErrorAction SilentlyContinue | Select-Object Name; Select-String -Path src/data/posts.ts -Pattern "themeId.*consumer-finance|consumer-finance-markets" | Select-Object -First 10; Select-String -Path src/types/post.ts -Pattern "VisualizationId|visualizationId" | Select-Object -First 30
[2026-08-20 17:56:30] [cot:tool] done glob
[2026-08-20 17:56:30] [cot:tool] done shell git log --oneline -8; Get-ChildItem .cursor/rules -ErrorAction SilentlyContinue | Select-Object Name; Get-ChildItem src/components/visualizations -Filter "*finance*" -ErrorAction SilentlyContinue | Select-Object Name; Get-ChildItem src/components/visualizations -Filter "*household*" -ErrorAction SilentlyContinue | Select-Object Name; Select-String -Path src/data/posts.ts -Pattern "themeId.*consumer-finance|consumer-finance-markets" | Select-Object -First 10; Select-String -Path src/types/post.ts -Pattern "VisualizationId|visualizationId" | Select-Object -First 30
[2026-08-20 17:56:30] [cot:thought] The data module already exists and was committed. Reviewing existing
[2026-08-20 17:56:30] [cot:thought] dashboard patterns and PostVisualization registration to guide the implementation.
[2026-08-20 17:56:30] [cot:thought] Data module is committed. Next: dashboard and viz wireup ??? surveying an existing post pattern.
[2026-08-20 17:56:30] [cot:tool] start shell Get-ChildItem src/components/visualizations -Filter "*Dashboard*" | Select-Object -First 25 Name; Select-String -Path src/types/post.ts -Pattern "export type VisualizationId|VisualizationId =" -Context 0,40 | Select-Object -First 1; Select-String -Path src/components/PostVisualization.tsx -Pattern "case |import.*Dashboard" | Select-Object -First 40; Select-String -Path src/data/theme-registry.ts -Pattern "SLUG_THEME_IDS|consumer-finance" | Select-Object -First 20
[2026-08-20 17:56:30] [cot:tool] start glob
[2026-08-20 17:56:30] [cot:tool] done glob
[2026-08-20 17:56:30] [cot:tool] done shell Get-ChildItem src/components/visualizations -Filter "*Dashboard*" | Select-Object -First 25 Name; Select-String -Path src/types/post.ts -Pattern "export type VisualizationId|VisualizationId =" -Context 0,40 | Select-Object -First 1; Select-String -Path src/components/PostVisualization.tsx -Pattern "case |import.*Dashboard" | Select-Object -First 40; Select-String -Path src/data/theme-registry.ts -Pattern "SLUG_THEME_IDS|consumer-finance" | Select-Object -First 20
[2026-08-20 17:56:30] [cot:thought] Reviewing existing dashboard patterns???MoneyMarketFundsDepositsDashboard, DemographicCashFlowsResearchDashboard, and BankLoanChargeoffsDashboard???as potential templates for the research post.
[2026-08-20 17:56:30] [cot:thought] Also examining MacroGrowthTradeResearchDashboard and FiscalPlumbingResearchDashboard as recent research-style templates, alongside MoneyMarketFunds for its consumer finance relevance.
[2026-08-20 17:56:30] [cot:tool] start read C:\Users\ether\AppData\Local\data-insights-blog-workers\worker-3\src\components\visualizations\MoneyMarketFundsDepositsDashboard.tsx
[2026-08-20 17:56:30] [cot:tool] done read C:\Users\ether\AppData\Local\data-insights-blog-workers\worker-3\src\components\visualizations\MoneyMarketFundsDepositsDashboard.tsx
[2026-08-20 17:56:30] [cot:tool] start read C:\Users\ether\AppData\Local\data-insights-blog-workers\worker-3\src\components\visualizations\DemographicCashFlowsResearchDashboard.tsx
[2026-08-20 17:56:31] [cot:tool] done read C:\Users\ether\AppData\Local\data-insights-blog-workers\worker-3\src\components\visualizations\DemographicCashFlowsResearchDashboard.tsx
[2026-08-20 17:56:31] [cot:tool] start grep C:\Users\ether\AppData\Local\data-insights-blog-workers\worker-3\src\types\post.ts
[2026-08-20 17:56:31] [cot:tool] done grep C:\Users\ether\AppData\Local\data-insights-blog-workers\worker-3\src\types\post.ts
[2026-08-20 17:56:31] [cot:tool] start grep C:\Users\ether\AppData\Local\data-insights-blog-workers\worker-3\src\components\PostVisualization.tsx
[2026-08-20 17:56:31] [cot:tool] done grep C:\Users\ether\AppData\Local\data-insights-blog-workers\worker-3\src\components\PostVisualization.tsx
[2026-08-20 17:56:31] [cot:thought] Reviewing existing consumer finance dashboards and theme registry definitions to guide the post structure.
[2026-08-20 17:56:31] [cot:thought] Planning a multi-panel
[2026-08-20 17:56:31] [cot:thought] dashboard with stacked debt areas, saving rates, delinquency lines, wealth allocation, APR gaps, and liquid cash bars. Controls will include panel tabs, range filters, and debt product selectors.
[2026-08-20 17:56:31] [cot:thought] Next step is reviewing the VisualizationId section and a shorter dashboard pattern.
[2026-08-20 17:56:31] [cot:tool] start read C:\Users\ether\AppData\Local\data-insights-blog-workers\worker-3\src\types\post.ts
[2026-08-20 17:56:31] [cot:tool] start grep C:\Users\ether\AppData\Local\data-insights-blog-workers\worker-3\src
[2026-08-20 17:56:31] [cot:tool] done read C:\Users\ether\AppData\Local\data-insights-blog-workers\worker-3\src\types\post.ts
[2026-08-20 17:56:31] [cot:tool] done grep C:\Users\ether\AppData\Local\data-insights-blog-workers\worker-3\src
[2026-08-20 17:56:31] [cot:tool] start read C:\Users\ether\AppData\Local\data-insights-blog-workers\worker-3\src\components\PostVisualization.tsx
[2026-08-20 17:56:32] [cot:tool] done read C:\Users\ether\AppData\Local\data-insights-blog-workers\worker-3\src\components\PostVisualization.tsx
[2026-08-20 17:56:32] [cot:tool] start read C:\Users\ether\AppData\Local\data-insights-blog-workers\worker-3\src\components\PostVisualization.tsx
[2026-08-20 17:56:32] [cot:tool] start read C:\Users\ether\AppData\Local\data-insights-blog-workers\worker-3\src\components\visualizations\BankLoanChargeoffsDashboard.tsx
[2026-08-20 17:56:32] [cot:tool] done read C:\Users\ether\AppData\Local\data-insights-blog-workers\worker-3\src\components\visualizations\BankLoanChargeoffsDashboard.tsx
[2026-08-20 17:56:32] [cot:tool] done read C:\Users\ether\AppData\Local\data-insights-blog-workers\worker-3\src\components\PostVisualization.tsx
[2026-08-20 17:56:32] [cot:thought] Building the dashboard now, then registering it and committing. Planning six dashboard
[2026-08-20 17:56:32] [cot:thought] panels: debt stock, savings, delinquency, wealth, rates, and liquid cash. Controls include panel tabs, a full-versus-post-COVID range slider, and product filters. Next step is posts.ts and hero content. Also checking PostVisualization for latest adaptations.
[2026-08-20 17:56:32] [cot:thought] Building the dashboard and registering the visualization.
[2026-08-20 17:56:32] [cot:tool] start read C:\Users\ether\AppData\Local\data-insights-blog-workers\worker-3\src\components\PostVisualization.tsx
[2026-08-20 17:56:32] [cot:tool] done read C:\Users\ether\AppData\Local\data-insights-blog-workers\worker-3\src\components\PostVisualization.tsx
[2026-08-20 17:56:32] [cot:tool] start grep C:\Users\ether\AppData\Local\data-insights-blog-workers\worker-3\src\components\PostVisualization.tsx
[2026-08-20 17:56:32] [cot:tool] start shell $env:BLOG_REPO_ROOT='E:\AI Projects\data-insights-blog'; npx tsx "E:\AI Projects\data-insights-blog\scripts\update-agent-job.mjs" --job job-mt1jt2i5-z76wv --status building --activity "Phase 2: dashboard + viz registration"
[2026-08-20 17:56:32] [cot:tool] done grep C:\Users\ether\AppData\Local\data-insights-blog-workers\worker-3\src\components\PostVisualization.tsx
[2026-08-20 17:56:32] [cot:tool] done shell $env:BLOG_REPO_ROOT='E:\AI Projects\data-insights-blog'; npx tsx "E:\AI Projects\data-insights-blog\scripts\update-agent-job.mjs" --job job-mt1jt2i5-z76wv --status building --activity "Phase 2: dashboard + viz registration"
[2026-08-20 17:56:32] [cot:thought] Writing the dashboard file and updating post.ts and PostVisualization. Updating TSX files
[2026-08-20 17:56:32] [cot:thought] and the theme registry.
[2026-08-20 17:56:32] [cot:tool] start edit C:\Users\ether\AppData\Local\data-insights-blog-workers\worker-3\src\components\visualizations\ConsumerFinanceMarketsResearchDashboard.tsx
[2026-08-20 17:56:33] [cot:tool] done edit C:\Users\ether\AppData\Local\data-insights-blog-workers\worker-3\src\components\visualizations\ConsumerFinanceMarketsResearchDashboard.tsx
[2026-08-20 17:56:33] [cot:thought] Registering the new visualization component in post.ts. Updating the theme
[2026-08-20 17:56:33] [cot:thought] registry.
[2026-08-20 17:56:33] [cot:tool] start edit C:\Users\ether\AppData\Local\data-insights-blog-workers\worker-3\src\types\post.ts
[2026-08-20 17:56:33] [cot:tool] start edit C:\Users\ether\AppData\Local\data-insights-blog-workers\worker-3\src\components\PostVisualization.tsx
[2026-08-20 17:56:33] [cot:tool] done edit C:\Users\ether\AppData\Local\data-insights-blog-workers\worker-3\src\types\post.ts
[2026-08-20 17:56:33] [cot:tool] done edit C:\Users\ether\AppData\Local\data-insights-blog-workers\worker-3\src\components\PostVisualization.tsx
[2026-08-20 17:56:33] [cot:thought] Checking whether the dynamic import for AdaptationEconomics retained its loading configuration after replacement, since the edit may have broken the structure.
[2026-08-20 17:56:33] [cot:tool] start read C:\Users\ether\AppData\Local\data-insights-blog-workers\worker-3\src\components\PostVisualization.tsx
[2026-08-20 17:56:34] [cot:tool] done read C:\Users\ether\AppData\Local\data-insights-blog-workers\worker-3\src\components\PostVisualization.tsx
[2026-08-20 17:56:34] [cot:thought] The dynamic import looks correct. The file edits look
[2026-08-20 17:56:34] [cot:thought] correct. Now adding the switch case and theme registry.
[2026-08-20 17:56:34] [cot:tool] start edit C:\Users\ether\AppData\Local\data-insights-blog-workers\worker-3\src\components\PostVisualization.tsx
[2026-08-20 17:56:34] [cot:tool] start read C:\Users\ether\AppData\Local\data-insights-blog-workers\worker-3\src\data\theme-registry.ts
[2026-08-20 17:56:34] [cot:tool] done read C:\Users\ether\AppData\Local\data-insights-blog-workers\worker-3\src\data\theme-registry.ts
[2026-08-20 17:56:34] [cot:tool] done edit C:\Users\ether\AppData\Local\data-insights-blog-workers\worker-3\src\components\PostVisualization.tsx
[2026-08-20 17:56:34] [cot:thought] Adding the assigned slug to the theme ID mapping. Checking for more
[2026-08-20 17:56:34] [cot:thought] recent entries after money-market.
[2026-08-20 17:56:34] [cot:tool] start grep C:\Users\ether\AppData\Local\data-insights-blog-workers\worker-3\src\data\theme-registry.ts
[2026-08-20 17:56:34] [cot:tool] done grep C:\Users\ether\AppData\Local\data-insights-blog-workers\worker-3\src\data\theme-registry.ts
[2026-08-20 17:56:34] [cot:tool] start edit C:\Users\ether\AppData\Local\data-insights-blog-workers\worker-3\src\data\theme-registry.ts
[2026-08-20 17:56:34] [cot:tool] start shell git add -A; git commit --trailer "Co-authored-by: Cursor <cursoragent@cursor.com>" -m "wip(consumer-finance-markets-research-2026): dashboard + viz wireup"; git status --short
[2026-08-20 17:56:35] [cot:tool] done edit C:\Users\ether\AppData\Local\data-insights-blog-workers\worker-3\src\data\theme-registry.ts
[2026-08-20 17:56:35] [cot:tool] done shell git add -A; git commit --trailer "Co-authored-by: Cursor <cursoragent@cursor.com>" -m "wip(consumer-finance-markets-research-2026): dashboard + viz wireup"; git status --short
[2026-08-20 17:56:35] [cot:thought] Phase 2 is complete. Phase 3 covers posts.ts and the hero section. Reviewing an existing
[2026-08-20 17:56:35] [cot:thought] research post entry to match its prose length and formatting.Dashboard committed.
[2026-08-20 17:56:35] [cot:thought] Next: post prose, hero image, and `posts.ts` entry.
[2026-08-20 17:56:35] [cot:tool] start grep C:\Users\ether\AppData\Local\data-insights-blog-workers\worker-3\src\data\posts.ts
[2026-08-20 17:56:35] [cot:tool] done grep C:\Users\ether\AppData\Local\data-insights-blog-workers\worker-3\src\data\posts.ts
[2026-08-20 17:56:35] [cot:tool] start shell $env:BLOG_REPO_ROOT='E:\AI Projects\data-insights-blog'; npx tsx "E:\AI Projects\data-insights-blog\scripts\update-agent-job.mjs" --job job-mt1jt2i5-z76wv --status building --activity "Phase 3: writing post prose + hero image"; (Get-Content src/data/posts.ts | Measure-Object -Line).Lines; Select-String -Path src/data/posts.ts -Pattern "slug: \"" | Select-Object -First 5; Select-String -Path src/data/posts.ts -Pattern "money-market-funds-vs-deposits|us-household-debt|us-personal-saving|us-credit-card-apr" | Select-Object LineNumber,Line
[2026-08-20 17:56:35] [cot:tool] start read C:\Users\ether\AppData\Local\data-insights-blog-workers\worker-3\artifacts\backend-manifest.json
[2026-08-20 17:56:35] [cot:tool] done read C:\Users\ether\AppData\Local\data-insights-blog-workers\worker-3\artifacts\backend-manifest.json
[2026-08-20 17:56:35] [cot:tool] done shell $env:BLOG_REPO_ROOT='E:\AI Projects\data-insights-blog'; npx tsx "E:\AI Projects\data-insights-blog\scripts\update-agent-job.mjs" --job job-mt1jt2i5-z76wv --status building --activity "Phase 3: writing post prose + hero image"; (Get-Content src/data/posts.ts | Measure-Object -Line).Lines; Select-String -Path src/data/posts.ts -Pattern "slug: \"" | Select-Object -First 5; Select-String -Path src/data/posts.ts -Pattern "money-market-funds-vs-deposits|us-household-debt|us-personal-saving|us-credit-card-apr" | Select-Object LineNumber,Line
[2026-08-20 17:56:35] [cot:thought] PowerShell failed due to escaped quote issues. Reviewing sample posts
[2026-08-20 17:56:35] [cot:thought] and the adaptation-economics entry in posts.ts to understand structural patterns.
[2026-08-20 17:56:35] [cot:tool] start read C:\Users\ether\AppData\Local\data-insights-blog-workers\worker-3\src\data\posts.ts
[2026-08-20 17:56:35] [cot:tool] done read C:\Users\ether\AppData\Local\data-insights-blog-workers\worker-3\src\data\posts.ts
[2026-08-20 17:56:35] [cot:tool] start read C:\Users\ether\AppData\Local\data-insights-blog-workers\worker-3\src\data\posts.ts
[2026-08-20 17:56:36] [cot:tool] start shell $env:BLOG_REPO_ROOT='E:\AI Projects\data-insights-blog'; npx tsx "E:\AI Projects\data-insights-blog\scripts\update-agent-job.mjs" --job job-mt1jt2i5-z76wv --status building --activity "Phase 3: writing post prose + hero image"
[2026-08-20 17:56:36] [cot:tool] done read C:\Users\ether\AppData\Local\data-insights-blog-workers\worker-3\src\data\posts.ts
[2026-08-20 17:56:36] [cot:tool] done shell $env:BLOG_REPO_ROOT='E:\AI Projects\data-insights-blog'; npx tsx "E:\AI Projects\data-insights-blog\scripts\update-agent-job.mjs" --job job-mt1jt2i5-z76wv --status building --activity "Phase 3: writing post prose + hero image"
[2026-08-20 17:56:36] [cot:thought] Generating the hero image and writing the post entry. The new post will
[2026-08-20 17:56:36] [cot:thought] be prepended to the top of the array. It must meet strict quality thresholds: at least 1200 words, six H2 headings, caveats, a table, two internal links, and the consumer-finance-markets theme. Four existing posts are available for internal linking.
[2026-08-20 17:56:36] [cot:thought] Generating the hero image and drafting the post entry.
[2026-08-20 17:56:36] [cot:tool] start generateImage
[2026-08-20 17:56:36] [cot:tool] start read C:\Users\ether\AppData\Local\data-insights-blog-workers\worker-3\src\data\posts.ts
[2026-08-20 17:56:36] [cot:tool] done read C:\Users\ether\AppData\Local\data-insights-blog-workers\worker-3\src\data\posts.ts
[2026-08-20 17:56:36] [cot:tool] done generateImage
[2026-08-20 17:56:36] [cot:thought] Copying the hero image to public/images/.
[2026-08-20 17:56:37] [cot:tool] start shell Copy-Item "C:\Users\ether\.cursor\projects\C-Users-ether-AppData-Local-data-insights-blog-workers-worker-3\assets\consumer-finance-consumer-finance-markets-research-2026-hero.png" -Destination "C:\Users\ether\AppData\Local\data-insights-blog-workers\worker-3\public\images\consumer-finance-consumer-finance-markets-research-2026-hero.png" -Force; Test-Path "public\images\consumer-finance-consumer-finance-markets-research-2026-hero.png"
[2026-08-20 17:56:37] [cot:tool] done shell Copy-Item "C:\Users\ether\.cursor\projects\C-Users-ether-AppData-Local-data-insights-blog-workers-worker-3\assets\consumer-finance-consumer-finance-markets-research-2026-hero.png" -Destination "C:\Users\ether\AppData\Local\data-insights-blog-workers\worker-3\public\images\consumer-finance-consumer-finance-markets-research-2026-hero.png" -Force; Test-Path "public\images\consumer-finance-consumer-finance-markets-research-2026-hero.png"
[2026-08-20 17:56:37] [cot:thought] Writing the full post content and inserting it at the top of the samplePosts array.
[2026-08-20 17:56:37] [cot:tool] start edit C:\Users\ether\AppData\Local\data-insights-blog-workers\worker-3\src\data\posts.ts
[2026-08-20 17:56:37] [cot:tool] done edit C:\Users\ether\AppData\Local\data-insights-blog-workers\worker-3\src\data\posts.ts
[2026-08-20 17:56:37] [cot:thought] Noted that dollar signs inside JavaScript template literals do not require escaping unless they precede a variable interpolation.
[2026-08-20 17:56:37] [cot:thought] Discovered that `\$`
[2026-08-20 17:56:37] [cot:thought] in JavaScript template literals renders as literal `\$` rather than a dollar sign.
[2026-08-20 17:56:37] [cot:thought] Will correct the escaped dollars in the post content and update the backend manifest before committing.
[2026-08-20 17:56:37] [cot:thought] Fixing erroneous `\$` escapes in the post content, then updating the manifest.
[2026-08-20 17:56:37] [cot:tool] start grep C:\Users\ether\AppData\Local\data-insights-blog-workers\worker-3\src\data\posts.ts
[2026-08-20 17:56:37] [cot:tool] start shell # Count words in the new post content roughly
[2026-08-20 17:56:37] [cot:tool] done grep C:\Users\ether\AppData\Local\data-insights-blog-workers\worker-3\src\data\posts.ts
[2026-08-20 17:56:37] [cot:tool] done shell # Count words in the new post content roughly
[2026-08-20 17:56:37] [cot:thought] The draft reaches 1630 words and nine H2 sections. One remaining fix is converting escaped dollar signs to plain ones.
[2026-08-20 17:56:37] [cot:thought] Grepping confirms
[2026-08-20 17:56:37] [cot:thought] the escaped dollar signs appear only in the new post. A global replacement in posts.ts is safe.
[2026-08-20 17:56:37] [cot:tool] start grep C:\Users\ether\AppData\Local\data-insights-blog-workers\worker-3\src\data\posts.ts
[2026-08-20 17:56:38] [cot:tool] start shell (Get-Content src/data/posts.ts -Raw) -replace '\\\$','$' | Set-Content src/data/posts.ts -NoNewline; Select-String -Path src/data/posts.ts -Pattern '\\\$' | Measure-Object | Select-Object Count
[2026-08-20 17:56:38] [cot:tool] done grep C:\Users\ether\AppData\Local\data-insights-blog-workers\worker-3\src\data\posts.ts
[2026-08-20 17:56:38] [cot:tool] done shell (Get-Content src/data/posts.ts -Raw) -replace '\\\$','$' | Set-Content src/data/posts.ts -NoNewline; Select-String -Path src/data/posts.ts -Pattern '\\\$' | Measure-Object | Select-Object Count
[2026-08-20 17:56:38] [cot:thought] The `-NoNewline` parameter may have corrupted the file's line endings. Verifying the file
[2026-08-20 17:56:38] [cot:thought] start and checking for remaining \$ escapes. Updating the backend manifest.
[2026-08-20 17:56:38] [cot:tool] start edit C:\Users\ether\AppData\Local\data-insights-blog-workers\worker-3\artifacts\backend-manifest.json
[2026-08-20 17:56:38] [cot:tool] done edit C:\Users\ether\AppData\Local\data-insights-blog-workers\worker-3\artifacts\backend-manifest.json
[2026-08-20 17:56:38] [cot:tool] start read C:\Users\ether\AppData\Local\data-insights-blog-workers\worker-3\src\data\posts.ts
[2026-08-20 17:56:38] [cot:tool] done read C:\Users\ether\AppData\Local\data-insights-blog-workers\worker-3\src\data\posts.ts
[2026-08-20 17:56:38] [cot:tool] start grep C:\Users\ether\AppData\Local\data-insights-blog-workers\worker-3\scripts
[2026-08-20 17:56:38] [cot:tool] done grep C:\Users\ether\AppData\Local\data-insights-blog-workers\worker-3\scripts
[2026-08-20 17:56:38] [cot:tool] start glob
[2026-08-20 17:56:39] [cot:tool] start glob
[2026-08-20 17:56:39] [cot:tool] done glob
[2026-08-20 17:56:39] [cot:tool] done glob
[2026-08-20 17:56:39] [cot:thought] Phase 3 prose and hero look good. Committing those changes now, then running the QA script.
[2026-08-20 17:56:39] [cot:thought] Reading the QA script
[2026-08-20 17:56:39] [cot:thought] template and locating the smoke-test marker.
[2026-08-20 17:56:39] [cot:tool] start read C:\Users\ether\AppData\Local\data-insights-blog-workers\worker-3\scripts\qa-adaptation-economics-research-2026.mjs
[2026-08-20 17:56:39] [cot:tool] start grep C:\Users\ether\AppData\Local\data-insights-blog-workers\worker-3\scripts
[2026-08-20 17:56:39] [cot:tool] start shell git add -A; git commit --trailer "Co-authored-by: Cursor <cursoragent@cursor.com>" -m "wip(consumer-finance-markets-research-2026): post prose + hero"; git status --short
[2026-08-20 17:56:39] [cot:tool] done read C:\Users\ether\AppData\Local\data-insights-blog-workers\worker-3\scripts\qa-adaptation-economics-research-2026.mjs
[2026-08-20 17:56:39] [cot:tool] done grep C:\Users\ether\AppData\Local\data-insights-blog-workers\worker-3\scripts
[2026-08-20 17:56:39] [cot:tool] done shell git add -A; git commit --trailer "Co-authored-by: Cursor <cursoragent@cursor.com>" -m "wip(consumer-finance-markets-research-2026): post prose + hero"; git status --short
[2026-08-20 17:56:39] [cot:thought] The smoke-test-viz-posts file needs updating. Creating a QA script
[2026-08-20 17:56:39] [cot:thought] and reading the smoke test file.
[2026-08-20 17:56:39] [cot:tool] start read C:\Users\ether\AppData\Local\data-insights-blog-workers\worker-3\scripts\smoke-test-viz-posts.mjs
[2026-08-20 17:56:40] [cot:tool] start shell $env:BLOG_REPO_ROOT='E:\AI Projects\data-insights-blog'; npx tsx "E:\AI Projects\data-insights-blog\scripts\update-agent-job.mjs" --job job-mt1jt2i5-z76wv --status building --activity "Phase 4: QA script + smoke marker"
[2026-08-20 17:56:40] [cot:tool] done read C:\Users\ether\AppData\Local\data-insights-blog-workers\worker-3\scripts\smoke-test-viz-posts.mjs
[2026-08-20 17:56:40] [cot:tool] done shell $env:BLOG_REPO_ROOT='E:\AI Projects\data-insights-blog'; npx tsx "E:\AI Projects\data-insights-blog\scripts\update-agent-job.mjs" --job job-mt1jt2i5-z76wv --status building --activity "Phase 4: QA script + smoke marker"
[2026-08-20 17:56:40] [cot:thought] Adding a smoke marker to the top of the POSTS list and creating the QA script. The smoke marker text
[2026-08-20 17:56:40] [cot:thought] must match the dashboard header.
[2026-08-20 17:56:40] [cot:tool] start edit C:\Users\ether\AppData\Local\data-insights-blog-workers\worker-3\scripts\smoke-test-viz-posts.mjs
[2026-08-20 17:56:40] [cot:tool] done edit C:\Users\ether\AppData\Local\data-insights-blog-workers\worker-3\scripts\smoke-test-viz-posts.mjs
[2026-08-20 17:56:40] [cot:tool] start edit C:\Users\ether\AppData\Local\data-insights-blog-workers\worker-3\scripts\qa-consumer-finance-markets-research-2026.mjs
[2026-08-20 17:56:40] [cot:tool] start grep C:\Users\ether\AppData\Local\data-insights-blog-workers\worker-3\package.json
[2026-08-20 17:56:40] [cot:tool] done grep C:\Users\ether\AppData\Local\data-insights-blog-workers\worker-3\package.json
[2026-08-20 17:56:40] [cot:tool] done edit C:\Users\ether\AppData\Local\data-insights-blog-workers\worker-3\scripts\qa-consumer-finance-markets-research-2026.mjs
[2026-08-20 17:56:40] [cot:thought] Checking how the fmtTn helper formats 18.42 as a dollar value. Confirmed the formatted
[2026-08-20 17:56:40] [cot:thought] debt figure matches the H2 text. Verified the ampersand renders correctly in Playwright selectors. Proceeding to commit QA and run deploy.
[2026-08-20 17:56:40] [cot:tool] start shell git add -A; git commit --trailer "Co-authored-by: Cursor <cursoragent@cursor.com>" -m "wip(consumer-finance-markets-research-2026): qa + smoke"; $env:BLOG_REPO_ROOT='E:\AI Projects\data-insights-blog'; npx tsx "E:\AI Projects\data-insights-blog\scripts\update-agent-job.mjs" --job job-mt1jt2i5-z76wv --status qa --activity "Phase 5: npm run deploy on ports 4184/4185"
[2026-08-20 17:56:41] [cot:tool] done shell git add -A; git commit --trailer "Co-authored-by: Cursor <cursoragent@cursor.com>" -m "wip(consumer-finance-markets-research-2026): qa + smoke"; $env:BLOG_REPO_ROOT='E:\AI Projects\data-insights-blog'; npx tsx "E:\AI Projects\data-insights-blog\scripts\update-agent-job.mjs" --job job-mt1jt2i5-z76wv --status qa --activity "Phase 5: npm run deploy on ports 4184/4185"
[2026-08-20 17:56:41] [cot:thought] Running npm run deploy with isolated ports. The deployment will
[2026-08-20 17:56:41] [cot:thought] take a while. The build and smoke tests are running. The timeout is set high.Running local deploy with isolated smoke ports.
[2026-08-20 17:56:41] [cot:tool] start shell $env:SMOKE_PORT='4184'; $env:SMOKE_QA_PORT='4185'; npm run deploy
[2026-08-20 17:56:41] [cot:tool] done shell $env:SMOKE_PORT='4184'; $env:SMOKE_QA_PORT='4185'; npm run deploy
[2026-08-20 17:56:41] [cot:thought] Playwright Chromium must be installed before re-running the smoke test.Build succeeded.
[2026-08-20 17:56:41] [cot:thought] Installing Playwright Chromium, then re-running smoke.
[2026-08-20 17:56:41] [cot:tool] start shell npx playwright install chromium; $env:SMOKE_PORT='4184'; $env:SMOKE_QA_PORT='4185'; node scripts/smoke-test-viz-posts.mjs; node scripts/qa-homepage-and-fullscreen.mjs; node scripts/qa-consumer-finance-markets-research-2026.mjs; Test-Path out/blog/consumer-finance-markets-research-2026.html; Test-Path out/blog/consumer-finance-markets-research-2026/index.html
[2026-08-20 17:56:41] [cot:tool] done shell npx playwright install chromium; $env:SMOKE_PORT='4184'; $env:SMOKE_QA_PORT='4185'; node scripts/smoke-test-viz-posts.mjs; node scripts/qa-homepage-and-fullscreen.mjs; node scripts/qa-consumer-finance-markets-research-2026.mjs; Test-Path out/blog/consumer-finance-markets-research-2026.html; Test-Path out/blog/consumer-finance-markets-research-2026/index.html
[2026-08-20 17:56:41] [cot:thought] Polling for smoke test completion.
[2026-08-20 17:56:41] [cot:tool] start await
[2026-08-20 17:56:41] [cot:tool] done await
[2026-08-20 17:56:41] [cot:thought] The previous command failed with exit code 1. I need to inspect the error output to determine the cause.
[2026-08-20 17:56:41] [cot:tool] start read C:\Users\ether\.cursor\projects\C-Users-ether-AppData-Local-data-insights-blog-workers-worker-3\terminals\490912.txt
[2026-08-20 17:56:41] [cot:tool] done read C:\Users\ether\.cursor\projects\C-Users-ether-AppData-Local-data-insights-blog-workers-worker-3\terminals\490912.txt
[2026-08-20 17:56:41] [cot:thought] Smoke and homepage QA passed. Dedicated QA failed
[2026-08-20 17:56:41] [cot:thought] on the viz interaction audit. The debt panel grid lacks proper column spans, causing the stacked area chart to collapse to 161 pixels wide. The first ChartCard needs a wider span to fill its grid cell correctly.
[2026-08-20 17:56:41] [cot:thought] The debt panel uses
[2026-08-20 17:56:41] [cot:thought] five columns but only the last card spans all five. The first two charts collapse to one column each.
[2026-08-20 17:56:41] [cot:thought] I will widen the area chart to three columns or switch to a two-column grid. The data-viz attribute sits on the outer div, which may trigger audit warnings.
[2026-08-20 17:56:41] [cot:thought] The priority is fixing the grid layout.Smoke passed; dedicated QA failed on a too-narrow debt-panel chart.
[2026-08-20 17:56:41] [cot:thought] Fixing the layout.
[2026-08-20 17:56:41] [cot:tool] start edit C:\Users\ether\AppData\Local\data-insights-blog-workers\worker-3\src\components\visualizations\ConsumerFinanceMarketsResearchDashboard.tsx
[2026-08-20 17:56:42] [cot:tool] start read C:\Users\ether\AppData\Local\data-insights-blog-workers\worker-3\scripts\lib\viz-interaction-qa.mjs
[2026-08-20 17:56:42] [cot:tool] done read C:\Users\ether\AppData\Local\data-insights-blog-workers\worker-3\scripts\lib\viz-interaction-qa.mjs
[2026-08-20 17:56:42] [cot:tool] done edit C:\Users\ether\AppData\Local\data-insights-blog-workers\worker-3\src\components\visualizations\ConsumerFinanceMarketsResearchDashboard.tsx
[2026-08-20 17:56:42] [cot:thought] Adding the `data-viz-dashboard` attribute to satisfy the audit. Rebuilding the static
[2026-08-20 17:56:42] [cot:thought] export before re-running QA. The audit warning points to too many buttons triggering scrollIntoView.
[2026-08-20 17:56:42] [cot:thought] I'll also check how other dashboards set data attributes.
[2026-08-20 17:56:42] [cot:tool] start edit C:\Users\ether\AppData\Local\data-insights-blog-workers\worker-3\src\components\visualizations\ConsumerFinanceMarketsResearchDashboard.tsx
[2026-08-20 17:56:42] [cot:tool] start shell $env:SMOKE_PORT='4184'; $env:SMOKE_QA_PORT='4185'; npm run build; node scripts/qa-consumer-finance-markets-research-2026.mjs
[2026-08-20 17:56:42] [cot:tool] done edit C:\Users\ether\AppData\Local\data-insights-blog-workers\worker-3\src\components\visualizations\ConsumerFinanceMarketsResearchDashboard.tsx
[2026-08-20 17:56:42] [cot:tool] done shell $env:SMOKE_PORT='4184'; $env:SMOKE_QA_PORT='4185'; npm run build; node scripts/qa-consumer-finance-markets-research-2026.mjs
[2026-08-20 17:56:42] [cot:thought] QA passed with only warnings and no issues. Running full deployment
[2026-08-20 17:56:42] [cot:thought] now. Will commit changes and mark the job ready.Post QA passed. Running full deploy gate, then final commit.
[2026-08-20 17:56:42] [cot:tool] start shell $env:SMOKE_PORT='4184'; $env:SMOKE_QA_PORT='4185'; npm run deploy
[2026-08-20 17:56:42] [cot:tool] done shell $env:SMOKE_PORT='4184'; $env:SMOKE_QA_PORT='4185'; npm run deploy
[2026-08-20 17:56:42] [cot:thought] Deployment passed. Proceeding to final commit and marking the job ready. Homepage QA still
[2026-08-20 17:56:43] [cot:thought] shows migration-humanitarian as newest because it checks a fixed slug list rather than the actual featured post.
[2026-08-20 17:56:43] [cot:thought] The QA passed regardless. Final commit and job-ready status are next.
[2026-08-20 17:56:43] [cot:tool] start shell git add -A; git status --short; git log --oneline -6; git commit --trailer "Co-authored-by: Cursor <cursoragent@cursor.com>" -m "feat(post): consumer-finance-markets-research-2026"; $env:BLOG_REPO_ROOT='E:\AI Projects\data-insights-blog'; npx tsx "E:\AI Projects\data-insights-blog\scripts\update-agent-job.mjs" --job job-mt1jt2i5-z76wv --status ready --activity "Ready for merge" --headline "`$18.4T household debt ?? cards 7.2% 90+ delinq vs mortgages 1.1% ?? saving ~3.9%"; git status --short; Test-Path out/blog/consumer-finance-markets-research-2026.html; Write-Output "WorkerReady: consumer-finance-markets-research-2026 | job=job-mt1jt2i5-z76wv | worker=3"
[2026-08-20 17:56:43] [cot:tool] done shell git add -A; git status --short; git log --oneline -6; git commit --trailer "Co-authored-by: Cursor <cursoragent@cursor.com>" -m "feat(post): consumer-finance-markets-research-2026"; $env:BLOG_REPO_ROOT='E:\AI Projects\data-insights-blog'; npx tsx "E:\AI Projects\data-insights-blog\scripts\update-agent-job.mjs" --job job-mt1jt2i5-z76wv --status ready --activity "Ready for merge" --headline "`$18.4T household debt ?? cards 7.2% 90+ delinq vs mortgages 1.1% ?? saving ~3.9%"; git status --short; Test-Path out/blog/consumer-finance-markets-research-2026.html; Write-Output "WorkerReady: consumer-finance-markets-research-2026 | job=job-mt1jt2i5-z76wv | worker=3"
[2026-08-20 17:56:43] [cot:thought] Job marked ready. Printing the WorkerReady confirmation and exiting cleanly.Shipped and marked ready.
[2026-08-20 17:56:43] [cot:thought] **Post:** `consumer-finance-markets-research-2026` **Headline:** $18.4T household debt ??
[2026-08-20 17:56:43] [cot:thought] cards 7.2% 90+ delinq vs mortgages 1.1% ?? saving ~3.9% **Branch:** `post/consumer-finance-markets-research-2026-w3` (`feat(post): consumer-finance-markets-research-2026`) **Gate:** `npm run deploy` passed on ports 4184/4185
[2026-08-20 17:56:43] [cot:system] task_notification
[2026-08-20 17:56:43] [cot:thought] WorkerReady: consumer-finance-markets-research-2026 | job=job-mt1jt2i5-z76wv | worker=3The shell task failed with exit code 1.
[2026-08-20 17:56:44] [cot:thought] The failure was caused
[2026-08-20 17:56:44] [cot:thought] by a viz interaction audit for the debt panel chart collapse. That issue is now fixed.
[2026-08-20 17:56:44] [cot:thought] The full deploy completed successfully and the job is marked ready.That earlier smoke/QA run failed on a narrow debt-panel chart layout.
[2026-08-20 17:56:44] [cot:thought] That was fixed, `npm run deploy` passed afterward, and the job is already marked ready.
[2026-08-20 17:56:44] [cot:system] result ok 1125866ms ΓÇö I'll start by checking conveyor sync status and the production rules, then begin the consumer-finance post in short committed phases.Data module already exists. Checking what's done and which patterns to follow for the rest.Data module is c
