[2026-08-20 19:32:51] [cot:system] session model=Auto cwd=C:\Users\ether\AppData\Local\data-insights-blog-workers\worker-5
[2026-08-20 19:32:52] [cot:user] You are a blog production WORKER in a parallel multi-agent system. ## Identity - Worker ID: 5 - Job ID: job-mt258s9c-tiq9o - Assigned slug: fiscal-industrial-policy-update-2026q3 - Theme ID: fiscal-inΓÇª
[2026-08-20 19:32:52] [cot:thought] Beginning blog production work for worker 5. Reviewing the worktree
[2026-08-20 19:32:52] [cot:thought] and conveyor sync state before building the post. The plan is to follow the assigned workflow phases, commit incrementally, and run local QA without deploying to Firebase.
[2026-08-20 19:32:52] [cot:thought] Starting the assigned post in small phases. Checking conveyor sync, job state, and existing theme patterns.
[2026-08-20 19:32:52] [cot:tool] start read C:\Users\ether\AppData\Local\data-insights-blog-workers\worker-5\.cursor\rules\autonomous-blog-production.mdc
[2026-08-20 19:32:52] [cot:tool] start read C:\Users\ether\AppData\Local\data-insights-blog-workers\worker-5\artifacts\conveyor-sync.json
[2026-08-20 19:32:52] [cot:tool] start glob
[2026-08-20 19:32:52] [cot:tool] start shell $env:BLOG_REPO_ROOT='E:\AI Projects\data-insights-blog'; npx tsx "E:\AI Projects\data-insights-blog\scripts\update-agent-job.mjs" --job job-mt258s9c-tiq9o --status researching --activity "Phase 0: checking conveyor + existing theme posts"
[2026-08-20 19:32:52] [cot:tool] done read ?
[2026-08-20 19:32:52] [cot:tool] done read ?
[2026-08-20 19:32:52] [cot:tool] done glob
[2026-08-20 19:32:52] [cot:tool] done shell $env:BLOG_REPO_ROOT='E:\AI Projects\data-insights-blog'; npx tsx "E:\AI Projects\data-insights-blog\scripts\update-agent-job.mjs" --job job-mt258s9c-tiq9o --status researching --activity "Phase 0: checking conveyor + existing theme posts"
[2026-08-20 19:32:52] [cot:thought] Reviewing the autonomous blog production rules and examining the existing fiscal-industrial-policy update post as a template.
[2026-08-20 19:32:52] [cot:thought] Checking conveyor
[2026-08-20 19:32:52] [cot:thought] sync location and theme registry.
[2026-08-20 19:32:52] [cot:tool] start glob
[2026-08-20 19:32:52] [cot:tool] start read C:\Users\ether\AppData\Local\data-insights-blog-workers\worker-5\src\data\fiscal-industrial-policy-update-2026-data.ts
[2026-08-20 19:32:52] [cot:tool] done read C:\Users\ether\AppData\Local\data-insights-blog-workers\worker-5\src\data\fiscal-industrial-policy-update-2026-data.ts
[2026-08-20 19:32:52] [cot:tool] done glob
[2026-08-20 19:32:52] [cot:tool] start grep C:\Users\ether\AppData\Local\data-insights-blog-workers\worker-5\src
[2026-08-20 19:32:53] [cot:tool] start shell git status; git branch --show-current; if (Test-Path artifacts) { Get-ChildItem artifacts } else { Write-Output "no artifacts dir" }
[2026-08-20 19:32:53] [cot:tool] done grep C:\Users\ether\AppData\Local\data-insights-blog-workers\worker-5\src
[2026-08-20 19:32:53] [cot:tool] done shell git status; git branch --show-current; if (Test-Path artifacts) { Get-ChildItem artifacts } else { Write-Output "no artifacts dir" }
[2026-08-20 19:32:53] [cot:thought] The Q3 2026 update will contrast current conditions with the prior fiscal-industrial policy post.
[2026-08-20 19:32:53] [cot:thought] The prior post used
[2026-08-20 19:32:53] [cot:thought] an August 2026 vintage against July 2026 research. A newer vintage delta is needed for this Q3 update. Recent GTA and IMF data sources are being reviewed alongside dashboard patterns.
[2026-08-20 19:32:53] [cot:thought] Reviewing the prior update's dashboard and registry patterns, then drafting a Q3 vintage-delta data module.
[2026-08-20 19:32:53] [cot:tool] start read C:\Users\ether\AppData\Local\data-insights-blog-workers\worker-5\src\data\fiscal-industrial-policy-update-2026-data.ts
[2026-08-20 19:32:53] [cot:tool] done read C:\Users\ether\AppData\Local\data-insights-blog-workers\worker-5\src\data\fiscal-industrial-policy-update-2026-data.ts
[2026-08-20 19:32:53] [cot:tool] start read C:\Users\ether\AppData\Local\data-insights-blog-workers\worker-5\src\components\visualizations\FiscalIndustrialPolicyUpdateDashboard.tsx
[2026-08-20 19:32:53] [cot:tool] done read C:\Users\ether\AppData\Local\data-insights-blog-workers\worker-5\src\components\visualizations\FiscalIndustrialPolicyUpdateDashboard.tsx
[2026-08-20 19:32:53] [cot:tool] start read C:\Users\ether\AppData\Local\data-insights-blog-workers\worker-5\artifacts\backend-manifest.json
[2026-08-20 19:32:53] [cot:tool] done read C:\Users\ether\AppData\Local\data-insights-blog-workers\worker-5\artifacts\backend-manifest.json
[2026-08-20 19:32:53] [cot:tool] start webSearch
[2026-08-20 19:32:53] [cot:tool] done webSearch
[2026-08-20 19:32:53] [cot:thought] The GTA report "Subsidising the Chokepoint" contains 2025-26 data on strategic sector targeting.
[2026-08-20 19:32:53] [cot:thought] Fetching the GTA report
[2026-08-20 19:32:53] [cot:thought] and market-shaping paper for concrete numbers to compare against the prior August 2026 update.
[2026-08-20 19:32:53] [cot:thought] Fetching the chokepoint and market-shaping reports for Q3 vintage numbers.
[2026-08-20 19:32:53] [cot:tool] start webFetch
[2026-08-20 19:32:53] [cot:tool] start grep C:\Users\ether\.cursor\projects\C-Users-ether-AppData-Local-data-insights-blog-workers-worker-5\agent-tools\21d111b5-f393-4558-ab51-4040604d72fc.txt
[2026-08-20 19:32:53] [cot:tool] start read C:\Users\ether\AppData\Local\data-insights-blog-workers\worker-5\scripts\qa-fiscal-industrial-policy-update-2026.mjs
[2026-08-20 19:32:53] [cot:tool] done read C:\Users\ether\AppData\Local\data-insights-blog-workers\worker-5\scripts\qa-fiscal-industrial-policy-update-2026.mjs
[2026-08-20 19:32:53] [cot:tool] done webFetch
[2026-08-20 19:32:53] [cot:tool] done grep C:\Users\ether\.cursor\projects\C-Users-ether-AppData-Local-data-insights-blog-workers-worker-5\agent-tools\21d111b5-f393-4558-ab51-4040604d72fc.txt
[2026-08-20 19:32:53] [cot:thought] ZG #88 (April 2026) provides strong data on strategic sector targeting convergence.
[2026-08-20 19:32:53] [cot:thought] The Q3 update will
[2026-08-20 19:32:53] [cot:thought] contrast the prior August 2026 vintage with the new April 2026 data. Prior analysis focused on security motives and green instruments.
[2026-08-20 19:32:53] [cot:thought] The new version emphasizes strategic chokepoint subsidy targeting across China, the EU, and the US. A headline delta shows US strategic subsidy share rising from 33% to 76%.
[2026-08-20 19:32:53] [cot:thought] China???s strategic subsidy share climbed from 85% to 98%. The EU rose from 50% to 70%. These headline deltas will anchor the post. The market-shaping paper will supply additional stylized facts.
[2026-08-20 19:32:53] [cot:tool] start grep C:\Users\ether\.cursor\projects\C-Users-ether-AppData-Local-data-insights-blog-workers-worker-5\agent-tools\21d111b5-f393-4558-ab51-4040604d72fc.txt
[2026-08-20 19:32:53] [cot:tool] start read C:\Users\ether\AppData\Local\data-insights-blog-workers\worker-5\src\types\post.ts
[2026-08-20 19:32:54] [cot:tool] done read C:\Users\ether\AppData\Local\data-insights-blog-workers\worker-5\src\types\post.ts
[2026-08-20 19:32:54] [cot:tool] start grep C:\Users\ether\AppData\Local\data-insights-blog-workers\worker-5\src\components\PostVisualization.tsx
[2026-08-20 19:32:54] [cot:tool] start grep C:\Users\ether\AppData\Local\data-insights-blog-workers\worker-5\scripts
[2026-08-20 19:32:54] [cot:tool] done grep C:\Users\ether\.cursor\projects\C-Users-ether-AppData-Local-data-insights-blog-workers-worker-5\agent-tools\21d111b5-f393-4558-ab51-4040604d72fc.txt
[2026-08-20 19:32:54] [cot:tool] done grep C:\Users\ether\AppData\Local\data-insights-blog-workers\worker-5\src\components\PostVisualization.tsx
[2026-08-20 19:32:54] [cot:tool] done grep C:\Users\ether\AppData\Local\data-insights-blog-workers\worker-5\scripts
[2026-08-20 19:32:54] [cot:thought] Reviewing the market-shaping paper to extract precise figures and data for the post.
[2026-08-20 19:32:54] [cot:thought] Also checking how
[2026-08-20 19:32:54] [cot:thought] smoke-tests register posts.
[2026-08-20 19:32:54] [cot:tool] start grep C:\Users\ether\AppData\Local\data-insights-blog-workers\worker-5\scripts\smoke-test-viz-posts.mjs
[2026-08-20 19:32:54] [cot:tool] done grep C:\Users\ether\AppData\Local\data-insights-blog-workers\worker-5\scripts\smoke-test-viz-posts.mjs
[2026-08-20 19:32:54] [cot:tool] start read C:\Users\ether\.cursor\projects\C-Users-ether-AppData-Local-data-insights-blog-workers-worker-5\agent-tools\21d111b5-f393-4558-ab51-4040604d72fc.txt
[2026-08-20 19:32:54] [cot:tool] done read C:\Users\ether\.cursor\projects\C-Users-ether-AppData-Local-data-insights-blog-workers-worker-5\agent-tools\21d111b5-f393-4558-ab51-4040604d72fc.txt
[2026-08-20 19:32:54] [cot:tool] start webSearch
[2026-08-20 19:32:54] [cot:tool] done webSearch
[2026-08-20 19:32:54] [cot:thought] Sufficient data has been gathered to build the Q3 update. The prior post traced
[2026-08-20 19:32:54] [cot:thought] motive shifts and green instrument mixes from GTA ZG briefings. This Q3 update draws on GTA ZG #88 and a 2009-2024 market-shaping competition panel. It centers on strategic sector convergence across the Big Three, escalating subsidy follow-on rates to 60???80%, and export restriction persistence above 80%.
[2026-08-20 19:32:54] [cot:thought] Subsidy instrument
[2026-08-20 19:32:54] [cot:thought] dominance is 85???97% in China and the EU. The headline metric is US strategic share rising from 33% to 76% (+43 points). Prior vintage deltas will be carried forward as "prior print" context.
[2026-08-20 19:32:54] [cot:thought] More strategic share figures will be pulled from the market-shaping paper.
[2026-08-20 19:32:54] [cot:tool] start read C:\Users\ether\.cursor\projects\C-Users-ether-AppData-Local-data-insights-blog-workers-worker-5\agent-tools\bae554e6-81dd-4404-b0da-67ca92bcc000.txt
[2026-08-20 19:32:54] [cot:tool] start shell $env:BLOG_REPO_ROOT='E:\AI Projects\data-insights-blog'; npx tsx "E:\AI Projects\data-insights-blog\scripts\update-agent-job.mjs" --job job-mt258s9c-tiq9o --status building --activity "Phase 1: writing Q3 vintage data module (ZG #88 + Big Three panel)"
[2026-08-20 19:32:54] [cot:tool] done read C:\Users\ether\.cursor\projects\C-Users-ether-AppData-Local-data-insights-blog-workers-worker-5\agent-tools\bae554e6-81dd-4404-b0da-67ca92bcc000.txt
[2026-08-20 19:32:54] [cot:tool] done shell $env:BLOG_REPO_ROOT='E:\AI Projects\data-insights-blog'; npx tsx "E:\AI Projects\data-insights-blog\scripts\update-agent-job.mjs" --job job-mt258s9c-tiq9o --status building --activity "Phase 1: writing Q3 vintage data module (ZG #88 + Big Three panel)"
[2026-08-20 19:32:54] [cot:thought] I have excellent data. I am creating the data module for the Q3 2026 update. The data module covers
[2026-08-20 19:32:54] [cot:thought] six key metrics: -
[2026-08-20 19:32:54] [cot:thought] Chokepoint subsidy targeting: China rose from 85% to 98%; EU from 50% to 70%; US from 33% to 76%. - Selective industrial actions: roughly 1100 per year in 2009???2019, 1800 in 2020???21, and 1900 in 2022???24. - Green subsidy shares: China near 40% early, then high; EU and US below 20% pre-2020, above 50% by 2023???24.
[2026-08-20 19:32:54] [cot:thought] - Subsidy following rates: 33???66% early, 60???80% post-2020. - Export restriction persistence: roughly 50% early, 80Writing the Q3 data module from ZG #88 and the Big Three panel, then committing phase 1.
[2026-08-20 19:32:54] [cot:tool] start edit C:\Users\ether\AppData\Local\data-insights-blog-workers\worker-5\src\data\fiscal-industrial-policy-update-2026q3-data.ts
[2026-08-20 19:32:54] [cot:tool] done edit C:\Users\ether\AppData\Local\data-insights-blog-workers\worker-5\src\data\fiscal-industrial-policy-update-2026q3-data.ts
[2026-08-20 19:32:54] [cot:thought] Cleaning up the data module by removing the void 0 hack and improper note casts.
[2026-08-20 19:32:54] [cot:thought] Fixing type definitions
[2026-08-20 19:32:54] [cot:thought] for GREEN_SUBSIDY_SHARE and INSTRUMENT_PERSISTENCE.Cleaning up type hacks in the data module, then committing.
[2026-08-20 19:32:54] [cot:tool] start edit C:\Users\ether\AppData\Local\data-insights-blog-workers\worker-5\src\data\fiscal-industrial-policy-update-2026q3-data.ts
[2026-08-20 19:32:55] [cot:tool] start shell git add -A; git commit --trailer "Co-authored-by: Cursor <cursoragent@cursor.com>" -m "wip(fiscal-industrial-policy-update-2026q3): data module"; $env:BLOG_REPO_ROOT='E:\AI Projects\data-insights-blog'; npx tsx "E:\AI Projects\data-insights-blog\scripts\update-agent-job.mjs" --job job-mt258s9c-tiq9o --status building --activity "Phase 1 committed: data module; starting dashboard"
[2026-08-20 19:32:55] [cot:tool] done shell git add -A; git commit --trailer "Co-authored-by: Cursor <cursoragent@cursor.com>" -m "wip(fiscal-industrial-policy-update-2026q3): data module"; $env:BLOG_REPO_ROOT='E:\AI Projects\data-insights-blog'; npx tsx "E:\AI Projects\data-insights-blog\scripts\update-agent-job.mjs" --job job-mt258s9c-tiq9o --status building --activity "Phase 1 committed: data module; starting dashboard"
[2026-08-20 19:32:55] [cot:tool] done edit C:\Users\ether\AppData\Local\data-insights-blog-workers\worker-5\src\data\fiscal-industrial-policy-update-2026q3-data.ts
[2026-08-20 19:32:55] [cot:tool] start edit C:\Users\ether\AppData\Local\data-insights-blog-workers\worker-5\src\data\fiscal-industrial-policy-update-2026q3-data.ts
[2026-08-20 19:32:55] [cot:tool] done edit C:\Users\ether\AppData\Local\data-insights-blog-workers\worker-5\src\data\fiscal-industrial-policy-update-2026q3-data.ts
[2026-08-20 19:32:55] [cot:thought] Phase 1 committed. Proceeding to create and register the dashboard. Reviewing prior dashboard
[2026-08-20 19:32:55] [cot:thought] patterns before writing a distinct visualization. It will include diverging delta bars, strategic path lines, dumbbell charts, green subsidy bars, and scatter plots.
[2026-08-20 19:32:55] [cot:thought] Controls will feature bloc filters and delta groups. Need to verify PostVisualization import patterns.
[2026-08-20 19:32:55] [cot:thought] Building the dashboard and registering the visualization.
[2026-08-20 19:32:55] [cot:tool] start read C:\Users\ether\AppData\Local\data-insights-blog-workers\worker-5\src\components\PostVisualization.tsx
[2026-08-20 19:32:55] [cot:tool] start grep C:\Users\ether\AppData\Local\data-insights-blog-workers\worker-5\src\components\PostVisualization.tsx
[2026-08-20 19:32:55] [cot:tool] done read C:\Users\ether\AppData\Local\data-insights-blog-workers\worker-5\src\components\PostVisualization.tsx
[2026-08-20 19:32:55] [cot:tool] start read C:\Users\ether\AppData\Local\data-insights-blog-workers\worker-5\scripts\smoke-test-viz-posts.mjs
[2026-08-20 19:32:55] [cot:tool] done grep C:\Users\ether\AppData\Local\data-insights-blog-workers\worker-5\src\components\PostVisualization.tsx
[2026-08-20 19:32:55] [cot:tool] done read C:\Users\ether\AppData\Local\data-insights-blog-workers\worker-5\scripts\smoke-test-viz-posts.mjs
[2026-08-20 19:32:55] [cot:thought] Writing the dashboard and wiring up registration in parallel.
[2026-08-20 19:32:55] [cot:tool] start edit C:\Users\ether\AppData\Local\data-insights-blog-workers\worker-5\src\components\visualizations\FiscalIndustrialPolicyUpdate2026q3Dashboard.tsx
[2026-08-20 19:32:55] [cot:tool] start read C:\Users\ether\AppData\Local\data-insights-blog-workers\worker-5\src\components\PostVisualization.tsx
[2026-08-20 19:32:55] [cot:tool] start read C:\Users\ether\AppData\Local\data-insights-blog-workers\worker-5\src\types\post.ts
[2026-08-20 19:32:55] [cot:tool] done read C:\Users\ether\AppData\Local\data-insights-blog-workers\worker-5\src\components\PostVisualization.tsx
[2026-08-20 19:32:55] [cot:tool] done read C:\Users\ether\AppData\Local\data-insights-blog-workers\worker-5\src\types\post.ts
[2026-08-20 19:32:55] [cot:tool] done edit C:\Users\ether\AppData\Local\data-insights-blog-workers\worker-5\src\components\visualizations\FiscalIndustrialPolicyUpdate2026q3Dashboard.tsx
[2026-08-20 19:32:55] [cot:thought] Removing an unused AreaChart import from the dashboard. Wiring up types and
[2026-08-20 19:32:55] [cot:thought] PostVisualization.
[2026-08-20 19:32:55] [cot:tool] start edit C:\Users\ether\AppData\Local\data-insights-blog-workers\worker-5\src\components\visualizations\FiscalIndustrialPolicyUpdate2026q3Dashboard.tsx
[2026-08-20 19:32:55] [cot:tool] done edit C:\Users\ether\AppData\Local\data-insights-blog-workers\worker-5\src\components\visualizations\FiscalIndustrialPolicyUpdate2026q3Dashboard.tsx
[2026-08-20 19:32:55] [cot:tool] start edit C:\Users\ether\AppData\Local\data-insights-blog-workers\worker-5\src\types\post.ts
[2026-08-20 19:32:55] [cot:tool] done edit C:\Users\ether\AppData\Local\data-insights-blog-workers\worker-5\src\types\post.ts
[2026-08-20 19:32:56] [cot:tool] start edit C:\Users\ether\AppData\Local\data-insights-blog-workers\worker-5\src\components\PostVisualization.tsx
[2026-08-20 19:32:56] [cot:tool] start read C:\Users\ether\AppData\Local\data-insights-blog-workers\worker-5\src\data\theme-registry.ts
[2026-08-20 19:32:56] [cot:tool] done read C:\Users\ether\AppData\Local\data-insights-blog-workers\worker-5\src\data\theme-registry.ts
[2026-08-20 19:32:56] [cot:tool] done edit C:\Users\ether\AppData\Local\data-insights-blog-workers\worker-5\src\components\PostVisualization.tsx
[2026-08-20 19:32:56] [cot:tool] start edit C:\Users\ether\AppData\Local\data-insights-blog-workers\worker-5\src\components\PostVisualization.tsx
[2026-08-20 19:32:56] [cot:tool] done edit C:\Users\ether\AppData\Local\data-insights-blog-workers\worker-5\src\components\PostVisualization.tsx
[2026-08-20 19:32:56] [cot:thought] Adding the theme registry entry and committing phase 2.
[2026-08-20 19:32:56] [cot:tool] start edit C:\Users\ether\AppData\Local\data-insights-blog-workers\worker-5\src\data\theme-registry.ts
[2026-08-20 19:32:56] [cot:tool] start shell git add -A; git commit --trailer "Co-authored-by: Cursor <cursoragent@cursor.com>" -m "wip(fiscal-industrial-policy-update-2026q3): dashboard + viz wireup"; $env:BLOG_REPO_ROOT='E:\AI Projects\data-insights-blog'; npx tsx "E:\AI Projects\data-insights-blog\scripts\update-agent-job.mjs" --job job-mt258s9c-tiq9o --status building --activity "Phase 2 committed: dashboard wired; writing prose + hero"
[2026-08-20 19:32:56] [cot:tool] done edit C:\Users\ether\AppData\Local\data-insights-blog-workers\worker-5\src\data\theme-registry.ts
[2026-08-20 19:32:56] [cot:tool] done shell git add -A; git commit --trailer "Co-authored-by: Cursor <cursoragent@cursor.com>" -m "wip(fiscal-industrial-policy-update-2026q3): dashboard + viz wireup"; $env:BLOG_REPO_ROOT='E:\AI Projects\data-insights-blog'; npx tsx "E:\AI Projects\data-insights-blog\scripts\update-agent-job.mjs" --job job-mt258s9c-tiq9o --status building --activity "Phase 2 committed: dashboard wired; writing prose + hero"
[2026-08-20 19:32:56] [cot:thought] Phase 3 focuses on writing the post prose and selecting the hero image. Reviewing the prior
[2026-08-20 19:32:56] [cot:thought] update post as a structural reference before drafting the new content and generating the hero template.
[2026-08-20 19:32:56] [cot:thought] Writing post prose and generating the hero image.
[2026-08-20 19:32:56] [cot:tool] start read C:\Users\ether\AppData\Local\data-insights-blog-workers\worker-5\src\data\posts.ts
[2026-08-20 19:32:56] [cot:tool] done read C:\Users\ether\AppData\Local\data-insights-blog-workers\worker-5\src\data\posts.ts
[2026-08-20 19:32:56] [cot:tool] start generateImage
[2026-08-20 19:32:56] [cot:tool] done generateImage
[2026-08-20 19:32:56] [cot:thought] Copying the hero image to public/images/ and adding the post entry. Checking word count
[2026-08-20 19:32:56] [cot:thought] and H2 heading requirements.
[2026-08-20 19:32:56] [cot:tool] start shell Copy-Item "C:\Users\ether\.cursor\projects\C-Users-ether-AppData-Local-data-insights-blog-workers-worker-5\assets\politics-fiscal-industrial-policy-update-2026q3-hero.png" -Destination "C:\Users\ether\AppData\Local\data-insights-blog-workers\worker-5\public\images\politics-fiscal-industrial-policy-update-2026q3-hero.png" -Force; Test-Path "C:\Users\ether\AppData\Local\data-insights-blog-workers\worker-5\public\images\politics-fiscal-industrial-policy-update-2026q3-hero.png"
[2026-08-20 19:32:56] [cot:tool] start edit C:\Users\ether\AppData\Local\data-insights-blog-workers\worker-5\src\data\posts.ts
[2026-08-20 19:32:56] [cot:tool] done edit
[2026-08-20 19:32:56] [cot:tool] done shell Copy-Item "C:\Users\ether\.cursor\projects\C-Users-ether-AppData-Local-data-insights-blog-workers-worker-5\assets\politics-fiscal-industrial-policy-update-2026q3-hero.png" -Destination "C:\Users\ether\AppData\Local\data-insights-blog-workers\worker-5\public\images\politics-fiscal-industrial-policy-update-2026q3-hero.png" -Force; Test-Path "C:\Users\ether\AppData\Local\data-insights-blog-workers\worker-5\public\images\politics-fiscal-industrial-policy-update-2026q3-hero.png"
[2026-08-20 19:32:56] [cot:thought] The new post will be inserted before the existing update post.
[2026-08-20 19:32:56] [cot:tool] done edit
[2026-08-20 19:32:56] [cot:tool] start edit C:\Users\ether\AppData\Local\data-insights-blog-workers\worker-5\artifacts\backend-manifest.json
[2026-08-20 19:32:57] [cot:tool] done edit C:\Users\ether\AppData\Local\data-insights-blog-workers\worker-5\artifacts\backend-manifest.json
[2026-08-20 19:32:57] [cot:thought] The string replacement failed because the old string was not provided correctly.
[2026-08-20 19:32:57] [cot:thought] Retrying with a smaller
[2026-08-20 19:32:57] [cot:thought] unique anchor.
[2026-08-20 19:32:57] [cot:tool] start read C:\Users\ether\AppData\Local\data-insights-blog-workers\worker-5\src\data\posts.ts
[2026-08-20 19:32:57] [cot:tool] done read C:\Users\ether\AppData\Local\data-insights-blog-workers\worker-5\src\data\posts.ts
[2026-08-20 19:32:57] [cot:thought] The post content will be written to a temporary file and inserted via shell script, Node, or StrReplace.
[2026-08-20 19:32:57] [cot:tool] start shell node -e "
[2026-08-20 19:32:57] [cot:tool] done shell node -e "
[2026-08-20 19:32:57] [cot:thought] PowerShell is mangling the node -e string. Writing a small script
[2026-08-20 19:32:57] [cot:thought] file instead.
[2026-08-20 19:32:57] [cot:tool] start edit C:\Users\ether\AppData\Local\data-insights-blog-workers\worker-5\artifacts\_insert-q3-post.mjs
[2026-08-20 19:32:57] [cot:tool] start edit C:\Users\ether\AppData\Local\data-insights-blog-workers\worker-5\artifacts\_q3-post-snippet.ts.txt
[2026-08-20 19:32:57] [cot:tool] done edit C:\Users\ether\AppData\Local\data-insights-blog-workers\worker-5\artifacts\_insert-q3-post.mjs
[2026-08-20 19:32:57] [cot:tool] done edit C:\Users\ether\AppData\Local\data-insights-blog-workers\worker-5\artifacts\_q3-post-snippet.ts.txt
[2026-08-20 19:32:57] [cot:thought] Running the insert script and verifying word count.
[2026-08-20 19:32:57] [cot:tool] start shell node artifacts/_insert-q3-post.mjs; node -e "const fs=require('fs'); const s=fs.readFileSync('src/data/posts.ts','utf8'); const m=s.match(/id: \"fiscal-industrial-policy-update-2026q3\"[\s\S]*?layout: \"default\",\n  },/); if(!m){console.log('no match'); process.exit(1);} const c=m[0].match(/content: \`([\s\S]*?)\`,/); const words=c[1].split(/\s+/).filter(Boolean).length; const h2=(c[1].match(/^## /gm)||[]).length; console.log('words',words,'h2',h2);"
[2026-08-20 19:32:57] [cot:tool] done shell node artifacts/_insert-q3-post.mjs; node -e "const fs=require('fs'); const s=fs.readFileSync('src/data/posts.ts','utf8'); const m=s.match(/id: \"fiscal-industrial-policy-update-2026q3\"[\s\S]*?layout: \"default\",\n  },/); if(!m){console.log('no match'); process.exit(1);} const c=m[0].match(/content: \`([\s\S]*?)\`,/); const words=c[1].split(/\s+/).filter(Boolean).length; const h2=(c[1].match(/^## /gm)||[]).length; console.log('words',words,'h2',h2);"
[2026-08-20 19:32:57] [cot:thought] Considering whether to use .cjs files or ESM import syntax. PowerShell quote mangling
[2026-08-20 19:32:57] [cot:thought] in -e prevents inline execution. The insert script will become an ESM module, and a separate verify script will handle validation.
[2026-08-20 19:32:57] [cot:tool] start edit C:\Users\ether\AppData\Local\data-insights-blog-workers\worker-5\artifacts\_insert-q3-post.mjs
[2026-08-20 19:32:57] [cot:tool] start shell node artifacts/_insert-q3-post.mjs
[2026-08-20 19:32:57] [cot:tool] done shell node artifacts/_insert-q3-post.mjs
[2026-08-20 19:32:57] [cot:tool] done edit C:\Users\ether\AppData\Local\data-insights-blog-workers\worker-5\artifacts\_insert-q3-post.mjs
[2026-08-20 19:32:57] [cot:thought] The marker may use different line endings or spacing. Checking exact bytes
[2026-08-20 19:32:57] [cot:thought] around the fiscal-industrial-policy-update-2026 entry.
[2026-08-20 19:32:57] [cot:tool] start shell node --input-type=module -e "import fs from 'node:fs'; const s=fs.readFileSync('src/data/posts.ts','utf8'); const i=s.indexOf('fiscal-industrial-policy-update-2026'); console.log(JSON.stringify(s.slice(i-30,i+80)); console.log('CRLF',s.includes('\r\n'));"
[2026-08-20 19:32:57] [cot:tool] done shell node --input-type=module -e "import fs from 'node:fs'; const s=fs.readFileSync('src/data/posts.ts','utf8'); const i=s.indexOf('fiscal-industrial-policy-update-2026'); console.log(JSON.stringify(s.slice(i-30,i+80)); console.log('CRLF',s.includes('\r\n'));"
[2026-08-20 19:32:57] [cot:thought] PowerShell is interpreting parentheses. Writing a debug script
[2026-08-20 19:32:57] [cot:thought] file instead.
[2026-08-20 19:32:57] [cot:tool] start edit C:\Users\ether\AppData\Local\data-insights-blog-workers\worker-5\artifacts\_debug-marker.mjs
[2026-08-20 19:32:57] [cot:tool] start shell node artifacts/_debug-marker.mjs
[2026-08-20 19:32:58] [cot:tool] done edit C:\Users\ether\AppData\Local\data-insights-blog-workers\worker-5\artifacts\_debug-marker.mjs
[2026-08-20 19:32:58] [cot:tool] done shell node artifacts/_debug-marker.mjs
[2026-08-20 19:32:58] [cot:thought] The target file uses CRLF line endings. The insert script needs `\r\n` to match.
[2026-08-20 19:32:58] [cot:tool] start edit C:\Users\ether\AppData\Local\data-insights-blog-workers\worker-5\artifacts\_insert-q3-post.mjs
[2026-08-20 19:32:58] [cot:tool] start shell node artifacts/_insert-q3-post.mjs
[2026-08-20 19:32:58] [cot:tool] done edit C:\Users\ether\AppData\Local\data-insights-blog-workers\worker-5\artifacts\_insert-q3-post.mjs
[2026-08-20 19:32:58] [cot:tool] done shell node artifacts/_insert-q3-post.mjs
[2026-08-20 19:32:58] [cot:thought] The draft contains 1,631 words and nine H2 headings. Next steps are creating a QA script, marking a smoke test, committing phase three, and running deployment.
[2026-08-20 19:32:58] [cot:thought] Temporary helper files will be deleted before the commit.
[2026-08-20 19:32:58] [cot:thought] Creating the QA script and smoke marker, then committing phase 3.
[2026-08-20 19:32:58] [cot:tool] start read C:\Users\ether\AppData\Local\data-insights-blog-workers\worker-5\scripts\qa-fiscal-industrial-policy-update-2026.mjs
[2026-08-20 19:32:58] [cot:tool] start edit C:\Users\ether\AppData\Local\data-insights-blog-workers\worker-5\scripts\smoke-test-viz-posts.mjs
[2026-08-20 19:32:58] [cot:tool] done read C:\Users\ether\AppData\Local\data-insights-blog-workers\worker-5\scripts\qa-fiscal-industrial-policy-update-2026.mjs
[2026-08-20 19:32:58] [cot:tool] done edit C:\Users\ether\AppData\Local\data-insights-blog-workers\worker-5\scripts\smoke-test-viz-posts.mjs
[2026-08-20 19:32:58] [cot:thought] Checking homepage QA for a similar list. Writing a QA script
[2026-08-20 19:32:58] [cot:thought] based on the prior one.
[2026-08-20 19:32:58] [cot:tool] start edit C:\Users\ether\AppData\Local\data-insights-blog-workers\worker-5\scripts\qa-fiscal-industrial-policy-update-2026q3.mjs
[2026-08-20 19:32:58] [cot:tool] start delete C:\Users\ether\AppData\Local\data-insights-blog-workers\worker-5\artifacts\_insert-q3-post.mjs
[2026-08-20 19:32:58] [cot:tool] done edit C:\Users\ether\AppData\Local\data-insights-blog-workers\worker-5\scripts\qa-fiscal-industrial-policy-update-2026q3.mjs
[2026-08-20 19:32:58] [cot:tool] done delete C:\Users\ether\AppData\Local\data-insights-blog-workers\worker-5\artifacts\_insert-q3-post.mjs
[2026-08-20 19:32:58] [cot:tool] start delete C:\Users\ether\AppData\Local\data-insights-blog-workers\worker-5\artifacts\_q3-post-snippet.ts.txt
[2026-08-20 19:32:58] [cot:tool] done delete C:\Users\ether\AppData\Local\data-insights-blog-workers\worker-5\artifacts\_q3-post-snippet.ts.txt
[2026-08-20 19:32:58] [cot:tool] start delete C:\Users\ether\AppData\Local\data-insights-blog-workers\worker-5\artifacts\_debug-marker.mjs
[2026-08-20 19:32:58] [cot:tool] done delete C:\Users\ether\AppData\Local\data-insights-blog-workers\worker-5\artifacts\_debug-marker.mjs
[2026-08-20 19:32:58] [cot:tool] start shell git add -A; git status --short; git commit --trailer "Co-authored-by: Cursor <cursoragent@cursor.com>" -m "wip(fiscal-industrial-policy-update-2026q3): post prose + hero"; git add -A; git status --short; git commit --trailer "Co-authored-by: Cursor <cursoragent@cursor.com>" -m "wip(fiscal-industrial-policy-update-2026q3): qa + smoke" 2>$null; $env:BLOG_REPO_ROOT='E:\AI Projects\data-insights-blog'; npx tsx "E:\AI Projects\data-insights-blog\scripts\update-agent-job.mjs" --job job-mt258s9c-tiq9o --status qa --activity "Phase 3-4 committed; running npm run deploy on ports 4188/4189"
[2026-08-20 19:32:58] [cot:tool] done shell git add -A; git status --short; git commit --trailer "Co-authored-by: Cursor <cursoragent@cursor.com>" -m "wip(fiscal-industrial-policy-update-2026q3): post prose + hero"; git add -A; git status --short; git commit --trailer "Co-authored-by: Cursor <cursoragent@cursor.com>" -m "wip(fiscal-industrial-policy-update-2026q3): qa + smoke" 2>$null; $env:BLOG_REPO_ROOT='E:\AI Projects\data-insights-blog'; npx tsx "E:\AI Projects\data-insights-blog\scripts\update-agent-job.mjs" --job job-mt258s9c-tiq9o --status qa --activity "Phase 3-4 committed; running npm run deploy on ports 4188/4189"
[2026-08-20 19:32:58] [cot:thought] QA and smoke files were staged together with the prose and hero content. Running npm run deploy
[2026-08-20 19:32:58] [cot:thought] with ports. This will take a while.Running local deploy with isolated smoke ports.
[2026-08-20 19:32:58] [cot:tool] start shell $env:SMOKE_PORT='4188'; $env:SMOKE_QA_PORT='4189'; npm run deploy
[2026-08-20 19:32:58] [cot:tool] done shell $env:SMOKE_PORT='4188'; $env:SMOKE_QA_PORT='4189'; npm run deploy
[2026-08-20 19:32:59] [cot:thought] Fixing TypeScript errors in Tooltip formatters. Checking the prior
[2026-08-20 19:32:59] [cot:thought] dashboard implementation for reference.Fixing Tooltip formatter types to match Recharts.
[2026-08-20 19:32:59] [cot:tool] start grep C:\Users\ether\AppData\Local\data-insights-blog-workers\worker-5\src\components\visualizations\FiscalIndustrialPolicyUpdateDashboard.tsx
[2026-08-20 19:32:59] [cot:tool] done grep C:\Users\ether\AppData\Local\data-insights-blog-workers\worker-5\src\components\visualizations\FiscalIndustrialPolicyUpdateDashboard.tsx
[2026-08-20 19:32:59] [cot:tool] start edit C:\Users\ether\AppData\Local\data-insights-blog-workers\worker-5\src\components\visualizations\FiscalIndustrialPolicyUpdate2026q3Dashboard.tsx
[2026-08-20 19:32:59] [cot:tool] done edit C:\Users\ether\AppData\Local\data-insights-blog-workers\worker-5\src\components\visualizations\FiscalIndustrialPolicyUpdate2026q3Dashboard.tsx
[2026-08-20 19:32:59] [cot:tool] start edit C:\Users\ether\AppData\Local\data-insights-blog-workers\worker-5\src\components\visualizations\FiscalIndustrialPolicyUpdate2026q3Dashboard.tsx
[2026-08-20 19:32:59] [cot:tool] done edit C:\Users\ether\AppData\Local\data-insights-blog-workers\worker-5\src\components\visualizations\FiscalIndustrialPolicyUpdate2026q3Dashboard.tsx
[2026-08-20 19:32:59] [cot:tool] start edit C:\Users\ether\AppData\Local\data-insights-blog-workers\worker-5\src\components\visualizations\FiscalIndustrialPolicyUpdate2026q3Dashboard.tsx
[2026-08-20 19:32:59] [cot:tool] done edit C:\Users\ether\AppData\Local\data-insights-blog-workers\worker-5\src\components\visualizations\FiscalIndustrialPolicyUpdate2026q3Dashboard.tsx
[2026-08-20 19:32:59] [cot:thought] LineChart remains in use, so its import will stay. Area is confirmed
[2026-08-20 19:32:59] [cot:thought] in use. Retrying deployment.
[2026-08-20 19:32:59] [cot:tool] start shell git add -A; git commit --trailer "Co-authored-by: Cursor <cursoragent@cursor.com>" -m "wip(fiscal-industrial-policy-update-2026q3): fix tooltip types"; $env:SMOKE_PORT='4188'; $env:SMOKE_QA_PORT='4189'; npm run deploy
[2026-08-20 19:32:59] [cot:tool] done shell git add -A; git commit --trailer "Co-authored-by: Cursor <cursoragent@cursor.com>" -m "wip(fiscal-industrial-policy-update-2026q3): fix tooltip types"; $env:SMOKE_PORT='4188'; $env:SMOKE_QA_PORT='4189'; npm run deploy
[2026-08-20 19:32:59] [cot:thought] Deployment passed. Verifying the HTML file exists. Running final QA checks.
[2026-08-20 19:32:59] [cot:thought] Committing the post, marking the job ready, printing the WorkerReady line, and exiting.
[2026-08-20 19:32:59] [cot:thought] Deploy passed. Finalizing with the feat commit and marking the job ready.
[2026-08-20 19:32:59] [cot:tool] start shell Test-Path "out/blog/fiscal-industrial-policy-update-2026q3.html"; git add -A; git status --short; git log -5 --oneline; git commit --trailer "Co-authored-by: Cursor <cursoragent@cursor.com>" -m "feat(post): fiscal-industrial-policy-update-2026q3"; $env:BLOG_REPO_ROOT='E:\AI Projects\data-insights-blog'; npx tsx "E:\AI Projects\data-insights-blog\scripts\update-agent-job.mjs" --job job-mt258s9c-tiq9o --status ready --activity "Ready for merge" --headline "US strategic subsidy targeting 33%???76% (+43 pp); China 98%; EU 70%"; git status; Write-Output "WorkerReady: fiscal-industrial-policy-update-2026q3 | job=job-mt258s9c-tiq9o | worker=5"
[2026-08-20 19:32:59] [cot:tool] done shell Test-Path "out/blog/fiscal-industrial-policy-update-2026q3.html"; git add -A; git status --short; git log -5 --oneline; git commit --trailer "Co-authored-by: Cursor <cursoragent@cursor.com>" -m "feat(post): fiscal-industrial-policy-update-2026q3"; $env:BLOG_REPO_ROOT='E:\AI Projects\data-insights-blog'; npx tsx "E:\AI Projects\data-insights-blog\scripts\update-agent-job.mjs" --job job-mt258s9c-tiq9o --status ready --activity "Ready for merge" --headline "US strategic subsidy targeting 33%???76% (+43 pp); China 98%; EU 70%"; git status; Write-Output "WorkerReady: fiscal-industrial-policy-update-2026q3 | job=job-mt258s9c-tiq9o | worker=5"
[2026-08-20 19:32:59] [cot:thought] The feature commit did not create because the working tree was clean. The last commit was a tooltip fix WIP.
[2026-08-20 19:32:59] [cot:thought] Amending the last
[2026-08-20 19:32:59] [cot:thought] local-only WIP commit to the required `feat(post)` message.Amending the last local wip commit to the required `feat(post)` message.
[2026-08-20 19:32:59] [cot:tool] start shell git log -1 --format='%an %ae %s'; git status -sb; git commit --trailer "Co-authored-by: Cursor <cursoragent@cursor.com>" --amend -m "feat(post): fiscal-industrial-policy-update-2026q3"; git log -3 --oneline; git status -sb; Write-Output "WorkerReady: fiscal-industrial-policy-update-2026q3 | job=job-mt258s9c-tiq9o | worker=5"
[2026-08-20 19:32:59] [cot:tool] done shell git log -1 --format='%an %ae %s'; git status -sb; git commit --trailer "Co-authored-by: Cursor <cursoragent@cursor.com>" --amend -m "feat(post): fiscal-industrial-policy-update-2026q3"; git log -3 --oneline; git status -sb; Write-Output "WorkerReady: fiscal-industrial-policy-update-2026q3 | job=job-mt258s9c-tiq9o | worker=5"
[2026-08-20 19:33:00] [cot:thought] The author field shows "Joe M" rather than the agent identity. The HEAD commit was
[2026-08-20 19:33:00] [cot:thought] created during this session. The author field reflects the user's git configuration.
[2026-08-20 19:33:00] [cot:thought] The job status is now marked ready.Shipped **fiscal-industrial-policy-update-2026q3** on `post/fiscal-industrial-policy-update-2026q3-w5`.
[2026-08-20 19:33:00] [cot:thought] **
[2026-08-20 19:33:00] [cot:thought] Headline:** US strategic subsidy targeting **33% ??? 76% (+43 pp)**; China **98%**; EU **70%**; same-HS6 follow band **60???
[2026-08-20 19:33:00] [cot:thought] 80%** (GTA ZG #88 + Big Three panel vs August update).
[2026-08-20 19:33:00] [cot:thought] **Done:** data module, 6+ panel dashboard (path/dumbbell/follow/scatter/etc.), posts.ts (~1.
[2026-08-20 19:33:00] [cot:thought] 6k words, 9 H2s), hero PNG, QA + smoke, `npm run deploy` on **4188/4189**, job **ready**.
[2026-08-20 19:33:00] [cot:thought] `
[2026-08-20 19:33:00] [cot:system] task_notification
[2026-08-20 19:33:00] [cot:thought] WorkerReady: fiscal-industrial-policy-update-2026q3 | job=job-mt258s9c-tiq9o | worker=5`The commit data module shell task is complete.
[2026-08-20 19:33:00] [cot:thought] No follow-up actions are needed.Phase 1 finished successfully earlier: the data module was committed and the job status was refreshed.
[2026-08-20 19:33:00] [cot:thought] The full post later shipped and is marked **ready** for merge.
[2026-08-20 19:33:00] [cot:system] result ok 715152ms ΓÇö Starting the assigned post in small phases. Checking conveyor sync, job state, and existing theme patterns.Reviewing the prior update's dashboard and registry patterns, then drafting a Q3 vintage-delta data module.Fetching the chokepoint an
