[2026-07-31 13:56:19] Worker 1 starting job job-ms98umw1-fb4kn (ai-compute-demand-research-2026) in E:\AI Projects\data-insights-blog-worktrees\worker-1 (branch post/ai-compute-demand-research-2026-w1)
[2026-07-31 13:56:19] Resetting worktree to 61022e9bc8eecd1b18c428f7b34d1860b123d517 then checkout post/ai-compute-demand-research-2026-w1
[2026-07-31 13:56:20] git: HEAD is now at 61022e9 merge(post): us-billion-dollar-weather-disasters-ms94skof from worker 3 (path-selective)
[2026-07-31 13:56:20] git: Removing public/images/capital-markets-ai-financing-research-2026-hero.png
[2026-07-31 13:56:20] git: Removing scripts/bootstrap-worktrees.ps1
[2026-07-31 13:56:20] git: Removing scripts/claim-next-topics.mjs
[2026-07-31 13:56:20] git: Removing scripts/cursor-watchdog-loop.ps1
[2026-07-31 13:56:20] git: Removing scripts/debug-agent-transport.ps1
[2026-07-31 13:56:20] git: Removing scripts/lib/agent-jobs.mjs
[2026-07-31 13:56:20] git: Removing scripts/lib/production-ship-parser.mjs
[2026-07-31 13:56:20] git: Removing scripts/lib/viz-interaction-qa.mjs
[2026-07-31 13:56:20] git: Removing scripts/local-blog-server.mjs
[2026-07-31 13:56:20] git: Removing scripts/production-stream-server.mjs
[2026-07-31 13:56:20] git: Removing scripts/production-stream-ui.html
[2026-07-31 13:56:20] git: Removing scripts/prompts/
[2026-07-31 13:56:20] git: Removing scripts/qa-ai-financing-research-2026.mjs
[2026-07-31 13:56:20] git: Removing scripts/resume-blog-automation.ps1
[2026-07-31 13:56:20] git: Removing scripts/run-blog-orchestrator.ps1
[2026-07-31 13:56:20] git: Removing scripts/run-blog-production-local.ps1
[2026-07-31 13:56:20] git: Removing scripts/run-blog-worker.ps1
[2026-07-31 13:56:20] git: Removing scripts/start-blog-automation-in-app.ps1
[2026-07-31 13:56:20] git: Removing scripts/stop-blog-automation.ps1
[2026-07-31 13:56:20] git: Removing scripts/theme-balance.ts
[2026-07-31 13:56:20] git: Removing scripts/update-agent-job.mjs
[2026-07-31 13:56:20] git: Removing scripts/watch-blog-production.ps1
[2026-07-31 13:56:20] git: Removing src/components/visualizations/AiFinancingResearchDashboard.tsx
[2026-07-31 13:56:20] git: Removing src/data/ai-financing-research-2026-data.ts
[2026-07-31 13:56:21] git: HEAD is now at 61022e9 merge(post): us-billion-dollar-weather-disasters-ms94skof from worker 3 (path-selective)
[2026-07-31 13:56:21] git: Switched to and reset branch 'post/ai-compute-demand-research-2026-w1'
[2026-07-31 13:56:29] Invoking agent for worker 1 (-p --force --trust --workspace worktree)
Connection lost, reconnecting to https://api2.cursor.sh (attempt 1)...
[2026-07-31 13:59:36] WARN: transport blip cliAttempt=1 (raw=1) elapsed=0s
Retry attempt 1...
[2026-07-31 13:59:38] WARN: transport blip cliAttempt=1 (raw=1) elapsed=2s
Connection lost, reconnecting to https://api2.cursor.sh (attempt 2)...
[2026-07-31 14:00:41] WARN: transport blip cliAttempt=2 (raw=2) elapsed=65s
Retry attempt 2...
[2026-07-31 14:00:46] WARN: transport blip cliAttempt=2 (raw=2) elapsed=70s
Connection lost, reconnecting to https://api2.cursor.sh (attempt 3)...
[2026-07-31 14:10:00] INFO: blip streak reset after quiet gap
[2026-07-31 14:10:00] WARN: transport blip cliAttempt=1 (raw=3) elapsed=0s
Retry attempt 3...
[2026-07-31 14:10:11] WARN: transport blip cliAttempt=1 (raw=3) elapsed=11s
Connection lost, reconnecting to https://api2.cursor.sh (attempt 4)...
[2026-07-31 14:11:26] WARN: transport blip cliAttempt=2 (raw=4) elapsed=86s
Retry attempt 4...
[2026-07-31 14:11:45] WARN: transport blip cliAttempt=2 (raw=4) elapsed=105s
Connection lost, reconnecting to https://api2.cursor.sh (attempt 5)...
[2026-07-31 14:12:43] WARN: transport blip cliAttempt=3 (raw=5) elapsed=163s
Retry attempt 5...
[2026-07-31 14:13:16] WARN: transport blip cliAttempt=3 (raw=5) elapsed=196s
Connection lost, reconnecting to https://api2.cursor.sh (attempt 6)...
[2026-07-31 14:13:49] WARN: transport blip cliAttempt=4 (raw=6) elapsed=229s
Retry attempt 6...
[2026-07-31 14:14:50] WARN: transport blip cliAttempt=4 (raw=6) elapsed=290s
Connection lost, reconnecting to https://api2.cursor.sh (attempt 7)...
[2026-07-31 14:15:20] WARN: transport blip cliAttempt=5 (raw=7) elapsed=320s
[2026-07-31 14:15:20] ERROR: transport unhealthy (cliAttempt=5 elapsed=320s); killing worker agent
