[2026-07-31 14:23:04] Worker 2 starting job job-ms99sz9l-1cock (copper-mine-vs-refinery-geography-2026) in E:\AI Projects\data-insights-blog-worktrees\worker-2 (branch post/copper-mine-vs-refinery-geography-2026-w2)
[2026-07-31 14:23:04] Resetting worktree then checkout post/copper-mine-vs-refinery-geography-2026-w2 at 61022e9bc8eecd1b18c428f7b34d1860b123d517
[2026-07-31 14:23:05] git: HEAD is now at 61022e9 merge(post): us-billion-dollar-weather-disasters-ms94skof from worker 3 (path-selective)
[2026-07-31 14:23:05] git: Removing public/images/industry-ai-supply-chain-research-2026-hero.png
[2026-07-31 14:23:05] git: Removing scripts/bootstrap-worktrees.ps1
[2026-07-31 14:23:05] git: Removing scripts/claim-next-topics.mjs
[2026-07-31 14:23:05] git: Removing scripts/claim-recovery-job.mjs
[2026-07-31 14:23:05] git: Removing scripts/cursor-watchdog-loop.ps1
[2026-07-31 14:23:05] git: Removing scripts/debug-agent-transport.ps1
[2026-07-31 14:23:05] git: Removing scripts/lib/agent-jobs.mjs
[2026-07-31 14:23:05] git: Removing scripts/lib/production-ship-parser.mjs
[2026-07-31 14:23:05] git: Removing scripts/lib/viz-interaction-qa.mjs
[2026-07-31 14:23:05] git: Removing scripts/local-blog-server.mjs
[2026-07-31 14:23:05] git: Removing scripts/production-stream-server.mjs
[2026-07-31 14:23:05] git: Removing scripts/production-stream-ui.html
[2026-07-31 14:23:05] git: Removing scripts/prompts/
[2026-07-31 14:23:05] git: Removing scripts/qa-ai-supply-chain-research-2026.mjs
[2026-07-31 14:23:05] git: Removing scripts/resume-blog-automation.ps1
[2026-07-31 14:23:05] git: Removing scripts/run-blog-orchestrator.ps1
[2026-07-31 14:23:05] git: Removing scripts/run-blog-production-local.ps1
[2026-07-31 14:23:05] git: Removing scripts/run-blog-worker.ps1
[2026-07-31 14:23:05] git: Removing scripts/start-blog-automation-in-app.ps1
[2026-07-31 14:23:05] git: Removing scripts/stop-blog-automation.ps1
[2026-07-31 14:23:05] git: Removing scripts/theme-balance.ts
[2026-07-31 14:23:05] git: Removing scripts/update-agent-job.mjs
[2026-07-31 14:23:05] git: Removing scripts/watch-blog-production.ps1
[2026-07-31 14:23:05] git: Removing src/components/charts/
[2026-07-31 14:23:05] git: Removing src/components/visualizations/AiSupplyChainResearchDashboard.tsx
[2026-07-31 14:23:05] git: Removing src/components/visualizations/BankLoanChargeoffsDashboard.tsx
[2026-07-31 14:23:05] git: Removing src/components/visualizations/CommercialAircraftAssemblyDashboard.tsx
[2026-07-31 14:23:05] git: Removing src/components/visualizations/IrenaRenewableCapacityDashboard.tsx
[2026-07-31 14:23:05] git: Removing src/components/visualizations/MoneyMarketFundsDepositsDashboard.tsx
[2026-07-31 14:23:05] git: Removing src/components/visualizations/NaturalGraphiteMineConcentrationDashboard.tsx
[2026-07-31 14:23:05] git: Removing src/components/visualizations/OecdDacOdaDashboard.tsx
[2026-07-31 14:23:05] git: Removing src/data/ai-supply-chain-research-2026-data.ts
[2026-07-31 14:23:05] git: Removing src/data/bank-loan-chargeoffs-data.ts
[2026-07-31 14:23:05] git: Removing src/data/commercial-aircraft-assembly-data.ts
[2026-07-31 14:23:05] git: Removing src/data/irena-renewable-capacity-data.ts
[2026-07-31 14:23:05] git: Removing src/data/money-market-funds-deposits-data.ts
[2026-07-31 14:23:05] git: Removing src/data/natural-graphite-mine-concentration-data.ts
[2026-07-31 14:23:05] git: Removing src/data/oecd-dac-oda-data.ts
[2026-07-31 14:23:05] git: Removing src/data/social-security-trust-fund-data.ts
[2026-07-31 14:23:06] git: HEAD is now at 61022e9 merge(post): us-billion-dollar-weather-disasters-ms94skof from worker 3 (path-selective)
[2026-07-31 14:23:06] git: Switched to a new branch 'post/copper-mine-vs-refinery-geography-2026-w2'
[2026-07-31 14:23:17] Invoking agent for worker 2 (-p --force --trust --workspace worktree)
Connection lost, reconnecting to https://api2.cursor.sh (attempt 1)...
[2026-07-31 14:25:24] WARN: transport blip cliAttempt=1 (raw=1) elapsed=0s
Retry attempt 1...
[2026-07-31 14:25:26] WARN: transport blip cliAttempt=1 (raw=1) elapsed=2s
Connection lost, reconnecting to https://api2.cursor.sh (attempt 2)...
[2026-07-31 14:27:03] WARN: transport blip cliAttempt=2 (raw=2) elapsed=99s
Retry attempt 2...
[2026-07-31 14:27:07] WARN: transport blip cliAttempt=2 (raw=2) elapsed=103s
Connection lost, reconnecting to https://api2.cursor.sh (attempt 3)...
[2026-07-31 14:27:40] WARN: transport blip cliAttempt=3 (raw=3) elapsed=137s
Retry attempt 3...
[2026-07-31 14:27:49] WARN: transport blip cliAttempt=3 (raw=3) elapsed=145s
Connection lost, reconnecting to https://api2.cursor.sh (attempt 4)...
[2026-07-31 14:28:54] WARN: transport blip cliAttempt=4 (raw=4) elapsed=210s
Retry attempt 4...
[2026-07-31 14:29:11] WARN: transport blip cliAttempt=4 (raw=4) elapsed=227s
Connection lost, reconnecting to https://api2.cursor.sh (attempt 5)...
[2026-07-31 14:31:26] INFO: blip streak reset after quiet gap
[2026-07-31 14:31:26] WARN: transport blip cliAttempt=1 (raw=5) elapsed=0s
Retry attempt 5...
[2026-07-31 14:32:01] WARN: transport blip cliAttempt=1 (raw=5) elapsed=35s
Connection lost, reconnecting to https://api2.cursor.sh (attempt 6)...
[2026-07-31 14:32:34] WARN: transport blip cliAttempt=2 (raw=6) elapsed=69s
Retry attempt 6...
[2026-07-31 14:33:45] WARN: transport blip cliAttempt=2 (raw=6) elapsed=140s
Connection lost, reconnecting to https://api2.cursor.sh (attempt 7)...
[2026-07-31 14:34:22] WARN: transport blip cliAttempt=3 (raw=7) elapsed=176s
Retry attempt 7...
[2026-07-31 14:35:30] WARN: transport blip cliAttempt=3 (raw=7) elapsed=244s
Connection lost, reconnecting to https://api2.cursor.sh (attempt 8)...
[2026-07-31 14:36:08] WARN: transport blip cliAttempt=4 (raw=8) elapsed=282s
Retry attempt 8...
[2026-07-31 14:37:09] WARN: transport blip cliAttempt=4 (raw=8) elapsed=343s
[2026-07-31 14:37:09] ERROR: transport unhealthy (cliAttempt=4 elapsed=343s); killing worker agent
[2026-07-31 14:37:16] Worker 2 finished (exit=75)
