[2026-07-31 23:04:38] Worker 1 starting job job-ms9sfs3o-xpkey (commercial-aircraft-final-assembly-geography-2026) in E:\AI Projects\data-insights-blog-worktrees\worker-1 (branch post/commercial-aircraft-final-assembly-geography-2026-w1)
[2026-07-31 23:04:39] Resetting worktree then checkout post/commercial-aircraft-final-assembly-geography-2026-w1 at 0b66a4802791867de514152eb05422337974e9c4
[2026-07-31 23:04:39] git: HEAD is now at 0b66a48 merge(post): migration-humanitarian-research-2026 from worker 3 (path-selective)
[2026-07-31 23:04:39] git: Removing public/images/global-systems-fiscal-plumbing-research-2026-hero.png
[2026-07-31 23:04:39] git: Removing public/images/industry-global-shipbuilding-gt-delivery-concentration-2026-hero.png
[2026-07-31 23:04:39] git: Removing scripts/bootstrap-worktrees.ps1
[2026-07-31 23:04:39] git: Removing scripts/claim-next-topics.mjs
[2026-07-31 23:04:39] git: Removing scripts/claim-recovery-job.mjs
[2026-07-31 23:04:39] git: Removing scripts/cursor-watchdog-loop.ps1
[2026-07-31 23:04:39] git: Removing scripts/debug-agent-transport.ps1
[2026-07-31 23:04:39] git: Removing scripts/lib/agent-jobs.mjs
[2026-07-31 23:04:39] git: Removing scripts/lib/production-ship-parser.mjs
[2026-07-31 23:04:39] git: Removing scripts/lib/viz-interaction-qa.mjs
[2026-07-31 23:04:39] git: Removing scripts/local-blog-server.mjs
[2026-07-31 23:04:39] git: Removing scripts/production-stream-server.mjs
[2026-07-31 23:04:39] git: Removing scripts/production-stream-ui.html
[2026-07-31 23:04:39] git: Removing scripts/prompts/
[2026-07-31 23:04:39] git: Removing scripts/prune-post-branches.mjs
[2026-07-31 23:04:39] git: Removing scripts/qa-fiscal-plumbing-research-2026.mjs
[2026-07-31 23:04:39] git: Removing scripts/qa-global-shipbuilding-gt-delivery-concentration-2026.mjs
[2026-07-31 23:04:39] git: Removing scripts/resolve-flagged-jobs.mjs
[2026-07-31 23:04:39] git: Removing scripts/resume-blog-automation.ps1
[2026-07-31 23:04:39] git: Removing scripts/run-blog-orchestrator.ps1
[2026-07-31 23:04:39] git: Removing scripts/run-blog-production-local.ps1
[2026-07-31 23:04:39] git: Removing scripts/run-blog-worker.ps1
[2026-07-31 23:04:39] git: Removing scripts/start-blog-automation-in-app.ps1
[2026-07-31 23:04:39] git: Removing scripts/stop-blog-automation.ps1
[2026-07-31 23:04:39] git: Removing scripts/theme-balance.ts
[2026-07-31 23:04:40] git: Removing scripts/update-agent-job.mjs
[2026-07-31 23:04:40] git: Removing scripts/watch-blog-production.ps1
[2026-07-31 23:04:40] git: Removing src/components/charts/
[2026-07-31 23:04:40] git: Removing src/components/visualizations/BankLoanChargeoffsDashboard.tsx
[2026-07-31 23:04:40] git: Removing src/components/visualizations/CommercialAircraftAssemblyDashboard.tsx
[2026-07-31 23:04:40] git: Removing src/components/visualizations/FiscalPlumbingResearchDashboard.tsx
[2026-07-31 23:04:40] git: Removing src/components/visualizations/GlobalShipbuildingGtDeliveryConcentrationDashboard.tsx
[2026-07-31 23:04:40] git: Removing src/components/visualizations/IrenaRenewableCapacityDashboard.tsx
[2026-07-31 23:04:40] git: Removing src/components/visualizations/MoneyMarketFundsDepositsDashboard.tsx
[2026-07-31 23:04:40] git: Removing src/components/visualizations/NaturalGraphiteMineConcentrationDashboard.tsx
[2026-07-31 23:04:40] git: Removing src/components/visualizations/OecdDacOdaDashboard.tsx
[2026-07-31 23:04:40] git: Removing src/data/bank-loan-chargeoffs-data.ts
[2026-07-31 23:04:40] git: Removing src/data/commercial-aircraft-assembly-data.ts
[2026-07-31 23:04:40] git: Removing src/data/fiscal-plumbing-research-2026-data.ts
[2026-07-31 23:04:40] git: Removing src/data/global-shipbuilding-gt-delivery-concentration-2026-data.ts
[2026-07-31 23:04:40] git: Removing src/data/irena-renewable-capacity-data.ts
[2026-07-31 23:04:40] git: Removing src/data/money-market-funds-deposits-data.ts
[2026-07-31 23:04:40] git: Removing src/data/natural-graphite-mine-concentration-data.ts
[2026-07-31 23:04:40] git: Removing src/data/oecd-dac-oda-data.ts
[2026-07-31 23:04:40] git: Removing src/data/social-security-trust-fund-data.ts
[2026-07-31 23:04:40] git: HEAD is now at 0b66a48 merge(post): migration-humanitarian-research-2026 from worker 3 (path-selective)
[2026-07-31 23:04:41] git: Switched to a new branch 'post/commercial-aircraft-final-assembly-geography-2026-w1'
[2026-07-31 23:04:49] Invoking agent for worker 1 (-p --force --trust --workspace worktree)
