[2026-08-20 20:45:07] Worker 4 starting job job-mt289efi-mwxoh (geopolitics-institutions-concentration-2026) in C:\Users\ether\AppData\Local\data-insights-blog-workers\worker-4 (branch post/geopolitics-institutions-concentration-2026-w4, container blog-worker-4)
[2026-08-20 20:45:07] Fetching origin (main merge target) into isolated clone
[2026-08-20 20:45:07] Creating post/geopolitics-institutions-concentration-2026-w4 from main 3ae9a6c533bb460d5f505ebae68c54b55b8f2ae3
[2026-08-20 20:45:07] Resetting clone then checkout post/geopolitics-institutions-concentration-2026-w4 at 3ae9a6c533bb460d5f505ebae68c54b55b8f2ae3 (never master)
[2026-08-20 20:45:08] git: HEAD is now at 3ae9a6c merge(post): bank-commercial-credit-update-2026 from worker 2 (path-selective)
[2026-08-20 20:45:08] git: HEAD is now at 3ae9a6c merge(post): bank-commercial-credit-update-2026 from worker 2 (path-selective)
[2026-08-20 20:45:08] git: Switched to a new branch 'post/geopolitics-institutions-concentration-2026-w4'
[2026-08-20 20:45:08] Worker 4 ports: SMOKE_PORT=4186 SMOKE_QA_PORT=4187 (isolated Node static servers)
[2026-08-20 20:45:08] WARN: Cursor CLI useHttp1ForAgent is not true - transport blips may be worse. Set network.useHttp1ForAgent=true in C:\Users\ether\.cursor\cli-config.json
[2026-08-20 20:45:08] Invoking agent for worker 4 (-p --force --trust --workspace clone C:\Users\ether\AppData\Local\data-insights-blog-workers\worker-4 / blog-worker-4)
[2026-08-20 20:45:08] Agent stream-json -> E:\AI Projects\data-insights-blog\artifacts\automation-logs\worker-4-2026-08-20_20-45-07.log (cot E:\AI Projects\data-insights-blog\artifacts\automation-logs\worker-4-2026-08-20_20-45-07.cot.log, raw E:\AI Projects\data-insights-blog\artifacts\automation-logs\worker-4-2026-08-20_20-45-07.ndjson)
[cot:system] session model=Auto cwd=C:\Users\ether\AppData\Local\data-insights-blog-workers\worker-4
[cot:user] You are a blog production WORKER in a parallel multi-agent system. ## Identity - Worker ID: 4 - Job ID: job-mt289efi-mwxoh - Assigned slug: geopolitics-institutions-concentration-2026 - Theme ID: geopΓÇª
[cot:thought] I am starting my assigned blog post production task. I am reviewing the
[cot:thought] production rules and checking the worktree state before building the post.Starting the geopolitics-institutions concentration post.
[cot:thought] Checking conveyor sync, production rules, and current worktree state.
[cot:tool] start read C:\Users\ether\AppData\Local\data-insights-blog-workers\worker-4\.cursor\rules\autonomous-blog-production.mdc
[cot:tool] start read C:\Users\ether\AppData\Local\data-insights-blog-workers\worker-4\artifacts\conveyor-sync.json
[cot:tool] start glob
[cot:tool] start shell $env:BLOG_REPO_ROOT='E:\AI Projects\data-insights-blog'; npx tsx "E:\AI Projects\data-insights-blog\scripts\update-agent-job.mjs" --job job-mt289efi-mwxoh --status researching --activity "Phase 1: checking worktree + theme patterns"
[cot:tool] start shell git status; git branch --show-current; git log -3 --oneline
[cot:tool] done read ?
[cot:tool] done read ?
[cot:tool] done glob
[cot:tool] done shell git status; git branch --show-current; git log -3 --oneline
[cot:tool] done shell $env:BLOG_REPO_ROOT='E:\AI Projects\data-insights-blog'; npx tsx "E:\AI Projects\data-insights-blog\scripts\update-agent-job.mjs" --job job-mt289efi-mwxoh --status researching --activity "Phase 1: checking worktree + theme patterns"
[cot:thought] I am locating the autonomous blog production rules and reviewing similar concentration posts for structural patterns.
[cot:tool] start glob
[cot:tool] done glob
[cot:tool] start glob
[cot:tool] done glob
[cot:tool] start grep C:\Users\ether\AppData\Local\data-insights-blog-workers\worker-4\src
[cot:tool] start shell Get-ChildItem artifacts -ErrorAction SilentlyContinue; Get-ChildItem .cursor\rules -ErrorAction SilentlyContinue | Select-Object Name
[cot:tool] done grep C:\Users\ether\AppData\Local\data-insights-blog-workers\worker-4\src
[cot:tool] done shell Get-ChildItem artifacts -ErrorAction SilentlyContinue; Get-ChildItem .cursor\rules -ErrorAction SilentlyContinue | Select-Object Name
[cot:thought] Reviewing a recent concentration post on industrial robotics as a template. Examining geopolitics
[cot:thought] institutions research data and how posts and visualizations are wired.
[cot:tool] start read C:\Users\ether\AppData\Local\data-insights-blog-workers\worker-4\src\data\industrial-robotics-concentration-2026-data.ts
[cot:tool] done read C:\Users\ether\AppData\Local\data-insights-blog-workers\worker-4\src\data\industrial-robotics-concentration-2026-data.ts
[cot:tool] start read C:\Users\ether\AppData\Local\data-insights-blog-workers\worker-4\src\data\geopolitics-institutions-research-2026-data.ts
[cot:tool] done read C:\Users\ether\AppData\Local\data-insights-blog-workers\worker-4\src\data\geopolitics-institutions-research-2026-data.ts
[cot:tool] start grep C:\Users\ether\AppData\Local\data-insights-blog-workers\worker-4\src
[cot:tool] start read C:\Users\ether\AppData\Local\data-insights-blog-workers\worker-4\artifacts\backend-manifest.json
[cot:tool] done read C:\Users\ether\AppData\Local\data-insights-blog-workers\worker-4\artifacts\backend-manifest.json
[cot:tool] done grep C:\Users\ether\AppData\Local\data-insights-blog-workers\worker-4\src
[cot:thought] The theme is geopolitics-institutions with a concentration lens focused on top-1 and top-3 shares of institutional power.
[cot:thought] An existing post covers
[cot:thought] IMF/World Bank/UNSC voting. The new piece will focus on how authority is concentrated at the top of the distribution.
[cot:thought] Next steps include reviewing the research data, the industrial robotics dashboard for chart and control patterns, and the geopolitics posts.ts entries.
[cot:thought] Reviewing concentration dashboard patterns and geopolitics post structure to build Phase 1 data.
[cot:tool] start read C:\Users\ether\AppData\Local\data-insights-blog-workers\worker-4\src\components\visualizations\IndustrialRoboticsConcentrationDashboard.tsx
[cot:tool] done read C:\Users\ether\AppData\Local\data-insights-blog-workers\worker-4\src\components\visualizations\IndustrialRoboticsConcentrationDashboard.tsx
[cot:tool] start read C:\Users\ether\AppData\Local\data-insights-blog-workers\worker-4\src\data\geopolitics-institutions-research-2026-data.ts
[cot:tool] done read C:\Users\ether\AppData\Local\data-insights-blog-workers\worker-4\src\data\geopolitics-institutions-research-2026-data.ts
[cot:tool] start grep C:\Users\ether\AppData\Local\data-insights-blog-workers\worker-4\src\data\posts.ts
[cot:tool] start read C:\Users\ether\AppData\Local\data-insights-blog-workers\worker-4\scripts\qa-industrial-robotics-concentration-2026.mjs
[cot:tool] done read C:\Users\ether\AppData\Local\data-insights-blog-workers\worker-4\scripts\qa-industrial-robotics-concentration-2026.mjs
[cot:tool] done grep C:\Users\ether\AppData\Local\data-insights-blog-workers\worker-4\src\data\posts.ts
[cot:thought] I understand the task. I will create a concentration-focused post for geopolitics-institutions.
[cot:thought] The post will examine
[cot:thought] how institutional authority is concentrated at the top. Key metrics include the IMF's top-1 share, the IBRD's top-3 cluster, and the UNSC's P5 veto power. I will build a data module first, then the dashboard, and finally the article.
[cot:thought] I am checking smoke test registration and post ordering.
[cot:thought] Building the concentration data module first???Top-1/Top-3 institutional authority shares across IMF, IBRD, and UNSC.
[cot:tool] start read C:\Users\ether\AppData\Local\data-insights-blog-workers\worker-4\src\data\posts.ts
[cot:tool] done read C:\Users\ether\AppData\Local\data-insights-blog-workers\worker-4\src\data\posts.ts
[cot:tool] start grep C:\Users\ether\AppData\Local\data-insights-blog-workers\worker-4\scripts
[cot:tool] start read C:\Users\ether\AppData\Local\data-insights-blog-workers\worker-4\src\data\geopolitics-institutions-research-2026-data.ts
[cot:tool] done read C:\Users\ether\AppData\Local\data-insights-blog-workers\worker-4\src\data\geopolitics-institutions-research-2026-data.ts
[cot:tool] done grep C:\Users\ether\AppData\Local\data-insights-blog-workers\worker-4\scripts
[cot:thought] Checking smoke-test-viz-posts. Registering markers
[cot:thought] and writing the data module.
[cot:tool] start grep C:\Users\ether\AppData\Local\data-insights-blog-workers\worker-4\scripts\smoke-test-viz-posts.mjs
[cot:tool] done grep C:\Users\ether\AppData\Local\data-insights-blog-workers\worker-4\scripts\smoke-test-viz-posts.mjs
[cot:tool] start grep C:\Users\ether\AppData\Local\data-insights-blog-workers\worker-4\package.json
[cot:tool] start read C:\Users\ether\AppData\Local\data-insights-blog-workers\worker-4\src\types\post.ts
[cot:tool] done grep C:\Users\ether\AppData\Local\data-insights-blog-workers\worker-4\package.json
[cot:tool] done read C:\Users\ether\AppData\Local\data-insights-blog-workers\worker-4\src\types\post.ts
[cot:thought] Reviewing the smoke test entry format for the industrial robotics concentration post.
[cot:tool] start read C:\Users\ether\AppData\Local\data-insights-blog-workers\worker-4\scripts\smoke-test-viz-posts.mjs
[cot:tool] done read C:\Users\ether\AppData\Local\data-insights-blog-workers\worker-4\scripts\smoke-test-viz-posts.mjs
[cot:tool] start read C:\Users\ether\AppData\Local\data-insights-blog-workers\worker-4\scripts\smoke-test-viz-posts.mjs
[cot:tool] start shell $env:BLOG_REPO_ROOT='E:\AI Projects\data-insights-blog'; npx tsx "E:\AI Projects\data-insights-blog\scripts\update-agent-job.mjs" --job job-mt289efi-mwxoh --status building --activity "Phase 1: writing concentration data module"
[cot:tool] done read C:\Users\ether\AppData\Local\data-insights-blog-workers\worker-4\scripts\smoke-test-viz-posts.mjs
[cot:tool] done shell $env:BLOG_REPO_ROOT='E:\AI Projects\data-insights-blog'; npx tsx "E:\AI Projects\data-insights-blog\scripts\update-agent-job.mjs" --job job-mt289efi-mwxoh --status building --activity "Phase 1: writing concentration data module"
[cot:thought] Writing the data module for the geopolitics-institutions concentration post. Framing the core question
[cot:thought] around institutional authority concentration. The data module will feature ranked IMF vote shares, cross-institutional top-k comparisons, a Lorenz curve, a vote-versus-GDP scatter plot, and a breakdown of UNSC veto concentration.
[cot:thought] Adding HHI-style institution comparisons and blocking coalition analysis to the data module. Now drafting the comprehensive data file.
[cot:thought] Writing the concentration data module with IMF/IBRD/UNSC top-k authority shares.
[cot:tool] start edit C:\Users\ether\AppData\Local\data-insights-blog-workers\worker-4\src\data\geopolitics-institutions-concentration-2026-data.ts
[cot:tool] done edit C:\Users\ether\AppData\Local\data-insights-blog-workers\worker-4\src\data\geopolitics-institutions-concentration-2026-data.ts
[cot:thought] Proceeding to commit phase 1 and write the dashboard.
[cot:tool] start shell git add -A; git commit --trailer "Co-authored-by: Cursor <cursoragent@cursor.com>" -m "wip(geopolitics-institutions-concentration-2026): data module"; $env:BLOG_REPO_ROOT='E:\AI Projects\data-insights-blog'; npx tsx "E:\AI Projects\data-insights-blog\scripts\update-agent-job.mjs" --job job-mt289efi-mwxoh --status building --activity "Phase 2: dashboard + viz wireup"
[cot:tool] done shell git add -A; git commit --trailer "Co-authored-by: Cursor <cursoragent@cursor.com>" -m "wip(geopolitics-institutions-concentration-2026): data module"; $env:BLOG_REPO_ROOT='E:\AI Projects\data-insights-blog'; npx tsx "E:\AI Projects\data-insights-blog\scripts\update-agent-job.mjs" --job job-mt289efi-mwxoh --status building --activity "Phase 2: dashboard + viz wireup"
[cot:thought] Writing the dashboard with multiple chart types and controls. Then wiring it into PostVisualization and post.ts types.
[cot:thought] Building the dashboard and registering the visualization.
[cot:tool] start edit C:\Users\ether\AppData\Local\data-insights-blog-workers\worker-4\src\components\visualizations\GeopoliticsInstitutionsConcentrationDashboard.tsx
[cot:tool] start read C:\Users\ether\AppData\Local\data-insights-blog-workers\worker-4\src\components\PostVisualization.tsx
[cot:tool] start read C:\Users\ether\AppData\Local\data-insights-blog-workers\worker-4\src\components\PostVisualization.tsx
[cot:tool] done read C:\Users\ether\AppData\Local\data-insights-blog-workers\worker-4\src\components\PostVisualization.tsx
[cot:tool] done read C:\Users\ether\AppData\Local\data-insights-blog-workers\worker-4\src\components\PostVisualization.tsx
[cot:tool] done edit C:\Users\ether\AppData\Local\data-insights-blog-workers\worker-4\src\components\visualizations\GeopoliticsInstitutionsConcentrationDashboard.tsx
[cot:thought] The visualization needs to be wired up in PostVisualization. The TSX component
[cot:thought] and types/post.ts need updates, plus registration in the theme registry.
[cot:tool] start read C:\Users\ether\AppData\Local\data-insights-blog-workers\worker-4\src\components\PostVisualization.tsx
[cot:tool] done read C:\Users\ether\AppData\Local\data-insights-blog-workers\worker-4\src\components\PostVisualization.tsx
[cot:tool] start edit C:\Users\ether\AppData\Local\data-insights-blog-workers\worker-4\src\types\post.ts
[cot:tool] start edit C:\Users\ether\AppData\Local\data-insights-blog-workers\worker-4\src\data\theme-registry.ts
[cot:tool] done edit
[cot:tool] done edit C:\Users\ether\AppData\Local\data-insights-blog-workers\worker-4\src\data\theme-registry.ts
[cot:thought] The post.ts types file may have changed. Re-examining the end
[cot:thought] of the visualization type union.
[cot:tool] start grep C:\Users\ether\AppData\Local\data-insights-blog-workers\worker-4\src\types\post.ts
[cot:tool] done grep C:\Users\ether\AppData\Local\data-insights-blog-workers\worker-4\src\types\post.ts
[cot:tool] start edit C:\Users\ether\AppData\Local\data-insights-blog-workers\worker-4\src\components\PostVisualization.tsx
[cot:tool] done edit C:\Users\ether\AppData\Local\data-insights-blog-workers\worker-4\src\components\PostVisualization.tsx
[cot:tool] start edit C:\Users\ether\AppData\Local\data-insights-blog-workers\worker-4\src\components\PostVisualization.tsx
[cot:tool] done edit C:\Users\ether\AppData\Local\data-insights-blog-workers\worker-4\src\components\PostVisualization.tsx
[cot:thought] The types/post.ts replacement failed. I am reading the surrounding visualization type lines to diagnose the issue.
[cot:tool] start read C:\Users\ether\AppData\Local\data-insights-blog-workers\worker-4\src\types\post.ts
[cot:tool] done read C:\Users\ether\AppData\Local\data-insights-blog-workers\worker-4\src\types\post.ts
[cot:thought] A demographic-cash-flows entry has been added. Updating type definitions.
[cot:tool] start edit C:\Users\ether\AppData\Local\data-insights-blog-workers\worker-4\src\types\post.ts
[cot:tool] start shell git add -A; git commit --trailer "Co-authored-by: Cursor <cursoragent@cursor.com>" -m "wip(geopolitics-institutions-concentration-2026): dashboard + viz wireup"; $env:BLOG_REPO_ROOT='E:\AI Projects\data-insights-blog'; npx tsx "E:\AI Projects\data-insights-blog\scripts\update-agent-job.mjs" --job job-mt289efi-mwxoh --status building --activity "Phase 3: post prose + hero image"
[cot:tool] done edit C:\Users\ether\AppData\Local\data-insights-blog-workers\worker-4\src\types\post.ts
[cot:tool] done shell git add -A; git commit --trailer "Co-authored-by: Cursor <cursoragent@cursor.com>" -m "wip(geopolitics-institutions-concentration-2026): dashboard + viz wireup"; $env:BLOG_REPO_ROOT='E:\AI Projects\data-insights-blog'; npx tsx "E:\AI Projects\data-insights-blog\scripts\update-agent-job.mjs" --job job-mt289efi-mwxoh --status building --activity "Phase 3: post prose + hero image"
[cot:thought] Writing the full prose entry for the post. Ensuring it meets the word count and structural requirements. Generating the hero image next.
[cot:thought] Generating the hero image and drafting the post prose.
[cot:tool] start generateImage
[cot:tool] start read C:\Users\ether\AppData\Local\data-insights-blog-workers\worker-4\src\data\posts.ts
[cot:tool] done read C:\Users\ether\AppData\Local\data-insights-blog-workers\worker-4\src\data\posts.ts
[cot:tool] done generateImage
[cot:thought] Copying the hero image to public/images and writing the posts.ts entry. Moving the image and
[cot:thought] drafting the full post content.
[cot:tool] start shell Copy-Item "C:\Users\ether\.cursor\projects\C-Users-ether-AppData-Local-data-insights-blog-workers-worker-4\assets\politics-geopolitics-institutions-concentration-2026-hero.png" -Destination "C:\Users\ether\AppData\Local\data-insights-blog-workers\worker-4\public\images\politics-geopolitics-institutions-concentration-2026-hero.png" -Force; Test-Path "C:\Users\ether\AppData\Local\data-insights-blog-workers\worker-4\public\images\politics-geopolitics-institutions-concentration-2026-hero.png"
[cot:tool] start read C:\Users\ether\AppData\Local\data-insights-blog-workers\worker-4\src\data\posts.ts
[cot:tool] done read C:\Users\ether\AppData\Local\data-insights-blog-workers\worker-4\src\data\posts.ts
[cot:tool] done shell Copy-Item "C:\Users\ether\.cursor\projects\C-Users-ether-AppData-Local-data-insights-blog-workers-worker-4\assets\politics-geopolitics-institutions-concentration-2026-hero.png" -Destination "C:\Users\ether\AppData\Local\data-insights-blog-workers\worker-4\public\images\politics-geopolitics-institutions-concentration-2026-hero.png" -Force; Test-Path "C:\Users\ether\AppData\Local\data-insights-blog-workers\worker-4\public\images\politics-geopolitics-institutions-concentration-2026-hero.png"
[cot:thought] The new post will be inserted at the beginning of the samplePosts array. Drafting a substantial
[cot:thought] post with at least 1200 words, six H2 sections, a caveats section, a table, and two internal links. Four existing posts are available as link targets.
[cot:tool] start edit C:\Users\ether\AppData\Local\data-insights-blog-workers\worker-4\src\data\posts.ts
[cot:tool] done edit C:\Users\ether\AppData\Local\data-insights-blog-workers\worker-4\src\data\posts.ts
[cot:thought] Updating the backend manifest and committing phase 3. QA and smoke testing follow.
[cot:tool] start edit C:\Users\ether\AppData\Local\data-insights-blog-workers\worker-4\artifacts\backend-manifest.json
[cot:tool] start shell git add -A; git commit --trailer "Co-authored-by: Cursor <cursoragent@cursor.com>" -m "wip(geopolitics-institutions-concentration-2026): post prose + hero"; $env:BLOG_REPO_ROOT='E:\AI Projects\data-insights-blog'; npx tsx "E:\AI Projects\data-insights-blog\scripts\update-agent-job.mjs" --job job-mt289efi-mwxoh --status building --activity "Phase 4: QA script + smoke marker"
[cot:tool] done edit C:\Users\ether\AppData\Local\data-insights-blog-workers\worker-4\artifacts\backend-manifest.json
[cot:tool] done shell git add -A; git commit --trailer "Co-authored-by: Cursor <cursoragent@cursor.com>" -m "wip(geopolitics-institutions-concentration-2026): post prose + hero"; $env:BLOG_REPO_ROOT='E:\AI Projects\data-insights-blog'; npx tsx "E:\AI Projects\data-insights-blog\scripts\update-agent-job.mjs" --job job-mt289efi-mwxoh --status building --activity "Phase 4: QA script + smoke marker"
[cot:thought] The posts.ts diff shows 5837 insertions. This likely stems from line ending changes or unusual formatting.
[cot:thought] Verifying the post
[cot:thought] insertion. Preparing the QA script and smoke marker.
[cot:tool] start read C:\Users\ether\AppData\Local\data-insights-blog-workers\worker-4\scripts\qa-industrial-robotics-concentration-2026.mjs
[cot:tool] done read C:\Users\ether\AppData\Local\data-insights-blog-workers\worker-4\scripts\qa-industrial-robotics-concentration-2026.mjs
[cot:tool] start edit C:\Users\ether\AppData\Local\data-insights-blog-workers\worker-4\scripts\qa-geopolitics-institutions-concentration-2026.mjs
[cot:tool] start edit C:\Users\ether\AppData\Local\data-insights-blog-workers\worker-4\scripts\smoke-test-viz-posts.mjs
[cot:tool] done edit
[cot:tool] done edit C:\Users\ether\AppData\Local\data-insights-blog-workers\worker-4\scripts\qa-geopolitics-institutions-concentration-2026.mjs
[cot:thought] The smoke test file may have changed. Demographic cash flows might now appear first.
[cot:tool] start read C:\Users\ether\AppData\Local\data-insights-blog-workers\worker-4\scripts\smoke-test-viz-posts.mjs
[cot:tool] start grep C:\Users\ether\AppData\Local\data-insights-blog-workers\worker-4\scripts\lib\viz-interaction-qa.mjs
[cot:tool] done read C:\Users\ether\AppData\Local\data-insights-blog-workers\worker-4\scripts\smoke-test-viz-posts.mjs
[cot:tool] done grep C:\Users\ether\AppData\Local\data-insights-blog-workers\worker-4\scripts\lib\viz-interaction-qa.mjs
[cot:thought] Fixing the QA script to match the industrial robotics pattern for auditVizInteractions and adding the smoke marker.
[cot:tool] start edit C:\Users\ether\AppData\Local\data-insights-blog-workers\worker-4\scripts\smoke-test-viz-posts.mjs
[cot:tool] done edit C:\Users\ether\AppData\Local\data-insights-blog-workers\worker-4\scripts\smoke-test-viz-posts.mjs
[cot:tool] start edit C:\Users\ether\AppData\Local\data-insights-blog-workers\worker-4\scripts\qa-geopolitics-institutions-concentration-2026.mjs
[cot:tool] start shell git add -A; git commit --trailer "Co-authored-by: Cursor <cursoragent@cursor.com>" -m "wip(geopolitics-institutions-concentration-2026): qa + smoke"; $env:BLOG_REPO_ROOT='E:\AI Projects\data-insights-blog'; npx tsx "E:\AI Projects\data-insights-blog\scripts\update-agent-job.mjs" --job job-mt289efi-mwxoh --status qa --activity "Phase 5: npm run deploy on ports 4186/4187"
[cot:tool] done edit C:\Users\ether\AppData\Local\data-insights-blog-workers\worker-4\scripts\qa-geopolitics-institutions-concentration-2026.mjs
[cot:tool] done shell git add -A; git commit --trailer "Co-authored-by: Cursor <cursoragent@cursor.com>" -m "wip(geopolitics-institutions-concentration-2026): qa + smoke"; $env:BLOG_REPO_ROOT='E:\AI Projects\data-insights-blog'; npx tsx "E:\AI Projects\data-insights-blog\scripts\update-agent-job.mjs" --job job-mt289efi-mwxoh --status qa --activity "Phase 5: npm run deploy on ports 4186/4187"
[cot:thought] Running npm run deploy with isolated ports. The deployment will
[cot:thought] take a while. Build, smoke tests, and QA follow. Homepage checks come last.Running local deploy with isolated ports 4186/4187.
[cot:tool] start shell $env:SMOKE_PORT='4186'; $env:SMOKE_QA_PORT='4187'; npm run deploy
[cot:tool] done shell $env:SMOKE_PORT='4186'; $env:SMOKE_QA_PORT='4187'; npm run deploy
[cot:thought] Tooltip formatter types need fixing. The industrial robotics reference will guide the correction.
[cot:thought] Fixing Tooltip formatter types to match Recharts.
[cot:tool] start grep C:\Users\ether\AppData\Local\data-insights-blog-workers\worker-4\src\components\visualizations\IndustrialRoboticsConcentrationDashboard.tsx
[cot:tool] start grep C:\Users\ether\AppData\Local\data-insights-blog-workers\worker-4\src\components\visualizations\GeopoliticsInstitutionsConcentrationDashboard.tsx
[cot:tool] done grep C:\Users\ether\AppData\Local\data-insights-blog-workers\worker-4\src\components\visualizations\IndustrialRoboticsConcentrationDashboard.tsx
[cot:tool] done grep C:\Users\ether\AppData\Local\data-insights-blog-workers\worker-4\src\components\visualizations\GeopoliticsInstitutionsConcentrationDashboard.tsx
[cot:thought] Replacing explicit type annotations with Number() conversions.
[cot:tool] start shell (Get-Content "src\components\visualizations\GeopoliticsInstitutionsConcentrationDashboard.tsx" -Raw) -replace 'formatter=\{\(v: number, name: string\) =>', 'formatter={(v, name) =>' -replace 'formatter=\{\(v: number\) =>', 'formatter={(v) =>' | Set-Content "src\components\visualizations\GeopoliticsInstitutionsConcentrationDashboard.tsx" -NoNewline
[cot:tool] done shell (Get-Content "src\components\visualizations\GeopoliticsInstitutionsConcentrationDashboard.tsx" -Raw) -replace 'formatter=\{\(v: number, name: string\) =>', 'formatter={(v, name) =>' -replace 'formatter=\{\(v: number\) =>', 'formatter={(v) =>' | Set-Content "src\components\visualizations\GeopoliticsInstitutionsConcentrationDashboard.tsx" -NoNewline
[cot:thought] Need to wrap values with Number() in fmtPct calls. Checking the file
[cot:thought] for remaining issues.
[cot:tool] start grep C:\Users\ether\AppData\Local\data-insights-blog-workers\worker-4\src\components\visualizations\GeopoliticsInstitutionsConcentrationDashboard.tsx
[cot:tool] start shell $env:SMOKE_PORT='4186'; $env:SMOKE_QA_PORT='4187'; npm run deploy
[cot:tool] done grep C:\Users\ether\AppData\Local\data-insights-blog-workers\worker-4\src\components\visualizations\GeopoliticsInstitutionsConcentrationDashboard.tsx
[cot:tool] done shell $env:SMOKE_PORT='4186'; $env:SMOKE_QA_PORT='4187'; npm run deploy
[cot:thought] All `fmtPct` calls in the formatters require explicit `Number()` conversion.
[cot:tool] start edit C:\Users\ether\AppData\Local\data-insights-blog-workers\worker-4\src\components\visualizations\GeopoliticsInstitutionsConcentrationDashboard.tsx
[cot:tool] done edit C:\Users\ether\AppData\Local\data-insights-blog-workers\worker-4\src\components\visualizations\GeopoliticsInstitutionsConcentrationDashboard.tsx
[cot:tool] start edit C:\Users\ether\AppData\Local\data-insights-blog-workers\worker-4\src\components\visualizations\GeopoliticsInstitutionsConcentrationDashboard.tsx
[cot:tool] done edit C:\Users\ether\AppData\Local\data-insights-blog-workers\worker-4\src\components\visualizations\GeopoliticsInstitutionsConcentrationDashboard.tsx
[cot:tool] start edit C:\Users\ether\AppData\Local\data-insights-blog-workers\worker-4\src\components\visualizations\GeopoliticsInstitutionsConcentrationDashboard.tsx
[cot:tool] done edit C:\Users\ether\AppData\Local\data-insights-blog-workers\worker-4\src\components\visualizations\GeopoliticsInstitutionsConcentrationDashboard.tsx
[cot:tool] start edit C:\Users\ether\AppData\Local\data-insights-blog-workers\worker-4\src\components\visualizations\GeopoliticsInstitutionsConcentrationDashboard.tsx
[cot:tool] done edit C:\Users\ether\AppData\Local\data-insights-blog-workers\worker-4\src\components\visualizations\GeopoliticsInstitutionsConcentrationDashboard.tsx
[cot:tool] start edit C:\Users\ether\AppData\Local\data-insights-blog-workers\worker-4\src\components\visualizations\GeopoliticsInstitutionsConcentrationDashboard.tsx
[cot:tool] done edit C:\Users\ether\AppData\Local\data-insights-blog-workers\worker-4\src\components\visualizations\GeopoliticsInstitutionsConcentrationDashboard.tsx
[cot:tool] start edit C:\Users\ether\AppData\Local\data-insights-blog-workers\worker-4\src\components\visualizations\GeopoliticsInstitutionsConcentrationDashboard.tsx
[cot:tool] done edit C:\Users\ether\AppData\Local\data-insights-blog-workers\worker-4\src\components\visualizations\GeopoliticsInstitutionsConcentrationDashboard.tsx
[cot:thought] Retrying deployment.
[cot:tool] start shell $env:SMOKE_PORT='4186'; $env:SMOKE_QA_PORT='4187'; npm run deploy
[cot:tool] done shell $env:SMOKE_PORT='4186'; $env:SMOKE_QA_PORT='4187'; npm run deploy
[cot:thought] Deployment passed. Proceeding to the next steps. Verifying the generated
[cot:thought] HTML exists. Then committing the post, marking the job ready, and printing the WorkerReady status.
[cot:thought] Considering a dedicated QA script, though smoke tests already passed.Deploy passed.
[cot:thought] Finalizing the feat commit and marking the job ready.
[cot:tool] start shell Test-Path "out\blog\geopolitics-institutions-concentration-2026\index.html"; Test-Path "out\blog\geopolitics-institutions-concentration-2026.html"; git add -A; git status --short; git commit --trailer "Co-authored-by: Cursor <cursoragent@cursor.com>" -m "feat(post): geopolitics-institutions-concentration-2026"; $env:BLOG_REPO_ROOT='E:\AI Projects\data-insights-blog'; npx tsx "E:\AI Projects\data-insights-blog\scripts\update-agent-job.mjs" --job job-mt289efi-mwxoh --status ready --activity "Ready for merge" --headline "IMF Top-1 16.5% ?? Top-3 28.7% ?? Top-5 40% ?? UNSC veto Top-5 100%"; Write-Output "WorkerReady: geopolitics-institutions-concentration-2026 | job=job-mt289efi-mwxoh | worker=4"
[cot:tool] done shell Test-Path "out\blog\geopolitics-institutions-concentration-2026\index.html"; Test-Path "out\blog\geopolitics-institutions-concentration-2026.html"; git add -A; git status --short; git commit --trailer "Co-authored-by: Cursor <cursoragent@cursor.com>" -m "feat(post): geopolitics-institutions-concentration-2026"; $env:BLOG_REPO_ROOT='E:\AI Projects\data-insights-blog'; npx tsx "E:\AI Projects\data-insights-blog\scripts\update-agent-job.mjs" --job job-mt289efi-mwxoh --status ready --activity "Ready for merge" --headline "IMF Top-1 16.5% ?? Top-3 28.7% ?? Top-5 40% ?? UNSC veto Top-5 100%"; Write-Output "WorkerReady: geopolitics-institutions-concentration-2026 | job=job-mt289efi-mwxoh | worker=4"
[cot:thought] The post is complete. Data module, dashboard,
[cot:thought] wireup, posts.ts, hero, QA, smoke tests, deployment, final commit, and job readiness are all complete.
[cot:thought] WorkerReady printed.**WorkerReady: geopolitics-institutions-concentration-2026 | job=job-mt289efi-mwxoh | worker=4**
[cot:thought] Shipped concentration lens on institutions & governance:
[cot:thought] - **Headline:** IMF Top-1 **16.5%** (US) ?? Top-3 **28.7%** ?? Top-5 **40%** ?? UNSC veto Top-5 **100%** - Dashboard: Lorenz curve, ranked bars, cross-institution Top-k, region donut, vote??
[cot:thought] GDP scatter, veto stack, blocking-power bars (???2 controls, ???4 panels)
- Local `npm run deploy` passed on ports **4186 / 4187**
- Branch `post/geopolitics-institutions-concentration-2026-w4` committed; job marked **ready**
[cot:system] result ok 692816ms ΓÇö Starting the geopolitics-institutions concentration post. Checking conveyor sync, production rules, and current worktree state.Reviewing concentration dashboard patterns and geopolitics post structure to build Phase 1 data.Building the conc
[2026-08-20 20:57:01] Job job-mt289efi-mwxoh marked ready
[2026-08-20 20:57:02] git: HEAD is now at f87862f merge(post): heavy-industrial-capacity-update-2026 from worker 3 (path-selective)
[2026-08-20 20:57:02] Worker 4 finished (exit=0)
