[2026-07-31 12:55:07] Worker 4 starting job job-ms96nrza-k3lkv (us-social-security-trust-fund-depletion-path-ms96nrza) in E:\AI Projects\data-insights-blog-worktrees\worker-4 (branch post/us-social-security-trust-fund-depletion-path-ms96nrza-w4)
[2026-07-31 12:55:07] Resetting worktree to 61022e9bc8eecd1b18c428f7b34d1860b123d517 then checkout post/us-social-security-trust-fund-depletion-path-ms96nrza-w4
[2026-07-31 12:55:08] git: HEAD is now at 61022e9 merge(post): us-billion-dollar-weather-disasters-ms94skof from worker 3 (path-selective)
[2026-07-31 12:55:08] git: Removing deploy-build-log.txt
[2026-07-31 12:55:08] git: Removing deploy-full-log.txt
[2026-07-31 12:55:08] git: Removing next-build-debug.txt
[2026-07-31 12:55:08] git: Removing next-build-log.txt
[2026-07-31 12:55:08] git: Removing public/images/global-systems-us-social-security-trust-fund-depletion-path-ms95r9et-hero.png
[2026-07-31 12:55:08] git: Removing scripts/bootstrap-worktrees.ps1
[2026-07-31 12:55:08] git: Removing scripts/claim-next-topics.mjs
[2026-07-31 12:55:08] git: Removing scripts/cursor-watchdog-loop.ps1
[2026-07-31 12:55:08] git: Removing scripts/debug-agent-transport.ps1
[2026-07-31 12:55:08] git: Removing scripts/lib/agent-jobs.mjs
[2026-07-31 12:55:09] git: Removing scripts/lib/production-ship-parser.mjs
[2026-07-31 12:55:09] git: Removing scripts/lib/viz-interaction-qa.mjs
[2026-07-31 12:55:09] git: Removing scripts/local-blog-server.mjs
[2026-07-31 12:55:09] git: Removing scripts/production-stream-server.mjs
[2026-07-31 12:55:09] git: Removing scripts/production-stream-ui.html
[2026-07-31 12:55:09] git: Removing scripts/prompts/
[2026-07-31 12:55:09] git: Removing scripts/qa-us-social-security-trust-fund-depletion-path-ms95r9et.mjs
[2026-07-31 12:55:09] git: Removing scripts/resume-blog-automation.ps1
[2026-07-31 12:55:09] git: Removing scripts/run-blog-orchestrator.ps1
[2026-07-31 12:55:09] git: Removing scripts/run-blog-production-local.ps1
[2026-07-31 12:55:09] git: Removing scripts/run-blog-worker.ps1
[2026-07-31 12:55:09] git: Removing scripts/start-blog-automation-in-app.ps1
[2026-07-31 12:55:09] git: Removing scripts/stop-blog-automation.ps1
[2026-07-31 12:55:09] git: Removing scripts/theme-balance.ts
[2026-07-31 12:55:09] git: Removing scripts/update-agent-job.mjs
[2026-07-31 12:55:09] git: Removing scripts/watch-blog-production.ps1
[2026-07-31 12:55:09] git: Removing src/components/visualizations/UsSocialSecurityTrustFundDepletionPathMs95r9etDashboard.tsx
[2026-07-31 12:55:09] git: Removing src/data/us-social-security-trust-fund-depletion-path-ms95r9et-data.ts
[2026-07-31 12:55:09] git: HEAD is now at 61022e9 merge(post): us-billion-dollar-weather-disasters-ms94skof from worker 3 (path-selective)
[2026-07-31 12:55:13] git: Switched to a new branch 'post/us-social-security-trust-fund-depletion-path-ms96nrza-w4'
[2026-07-31 12:55:36] Invoking agent for worker 4 (-p --force --trust --workspace worktree)
#
# Fatal process out of memory: Zone
#
----- Native stack trace -----
[2026-07-31 12:56:10] Worker 4 finished (exit=-1073740791)
