[2026-08-20 08:47:09] Worker 1 starting job job-msa1mpwx-oyqxs (fiscal-plumbing-research-2026) in C:\Users\ether\AppData\Local\data-insights-blog-workers\worker-1 (branch post/fiscal-plumbing-research-2026-w1, container blog-worker-1)
[2026-08-20 08:47:09] Fetching origin (main merge target) into isolated clone
[2026-08-20 08:47:10] Creating post/fiscal-plumbing-research-2026-w1 from main 6268b65bb02376e872deee358d6bdf5e85eb8c7d
[2026-08-20 08:47:10] Resetting clone then checkout post/fiscal-plumbing-research-2026-w1 at 6268b65bb02376e872deee358d6bdf5e85eb8c7d (never master)
[2026-08-20 08:47:12] git: Updating files:  74% (49/66)
[2026-08-20 08:47:12] git: Updating files:  75% (50/66)
[2026-08-20 08:47:12] git: Updating files:  77% (51/66)
[2026-08-20 08:47:12] git: Updating files:  78% (52/66)
[2026-08-20 08:47:12] git: Updating files:  80% (53/66)
[2026-08-20 08:47:12] git: Updating files:  81% (54/66)
[2026-08-20 08:47:12] git: Updating files:  83% (55/66)
[2026-08-20 08:47:12] git: Updating files:  84% (56/66)
[2026-08-20 08:47:12] git: Updating files:  86% (57/66)
[2026-08-20 08:47:12] git: Updating files:  87% (58/66)
[2026-08-20 08:47:12] git: Updating files:  89% (59/66)
[2026-08-20 08:47:12] git: Updating files:  90% (60/66)
[2026-08-20 08:47:12] git: Updating files:  92% (61/66)
[2026-08-20 08:47:12] git: Updating files:  93% (62/66)
[2026-08-20 08:47:12] git: Updating files:  95% (63/66)
[2026-08-20 08:47:12] git: Updating files:  96% (64/66)
[2026-08-20 08:47:12] git: Updating files:  98% (65/66)
[2026-08-20 08:47:12] git: Updating files: 100% (66/66)
[2026-08-20 08:47:12] git: Updating files: 100% (66/66), done.
[2026-08-20 08:47:12] git: HEAD is now at 6268b65 Add homepage Load more and missing post hero images.
[2026-08-20 08:47:12] git: HEAD is now at 6268b65 Add homepage Load more and missing post hero images.
[2026-08-20 08:47:12] git: Switched to a new branch 'post/fiscal-plumbing-research-2026-w1'
[2026-08-20 08:47:13] Worker 1 ports: SMOKE_PORT=4180 SMOKE_QA_PORT=4181 (isolated Node static servers)
[2026-08-20 08:47:13] WARN: Cursor CLI useHttp1ForAgent is not true - transport blips may be worse. Set network.useHttp1ForAgent=true in C:\Users\ether\.cursor\cli-config.json
[2026-08-20 08:47:13] Invoking agent for worker 1 (-p --force --trust --workspace clone C:\Users\ether\AppData\Local\data-insights-blog-workers\worker-1 / blog-worker-1)
[2026-08-20 08:47:14] Agent stream-json -> E:\AI Projects\data-insights-blog\artifacts\automation-logs\worker-1-2026-08-20_08-47-09.log (cot E:\AI Projects\data-insights-blog\artifacts\automation-logs\worker-1-2026-08-20_08-47-09.cot.log, raw E:\AI Projects\data-insights-blog\artifacts\automation-logs\worker-1-2026-08-20_08-47-09.ndjson)
[cot:system] session model=Auto cwd=C:\Users\ether\AppData\Local\data-insights-blog-workers\worker-1
[cot:user] You are a blog production WORKER in a parallel multi-agent system. ## Identity - Worker ID: 1 - Job ID: job-msa1mpwx-oyqxs - Assigned slug: fiscal-plumbing-research-2026 - Theme ID: fiscal-plumbing - ΓÇª
[cot:thought] Beginning blog production work for fiscal-plumbing-research-2026. Reading production
[cot:thought] rules and checking conveyor sync status. Updating job status to researching and beginning phased commits.
[cot:thought] I'll start as worker 1 on `fiscal-plumbing-research-2026`: check conveyor sync, read production rules, then research and ship in short committed phases.
[cot:tool] start read C:\Users\ether\AppData\Local\data-insights-blog-workers\worker-1\.cursor\rules\autonomous-blog-production.mdc
[cot:tool] done read ?
[cot:tool] start read C:\Users\ether\AppData\Local\data-insights-blog-workers\worker-1\artifacts\conveyor-sync.json
[cot:tool] done read ?
[cot:tool] start glob
[cot:tool] start shell $env:BLOG_REPO_ROOT='E:\AI Projects\data-insights-blog'; npx tsx "E:\AI Projects\data-insights-blog\scripts\update-agent-job.mjs" --job job-msa1mpwx-oyqxs --status researching --activity "Phase 0: reading rules + checking conveyor sync"
[cot:tool] done glob
[cot:tool] done shell $env:BLOG_REPO_ROOT='E:\AI Projects\data-insights-blog'; npx tsx "E:\AI Projects\data-insights-blog\scripts\update-agent-job.mjs" --job job-msa1mpwx-oyqxs --status researching --activity "Phase 0: reading rules + checking conveyor sync"
[cot:thought] A data file already exists in the workspace. I am exploring the
[cot:thought] workspace to locate the rules file, review existing data, examine other posts, and check the theme registry.
[cot:tool] start glob
[cot:tool] start read C:\Users\ether\AppData\Local\data-insights-blog-workers\worker-1\src\data\fiscal-plumbing-research-2026-data.ts
[cot:tool] done read C:\Users\ether\AppData\Local\data-insights-blog-workers\worker-1\src\data\fiscal-plumbing-research-2026-data.ts
[cot:tool] done glob
[cot:tool] start glob
[cot:tool] start shell git status; git log -5 --oneline; git branch --show-current
[cot:tool] done glob
[cot:tool] done shell git status; git log -5 --oneline; git branch --show-current
[cot:thought] The data file exists but was not committed. Git status shows a
[cot:thought] clean repository. The data module needs expansion to cover budget lines, trust funds, and off-balance vehicles rather than only tax expenditures.
[cot:thought] Existing posts and theme registries will be reviewed for patterns.Data module already exists.
[cot:thought] Next I'll inspect post/viz patterns and expand the fiscal-plumbing dataset to cover trust funds and off-balance vehicles.
[cot:tool] start grep C:\Users\ether\AppData\Local\data-insights-blog-workers\worker-1\src
[cot:tool] done grep C:\Users\ether\AppData\Local\data-insights-blog-workers\worker-1\src
[cot:tool] start glob
[cot:tool] done glob
[cot:tool] start grep C:\Users\ether\AppData\Local\data-insights-blog-workers\worker-1\src\types\post.ts
[cot:tool] start shell Get-ChildItem "C:\Users\ether\AppData\Local\data-insights-blog-workers\worker-1\.cursor\rules" -ErrorAction SilentlyContinue; git ls-files "src/data/fiscal-plumbing*"; ls "E:\AI Projects\data-insights-blog\.cursor\rules" 2>$null | Select-Object -First 20
[cot:tool] done grep C:\Users\ether\AppData\Local\data-insights-blog-workers\worker-1\src\types\post.ts
[cot:tool] done shell Get-ChildItem "C:\Users\ether\AppData\Local\data-insights-blog-workers\worker-1\.cursor\rules" -ErrorAction SilentlyContinue; git ls-files "src/data/fiscal-plumbing*"; ls "E:\AI Projects\data-insights-blog\.cursor\rules" 2>$null | Select-Object -First 20
[cot:thought] A FiscalPlumbingResearchDashboard already exists. Checking what was
[cot:thought] already built in a previous session.There's already a dashboard file ??? checking how complete the existing fiscal-plumbing work is.
[cot:tool] start grep C:\Users\ether\AppData\Local\data-insights-blog-workers\worker-1\src
[cot:tool] done grep C:\Users\ether\AppData\Local\data-insights-blog-workers\worker-1\src
[cot:tool] start read C:\Users\ether\AppData\Local\data-insights-blog-workers\worker-1\src\components\visualizations\FiscalPlumbingResearchDashboard.tsx
[cot:tool] done read C:\Users\ether\AppData\Local\data-insights-blog-workers\worker-1\src\components\visualizations\FiscalPlumbingResearchDashboard.tsx
[cot:tool] start shell git log --all --oneline -- "*fiscal-plumbing*" | Select-Object -First 20; Test-Path "scripts/qa-fiscal-plumbing-research-2026.mjs"; Test-Path "public/images/*fiscal-plumbing*"
[cot:tool] done shell git log --all --oneline -- "*fiscal-plumbing*" | Select-Object -First 20; Test-Path "scripts/qa-fiscal-plumbing-research-2026.mjs"; Test-Path "public/images/*fiscal-plumbing*"
[cot:thought] Substantial work already exists in the workspace. Checking registered
[cot:thought] components against missing pieces: posts.ts, PostVisualization, types, QA script, and hero image.
[cot:tool] start grep C:\Users\ether\AppData\Local\data-insights-blog-workers\worker-1\src\data\posts.ts
[cot:tool] done grep C:\Users\ether\AppData\Local\data-insights-blog-workers\worker-1\src\data\posts.ts
[cot:tool] start grep C:\Users\ether\AppData\Local\data-insights-blog-workers\worker-1\src\components
[cot:tool] done grep C:\Users\ether\AppData\Local\data-insights-blog-workers\worker-1\src\components
[cot:tool] start grep C:\Users\ether\AppData\Local\data-insights-blog-workers\worker-1\src\types
[cot:tool] done grep C:\Users\ether\AppData\Local\data-insights-blog-workers\worker-1\src\types
[cot:tool] start glob
[cot:tool] start read C:\Users\ether\AppData\Local\data-insights-blog-workers\worker-1\src\components\visualizations\FiscalPlumbingResearchDashboard.tsx
[cot:tool] done read C:\Users\ether\AppData\Local\data-insights-blog-workers\worker-1\src\components\visualizations\FiscalPlumbingResearchDashboard.tsx
[cot:tool] done glob
[cot:thought] The data module exists and is tracked. The dashboard exists
[cot:thought] but is not yet registered in posts.ts, types, or PostVisualization. The QA script is present, yet the post itself is missing from posts.ts.
[cot:thought] Hero image, theme registry, and backend manifest updates remain pending. The research will center on tax expenditures rather than expanding into trust funds or budget lines, since that angle is already covered by a related catalog post.
[cot:thought] Reconsidering the
[cot:thought] scope. Trust funds and off-balance vehicles may be added to avoid overlap with the existing tax expenditure catalog.
[cot:thought] The dashboard registration and data expansion will proceed next. Drafting the post
[cot:thought] prose and hero image comes next. Then QA and smoke testing. Then local deployment and marking the job ready. Git status and registration patterns are being checked first.
[cot:tool] start shell git ls-files "*fiscal-plumbing*"; Get-ChildItem public/images -Filter "*fiscal*" -ErrorAction SilentlyContinue; Get-Content scripts/qa-fiscal-plumbing-research-2026.mjs -TotalCount 80
[cot:tool] start grep C:\Users\ether\AppData\Local\data-insights-blog-workers\worker-1\src\components\PostVisualization.tsx
[cot:tool] done grep C:\Users\ether\AppData\Local\data-insights-blog-workers\worker-1\src\components\PostVisualization.tsx
[cot:tool] start grep C:\Users\ether\AppData\Local\data-insights-blog-workers\worker-1\src\types\post.ts
[cot:tool] start read C:\Users\ether\AppData\Local\data-insights-blog-workers\worker-1\src\data\posts.ts
[cot:tool] done read C:\Users\ether\AppData\Local\data-insights-blog-workers\worker-1\src\data\posts.ts
[cot:tool] done grep C:\Users\ether\AppData\Local\data-insights-blog-workers\worker-1\src\types\post.ts
[cot:tool] done shell git ls-files "*fiscal-plumbing*"; Get-ChildItem public/images -Filter "*fiscal*" -ErrorAction SilentlyContinue; Get-Content scripts/qa-fiscal-plumbing-research-2026.mjs -TotalCount 80
[cot:thought] The dashboard file exists on disk but is not tracked by git.
[cot:tool] start shell git status -u; Test-Path "src/components/visualizations/FiscalPlumbingResearchDashboard.tsx"; git check-ignore -v "src/components/visualizations/FiscalPlumbingResearchDashboard.tsx" 2>$null; git log -1 --format="%H %s" -- "src/data/fiscal-plumbing-research-2026-data.ts"
[cot:tool] start grep C:\Users\ether\AppData\Local\data-insights-blog-workers\worker-1
[cot:tool] done grep C:\Users\ether\AppData\Local\data-insights-blog-workers\worker-1
[cot:tool] start read C:\Users\ether\AppData\Local\data-insights-blog-workers\worker-1\src\types\post.ts
[cot:tool] done read C:\Users\ether\AppData\Local\data-insights-blog-workers\worker-1\src\types\post.ts
[cot:tool] start read C:\Users\ether\AppData\Local\data-insights-blog-workers\worker-1\src\components\PostVisualization.tsx
[cot:tool] start read C:\Users\ether\AppData\Local\data-insights-blog-workers\worker-1\src\components\PostVisualization.tsx
[cot:tool] done read C:\Users\ether\AppData\Local\data-insights-blog-workers\worker-1\src\components\PostVisualization.tsx
[cot:tool] done read C:\Users\ether\AppData\Local\data-insights-blog-workers\worker-1\src\components\PostVisualization.tsx
[cot:tool] done shell git status -u; Test-Path "src/components/visualizations/FiscalPlumbingResearchDashboard.tsx"; git check-ignore -v "src/components/visualizations/FiscalPlumbingResearchDashboard.tsx" 2>$null; git log -1 --format="%H %s" -- "src/data/fiscal-plumbing-research-2026-data.ts"
[cot:thought] Git status is clean and the dashboard file exists. Checking whether the
[cot:thought] dashboard file is tracked by Git.
[cot:tool] start shell git ls-files --error-unmatch "src/components/visualizations/FiscalPlumbingResearchDashboard.tsx" 2>&1; git show HEAD:src/components/visualizations/FiscalPlumbingResearchDashboard.tsx 2>&1 | Select-Object -First 5; git log --diff-filter=A --summary -- "*FiscalPlumbing*" | Select-Object -First 20
[cot:tool] start grep C:\Users\ether\AppData\Local\data-insights-blog-workers\worker-1\scripts\smoke-test-viz-posts.mjs
[cot:tool] done grep C:\Users\ether\AppData\Local\data-insights-blog-workers\worker-1\scripts\smoke-test-viz-posts.mjs
[cot:tool] start grep C:\Users\ether\AppData\Local\data-insights-blog-workers\worker-1\artifacts\backend-manifest.json
[cot:tool] done grep C:\Users\ether\AppData\Local\data-insights-blog-workers\worker-1\artifacts\backend-manifest.json
[cot:tool] start read C:\Users\ether\AppData\Local\data-insights-blog-workers\worker-1\src\data\theme-registry.ts
[cot:tool] start grep C:\Users\ether\AppData\Local\data-insights-blog-workers\worker-1\src\data\posts.ts
[cot:tool] done read C:\Users\ether\AppData\Local\data-insights-blog-workers\worker-1\src\data\theme-registry.ts
[cot:tool] done grep C:\Users\ether\AppData\Local\data-insights-blog-workers\worker-1\src\data\posts.ts
[cot:tool] done shell git ls-files --error-unmatch "src/components/visualizations/FiscalPlumbingResearchDashboard.tsx" 2>&1; git show HEAD:src/components/visualizations/FiscalPlumbingResearchDashboard.tsx 2>&1 | Select-Object -First 5; git log --diff-filter=A --summary -- "*FiscalPlumbing*" | Select-Object -First 20
[cot:thought] The previous worker began this fiscal-plumbing-research-2026 post. The data module, dashboard,
[cot:thought] QA script, and hero image already exist. However, the post is missing from posts.ts, types/post.ts, PostVisualization.tsx, SLUG_THEME_IDS, the smoke-test marker, and the backend manifest.
[cot:thought] A similar post on tax expenditures already exists. The brief for this post is broader, asking which budget lines, trust funds, and off-balance vehicles move real levers.
[cot:thought] Two approaches are
[cot:thought] under consideration. The first expands the existing data and dashboard to cover trust funds, budget lines, and off-balance vehicles. The second keeps the current tax-expenditure focus but frames it as off-balance vehicles within the broader fiscal plumbing map.
[cot:thought] The broader fiscal-plumbing
[cot:thought] approach was selected over simply reframing the existing tax-expenditure angle. Expanding the data module to cover major budget lines, trust fund status, and off-balance vehicles would be more thorough but likely slower.
[cot:thought] Production history shows previous attempts failed, and the previous worker left incomplete work.
[cot:thought] The best path forward is being determined. A five-phase plan
[cot:thought] is now set. Phase one verifies the data module and adds trust fund coverage. Phase two registers the dashboard.
[cot:thought] Phase three writes the post entry and confirms the hero image. Phase four fixes the QA script and smoke-test marker.
[cot:thought] Phase five deploys and marks the job ready. The narrative will
[cot:thought] differentiate from the existing tax-expenditure catalog by framing tax expenditures as off-balance vehicles, trust funds as Social Security and Medicare, and budget composition as the core budget lines.
[cot:thought] The dashboard already satisfies the quality blockers for chart types, panels, and controls. The next step is to audit the existing catalog dashboard to avoid cloning its patterns.
[cot:thought] Prior work left data, dashboard, QA, and hero ??? still need wireup and the post.
[cot:thought] Differentiating from the tax-expenditure catalog by expanding to trust funds and budget lines, then registering and shipping.
[cot:tool] start read C:\Users\ether\AppData\Local\data-insights-blog-workers\worker-1\src\components\visualizations\UsTaxExpenditureCatalogDashboard.tsx
[cot:tool] done read C:\Users\ether\AppData\Local\data-insights-blog-workers\worker-1\src\components\visualizations\UsTaxExpenditureCatalogDashboard.tsx
[cot:tool] start grep C:\Users\ether\AppData\Local\data-insights-blog-workers\worker-1\scripts\smoke-test-viz-posts.mjs
[cot:tool] done grep C:\Users\ether\AppData\Local\data-insights-blog-workers\worker-1\scripts\smoke-test-viz-posts.mjs
[cot:tool] start read C:\Users\ether\AppData\Local\data-insights-blog-workers\worker-1\artifacts\backend-manifest.json
