[2026-08-20 20:57:10] Worker 1 starting job job-mt28outq-ijl20 (chokepoint-commodities-concentration-2026) in C:\Users\ether\AppData\Local\data-insights-blog-workers\worker-1 (branch post/chokepoint-commodities-concentration-2026-w1, container blog-worker-1)
[2026-08-20 20:57:10] Fetching origin (main merge target) into isolated clone
[2026-08-20 20:57:11] Creating post/chokepoint-commodities-concentration-2026-w1 from main f87862f38267d6f7c744eabddae8aebcc7042b91
[2026-08-20 20:57:11] Resetting clone then checkout post/chokepoint-commodities-concentration-2026-w1 at f87862f38267d6f7c744eabddae8aebcc7042b91 (never master)
[2026-08-20 20:57:12] git: HEAD is now at f87862f merge(post): heavy-industrial-capacity-update-2026 from worker 3 (path-selective)
[2026-08-20 20:57:13] git: HEAD is now at f87862f merge(post): heavy-industrial-capacity-update-2026 from worker 3 (path-selective)
[2026-08-20 20:57:13] git: Switched to a new branch 'post/chokepoint-commodities-concentration-2026-w1'
[2026-08-20 20:57:14] Worker 1 ports: SMOKE_PORT=4180 SMOKE_QA_PORT=4181 (isolated Node static servers)
[2026-08-20 20:57:14] WARN: Cursor CLI useHttp1ForAgent is not true - transport blips may be worse. Set network.useHttp1ForAgent=true in C:\Users\ether\.cursor\cli-config.json
[2026-08-20 20:57:14] Invoking agent for worker 1 (-p --force --trust --workspace clone C:\Users\ether\AppData\Local\data-insights-blog-workers\worker-1 / blog-worker-1)
[2026-08-20 20:57:15] Agent stream-json -> E:\AI Projects\data-insights-blog\artifacts\automation-logs\worker-1-2026-08-20_20-57-09.log (cot E:\AI Projects\data-insights-blog\artifacts\automation-logs\worker-1-2026-08-20_20-57-09.cot.log, raw E:\AI Projects\data-insights-blog\artifacts\automation-logs\worker-1-2026-08-20_20-57-09.ndjson)
[cot:system] session model=Auto cwd=C:\Users\ether\AppData\Local\data-insights-blog-workers\worker-1
[cot:user] You are a blog production WORKER in a parallel multi-agent system. ## Identity - Worker ID: 1 - Job ID: job-mt28outq-ijl20 - Assigned slug: chokepoint-commodities-concentration-2026 - Theme ID: chokepΓÇª
[cot:thought] Beginning blog production as worker 1 for the chokepoint commodities concentration post.
[cot:thought] Reviewing the production
[cot:thought] rules and checking the worktree state before starting phase 1.Starting the chokepoint-commodities post as worker 1: checking conveyor sync and production rules, then moving into the data-module phase.
[cot:tool] start read C:\Users\ether\AppData\Local\data-insights-blog-workers\worker-1\.cursor\rules\autonomous-blog-production.mdc
[cot:tool] done read ?
[cot:tool] start read C:\Users\ether\AppData\Local\data-insights-blog-workers\worker-1\artifacts\conveyor-sync.json
[cot:tool] done read ?
[cot:tool] start glob
[cot:tool] start shell $env:BLOG_REPO_ROOT='E:\AI Projects\data-insights-blog'; npx tsx 'E:\AI Projects\data-insights-blog\scripts\update-agent-job.mjs' --job job-mt28outq-ijl20 --status researching --activity 'Phase 1: checking sync + reading production rules'
[cot:tool] done glob
[cot:tool] done shell $env:BLOG_REPO_ROOT='E:\AI Projects\data-insights-blog'; npx tsx 'E:\AI Projects\data-insights-blog\scripts\update-agent-job.mjs' --job job-mt28outq-ijl20 --status researching --activity 'Phase 1: checking sync + reading production rules'
[cot:thought] Existing chokepoint commodities content is already present. Reviewing autonomous
[cot:thought] blog production rules and existing post patterns.
[cot:tool] start glob
[cot:tool] done glob
[cot:tool] start shell if (Test-Path artifacts) { Get-ChildItem artifacts } else { Write-Output 'no artifacts' }; git status -sb; git branch --show-current; ls src/data/*concentration* 2>$null; ls src/data/*chokepoint*
[cot:tool] start grep C:\Users\ether\AppData\Local\data-insights-blog-workers\worker-1\src
[cot:tool] start read C:\Users\ether\AppData\Local\data-insights-blog-workers\worker-1\src\data\chokepoint-commodities-research-2026-data.ts
[cot:tool] done read C:\Users\ether\AppData\Local\data-insights-blog-workers\worker-1\src\data\chokepoint-commodities-research-2026-data.ts
[cot:tool] done grep C:\Users\ether\AppData\Local\data-insights-blog-workers\worker-1\src
[cot:tool] done shell if (Test-Path artifacts) { Get-ChildItem artifacts } else { Write-Output 'no artifacts' }; git status -sb; git branch --show-current; ls src/data/*concentration* 2>$null; ls src/data/*chokepoint*
[cot:thought] Research data for chokepoint commodities is already available. Reviewing existing
[cot:thought] concentration post patterns and the research dashboard. Checking posts.ts registration and PostVisualization components.
[cot:thought] Existing chokepoint research data looks solid. Pulling a concentration-post template and registration patterns next.
[cot:tool] start read C:\Users\ether\AppData\Local\data-insights-blog-workers\worker-1\src\data\industrial-robotics-concentration-2026-data.ts
[cot:tool] start grep C:\Users\ether\AppData\Local\data-insights-blog-workers\worker-1\src
[cot:tool] start glob
[cot:tool] start read C:\Users\ether\AppData\Local\data-insights-blog-workers\worker-1\artifacts\backend-manifest.json
[cot:tool] done read C:\Users\ether\AppData\Local\data-insights-blog-workers\worker-1\src\data\industrial-robotics-concentration-2026-data.ts
[cot:tool] done read C:\Users\ether\AppData\Local\data-insights-blog-workers\worker-1\artifacts\backend-manifest.json
[cot:tool] done glob
[cot:tool] done grep C:\Users\ether\AppData\Local\data-insights-blog-workers\worker-1\src
[cot:tool] start shell Get-ChildItem .cursor/rules -ErrorAction SilentlyContinue | Select-Object Name; Get-ChildItem 'E:\AI Projects\data-insights-blog\.cursor\rules' -ErrorAction SilentlyContinue | Select-Object Name | Select-Object -First 20
[cot:tool] done shell Get-ChildItem .cursor/rules -ErrorAction SilentlyContinue | Select-Object Name; Get-ChildItem 'E:\AI Projects\data-insights-blog\.cursor\rules' -ErrorAction SilentlyContinue | Select-Object Name | Select-Object -First 20
[cot:thought] Reviewing research data and a concentration dashboard for patterns. Examining post structure
[cot:thought] for concentration posts and smoke-testing markers.
[cot:tool] start read C:\Users\ether\AppData\Local\data-insights-blog-workers\worker-1\src\data\chokepoint-commodities-research-2026-data.ts
[cot:tool] done read C:\Users\ether\AppData\Local\data-insights-blog-workers\worker-1\src\data\chokepoint-commodities-research-2026-data.ts
[cot:tool] start read C:\Users\ether\AppData\Local\data-insights-blog-workers\worker-1\src\components\visualizations\IndustrialRoboticsConcentrationDashboard.tsx
[cot:tool] done read C:\Users\ether\AppData\Local\data-insights-blog-workers\worker-1\src\components\visualizations\IndustrialRoboticsConcentrationDashboard.tsx
[cot:tool] start read C:\Users\ether\AppData\Local\data-insights-blog-workers\worker-1\src\data\posts.ts
[cot:tool] done read C:\Users\ether\AppData\Local\data-insights-blog-workers\worker-1\src\data\posts.ts
[cot:tool] start grep C:\Users\ether\AppData\Local\data-insights-blog-workers\worker-1\scripts
[cot:tool] start read C:\Users\ether\AppData\Local\data-insights-blog-workers\worker-1\scripts\qa-industrial-robotics-concentration-2026.mjs
[cot:tool] done read C:\Users\ether\AppData\Local\data-insights-blog-workers\worker-1\scripts\qa-industrial-robotics-concentration-2026.mjs
[cot:tool] done grep C:\Users\ether\AppData\Local\data-insights-blog-workers\worker-1\scripts
[cot:thought] The post will center on Top-1 and Top-3 commodity shares. This distinguishes it from the full ledger research post and vintage delta update posts.
[cot:thought] Reviewing research
[cot:thought] data for summary statistics and helpers. Checking smoke-test registration patterns. Examining PostVisualization and post.ts for new visualization type integration.
[cot:tool] start read C:\Users\ether\AppData\Local\data-insights-blog-workers\worker-1\src\data\chokepoint-commodities-research-2026-data.ts
[cot:tool] done read C:\Users\ether\AppData\Local\data-insights-blog-workers\worker-1\src\data\chokepoint-commodities-research-2026-data.ts
[cot:tool] start grep C:\Users\ether\AppData\Local\data-insights-blog-workers\worker-1\scripts\smoke-test-viz-posts.mjs
[cot:tool] done grep C:\Users\ether\AppData\Local\data-insights-blog-workers\worker-1\scripts\smoke-test-viz-posts.mjs
[cot:tool] start read C:\Users\ether\AppData\Local\data-insights-blog-workers\worker-1\src\types\post.ts
[cot:tool] done read C:\Users\ether\AppData\Local\data-insights-blog-workers\worker-1\src\types\post.ts
[cot:tool] start read C:\Users\ether\AppData\Local\data-insights-blog-workers\worker-1\src\components\PostVisualization.tsx
[cot:tool] start read C:\Users\ether\AppData\Local\data-insights-blog-workers\worker-1\src\components\visualizations\ChokepointCommoditiesResearchDashboard.tsx
[cot:tool] done read C:\Users\ether\AppData\Local\data-insights-blog-workers\worker-1\src\components\PostVisualization.tsx
[cot:tool] done read C:\Users\ether\AppData\Local\data-insights-blog-workers\worker-1\src\components\visualizations\ChokepointCommoditiesResearchDashboard.tsx
[cot:thought] The concentration post will distinguish itself from the research piece by focusing specifically on Top-1/Top-3 share distribution. Key tools include Lorenz curves, concentration ladders, and HHI bands.
[cot:thought] A dedicated data module
[cot:thought] will reframe commodity concentration metrics such as stage flip deltas. Phase 1 commits this module. Smoke test entry format and the post.ts visualization union also need verification.
[cot:thought] Building the concentration-focused data module next, then committing phase 1.
[cot:tool] start read C:\Users\ether\AppData\Local\data-insights-blog-workers\worker-1\src\types\post.ts
[cot:tool] done read C:\Users\ether\AppData\Local\data-insights-blog-workers\worker-1\src\types\post.ts
[cot:tool] start read C:\Users\ether\AppData\Local\data-insights-blog-workers\worker-1\scripts\smoke-test-viz-posts.mjs
[cot:tool] done read C:\Users\ether\AppData\Local\data-insights-blog-workers\worker-1\scripts\smoke-test-viz-posts.mjs
[cot:tool] start read C:\Users\ether\AppData\Local\data-insights-blog-workers\worker-1\src\components\PostVisualization.tsx
[cot:tool] done read C:\Users\ether\AppData\Local\data-insights-blog-workers\worker-1\src\components\PostVisualization.tsx
[cot:tool] start grep C:\Users\ether\AppData\Local\data-insights-blog-workers\worker-1\src\components\PostVisualization.tsx
[cot:tool] start shell $env:BLOG_REPO_ROOT='E:\AI Projects\data-insights-blog'; npx tsx 'E:\AI Projects\data-insights-blog\scripts\update-agent-job.mjs' --job job-mt28outq-ijl20 --status building --activity 'Phase 1: writing concentration data module'
[cot:tool] done grep C:\Users\ether\AppData\Local\data-insights-blog-workers\worker-1\src\components\PostVisualization.tsx
[cot:tool] done shell $env:BLOG_REPO_ROOT='E:\AI Projects\data-insights-blog'; npx tsx 'E:\AI Projects\data-insights-blog\scripts\update-agent-job.mjs' --job job-mt28outq-ijl20 --status building --activity 'Phase 1: writing concentration data module'
[cot:thought] Creating the data module for the concentration post. Analyzing top-1 and
[cot:thought] top-3 share distributions across chokepoint commodities. Key findings include 20 commodities, 12 led by China, 8 stages above 70% top-1, and 98% market share for gallium. Metrics will feed into Lorenz curves, HHI bands, stage flips, and producer concentration.
[cot:thought] Top-1 market shares
[cot:thought] span 23% to 98%. The median top-1 share is 65%, calculated from the sorted list of 20 commodities.
[cot:tool] start edit C:\Users\ether\AppData\Local\data-insights-blog-workers\worker-1\src\data\chokepoint-commodities-concentration-2026-data.ts
[cot:tool] done edit C:\Users\ether\AppData\Local\data-insights-blog-workers\worker-1\src\data\chokepoint-commodities-concentration-2026-data.ts
[cot:thought] Data module is complete. Committing phase 1 and proceeding to the dashboard.
[cot:tool] start shell git add -A; git commit --trailer "Co-authored-by: Cursor <cursoragent@cursor.com>" -m "wip(chokepoint-commodities-concentration-2026): data module"; $env:BLOG_REPO_ROOT='E:\AI Projects\data-insights-blog'; npx tsx 'E:\AI Projects\data-insights-blog\scripts\update-agent-job.mjs' --job job-mt28outq-ijl20 --status building --activity 'Phase 2: building concentration dashboard + viz wireup'
[cot:tool] done shell git add -A; git commit --trailer "Co-authored-by: Cursor <cursoragent@cursor.com>" -m "wip(chokepoint-commodities-concentration-2026): data module"; $env:BLOG_REPO_ROOT='E:\AI Projects\data-insights-blog'; npx tsx 'E:\AI Projects\data-insights-blog\scripts\update-agent-job.mjs' --job job-mt28outq-ijl20 --status building --activity 'Phase 2: building concentration dashboard + viz wireup'
[cot:thought] Building the dashboard now. The design will include at least three chart types. The dashboard will
[cot:thought] contain seven panels and four interactive controls. It includes a Lorenz concentration curve, ranked commodity bars, a mine-to-midstream slope, an HHI band chart, a producer scoreboard, a Reliance scatter plot, and sector exposure.
[cot:thought] Controls will toggle views, select metrics, and filter by stage and sector. Now reviewing the lazy import pattern at the end of the visualization file.
[cot:thought] Building the dashboard and wiring it into the viz registry.
[cot:tool] start read C:\Users\ether\AppData\Local\data-insights-blog-workers\worker-1\src\components\PostVisualization.tsx
[cot:tool] done read C:\Users\ether\AppData\Local\data-insights-blog-workers\worker-1\src\components\PostVisualization.tsx
[cot:tool] start grep C:\Users\ether\AppData\Local\data-insights-blog-workers\worker-1\src\components\PostVisualization.tsx
[cot:tool] start read C:\Users\ether\AppData\Local\data-insights-blog-workers\worker-1\src\components\PostVisualization.tsx
[cot:tool] done read C:\Users\ether\AppData\Local\data-insights-blog-workers\worker-1\src\components\PostVisualization.tsx
[cot:tool] done grep C:\Users\ether\AppData\Local\data-insights-blog-workers\worker-1\src\components\PostVisualization.tsx
[cot:thought] I will create the dashboard and wire it up.
[cot:tool] start edit C:\Users\ether\AppData\Local\data-insights-blog-workers\worker-1\src\components\visualizations\ChokepointCommoditiesConcentrationDashboard.tsx
[cot:tool] done edit C:\Users\ether\AppData\Local\data-insights-blog-workers\worker-1\src\components\visualizations\ChokepointCommoditiesConcentrationDashboard.tsx
[cot:thought] Wiring up post.ts types, PostVisualization, and theme registry.
[cot:tool] start edit C:\Users\ether\AppData\Local\data-insights-blog-workers\worker-1\src\types\post.ts
[cot:tool] done edit
[cot:tool] start edit C:\Users\ether\AppData\Local\data-insights-blog-workers\worker-1\src\components\PostVisualization.tsx
[cot:tool] start read C:\Users\ether\AppData\Local\data-insights-blog-workers\worker-1\src\components\PostVisualization.tsx
[cot:tool] done read C:\Users\ether\AppData\Local\data-insights-blog-workers\worker-1\src\components\PostVisualization.tsx
[cot:tool] start read C:\Users\ether\AppData\Local\data-insights-blog-workers\worker-1\src\data\theme-registry.ts
[cot:tool] done read C:\Users\ether\AppData\Local\data-insights-blog-workers\worker-1\src\data\theme-registry.ts
[cot:tool] done edit C:\Users\ether\AppData\Local\data-insights-blog-workers\worker-1\src\components\PostVisualization.tsx
[cot:thought] The post.ts file now references the fiscal-industrial-policy-concentration-2026 slug.
[cot:thought] Checking whether the
[cot:thought] PostVisualization edit accidentally removed the ssr/loading options from the Geopolitics dynamic import.
[cot:thought] Fixing registration after the types file shifted; checking PostVisualization for a broken import.
[cot:tool] start read C:\Users\ether\AppData\Local\data-insights-blog-workers\worker-1\src\types\post.ts
[cot:tool] done read C:\Users\ether\AppData\Local\data-insights-blog-workers\worker-1\src\types\post.ts
[cot:tool] start read C:\Users\ether\AppData\Local\data-insights-blog-workers\worker-1\src\components\PostVisualization.tsx
[cot:tool] done read C:\Users\ether\AppData\Local\data-insights-blog-workers\worker-1\src\components\PostVisualization.tsx
[cot:tool] start grep C:\Users\ether\AppData\Local\data-insights-blog-workers\worker-1\src\components\PostVisualization.tsx
[cot:tool] done grep C:\Users\ether\AppData\Local\data-insights-blog-workers\worker-1\src\components\PostVisualization.tsx
[cot:tool] start grep C:\Users\ether\AppData\Local\data-insights-blog-workers\worker-1\src\data\theme-registry.ts
[cot:tool] done grep C:\Users\ether\AppData\Local\data-insights-blog-workers\worker-1\src\data\theme-registry.ts
[cot:thought] Fixing the Geopolitics dynamic import to restore SSR and loading behavior. Adding a type to post.ts.
[cot:thought] Inserting a render branch before the null return. Registering the theme.
[cot:tool] start edit C:\Users\ether\AppData\Local\data-insights-blog-workers\worker-1\src\types\post.ts
[cot:tool] done edit C:\Users\ether\AppData\Local\data-insights-blog-workers\worker-1\src\types\post.ts
[cot:tool] start edit C:\Users\ether\AppData\Local\data-insights-blog-workers\worker-1\src\components\PostVisualization.tsx
[cot:tool] done edit C:\Users\ether\AppData\Local\data-insights-blog-workers\worker-1\src\components\PostVisualization.tsx
[cot:tool] start read C:\Users\ether\AppData\Local\data-insights-blog-workers\worker-1\src\components\PostVisualization.tsx
[cot:tool] start edit C:\Users\ether\AppData\Local\data-insights-blog-workers\worker-1\src\data\theme-registry.ts
[cot:tool] done read C:\Users\ether\AppData\Local\data-insights-blog-workers\worker-1\src\components\PostVisualization.tsx
[cot:tool] done edit C:\Users\ether\AppData\Local\data-insights-blog-workers\worker-1\src\data\theme-registry.ts
[cot:thought] The chokepoint concentration dashboard render branch needs to be added before the null return.
[cot:tool] start edit C:\Users\ether\AppData\Local\data-insights-blog-workers\worker-1\src\components\PostVisualization.tsx
[cot:tool] start shell git add -A; git commit --trailer "Co-authored-by: Cursor <cursoragent@cursor.com>" -m "wip(chokepoint-commodities-concentration-2026): dashboard + viz wireup"; $env:BLOG_REPO_ROOT='E:\AI Projects\data-insights-blog'; npx tsx 'E:\AI Projects\data-insights-blog\scripts\update-agent-job.mjs' --job job-mt28outq-ijl20 --status building --activity 'Phase 3: post prose + hero image'
[cot:tool] done edit C:\Users\ether\AppData\Local\data-insights-blog-workers\worker-1\src\components\PostVisualization.tsx
[cot:tool] done shell git add -A; git commit --trailer "Co-authored-by: Cursor <cursoragent@cursor.com>" -m "wip(chokepoint-commodities-concentration-2026): dashboard + viz wireup"; $env:BLOG_REPO_ROOT='E:\AI Projects\data-insights-blog'; npx tsx 'E:\AI Projects\data-insights-blog\scripts\update-agent-job.mjs' --job job-mt28outq-ijl20 --status building --activity 'Phase 3: post prose + hero image'
[cot:thought] Proceeding to Phase 3: drafting the post prose and hero section. Planning to generate
[cot:thought] the hero image, populate the posts entry with the required word count and structural elements, and update the backend manifest. Checking posts.ts insertion points and existing internal-linking patterns.
[cot:thought] Generating the hero and drafting the post entry next.
[cot:tool] start generateImage
[cot:tool] start read C:\Users\ether\AppData\Local\data-insights-blog-workers\worker-1\src\data\posts.ts
[cot:tool] start read C:\Users\ether\AppData\Local\data-insights-blog-workers\worker-1\src\data\posts.ts
[cot:tool] done read C:\Users\ether\AppData\Local\data-insights-blog-workers\worker-1\src\data\posts.ts
[cot:tool] done read C:\Users\ether\AppData\Local\data-insights-blog-workers\worker-1\src\data\posts.ts
[cot:tool] done generateImage
[cot:thought] Copying the hero image to public/images/ and writing the post content. Moving the image and
[cot:thought] inserting the post at the top of samplePosts.
[cot:tool] start shell Copy-Item "C:\Users\ether\.cursor\projects\C-Users-ether-AppData-Local-data-insights-blog-workers-worker-1\assets\global-systems-chokepoint-commodities-concentration-2026-hero.png" -Destination "C:\Users\ether\AppData\Local\data-insights-blog-workers\worker-1\public\images\global-systems-chokepoint-commodities-concentration-2026-hero.png" -Force; Test-Path "public\images\global-systems-chokepoint-commodities-concentration-2026-hero.png"
[cot:tool] done shell Copy-Item "C:\Users\ether\.cursor\projects\C-Users-ether-AppData-Local-data-insights-blog-workers-worker-1\assets\global-systems-chokepoint-commodities-concentration-2026-hero.png" -Destination "C:\Users\ether\AppData\Local\data-insights-blog-workers\worker-1\public\images\global-systems-chokepoint-commodities-concentration-2026-hero.png" -Force; Test-Path "public\images\global-systems-chokepoint-commodities-concentration-2026-hero.png"
[cot:thought] Drafting the post now. The content must reach 1200 words, include six H2 sections, a caveat, a table, and two internal links.
[cot:thought] Inserting the new
[cot:thought] post entry at the beginning of the samplePosts array.
[cot:tool] start edit C:\Users\ether\AppData\Local\data-insights-blog-workers\worker-1\src\data\posts.ts
[cot:tool] done edit C:\Users\ether\AppData\Local\data-insights-blog-workers\worker-1\src\data\posts.ts
[cot:thought] Verifying that median top1 and extreme top3 counts align with the data. Median top1 concentration
[cot:thought] is 65. Thirteen commodities exceed the 85 threshold for the extreme top3 group.
[cot:thought] Fifteen HHI values
[cot:thought] meet the 2500 threshold. The prose table incorrectly
[cot:thought] states fourteen HHI stages instead of fifteen. This needs correction to match the computed value. Midstream median concentration is seventy-six.
[cot:thought] Mine median concentration
[cot:thought] is fifty. Twelve Chinese commodity stages were identified.
[cot:tool] start edit C:\Users\ether\AppData\Local\data-insights-blog-workers\worker-1\src\data\posts.ts
[cot:tool] done edit C:\Users\ether\AppData\Local\data-insights-blog-workers\worker-1\src\data\posts.ts
[cot:tool] start edit C:\Users\ether\AppData\Local\data-insights-blog-workers\worker-1\src\data\posts.ts
[cot:tool] done edit C:\Users\ether\AppData\Local\data-insights-blog-workers\worker-1\src\data\posts.ts
[cot:tool] start edit C:\Users\ether\AppData\Local\data-insights-blog-workers\worker-1\artifacts\backend-manifest.json
[cot:tool] start shell git add -A; git commit --trailer "Co-authored-by: Cursor <cursoragent@cursor.com>" -m "wip(chokepoint-commodities-concentration-2026): post prose + hero"; $env:BLOG_REPO_ROOT='E:\AI Projects\data-insights-blog'; npx tsx 'E:\AI Projects\data-insights-blog\scripts\update-agent-job.mjs' --job job-mt28outq-ijl20 --status building --activity 'Phase 4: QA script + smoke marker'
[cot:tool] done edit C:\Users\ether\AppData\Local\data-insights-blog-workers\worker-1\artifacts\backend-manifest.json
[cot:tool] done shell git add -A; git commit --trailer "Co-authored-by: Cursor <cursoragent@cursor.com>" -m "wip(chokepoint-commodities-concentration-2026): post prose + hero"; $env:BLOG_REPO_ROOT='E:\AI Projects\data-insights-blog'; npx tsx 'E:\AI Projects\data-insights-blog\scripts\update-agent-job.mjs' --job job-mt28outq-ijl20 --status building --activity 'Phase 4: QA script + smoke marker'
[cot:thought] The posts.ts commit diff is massive, suggesting line endings or formatting changes rather than actual content edits.
[cot:thought] Proceeding with QA
[cot:thought] and smoke checks. Need to verify posts.ts structure and ensure fiscal-industrial post content was not truncated.
[cot:thought] Verifying the posts.ts edit didn't break the fiscal-industrial entry, then adding the QA script and smoke marker.
[cot:tool] start read C:\Users\ether\AppData\Local\data-insights-blog-workers\worker-1\src\data\posts.ts
[cot:tool] done read C:\Users\ether\AppData\Local\data-insights-blog-workers\worker-1\src\data\posts.ts
[cot:tool] start read C:\Users\ether\AppData\Local\data-insights-blog-workers\worker-1\scripts\qa-industrial-robotics-concentration-2026.mjs
[cot:tool] start read C:\Users\ether\AppData\Local\data-insights-blog-workers\worker-1\scripts\smoke-test-viz-posts.mjs
[cot:tool] done read C:\Users\ether\AppData\Local\data-insights-blog-workers\worker-1\scripts\qa-industrial-robotics-concentration-2026.mjs
[cot:tool] done read C:\Users\ether\AppData\Local\data-insights-blog-workers\worker-1\scripts\smoke-test-viz-posts.mjs
[cot:thought] The fiscal post file appears intact. Writing the QA script
[cot:thought] and adding a smoke marker at the top of the POSTS array.
[cot:tool] start edit C:\Users\ether\AppData\Local\data-insights-blog-workers\worker-1\scripts\qa-chokepoint-commodities-concentration-2026.mjs
[cot:tool] done edit C:\Users\ether\AppData\Local\data-insights-blog-workers\worker-1\scripts\qa-chokepoint-commodities-concentration-2026.mjs
[cot:tool] start edit C:\Users\ether\AppData\Local\data-insights-blog-workers\worker-1\scripts\smoke-test-viz-posts.mjs
[cot:tool] start grep C:\Users\ether\AppData\Local\data-insights-blog-workers\worker-1\package.json
[cot:tool] done grep C:\Users\ether\AppData\Local\data-insights-blog-workers\worker-1\package.json
[cot:tool] done edit C:\Users\ether\AppData\Local\data-insights-blog-workers\worker-1\scripts\smoke-test-viz-posts.mjs
[cot:thought] The smoke test pulls from the POSTS array. Committing QA changes
[cot:thought] and deploying to ports 4180/4181. The homepage should auto-pick up the new post from posts.ts.
[cot:thought] The QA script uses `.first()` to avoid ambiguous "All" button matches. Confirmed the Area import is properly used in the Lorenz chart.
[cot:tool] start shell git add -A; git commit --trailer "Co-authored-by: Cursor <cursoragent@cursor.com>" -m "wip(chokepoint-commodities-concentration-2026): qa + smoke"; $env:BLOG_REPO_ROOT='E:\AI Projects\data-insights-blog'; npx tsx 'E:\AI Projects\data-insights-blog\scripts\update-agent-job.mjs' --job job-mt28outq-ijl20 --status qa --activity 'Phase 5: npm run deploy (SMOKE_PORT=4180)'
[cot:tool] done shell git add -A; git commit --trailer "Co-authored-by: Cursor <cursoragent@cursor.com>" -m "wip(chokepoint-commodities-concentration-2026): qa + smoke"; $env:BLOG_REPO_ROOT='E:\AI Projects\data-insights-blog'; npx tsx 'E:\AI Projects\data-insights-blog\scripts\update-agent-job.mjs' --job job-mt28outq-ijl20 --status qa --activity 'Phase 5: npm run deploy (SMOKE_PORT=4180)'
[cot:thought] Running npm run deploy with smoke ports 4180 and 4181. The deployment will
[cot:thought] take a while.
[cot:tool] start shell $env:SMOKE_PORT='4180'; $env:SMOKE_QA_PORT='4181'; npm run deploy
[cot:tool] done shell $env:SMOKE_PORT='4180'; $env:SMOKE_QA_PORT='4181'; npm run deploy
[cot:thought] Deployment passed. Verifying the generated HTML file exists. Proceeding to finalize
[cot:thought] the commit, mark the job ready, print the WorkerReady status, and exit. A quick QA pass is also being considered.
[cot:thought] Deploy passed. Final commit and marking the job ready.
[cot:tool] start shell Test-Path 'out/blog/chokepoint-commodities-concentration-2026/index.html'; Test-Path 'out/blog/chokepoint-commodities-concentration-2026.html'; git add -A; git status -sb; git diff --cached --stat
[cot:tool] done shell Test-Path 'out/blog/chokepoint-commodities-concentration-2026/index.html'; Test-Path 'out/blog/chokepoint-commodities-concentration-2026.html'; git add -A; git status -sb; git diff --cached --stat
[cot:thought] The HTML file is confirmed present at the expected output path. No uncommitted changes
[cot:thought] remain. I am deciding between amending the last WIP commit to a final feat message or making a small touch to trigger a new commit.
[cot:thought] Empty commits are
[cot:thought] forbidden. A tiny meaningful update will be added to trigger the final commit. Amending the last
[cot:thought] WIP commit to the final feat message is explicitly permitted under the worker brief for local-only branches. I will verify git status and remote ahead count before proceeding.
[cot:tool] start shell git log -5 --oneline; git status -sb; git rev-parse @{u} 2>&1
[cot:tool] done shell git log -5 --oneline; git status -sb; git rev-parse @{u} 2>&1
[cot:thought] Escaping a PowerShell syntax issue with `@{u}`.
[cot:tool] start shell git log -5 --oneline; git status -sb; git rev-parse '@{u}' 2>&1
[cot:tool] done shell git log -5 --oneline; git status -sb; git rev-parse '@{u}' 2>&1
[cot:thought] The data module commit hash shifted from 8b67bb0 to 168a4c5. This likely reflects an orchestrator rebase or merge.
[cot:thought] All changes are local
[cot:thought] with no upstream. The worker brief permits amending the last WIP commit message to a feat post. The full post spans four commits.
[cot:thought] Empty commits are forbidden. The user rule for --amend conditions is being checked.
[cot:thought] The worker brief explicitly
[cot:thought] authorizes amending the last commit message. The amendment will change only the commit message, leaving all files untouched.
[cot:tool] start shell git commit --trailer "Co-authored-by: Cursor <cursoragent@cursor.com>" --amend -m "feat(post): chokepoint-commodities-concentration-2026"; git log -3 --oneline; $env:BLOG_REPO_ROOT='E:\AI Projects\data-insights-blog'; npx tsx 'E:\AI Projects\data-insights-blog\scripts\update-agent-job.mjs' --job job-mt28outq-ijl20 --status ready --activity 'Ready for merge' --headline '8/20 stages Top-1 ???70% ?? median Top-1 65% ?? China leads 12 ?? gallium 98%'
[cot:tool] done shell git commit --trailer "Co-authored-by: Cursor <cursoragent@cursor.com>" --amend -m "feat(post): chokepoint-commodities-concentration-2026"; git log -3 --oneline; $env:BLOG_REPO_ROOT='E:\AI Projects\data-insights-blog'; npx tsx 'E:\AI Projects\data-insights-blog\scripts\update-agent-job.mjs' --job job-mt28outq-ijl20 --status ready --activity 'Ready for merge' --headline '8/20 stages Top-1 ???70% ?? median Top-1 65% ?? China leads 12 ?? gallium 98%'
[cot:thought] Job marked ready. Printing WorkerReady and exiting cleanly.WorkerReady: chokepoint-commodities-concentration-2026 | job=job-mt28outq-ijl20 | worker=1
[cot:thought] Shipped on `post/chokepoint-commodities-concentration-2026-w1`: concentration lens post (median Top-1 **65%**, **8/20** stages ???
[cot:thought] 70% Top-1, China leads **12**, gallium **98%**). `npm run deploy` passed on ports **4180/4181**; job marked **ready**.
[cot:system] result ok 1050999ms ΓÇö Starting the chokepoint-commodities post as worker 1: checking conveyor sync and production rules, then moving into the data-module phase.Existing chokepoint research data looks solid. Pulling a concentration-post template and registration 
[2026-08-20 21:15:26] Job job-mt28outq-ijl20 marked ready
[2026-08-20 21:15:30] git: HEAD is now at 029889e merge(post): ai-capex-spend-concentration-2026 from worker 3 (path-selective)
[2026-08-20 21:15:30] Worker 1 finished (exit=0)
