[2026-08-20 22:59:34] Worker 5 starting job job-mt2d2aqu-dpfyy (ai-financing-concentration-2026q3) in C:\Users\ether\AppData\Local\data-insights-blog-workers\worker-5 (branch post/ai-financing-concentration-2026q3-w5, container blog-worker-5)
[2026-08-20 22:59:34] Fetching origin (main merge target) into isolated clone
[2026-08-20 22:59:35] Creating post/ai-financing-concentration-2026q3-w5 from main 143b495b10e03888943f06021a04ecd3b680dbdb
[2026-08-20 22:59:35] Resetting clone then checkout post/ai-financing-concentration-2026q3-w5 at 143b495b10e03888943f06021a04ecd3b680dbdb (never master)
[2026-08-20 22:59:35] git: HEAD is now at 143b495 merge(post): ai-capex-spend-concentration-2026q3 from worker 1 (path-selective)
[2026-08-20 22:59:35] git: HEAD is now at 143b495 merge(post): ai-capex-spend-concentration-2026q3 from worker 1 (path-selective)
[2026-08-20 22:59:35] git: Switched to a new branch 'post/ai-financing-concentration-2026q3-w5'
[2026-08-20 22:59:36] Worker 5 ports: SMOKE_PORT=4188 SMOKE_QA_PORT=4189 (isolated Node static servers)
[2026-08-20 22:59:36] WARN: Cursor CLI useHttp1ForAgent is not true - transport blips may be worse. Set network.useHttp1ForAgent=true in C:\Users\ether\.cursor\cli-config.json
[2026-08-20 22:59:36] Invoking agent for worker 5 (-p --force --trust --workspace clone C:\Users\ether\AppData\Local\data-insights-blog-workers\worker-5 / blog-worker-5)
[2026-08-20 22:59:36] Agent stream-json -> E:\AI Projects\data-insights-blog\artifacts\automation-logs\worker-5-2026-08-20_22-59-34.log (cot E:\AI Projects\data-insights-blog\artifacts\automation-logs\worker-5-2026-08-20_22-59-34.cot.log, raw E:\AI Projects\data-insights-blog\artifacts\automation-logs\worker-5-2026-08-20_22-59-34.ndjson)
[cot:system] session model=Auto cwd=C:\Users\ether\AppData\Local\data-insights-blog-workers\worker-5
[cot:user] You are a blog production WORKER in a parallel multi-agent system. ## Identity - Worker ID: 5 - Job ID: job-mt2d2aqu-dpfyy - Assigned slug: ai-financing-concentration-2026q3 - Theme ID: ai-financing -ΓÇª
[cot:thought] Beginning blog production as worker 5 for the ai-financing-concentration-2026q3 post.
[cot:thought] Reviewing the production
[cot:thought] rules and workspace state before building the post.I'll start by checking conveyor sync status, reading the production rules, and marking the job as researching.
[cot:tool] start read C:\Users\ether\AppData\Local\data-insights-blog-workers\worker-5\.cursor\rules\autonomous-blog-production.mdc
[cot:tool] start read C:\Users\ether\AppData\Local\data-insights-blog-workers\worker-5\artifacts\conveyor-sync.json
[cot:tool] start glob
[cot:tool] start shell $env:BLOG_REPO_ROOT='E:\AI Projects\data-insights-blog'; npx tsx "E:\AI Projects\data-insights-blog\scripts\update-agent-job.mjs" --job job-mt2d2aqu-dpfyy --status researching --activity "Phase 0: checking sync + reading production rules"
[cot:tool] done read ?
[cot:tool] done read ?
[cot:tool] done glob
[cot:tool] done shell
[cot:thought] Tools failed. Retrying.Retrying after a temporary service blip.
[cot:tool] start shell cd "C:\Users\ether\AppData\Local\data-insights-blog-workers\worker-5"; Get-Content artifacts\conveyor-sync.json -ErrorAction SilentlyContinue; git status -sb; git branch --show-current; Test-Path .cursor\rules\autonomous-blog-production.mdc; $env:BLOG_REPO_ROOT='E:\AI Projects\data-insights-blog'; npx tsx "E:\AI Projects\data-insights-blog\scripts\update-agent-job.mjs" --job job-mt2d2aqu-dpfyy --status researching --activity "Phase 0: checking sync + reading production rules"
[cot:tool] done shell cd "C:\Users\ether\AppData\Local\data-insights-blog-workers\worker-5"; Get-Content artifacts\conveyor-sync.json -ErrorAction SilentlyContinue; git status -sb; git branch --show-current; Test-Path .cursor\rules\autonomous-blog-production.mdc; $env:BLOG_REPO_ROOT='E:\AI Projects\data-insights-blog'; npx tsx "E:\AI Projects\data-insights-blog\scripts\update-agent-job.mjs" --job job-mt2d2aqu-dpfyy --status researching --activity "Phase 0: checking sync + reading production rules"
[cot:thought] The conveyor-sync.json and autonomous-blog-production.mdc files are missing from the worker workspace.
[cot:thought] Job update succeeded.
[cot:thought] Now exploring the workspace structure and searching for similar posts to use as templates.
[cot:tool] start shell cd "C:\Users\ether\AppData\Local\data-insights-blog-workers\worker-5"; ls artifacts 2>$null; ls .cursor\rules 2>$null; ls src\data\*financing* 2>$null; ls src\data\*concentration* 2>$null; ls src\components\visualizations | Select-Object -First 40; Get-ChildItem src\data\*-data.ts | Select-Object -ExpandProperty Name | Select-Object -First 30
[cot:tool] done shell cd "C:\Users\ether\AppData\Local\data-insights-blog-workers\worker-5"; ls artifacts 2>$null; ls .cursor\rules 2>$null; ls src\data\*financing* 2>$null; ls src\data\*concentration* 2>$null; ls src\components\visualizations | Select-Object -First 40; Get-ChildItem src\data\*-data.ts | Select-Object -ExpandProperty Name | Select-Object -First 30
[cot:thought] The data file and dashboard component already exist in the workspace. Reviewing a recent
[cot:thought] 2026q3 concentration post and the existing ai-financing files to draft the new versions.
[cot:thought] There's already a 2026 concentration post; I'll mirror the recent 2026q3 concentration pattern and build the Q3 financing version.
[cot:tool] start read C:\Users\ether\AppData\Local\data-insights-blog-workers\worker-5\src\data\ai-financing-concentration-2026-data.ts
[cot:tool] done read C:\Users\ether\AppData\Local\data-insights-blog-workers\worker-5\src\data\ai-financing-concentration-2026-data.ts
[cot:tool] start read C:\Users\ether\AppData\Local\data-insights-blog-workers\worker-5\src\data\ai-capex-spend-concentration-2026q3-data.ts
[cot:tool] done read C:\Users\ether\AppData\Local\data-insights-blog-workers\worker-5\src\data\ai-capex-spend-concentration-2026q3-data.ts
[cot:tool] start shell cd "C:\Users\ether\AppData\Local\data-insights-blog-workers\worker-5"; Select-String -Path src\data\posts.ts -Pattern "ai-financing-concentration|ai-capex-spend-concentration-2026q3" | Select-Object -First 20; Select-String -Path src\types\post.ts,src\components\PostVisualization.tsx -Pattern "ai-financing-concentration|AiFinancingConcentration" | Select-Object LineNumber,Line; Select-String -Path src\data\theme-registry.ts -Pattern "ai-financing" | Select-Object -First 15; ls scripts\qa-ai-financing* 2>$null; ls public\images\*financing*concentration* 2>$null; ls public\images\*capex-spend-concentration* 2>$null
[cot:tool] done shell cd "C:\Users\ether\AppData\Local\data-insights-blog-workers\worker-5"; Select-String -Path src\data\posts.ts -Pattern "ai-financing-concentration|ai-capex-spend-concentration-2026q3" | Select-Object -First 20; Select-String -Path src\types\post.ts,src\components\PostVisualization.tsx -Pattern "ai-financing-concentration|AiFinancingConcentration" | Select-Object LineNumber,Line; Select-String -Path src\data\theme-registry.ts -Pattern "ai-financing" | Select-Object -First 15; ls scripts\qa-ai-financing* 2>$null; ls public\images\*financing*concentration* 2>$null; ls public\images\*capex-spend-concentration* 2>$null
[cot:thought] I have a clear plan. I will create a Q3 vintage of the AI financing concentration post.
[cot:thought] Reviewing the existing
[cot:thought] data file, dashboard, recent Q3 post, and QA script for pattern matching. Fetching fresher 2026Q3 financing update data.
[cot:tool] start read C:\Users\ether\AppData\Local\data-insights-blog-workers\worker-5\src\data\ai-financing-concentration-2026-data.ts
[cot:tool] done read C:\Users\ether\AppData\Local\data-insights-blog-workers\worker-5\src\data\ai-financing-concentration-2026-data.ts
[cot:tool] start read C:\Users\ether\AppData\Local\data-insights-blog-workers\worker-5\src\data\ai-financing-update-2026q3-data.ts
[cot:tool] done read C:\Users\ether\AppData\Local\data-insights-blog-workers\worker-5\src\data\ai-financing-update-2026q3-data.ts
[cot:tool] start read C:\Users\ether\AppData\Local\data-insights-blog-workers\worker-5\src\data\posts.ts
