[2026-08-01 02:21:38] Worker 1 starting job job-ms9zh4p7-55g5y (measurement-science-research-2026) in E:\AI Projects\data-insights-blog-worktrees\worker-1 (branch post/measurement-science-research-2026-w1)
[2026-08-01 02:21:38] Creating post/measurement-science-research-2026-w1 from master 5b8a96f8c2e704a08736bca484120ca971177750
[2026-08-01 02:21:38] Resetting worktree then checkout post/measurement-science-research-2026-w1 at 5b8a96f8c2e704a08736bca484120ca971177750
[2026-08-01 02:21:39] git: HEAD is now at 0b66a48 merge(post): migration-humanitarian-research-2026 from worker 3 (path-selective)
[2026-08-01 02:21:39] git: Removing scripts/bootstrap-worktrees.ps1
[2026-08-01 02:21:39] git: Removing scripts/claim-next-topics.mjs
[2026-08-01 02:21:39] git: Removing scripts/claim-recovery-job.mjs
[2026-08-01 02:21:39] git: Removing scripts/clear-resolved-failures.mjs
[2026-08-01 02:21:39] git: Removing scripts/cursor-watchdog-loop.ps1
[2026-08-01 02:21:39] git: Removing scripts/debug-agent-transport.ps1
[2026-08-01 02:21:39] git: Removing scripts/firebase-deploy-hosting.mjs
[2026-08-01 02:21:39] git: Removing scripts/lib/agent-jobs.mjs
[2026-08-01 02:21:39] git: Removing scripts/lib/agent-stream-cot.mjs
[2026-08-01 02:21:39] git: Removing scripts/lib/markdown-formatting-qa.mjs
[2026-08-01 02:21:39] git: Removing scripts/lib/production-ship-parser.mjs
[2026-08-01 02:21:39] git: Removing scripts/lib/viz-interaction-qa.mjs
[2026-08-01 02:21:39] git: Removing scripts/lib/worker-exit-remap.mjs
[2026-08-01 02:21:39] git: Removing scripts/local-blog-server.mjs
[2026-08-01 02:21:39] git: Removing scripts/production-stream-server.mjs
[2026-08-01 02:21:39] git: Removing scripts/production-stream-ui.html
[2026-08-01 02:21:39] git: Removing scripts/prompts/
[2026-08-01 02:21:39] git: Removing scripts/prune-post-branches.mjs
[2026-08-01 02:21:39] git: Removing scripts/qa-cot-stream.mjs
[2026-08-01 02:21:39] git: Removing scripts/qa-fiscal-plumbing-research-2026.mjs
[2026-08-01 02:21:39] git: Removing scripts/qa-global-shipbuilding-gt-delivery-concentration-2026.mjs
[2026-08-01 02:21:39] git: Removing scripts/qa-manual-review-flag.mjs
[2026-08-01 02:21:39] git: Removing scripts/qa-us-tax-expenditure-catalog-2026.mjs
[2026-08-01 02:21:39] git: Removing scripts/qa-worker-isolation-requeue.mjs
[2026-08-01 02:21:39] git: Removing scripts/qa-worker-transport-exit.mjs
[2026-08-01 02:21:39] git: Removing scripts/resolve-flagged-jobs.mjs
[2026-08-01 02:21:39] git: Removing scripts/resume-blog-automation.ps1
[2026-08-01 02:21:39] git: Removing scripts/run-blog-orchestrator.ps1
[2026-08-01 02:21:39] git: Removing scripts/run-blog-production-local.ps1
[2026-08-01 02:21:39] git: Removing scripts/run-blog-worker.ps1
[2026-08-01 02:21:39] git: Removing scripts/start-blog-automation-in-app.ps1
[2026-08-01 02:21:39] git: Removing scripts/stop-blog-automation.ps1
[2026-08-01 02:21:39] git: Removing scripts/theme-balance.ts
[2026-08-01 02:21:39] git: Removing scripts/update-agent-job.mjs
[2026-08-01 02:21:39] git: Removing scripts/watch-blog-production.ps1
[2026-08-01 02:21:40] git: Removing public/images/global-systems-fiscal-plumbing-research-2026-hero.png
[2026-08-01 02:21:40] git: Removing public/images/industry-commercial-aircraft-final-assembly-geography-2026-hero.png
[2026-08-01 02:21:40] git: Removing public/images/industry-global-shipbuilding-gt-delivery-concentration-2026-hero.png
[2026-08-01 02:21:40] git: Removing src/components/charts/
[2026-08-01 02:21:40] git: Removing src/components/visualizations/BankLoanChargeoffsDashboard.tsx
[2026-08-01 02:21:40] git: Removing src/components/visualizations/CommercialAircraftAssemblyDashboard.tsx
[2026-08-01 02:21:40] git: Removing src/components/visualizations/FiscalPlumbingResearchDashboard.tsx
[2026-08-01 02:21:40] git: Removing src/components/visualizations/GlobalShipbuildingGtDeliveryDashboard.tsx
[2026-08-01 02:21:40] git: Removing src/components/visualizations/IrenaRenewableCapacityDashboard.tsx
[2026-08-01 02:21:40] git: Removing src/components/visualizations/MoneyMarketFundsDepositsDashboard.tsx
[2026-08-01 02:21:40] git: Removing src/components/visualizations/NaturalGraphiteMineConcentrationDashboard.tsx
[2026-08-01 02:21:40] git: Removing src/components/visualizations/OecdDacOdaDashboard.tsx
[2026-08-01 02:21:40] git: Removing src/data/bank-loan-chargeoffs-data.ts
[2026-08-01 02:21:40] git: Removing src/data/commercial-aircraft-assembly-data.ts
[2026-08-01 02:21:40] git: Removing src/data/fiscal-plumbing-research-2026-data.ts
[2026-08-01 02:21:40] git: Removing src/data/global-shipbuilding-gt-delivery-concentration-2026-data.ts
[2026-08-01 02:21:40] git: Removing src/data/irena-renewable-capacity-data.ts
[2026-08-01 02:21:40] git: Removing src/data/money-market-funds-deposits-data.ts
[2026-08-01 02:21:40] git: Removing src/data/natural-graphite-mine-concentration-data.ts
[2026-08-01 02:21:40] git: Removing src/data/oecd-dac-oda-data.ts
[2026-08-01 02:21:40] git: Removing src/data/social-security-trust-fund-data.ts
[2026-08-01 02:21:41] git: HEAD is now at 5b8a96f merge(post): us-tax-expenditure-catalog-2026 from worker 5 (path-selective)
[2026-08-01 02:21:41] git: Switched to a new branch 'post/measurement-science-research-2026-w1'
[2026-08-01 02:21:42] Worker 1 ports: SMOKE_PORT=4180 SMOKE_QA_PORT=4181 (isolated Node static servers)
[2026-08-01 02:21:42] Cursor CLI network.useHttp1ForAgent=true (ok)
[2026-08-01 02:21:42] Invoking agent for worker 1 (-p --force --trust --workspace worktree)
[2026-08-01 02:21:43] Agent stream-json -> E:\AI Projects\data-insights-blog\artifacts\automation-logs\worker-1-2026-08-01_02-21-38.log (cot E:\AI Projects\data-insights-blog\artifacts\automation-logs\worker-1-2026-08-01_02-21-38.cot.log, raw E:\AI Projects\data-insights-blog\artifacts\automation-logs\worker-1-2026-08-01_02-21-38.ndjson)
[cot:system] session model=Auto cwd=E:\AI Projects\data-insights-blog-worktrees\worker-1
[cot:user] You are a blog production WORKER in a parallel multi-agent system. ## Identity - Worker ID: 1 - Job ID: job-ms9zh4p7-55g5y - Assigned slug: measurement-science-research-2026 - Theme ID: measurement-scΓÇª
[cot:agent] connection/reconnecting
[2026-08-01 02:39:52] WARN: transport blip cliAttempt=1 (raw=) elapsed=0s
[cot:agent] retry/starting
[cot:agent] connection/reconnected
[2026-08-01 02:39:52] WARN: transport blip cliAttempt=1 (raw=) elapsed=0s
[cot:thought] Beginning blog production as worker 1 for the measurement-science research post.
[cot:thought] Reading the production
[cot:thought] rules and existing patterns. Starting phase 1: data module. Noted a conflict between
[cot:thought] workspace rules requiring Firebase deployment and worker instructions explicitly forbidding it. Worker-specific instructions override the general rule, so Firebase hosting is excluded from this production chain.
[cot:thought] The ship gate requires
[cot:thought] running `npm run deploy`, likely for local smoke and build rather than Firebase hosting. Next step is reviewing the autonomous blog production rules and existing project patterns.
[cot:thought] I'll build the measurement-science post in short phases. Starting with the production rules and existing patterns, then the data module.
[cot:tool] start read E:\AI Projects\data-insights-blog-worktrees\worker-1\.cursor\rules\autonomous-blog-production.mdc
[cot:tool] start shell $env:BLOG_REPO_ROOT='E:\AI Projects\data-insights-blog'; npx tsx "E:\AI Projects\data-insights-blog\scripts\update-agent-job.mjs" --job job-ms9zh4p7-55g5y --status researching --activity "Phase 1: reading rules + patterns for measurement-science"
[cot:tool] start glob
[cot:tool] start grep E:\AI Projects\data-insights-blog-worktrees\worker-1\src
[cot:tool] done read ?
[cot:agent] connection/reconnecting
[2026-08-01 02:39:54] WARN: transport blip cliAttempt=1 (raw=) elapsed=0s
[cot:agent] retry/starting
[cot:agent] connection/reconnected
[2026-08-01 02:39:54] WARN: transport blip cliAttempt=1 (raw=) elapsed=0s
[cot:thought] Beginning blog production for the measurement-science-research-2026 post. Checking whether `npm
[cot:thought] run deploy` triggers a local smoke build or Firebase deployment. The worker instructions explicitly forbid Firebase deploy, overriding the ship gate.
[cot:thought] Updating job status
[cot:thought] to researching. Reviewing production rules and existing examples. Starting with the data module.
[cot:thought] Starting the measurement-science post as worker 1. I'll read the production rules and existing patterns, then ship in short committed phases.
[cot:tool] start read E:\AI Projects\data-insights-blog-worktrees\worker-1\.cursor\rules\autonomous-blog-production.mdc
[cot:tool] done read ?
[cot:tool] start shell $env:BLOG_REPO_ROOT='E:\AI Projects\data-insights-blog'; npx tsx "E:\AI Projects\data-insights-blog\scripts\update-agent-job.mjs" --job job-ms9zh4p7-55g5y --status researching --activity "Phase 1: reading patterns + researching measurement-science data"
[cot:tool] start grep E:\AI Projects\data-insights-blog-worktrees\worker-1\src
[cot:tool] start glob
[cot:tool] done grep E:\AI Projects\data-insights-blog-worktrees\worker-1\src
[cot:tool] done glob
[cot:tool] done shell $env:BLOG_REPO_ROOT='E:\AI Projects\data-insights-blog'; npx tsx "E:\AI Projects\data-insights-blog\scripts\update-agent-job.mjs" --job job-ms9zh4p7-55g5y --status researching --activity "Phase 1: reading patterns + researching measurement-science data"
[cot:thought] I am locating the autonomous blog production rules and reviewing an existing similar post for patterns.
[cot:tool] start glob
[cot:tool] done glob
[cot:tool] start read E:\AI Projects\data-insights-blog-worktrees\worker-1\src\data\theme-registry.ts
[cot:tool] done read E:\AI Projects\data-insights-blog-worktrees\worker-1\src\data\theme-registry.ts
[cot:tool] start grep E:\AI Projects\data-insights-blog-worktrees\worker-1\src\types\post.ts
[cot:tool] start shell Get-ChildItem src\data\*-data.ts | Select-Object -First 8 Name; Get-ChildItem src\components\visualizations\*.tsx | Select-Object -First 8 Name; Get-ChildItem scripts\qa-*.mjs | Select-Object -First 5 Name
[cot:tool] done grep E:\AI Projects\data-insights-blog-worktrees\worker-1\src\types\post.ts
[cot:tool] done shell Get-ChildItem src\data\*-data.ts | Select-Object -First 8 Name; Get-ChildItem src\components\visualizations\*.tsx | Select-Object -First 8 Name; Get-ChildItem scripts\qa-*.mjs | Select-Object -First 5 Name
[cot:thought] Get-ChildItem likely returned empty due to path issues.
[cot:tool] start glob
[cot:tool] start glob
[cot:tool] start glob
[cot:tool] done glob
[cot:tool] start grep E:\AI Projects\data-insights-blog-worktrees\worker-1\src
[cot:tool] start glob
[cot:tool] done glob
[cot:tool] done glob
[cot:tool] done grep E:\AI Projects\data-insights-blog-worktrees\worker-1\src
[cot:tool] done glob
[cot:thought] An existing NIH disease funding post covers measurement science. This may overlap with the current topic.
[cot:thought] The theme targets
[cot:thought] R&D funding concentration and scientific publication patterns by country. I will examine recent research posts and visualization registration patterns for structural guidance.
[cot:thought] Reviewing a recent post's data module, dashboard wireup, and registration pattern.
[cot:tool] start read E:\AI Projects\data-insights-blog-worktrees\worker-1\src\data\fiscal-plumbing-research-2026-data.ts
[cot:tool] done read E:\AI Projects\data-insights-blog-worktrees\worker-1\src\data\fiscal-plumbing-research-2026-data.ts
[cot:tool] start grep E:\AI Projects\data-insights-blog-worktrees\worker-1\src
[cot:tool] done grep E:\AI Projects\data-insights-blog-worktrees\worker-1\src
[cot:tool] start read E:\AI Projects\data-insights-blog-worktrees\worker-1\scripts\qa-fiscal-plumbing-research-2026.mjs
[cot:tool] start grep E:\AI Projects\data-insights-blog-worktrees\worker-1\src\data\posts.ts
[cot:tool] done read E:\AI Projects\data-insights-blog-worktrees\worker-1\scripts\qa-fiscal-plumbing-research-2026.mjs
[cot:tool] done grep E:\AI Projects\data-insights-blog-worktrees\worker-1\src\data\posts.ts
[cot:thought] Reviewing PostVisualization registration and dashboard examples with streamgraphs and bump charts. OECD R&D and publication concentration data will anchor the visualization.
[cot:thought] The post will examine
[cot:thought] whether research progress is becoming concentrated. Key data angles include global R&D spending by country, scientific publication shares, top funding agency concentration, and citation metrics. Streamgraphs and bump charts will visualize these trends.
[cot:tool] start grep E:\AI Projects\data-insights-blog-worktrees\worker-1\src
[cot:tool] done grep E:\AI Projects\data-insights-blog-worktrees\worker-1\src
[cot:tool] start read E:\AI Projects\data-insights-blog-worktrees\worker-1\src\components\visualizations\FiscalPlumbingResearchDashboard.tsx
[cot:tool] start grep E:\AI Projects\data-insights-blog-worktrees\worker-1\package.json
[cot:tool] start read E:\AI Projects\data-insights-blog-worktrees\worker-1\src\data\posts.ts
[cot:tool] done read E:\AI Projects\data-insights-blog-worktrees\worker-1\src\components\visualizations\FiscalPlumbingResearchDashboard.tsx
[cot:tool] done grep E:\AI Projects\data-insights-blog-worktrees\worker-1\package.json
[cot:tool] done read E:\AI Projects\data-insights-blog-worktrees\worker-1\src\data\posts.ts
[cot:thought] `npm run deploy` performs local builds and smoke tests, not Firebase deployment.
[cot:thought] The theme asks where
[cot:thought] progress is funded and published. I will use OECD GERD and publication shares. I am checking for existing streamgraph dashboards and smoke-test marker patterns.
[cot:tool] start read E:\AI Projects\data-insights-blog-worktrees\worker-1\src\types\post.ts
[cot:tool] start read E:\AI Projects\data-insights-blog-worktrees\worker-1\src\components\PostVisualization.tsx
[cot:tool] start grep E:\AI Projects\data-insights-blog-worktrees\worker-1\scripts\smoke-test-viz-posts.mjs
[cot:tool] start read E:\AI Projects\data-insights-blog-worktrees\worker-1\src\data\oecd-dac-oda-data.ts
[cot:agent] interaction_query/request
[cot:agent] interaction_query/response
[cot:agent] connection/reconnecting
[2026-08-01 02:39:58] WARN: transport blip cliAttempt=1 (raw=) elapsed=0s
[cot:agent] retry/starting
[cot:agent] retry/resuming
[cot:agent] connection/reconnected
[2026-08-01 02:39:58] WARN: transport blip cliAttempt=1 (raw=) elapsed=0s
[cot:thought] `npm run deploy` performs a local build and smoke tests. It does not trigger Firebase hosting.
[cot:thought] The post will examine
[cot:thought] R&D funding and publication concentration across major economies. I will review the visualization registration pattern and types. I will check for existing NIH disease funding posts to avoid duplication. I will use OECD MSTI GERD and UNESCO/NSF science indicators.
[cot:thought] Streamgraphs and bump
[cot:thought] charts will anchor the visual lane. Nature Index and Scopus data will cover publication concentration and top funders. A shorter research dashboard will guide the structural layout.
[cot:tool] start read E:\AI Projects\data-insights-blog-worktrees\worker-1\src\types\post.ts
[cot:tool] start read E:\AI Projects\data-insights-blog-worktrees\worker-1\src\components\PostVisualization.tsx
[cot:tool] done read E:\AI Projects\data-insights-blog-worktrees\worker-1\src\types\post.ts
[cot:tool] done read E:\AI Projects\data-insights-blog-worktrees\worker-1\src\components\PostVisualization.tsx
[cot:tool] start read E:\AI Projects\data-insights-blog-worktrees\worker-1\src\data\oecd-dac-oda-data.ts
[cot:tool] start grep E:\AI Projects\data-insights-blog-worktrees\worker-1\scripts\smoke-test-viz-posts.mjs
[cot:agent] interaction_query/request
[cot:agent] interaction_query/response
[cot:tool] done read E:\AI Projects\data-insights-blog-worktrees\worker-1\src\data\oecd-dac-oda-data.ts
[cot:tool] done grep E:\AI Projects\data-insights-blog-worktrees\worker-1\scripts\smoke-test-viz-posts.mjs
[cot:tool] start webSearch
[cot:tool] done webSearch
[cot:thought] Good data was found from WIPO and NSF. Fetching publication
[cot:thought] share data next, then building the data module.
[cot:tool] start webFetch
[cot:agent] interaction_query/request
[cot:agent] interaction_query/response
[cot:agent] interaction_query/request
[cot:agent] interaction_query/response
[cot:tool] start webSearch
[cot:tool] start read E:\AI Projects\data-insights-blog-worktrees\worker-1\src\components\PostVisualization.tsx
