[2026-08-20 23:13:21] [cot:system] session model=Auto cwd=C:\Users\ether\AppData\Local\data-insights-blog-workers\worker-1
[2026-08-20 23:13:21] [cot:user] You are a blog production WORKER in a parallel multi-agent system. ## Identity - Worker ID: 1 - Job ID: job-mt2d0q41-pf0fd - Assigned slug: ai-capex-intensity-concentration-2026 - Theme ID: ai-capex-iΓÇª
[2026-08-20 23:13:21] [cot:thought] I am starting the blog post on AI capex intensity concentration. Reviewing the production
[2026-08-20 23:13:21] [cot:thought] rules and workspace state before building the post.I'll start by checking conveyor sync status, reading the production rules, and marking the job as researching.
[2026-08-20 23:13:21] [cot:tool] start read C:\Users\ether\AppData\Local\data-insights-blog-workers\worker-1\artifacts\conveyor-sync.json
[2026-08-20 23:13:22] [cot:tool] start read C:\Users\ether\AppData\Local\data-insights-blog-workers\worker-1\.cursor\rules\autonomous-blog-production.mdc
[2026-08-20 23:13:22] [cot:tool] start shell $env:BLOG_REPO_ROOT='E:\AI Projects\data-insights-blog'; npx tsx 'E:\AI Projects\data-insights-blog/scripts/update-agent-job.mjs' --job job-mt2d0q41-pf0fd --status researching --activity 'Phase 1: surveying patterns and drafting data module'; git status -sb; git branch --show-current; ls src/data/*capex* 2>$null; ls src/components/visualizations/*capex* 2>$null
[2026-08-20 23:13:22] [cot:tool] done read ?
[2026-08-20 23:13:22] [cot:tool] done read ?
[2026-08-20 23:13:22] [cot:tool] done shell $env:BLOG_REPO_ROOT='E:\AI Projects\data-insights-blog'; npx tsx 'E:\AI Projects\data-insights-blog/scripts/update-agent-job.mjs' --job job-mt2d0q41-pf0fd --status researching --activity 'Phase 1: surveying patterns and drafting data module'; git status -sb; git branch --show-current; ls src/data/*capex* 2>$null; ls src/components/visualizations/*capex* 2>$null
[2026-08-20 23:13:22] [cot:thought] Conveyor sync is absent, so no pause is needed. Reviewing existing
[2026-08-20 23:13:22] [cot:thought] capex intensity posts for structural patterns, particularly concentration-focused pieces.
[2026-08-20 23:13:22] [cot:thought] Surveying a recent concentration post and registration patterns to mirror structure.
[2026-08-20 23:13:22] [cot:tool] start glob
[2026-08-20 23:13:22] [cot:tool] done glob
[2026-08-20 23:13:22] [cot:tool] start read C:\Users\ether\AppData\Local\data-insights-blog-workers\worker-1\src\data\ai-capex-intensity-update-202608-data.ts
[2026-08-20 23:13:22] [cot:tool] done read C:\Users\ether\AppData\Local\data-insights-blog-workers\worker-1\src\data\ai-capex-intensity-update-202608-data.ts
[2026-08-20 23:13:22] [cot:tool] start grep C:\Users\ether\AppData\Local\data-insights-blog-workers\worker-1\src
[2026-08-20 23:13:23] [cot:tool] done grep C:\Users\ether\AppData\Local\data-insights-blog-workers\worker-1\src
[2026-08-20 23:13:23] [cot:tool] start grep C:\Users\ether\AppData\Local\data-insights-blog-workers\worker-1\src
[2026-08-20 23:13:23] [cot:tool] done grep C:\Users\ether\AppData\Local\data-insights-blog-workers\worker-1\src
[2026-08-20 23:13:23] [cot:thought] The post will focus on capex intensity concentration rather than absolute spend. It will cover Top-1 and Top-3 share of intensity, reinvestment ratios, and sustainability metrics.
[2026-08-20 23:13:23] [cot:thought] Reviewing the spend concentration dashboard and latest intensity data to gather numbers.
[2026-08-20 23:13:23] [cot:thought] Using the spend-concentration pattern for an intensity-concentration post. Reading those templates and the latest intensity numbers.
[2026-08-20 23:13:23] [cot:tool] start read C:\Users\ether\AppData\Local\data-insights-blog-workers\worker-1\src\data\ai-capex-spend-concentration-2026-data.ts
[2026-08-20 23:13:23] [cot:tool] done read C:\Users\ether\AppData\Local\data-insights-blog-workers\worker-1\src\data\ai-capex-spend-concentration-2026-data.ts
[2026-08-20 23:13:23] [cot:tool] start read C:\Users\ether\AppData\Local\data-insights-blog-workers\worker-1\src\data\ai-capex-intensity-update-202608-data.ts
[2026-08-20 23:13:23] [cot:tool] done read C:\Users\ether\AppData\Local\data-insights-blog-workers\worker-1\src\data\ai-capex-intensity-update-202608-data.ts
[2026-08-20 23:13:23] [cot:tool] start read C:\Users\ether\AppData\Local\data-insights-blog-workers\worker-1\src\components\visualizations\AiCapexSpendConcentrationDashboard.tsx
[2026-08-20 23:13:23] [cot:tool] start grep C:\Users\ether\AppData\Local\data-insights-blog-workers\worker-1\scripts
[2026-08-20 23:13:23] [cot:tool] done read C:\Users\ether\AppData\Local\data-insights-blog-workers\worker-1\src\components\visualizations\AiCapexSpendConcentrationDashboard.tsx
[2026-08-20 23:13:23] [cot:tool] done grep C:\Users\ether\AppData\Local\data-insights-blog-workers\worker-1\scripts
[2026-08-20 23:13:23] [cot:thought] I have a clear plan for the intensity concentration post. Three metrics are
[2026-08-20 23:13:23] [cot:thought] being weighed for intensity concentration: excess intensity above the telecom norm, ranked intensity ladders, and revenue-weighted intensity. The late-August data is being reviewed to pick the best approach.
[2026-08-20 23:13:23] [cot:thought] The late-August data
[2026-08-20 23:13:23] [cot:thought] shows Oracle leads intensity at 43.5%, followed by Meta at 40.5%. The top three names account for 69% of total intensity.
[2026-08-20 23:13:23] [cot:thought] Excess intensity above the pre-AI cloud norm reaches 73.5% across the top three. Revenue-weighted Big-4 concentration is 27.8%.
[2026-08-20 23:13:23] [cot:thought] A six-panel dashboard
[2026-08-20 23:13:23] [cot:thought] is being designed. It will feature a ranked intensity ladder with cumulative share, a Lorenz-style concentration curve, an FCF-sustainability scatter, a multi-year path for top-one and top-three intensity share, and an excess-intensity pie chart. A vintage-year filter and metric-mode selector will let readers toggle between raw, excess, and revenue-weighted views.
[2026-08-20 23:13:23] [cot:thought] Building the data module for intensity concentration (phase 1).
[2026-08-20 23:13:23] [cot:tool] start read C:\Users\ether\AppData\Local\data-insights-blog-workers\worker-1\src\data\ai-capex-spend-concentration-2026-data.ts
[2026-08-20 23:13:23] [cot:tool] done read C:\Users\ether\AppData\Local\data-insights-blog-workers\worker-1\src\data\ai-capex-spend-concentration-2026-data.ts
[2026-08-20 23:13:23] [cot:tool] start read C:\Users\ether\AppData\Local\data-insights-blog-workers\worker-1\src\data\ai-capex-intensity-update-202608-data.ts
[2026-08-20 23:13:24] [cot:tool] done read C:\Users\ether\AppData\Local\data-insights-blog-workers\worker-1\src\data\ai-capex-intensity-update-202608-data.ts
[2026-08-20 23:13:24] [cot:tool] start read C:\Users\ether\AppData\Local\data-insights-blog-workers\worker-1\scripts\qa-ai-capex-spend-concentration-2026.mjs
[2026-08-20 23:13:24] [cot:tool] start grep C:\Users\ether\AppData\Local\data-insights-blog-workers\worker-1\scripts\smoke-test-viz-posts.mjs
[2026-08-20 23:13:24] [cot:tool] done read C:\Users\ether\AppData\Local\data-insights-blog-workers\worker-1\scripts\qa-ai-capex-spend-concentration-2026.mjs
[2026-08-20 23:13:24] [cot:tool] done grep C:\Users\ether\AppData\Local\data-insights-blog-workers\worker-1\scripts\smoke-test-viz-posts.mjs
[2026-08-20 23:13:24] [cot:thought] Creating a data module for intensity concentration metrics. Computing exact late-August
[2026-08-20 23:13:24] [cot:thought] intensity concentration metrics. Oracle leads at roughly 26.7%. Top-three share reaches 68.9%.
[2026-08-20 23:13:24] [cot:thought] HHI calculates to approximately 2116. Comparing this against the pre-AI cloud baseline.
[2026-08-20 23:13:24] [cot:thought] Pre-AI cloud metrics
[2026-08-20 23:13:24] [cot:thought] show Oracle at 32.5%, Meta at 29.5%, Alphabet at 17.3%, Microsoft at 15.8%, and Amazon at 12.8%. Top-three share reaches 73.5%.
[2026-08-20 23:13:24] [cot:thought] Revenue-weighted aggregate intensity is 28.5%. Amazon contributes 33.8% of aggregate reinvestment dollars. Alphabet contributes 24.6%. Meta contributes 18.2%. Microsoft contributes 16.3%. Oracle contributes 7.1%.
[2026-08-20 23:13:24] [cot:thought] The headline angle
[2026-08-20 23:13:24] [cot:thought] centers on intensity-rank concentration rather than dollar spend. Oracle and Meta lead the intensity distribution while Amazon dominates reinvestment dollars.
[2026-08-20 23:13:24] [cot:thought] Historical FY24 intensity ranks were Meta 22.8, Microsoft 18.1, Google 14.9, Amazon 13.0, and Oracle 13.0.
[2026-08-20 23:13:24] [cot:thought] Historical intensity
[2026-08-20 23:13:24] [cot:thought] trends show a clear upward trajectory. FY24 top-one share was 27.9%. FY25 reached 28.5%. H1 2026 was 27.2%. Q3 2026 was 27.3%.
[2026-08-20 23:13:24] [cot:thought] August 2026 is 26.7%. A stretch threshold is set at 35% intensity combined with free cash flow below 15%.
[2026-08-20 23:13:24] [cot:tool] start edit C:\Users\ether\AppData\Local\data-insights-blog-workers\worker-1\src\data\ai-capex-intensity-concentration-2026-data.ts
[2026-08-20 23:13:24] [cot:tool] done edit C:\Users\ether\AppData\Local\data-insights-blog-workers\worker-1\src\data\ai-capex-intensity-concentration-2026-data.ts
[2026-08-20 23:13:24] [cot:thought] Committing phase 1 and starting the dashboard build.
[2026-08-20 23:13:24] [cot:tool] start shell git add -A; git commit --trailer "Co-authored-by: Cursor <cursoragent@cursor.com>" -m "wip(ai-capex-intensity-concentration-2026): data module"; $env:BLOG_REPO_ROOT='E:\AI Projects\data-insights-blog'; npx tsx 'E:\AI Projects\data-insights-blog/scripts/update-agent-job.mjs' --job job-mt2d0q41-pf0fd --status building --activity 'Phase 2: building concentration dashboard'
[2026-08-20 23:13:24] [cot:tool] done shell git add -A; git commit --trailer "Co-authored-by: Cursor <cursoragent@cursor.com>" -m "wip(ai-capex-intensity-concentration-2026): data module"; $env:BLOG_REPO_ROOT='E:\AI Projects\data-insights-blog'; npx tsx 'E:\AI Projects\data-insights-blog/scripts/update-agent-job.mjs' --job job-mt2d0q41-pf0fd --status building --activity 'Phase 2: building concentration dashboard'
[2026-08-20 23:13:24] [cot:thought] The dashboard will follow the spend concentration layout but feature intensity-specific views.
[2026-08-20 23:13:24] [cot:thought] Building the dashboard and wiring registration.
[2026-08-20 23:13:24] [cot:tool] start edit C:\Users\ether\AppData\Local\data-insights-blog-workers\worker-1\src\components\visualizations\AiCapexIntensityConcentrationDashboard.tsx
[2026-08-20 23:13:24] [cot:tool] done edit C:\Users\ether\AppData\Local\data-insights-blog-workers\worker-1\src\components\visualizations\AiCapexIntensityConcentrationDashboard.tsx
[2026-08-20 23:13:24] [cot:thought] Registering the new post in post.ts and PostVisualization. Updating theme-registry
[2026-08-20 23:13:24] [cot:thought] and TSX files.
[2026-08-20 23:13:24] [cot:tool] start read C:\Users\ether\AppData\Local\data-insights-blog-workers\worker-1\src\types\post.ts
[2026-08-20 23:13:24] [cot:tool] done read C:\Users\ether\AppData\Local\data-insights-blog-workers\worker-1\src\types\post.ts
[2026-08-20 23:13:24] [cot:tool] start read C:\Users\ether\AppData\Local\data-insights-blog-workers\worker-1\src\components\PostVisualization.tsx
[2026-08-20 23:13:25] [cot:tool] done read C:\Users\ether\AppData\Local\data-insights-blog-workers\worker-1\src\components\PostVisualization.tsx
[2026-08-20 23:13:25] [cot:tool] start read C:\Users\ether\AppData\Local\data-insights-blog-workers\worker-1\src\components\PostVisualization.tsx
[2026-08-20 23:13:25] [cot:tool] start read C:\Users\ether\AppData\Local\data-insights-blog-workers\worker-1\src\data\theme-registry.ts
[2026-08-20 23:13:25] [cot:tool] done read C:\Users\ether\AppData\Local\data-insights-blog-workers\worker-1\src\components\PostVisualization.tsx
[2026-08-20 23:13:25] [cot:tool] done read C:\Users\ether\AppData\Local\data-insights-blog-workers\worker-1\src\data\theme-registry.ts
[2026-08-20 23:13:25] [cot:thought] The next step is adding the visualization type and wiring it up. Checking the end of
[2026-08-20 23:13:25] [cot:thought] PostVisualization to find the right place for the new if branch.
[2026-08-20 23:13:25] [cot:tool] start edit C:\Users\ether\AppData\Local\data-insights-blog-workers\worker-1\src\types\post.ts
[2026-08-20 23:13:25] [cot:tool] done edit C:\Users\ether\AppData\Local\data-insights-blog-workers\worker-1\src\types\post.ts
[2026-08-20 23:13:25] [cot:tool] start edit C:\Users\ether\AppData\Local\data-insights-blog-workers\worker-1\src\data\theme-registry.ts
[2026-08-20 23:13:25] [cot:tool] done edit C:\Users\ether\AppData\Local\data-insights-blog-workers\worker-1\src\data\theme-registry.ts
[2026-08-20 23:13:25] [cot:tool] start edit C:\Users\ether\AppData\Local\data-insights-blog-workers\worker-1\src\components\PostVisualization.tsx
[2026-08-20 23:13:25] [cot:tool] done edit C:\Users\ether\AppData\Local\data-insights-blog-workers\worker-1\src\components\PostVisualization.tsx
[2026-08-20 23:13:25] [cot:tool] start edit C:\Users\ether\AppData\Local\data-insights-blog-workers\worker-1\src\components\PostVisualization.tsx
[2026-08-20 23:13:25] [cot:tool] done edit C:\Users\ether\AppData\Local\data-insights-blog-workers\worker-1\src\components\PostVisualization.tsx
[2026-08-20 23:13:25] [cot:tool] start read C:\Users\ether\AppData\Local\data-insights-blog-workers\worker-1\src\data\posts.ts
[2026-08-20 23:13:25] [cot:tool] done read C:\Users\ether\AppData\Local\data-insights-blog-workers\worker-1\src\data\posts.ts
[2026-08-20 23:13:25] [cot:tool] start grep C:\Users\ether\AppData\Local\data-insights-blog-workers\worker-1\artifacts\backend-manifest.json
[2026-08-20 23:13:25] [cot:tool] start read C:\Users\ether\AppData\Local\data-insights-blog-workers\worker-1\scripts\smoke-test-viz-posts.mjs
[2026-08-20 23:13:26] [cot:tool] done grep C:\Users\ether\AppData\Local\data-insights-blog-workers\worker-1\artifacts\backend-manifest.json
[2026-08-20 23:13:26] [cot:tool] done read C:\Users\ether\AppData\Local\data-insights-blog-workers\worker-1\scripts\smoke-test-viz-posts.mjs
[2026-08-20 23:13:26] [cot:thought] Committing the dashboard and registration files. Then creating the posts.ts entry and hero image.
[2026-08-20 23:13:26] [cot:thought] Verifying HEADLINE
[2026-08-20 23:13:26] [cot:thought] numbers with a quick Node script.
[2026-08-20 23:13:26] [cot:tool] start shell npx tsx -e "import { HEADLINE, SHARE_LADDER_AUG20, concentrationMetrics } from './src/data/ai-capex-intensity-concentration-2026-data.ts'; console.log(JSON.stringify({HEADLINE, ladder: SHARE_LADDER_AUG20.map(r=>({c:r.company,i:r.intensityPct,s:r.sharePct,cum:r.cumulativeSharePct})), path: concentrationMetrics('aug-20')}, null, 2))"
[2026-08-20 23:13:26] [cot:tool] start shell git add -A; git commit --trailer "Co-authored-by: Cursor <cursoragent@cursor.com>" -m "wip(ai-capex-intensity-concentration-2026): dashboard + viz wireup"; $env:BLOG_REPO_ROOT='E:\AI Projects\data-insights-blog'; npx tsx 'E:\AI Projects\data-insights-blog/scripts/update-agent-job.mjs' --job job-mt2d0q41-pf0fd --status building --activity 'Phase 3: writing post prose and generating hero'
[2026-08-20 23:13:26] [cot:tool] done shell git add -A; git commit --trailer "Co-authored-by: Cursor <cursoragent@cursor.com>" -m "wip(ai-capex-intensity-concentration-2026): dashboard + viz wireup"; $env:BLOG_REPO_ROOT='E:\AI Projects\data-insights-blog'; npx tsx 'E:\AI Projects\data-insights-blog/scripts/update-agent-job.mjs' --job job-mt2d0q41-pf0fd --status building --activity 'Phase 3: writing post prose and generating hero'
[2026-08-20 23:13:26] [cot:tool] done shell npx tsx -e "import { HEADLINE, SHARE_LADDER_AUG20, concentrationMetrics } from './src/data/ai-capex-intensity-concentration-2026-data.ts'; console.log(JSON.stringify({HEADLINE, ladder: SHARE_LADDER_AUG20.map(r=>({c:r.company,i:r.intensityPct,s:r.sharePct,cum:r.cumulativeSharePct})), path: concentrationMetrics('aug-20')}, null, 2))"
[2026-08-20 23:13:26] [cot:thought] The share ladder incorrectly sorts by intensity rather than dollar value when mode is capex-dollars.
[2026-08-20 23:13:26] [cot:thought] Oracle appears first despite Amazon having the highest dollar exposure. The top label incorrectly
[2026-08-20 23:13:26] [cot:thought] shows Oracle at 7.1%. The share ladder must sort by the selected mode's weight metric instead of intensity.
[2026-08-20 23:13:26] [cot:thought] Fixing dollar-share ranking (it was still sorted by intensity) and drafting the post plus hero.
[2026-08-20 23:13:26] [cot:tool] start edit C:\Users\ether\AppData\Local\data-insights-blog-workers\worker-1\src\data\ai-capex-intensity-concentration-2026-data.ts
[2026-08-20 23:13:26] [cot:tool] start generateImage
[2026-08-20 23:13:26] [cot:tool] start read C:\Users\ether\AppData\Local\data-insights-blog-workers\worker-1\artifacts\backend-manifest.json
[2026-08-20 23:13:26] [cot:tool] done read C:\Users\ether\AppData\Local\data-insights-blog-workers\worker-1\artifacts\backend-manifest.json
[2026-08-20 23:13:26] [cot:tool] done edit C:\Users\ether\AppData\Local\data-insights-blog-workers\worker-1\src\data\ai-capex-intensity-concentration-2026-data.ts
[2026-08-20 23:13:26] [cot:tool] done generateImage
[2026-08-20 23:13:26] [cot:thought] The hero image needs to be copied to the public/images directory. The image was saved
[2026-08-20 23:13:26] [cot:thought] to a different path. I will copy it, verify the dollar metrics, and then write the post.
[2026-08-20 23:13:26] [cot:tool] start shell Copy-Item "C:\Users\ether\.cursor\projects\C-Users-ether-AppData-Local-data-insights-blog-workers-worker-1\assets\capital-markets-ai-capex-intensity-concentration-2026-hero.png" -Destination "C:\Users\ether\AppData\Local\data-insights-blog-workers\worker-1\public\images\capital-markets-ai-capex-intensity-concentration-2026-hero.png" -Force; npx tsx -e "import { HEADLINE } from './src/data/ai-capex-intensity-concentration-2026-data.ts'; console.log(HEADLINE.dollarTop1Label, HEADLINE.dollarTop1SharePct, HEADLINE.dollarTop3SharePct, HEADLINE.top1SharePct)"
[2026-08-20 23:13:26] [cot:tool] start shell (Get-Item "C:\Users\ether\AppData\Local\data-insights-blog-workers\worker-1\public\images\capital-markets-ai-capex-intensity-concentration-2026-hero.png").Length; (Get-Item "C:\Users\ether\AppData\Local\data-insights-blog-workers\worker-1\public\images\capital-markets-ai-capex-intensity-concentration-2026-hero.png").FullName
[2026-08-20 23:13:26] [cot:tool] done shell (Get-Item "C:\Users\ether\AppData\Local\data-insights-blog-workers\worker-1\public\images\capital-markets-ai-capex-intensity-concentration-2026-hero.png").Length; (Get-Item "C:\Users\ether\AppData\Local\data-insights-blog-workers\worker-1\public\images\capital-markets-ai-capex-intensity-concentration-2026-hero.png").FullName
[2026-08-20 23:13:26] [cot:tool] done shell Copy-Item "C:\Users\ether\.cursor\projects\C-Users-ether-AppData-Local-data-insights-blog-workers-worker-1\assets\capital-markets-ai-capex-intensity-concentration-2026-hero.png" -Destination "C:\Users\ether\AppData\Local\data-insights-blog-workers\worker-1\public\images\capital-markets-ai-capex-intensity-concentration-2026-hero.png" -Force; npx tsx -e "import { HEADLINE } from './src/data/ai-capex-intensity-concentration-2026-data.ts'; console.log(HEADLINE.dollarTop1Label, HEADLINE.dollarTop1SharePct, HEADLINE.dollarTop3SharePct, HEADLINE.top1SharePct)"
[2026-08-20 23:13:26] [cot:thought] The copy operation likely failed due to an incorrect source path or a missing public/images directory.
[2026-08-20 23:13:26] [cot:tool] start shell Test-Path "C:\Users\ether\.cursor\projects\C-Users-ether-AppData-Local-data-insights-blog-workers-worker-1\assets\capital-markets-ai-capex-intensity-concentration-2026-hero.png"; Test-Path "C:\Users\ether\AppData\Local\data-insights-blog-workers\worker-1\public\images"; Get-ChildItem "C:\Users\ether\.cursor\projects\C-Users-ether-AppData-Local-data-insights-blog-workers-worker-1\assets\*capex-intensity-concentration*" -ErrorAction SilentlyContinue; Get-ChildItem "C:\Users\ether\AppData\Local\data-insights-blog-workers\worker-1\public\images\*capex-intensity*" | Select-Object -First 5 Name
[2026-08-20 23:13:26] [cot:tool] done shell Test-Path "C:\Users\ether\.cursor\projects\C-Users-ether-AppData-Local-data-insights-blog-workers-worker-1\assets\capital-markets-ai-capex-intensity-concentration-2026-hero.png"; Test-Path "C:\Users\ether\AppData\Local\data-insights-blog-workers\worker-1\public\images"; Get-ChildItem "C:\Users\ether\.cursor\projects\C-Users-ether-AppData-Local-data-insights-blog-workers-worker-1\assets\*capex-intensity-concentration*" -ErrorAction SilentlyContinue; Get-ChildItem "C:\Users\ether\AppData\Local\data-insights-blog-workers\worker-1\public\images\*capex-intensity*" | Select-Object -First 5 Name
[2026-08-20 23:13:26] [cot:thought] The image file already exists in public/images. The earlier Get-Item
[2026-08-20 23:13:26] [cot:thought] failure likely came from a race condition. Verifying the image size and writing the post.
[2026-08-20 23:13:26] [cot:tool] start shell (Get-Item "C:\Users\ether\AppData\Local\data-insights-blog-workers\worker-1\public\images\capital-markets-ai-capex-intensity-concentration-2026-hero.png").Length
[2026-08-20 23:13:27] [cot:tool] start edit C:\Users\ether\AppData\Local\data-insights-blog-workers\worker-1\src\data\posts.ts
[2026-08-20 23:13:27] [cot:tool] done shell (Get-Item "C:\Users\ether\AppData\Local\data-insights-blog-workers\worker-1\public\images\capital-markets-ai-capex-intensity-concentration-2026-hero.png").Length
[2026-08-20 23:13:27] [cot:tool] done edit C:\Users\ether\AppData\Local\data-insights-blog-workers\worker-1\src\data\posts.ts
[2026-08-20 23:13:27] [cot:thought] The hero section and post content are complete. Fixing dashboard copy
[2026-08-20 23:13:27] [cot:thought] and rounding issues. The Amazon share percentage is now correct. Cumulative share will be capped at 100%. Unused variables will be removed. Backend manifest updates are next.
[2026-08-20 23:13:27] [cot:thought] Writing the QA script and smoke marker. Updating the manifest and committing phase 3.1.
[2026-08-20 23:13:27] [cot:thought] Updating the manifest, adding the QA script and smoke marker, and fixing rounding.
[2026-08-20 23:13:27] [cot:tool] start edit C:\Users\ether\AppData\Local\data-insights-blog-workers\worker-1\src\data\ai-capex-intensity-concentration-2026-data.ts
[2026-08-20 23:13:27] [cot:tool] done edit C:\Users\ether\AppData\Local\data-insights-blog-workers\worker-1\src\data\ai-capex-intensity-concentration-2026-data.ts
[2026-08-20 23:13:27] [cot:tool] start edit C:\Users\ether\AppData\Local\data-insights-blog-workers\worker-1\src\data\ai-capex-intensity-concentration-2026-data.ts
[2026-08-20 23:13:27] [cot:tool] done edit C:\Users\ether\AppData\Local\data-insights-blog-workers\worker-1\src\data\ai-capex-intensity-concentration-2026-data.ts
[2026-08-20 23:13:27] [cot:tool] start edit C:\Users\ether\AppData\Local\data-insights-blog-workers\worker-1\artifacts\backend-manifest.json
[2026-08-20 23:13:27] [cot:tool] done edit C:\Users\ether\AppData\Local\data-insights-blog-workers\worker-1\artifacts\backend-manifest.json
[2026-08-20 23:13:27] [cot:tool] start edit C:\Users\ether\AppData\Local\data-insights-blog-workers\worker-1\scripts\qa-ai-capex-intensity-concentration-2026.mjs
[2026-08-20 23:13:27] [cot:tool] start edit C:\Users\ether\AppData\Local\data-insights-blog-workers\worker-1\scripts\smoke-test-viz-posts.mjs
[2026-08-20 23:13:27] [cot:tool] done edit C:\Users\ether\AppData\Local\data-insights-blog-workers\worker-1\scripts\qa-ai-capex-intensity-concentration-2026.mjs
[2026-08-20 23:13:27] [cot:tool] done edit C:\Users\ether\AppData\Local\data-insights-blog-workers\worker-1\scripts\smoke-test-viz-posts.mjs
[2026-08-20 23:13:27] [cot:thought] Checking package.json for QA script wiring and verifying the post word count. Verifying the data
[2026-08-20 23:13:27] [cot:thought] file for a broken `rankedByIntensity` reference.
[2026-08-20 23:13:27] [cot:tool] start grep C:\Users\ether\AppData\Local\data-insights-blog-workers\worker-1\package.json
[2026-08-20 23:13:27] [cot:tool] start shell npx tsx -e "
[2026-08-20 23:13:27] [cot:tool] done grep C:\Users\ether\AppData\Local\data-insights-blog-workers\worker-1\package.json
[2026-08-20 23:13:27] [cot:tool] done shell npx tsx -e "
[2026-08-20 23:13:27] [cot:thought] The word count script likely failed silently due to how it was chained. posts.ts shows massive
[2026-08-20 23:13:27] [cot:thought] insertions and deletions, likely from line ending changes. The QA commit was empty because QA was already present in the previous commit.
[2026-08-20 23:13:27] [cot:thought] Now verifying word count and running npm deploy with ports.Running local deploy with isolated ports and verifying word count.
[2026-08-20 23:13:27] [cot:tool] start shell npx tsx -e "import { samplePosts } from './src/data/posts.ts'; const p = samplePosts.find(x => x.slug === 'ai-capex-intensity-concentration-2026'); const words = p.content.trim().split(/\s+/).length; const h2 = (p.content.match(/^## /gm) || []).length; const links = (p.content.match(/\]\(\/blog\//g) || []).length; console.log(JSON.stringify({ words, h2, links }));"; $env:BLOG_REPO_ROOT='E:\AI Projects\data-insights-blog'; npx tsx 'E:\AI Projects\data-insights-blog/scripts/update-agent-job.mjs' --job job-mt2d0q41-pf0fd --status qa --activity 'Running npm run deploy on ports 4180/4181'
[2026-08-20 23:13:28] [cot:tool] start shell $env:SMOKE_PORT='4180'; $env:SMOKE_QA_PORT='4181'; npm run deploy
[2026-08-20 23:13:28] [cot:tool] done shell npx tsx -e "import { samplePosts } from './src/data/posts.ts'; const p = samplePosts.find(x => x.slug === 'ai-capex-intensity-concentration-2026'); const words = p.content.trim().split(/\s+/).length; const h2 = (p.content.match(/^## /gm) || []).length; const links = (p.content.match(/\]\(\/blog\//g) || []).length; console.log(JSON.stringify({ words, h2, links }));"; $env:BLOG_REPO_ROOT='E:\AI Projects\data-insights-blog'; npx tsx 'E:\AI Projects\data-insights-blog/scripts/update-agent-job.mjs' --job job-mt2d0q41-pf0fd --status qa --activity 'Running npm run deploy on ports 4180/4181'
[2026-08-20 23:13:28] [cot:tool] done shell $env:SMOKE_PORT='4180'; $env:SMOKE_QA_PORT='4181'; npm run deploy
[2026-08-20 23:13:28] [cot:thought] Deployment passed. Running the QA script, committing changes, marking the job ready, and exiting.
[2026-08-20 23:13:28] [cot:thought] Deploy passed. Running dedicated QA, then final commit and marking the job ready.
[2026-08-20 23:13:28] [cot:tool] start shell $env:SMOKE_PORT='4180'; node scripts/qa-ai-capex-intensity-concentration-2026.mjs; Test-Path "out/blog/ai-capex-intensity-concentration-2026.html"; Test-Path "out/blog/ai-capex-intensity-concentration-2026/index.html"
[2026-08-20 23:13:28] [cot:tool] done shell $env:SMOKE_PORT='4180'; node scripts/qa-ai-capex-intensity-concentration-2026.mjs; Test-Path "out/blog/ai-capex-intensity-concentration-2026.html"; Test-Path "out/blog/ai-capex-intensity-concentration-2026/index.html"
[2026-08-20 23:13:28] [cot:thought] The sustainability chart title only appears after selecting the Sustainability view.
[2026-08-20 23:13:28] [cot:thought] The marker should
[2026-08-20 23:13:28] [cot:thought] be made permanently visible, or the Sustainability view selected before verifying it.
[2026-08-20 23:13:28] [cot:thought] Fixing QA markers ??? that title only appears after switching to the Sustainability view.
[2026-08-20 23:13:28] [cot:tool] start edit C:\Users\ether\AppData\Local\data-insights-blog-workers\worker-1\scripts\qa-ai-capex-intensity-concentration-2026.mjs
[2026-08-20 23:13:28] [cot:tool] done edit C:\Users\ether\AppData\Local\data-insights-blog-workers\worker-1\scripts\qa-ai-capex-intensity-concentration-2026.mjs
[2026-08-20 23:13:28] [cot:thought] Re-running QA before the final commit.
[2026-08-20 23:13:28] [cot:tool] start shell $env:SMOKE_PORT='4180'; node scripts/qa-ai-capex-intensity-concentration-2026.mjs
[2026-08-20 23:13:28] [cot:tool] done shell $env:SMOKE_PORT='4180'; node scripts/qa-ai-capex-intensity-concentration-2026.mjs
[2026-08-20 23:13:28] [cot:thought] The process is hanging during the auditVizInteractions step.
[2026-08-20 23:13:28] [cot:tool] start await
[2026-08-20 23:13:28] [cot:tool] done await
[2026-08-20 23:13:28] [cot:thought] QA passed. Proceeding to final commit and marking the job ready.
[2026-08-20 23:13:28] [cot:tool] start shell git add -A; git commit --trailer "Co-authored-by: Cursor <cursoragent@cursor.com>" -m "$(cat <<'EOF'
[2026-08-20 23:13:28] [cot:tool] done shell git add -A; git commit --trailer "Co-authored-by: Cursor <cursoragent@cursor.com>" -m "$(cat <<'EOF'
[2026-08-20 23:13:28] [cot:thought] PowerShell does not support heredocs. The commit message
[2026-08-20 23:13:28] [cot:thought] will use a simple `-m` flag instead of a heredoc.
[2026-08-20 23:13:28] [cot:tool] start shell git add -A; git commit --trailer "Co-authored-by: Cursor <cursoragent@cursor.com>" -m "feat(post): ai-capex-intensity-concentration-2026"; git status -sb; git log -5 --oneline; $env:BLOG_REPO_ROOT='E:\AI Projects\data-insights-blog'; npx tsx 'E:\AI Projects\data-insights-blog/scripts/update-agent-job.mjs' --job job-mt2d0q41-pf0fd --status ready --activity 'Ready for merge' --headline 'Top-1 intensity share 26.7% (Oracle 43.5%) ?? Top-3 69% ?? HHI ~2,121'
[2026-08-20 23:13:28] [cot:tool] done shell git add -A; git commit --trailer "Co-authored-by: Cursor <cursoragent@cursor.com>" -m "feat(post): ai-capex-intensity-concentration-2026"; git status -sb; git log -5 --oneline; $env:BLOG_REPO_ROOT='E:\AI Projects\data-insights-blog'; npx tsx 'E:\AI Projects\data-insights-blog/scripts/update-agent-job.mjs' --job job-mt2d0q41-pf0fd --status ready --activity 'Ready for merge' --headline 'Top-1 intensity share 26.7% (Oracle 43.5%) ?? Top-3 69% ?? HHI ~2,121'
[2026-08-20 23:13:28] [cot:thought] The data module commit hash changed from 92cf235 to 94c1bad, likely due to a rebase.
[2026-08-20 23:13:28] [cot:thought] Job is ready. Printing
[2026-08-20 23:13:28] [cot:thought] the WorkerReady line and exiting.WorkerReady: ai-capex-intensity-concentration-2026 | job=job-mt2d0q41-pf0fd | worker=1
[2026-08-20 23:13:28] [cot:thought] Shipped the intensity concentration post on `post/ai-capex-intensity-concentration-2026-w1`:
[2026-08-20 23:13:28] [cot:thought] - **Headline:** Top-1 intensity-sum share **26.7%** (Oracle at **43.5%** of revenue); Top-3 **69%**; HHI ~**2,121** ???
[2026-08-20 23:13:28] [cot:system] task_notification
[2026-08-20 23:13:29] [cot:thought] while dollar shares still crown Amazon (~**34%**) - **QA:** `npm run deploy` (ports 4180/4181) + dedicated QA script passed - **Job:** marked `ready`The QA script task is complete. I'll provide a brief update and check for any follow-up actions.
[2026-08-20 23:13:29] [cot:thought] The QA script passed
[2026-08-20 23:13:29] [cot:thought] successfully. No follow-up actions are required.Dedicated QA for `ai-capex-intensity-concentration-2026` passed (markers, view toggles, and viz interaction audit).
[2026-08-20 23:13:29] [cot:thought] The post is already committed and the job is marked ready.
[2026-08-20 23:13:29] [cot:system] result ok 889653ms ΓÇö I'll start by checking conveyor sync status, reading the production rules, and marking the job as researching.Surveying a recent concentration post and registration patterns to mirror structure.Using the spend-concentration pattern for an i
