[2026-07-31 13:27:23] Worker 4 starting job job-ms97t9mv-5vsqx (us-social-security-trust-fund-depletion-path-ms97t9mv) in E:\AI Projects\data-insights-blog-worktrees\worker-4 (branch post/us-social-security-trust-fund-depletion-path-ms97t9mv-w4)
[2026-07-31 13:27:23] Resetting worktree to 61022e9bc8eecd1b18c428f7b34d1860b123d517 then checkout post/us-social-security-trust-fund-depletion-path-ms97t9mv-w4
[2026-07-31 13:27:23] git: HEAD is now at 61022e9 merge(post): us-billion-dollar-weather-disasters-ms94skof from worker 3 (path-selective)
[2026-07-31 13:27:23] git: Removing scripts/bootstrap-worktrees.ps1
[2026-07-31 13:27:23] git: Removing scripts/claim-next-topics.mjs
[2026-07-31 13:27:23] git: Removing scripts/cursor-watchdog-loop.ps1
[2026-07-31 13:27:23] git: Removing scripts/debug-agent-transport.ps1
[2026-07-31 13:27:23] git: Removing scripts/lib/agent-jobs.mjs
[2026-07-31 13:27:23] git: Removing scripts/lib/production-ship-parser.mjs
[2026-07-31 13:27:23] git: Removing scripts/lib/viz-interaction-qa.mjs
[2026-07-31 13:27:23] git: Removing scripts/local-blog-server.mjs
[2026-07-31 13:27:23] git: Removing scripts/production-stream-server.mjs
[2026-07-31 13:27:23] git: Removing scripts/production-stream-ui.html
[2026-07-31 13:27:23] git: Removing scripts/prompts/
[2026-07-31 13:27:23] git: Removing scripts/resume-blog-automation.ps1
[2026-07-31 13:27:23] git: Removing scripts/run-blog-orchestrator.ps1
[2026-07-31 13:27:23] git: Removing scripts/run-blog-production-local.ps1
[2026-07-31 13:27:23] git: Removing scripts/run-blog-worker.ps1
[2026-07-31 13:27:23] git: Removing scripts/start-blog-automation-in-app.ps1
[2026-07-31 13:27:23] git: Removing scripts/stop-blog-automation.ps1
[2026-07-31 13:27:23] git: Removing scripts/theme-balance.ts
[2026-07-31 13:27:23] git: Removing scripts/update-agent-job.mjs
[2026-07-31 13:27:23] git: Removing scripts/watch-blog-production.ps1
[2026-07-31 13:27:23] git: HEAD is now at 61022e9 merge(post): us-billion-dollar-weather-disasters-ms94skof from worker 3 (path-selective)
[2026-07-31 13:27:24] git: Switched to a new branch 'post/us-social-security-trust-fund-depletion-path-ms97t9mv-w4'
[2026-07-31 13:27:28] Invoking agent for worker 4 (-p --force --trust --workspace worktree)
Connection lost, reconnecting to https://api2.cursor.sh (attempt 1)...
[2026-07-31 13:49:29] WARN: transport blip cliAttempt=1 (raw=1) elapsed=0s
Retry attempt 1...
[2026-07-31 13:49:32] WARN: transport blip cliAttempt=1 (raw=1) elapsed=3s
Connection lost, reconnecting to https://api2.cursor.sh (attempt 2)...
[2026-07-31 13:51:27] INFO: blip streak reset after quiet gap
[2026-07-31 13:51:27] WARN: transport blip cliAttempt=1 (raw=2) elapsed=0s
Retry attempt 2...
[2026-07-31 13:51:31] WARN: transport blip cliAttempt=1 (raw=2) elapsed=4s
Connection lost, reconnecting to https://api2.cursor.sh (attempt 3)...
[2026-07-31 13:53:04] INFO: blip streak reset after quiet gap
[2026-07-31 13:53:04] WARN: transport blip cliAttempt=1 (raw=3) elapsed=0s
Retry attempt 3...
[2026-07-31 13:53:13] WARN: transport blip cliAttempt=1 (raw=3) elapsed=10s
Connection lost, reconnecting to https://api2.cursor.sh (attempt 4)...
[2026-07-31 13:53:48] WARN: transport blip cliAttempt=2 (raw=4) elapsed=44s
Retry attempt 4...
[2026-07-31 13:54:05] WARN: transport blip cliAttempt=2 (raw=4) elapsed=61s
Connection lost, reconnecting to https://api2.cursor.sh (attempt 5)...
[2026-07-31 13:54:50] WARN: transport blip cliAttempt=3 (raw=5) elapsed=106s
[2026-07-31 13:54:50] ERROR: transport unhealthy (cliAttempt=3 elapsed=106s); killing worker agent
[2026-07-31 13:55:07] Worker 4 finished (exit=75)
