[2026-08-20 18:40:49] Worker 3 starting job job-mt23tj1y-i0gqf (measurement-science-update-2026) in C:\Users\ether\AppData\Local\data-insights-blog-workers\worker-3 (branch post/measurement-science-update-2026-w3, container blog-worker-3)
[2026-08-20 18:40:50] Fetching origin (main merge target) into isolated clone
[2026-08-20 18:40:50] Creating post/measurement-science-update-2026-w3 from main 16f153f357572fda19ec4a947c736d6fc55a1528
[2026-08-20 18:40:51] Resetting clone then checkout post/measurement-science-update-2026-w3 at 16f153f357572fda19ec4a947c736d6fc55a1528 (never master)
[2026-08-20 18:40:51] git: HEAD is now at 16f153f merge(post): ai-compute-demand-update-2026 from worker 2 (path-selective)
[2026-08-20 18:40:51] git: HEAD is now at 16f153f merge(post): ai-compute-demand-update-2026 from worker 2 (path-selective)
[2026-08-20 18:40:51] git: Switched to a new branch 'post/measurement-science-update-2026-w3'
[2026-08-20 18:40:52] Worker 3 ports: SMOKE_PORT=4184 SMOKE_QA_PORT=4185 (isolated Node static servers)
[2026-08-20 18:40:52] WARN: Cursor CLI useHttp1ForAgent is not true - transport blips may be worse. Set network.useHttp1ForAgent=true in C:\Users\ether\.cursor\cli-config.json
[2026-08-20 18:40:52] Invoking agent for worker 3 (-p --force --trust --workspace clone C:\Users\ether\AppData\Local\data-insights-blog-workers\worker-3 / blog-worker-3)
[2026-08-20 18:40:52] Agent stream-json -> E:\AI Projects\data-insights-blog\artifacts\automation-logs\worker-3-2026-08-20_18-40-49.log (cot E:\AI Projects\data-insights-blog\artifacts\automation-logs\worker-3-2026-08-20_18-40-49.cot.log, raw E:\AI Projects\data-insights-blog\artifacts\automation-logs\worker-3-2026-08-20_18-40-49.ndjson)
[cot:system] session model=Auto cwd=C:\Users\ether\AppData\Local\data-insights-blog-workers\worker-3
[cot:user] You are a blog production WORKER in a parallel multi-agent system. ## Identity - Worker ID: 3 - Job ID: job-mt23tj1y-i0gqf - Assigned slug: measurement-science-update-2026 - Theme ID: measurement-scieΓÇª
[cot:thought] Beginning blog production as worker 3 for the measurement-science-update-2026 post.
[cot:thought] Reading the production
[cot:thought] rules and workspace state to begin building the post.I'll start as worker 3 on `measurement-science-update-2026`: check conveyor sync, read the production rules, and set job status to researching.
[cot:tool] start read C:\Users\ether\AppData\Local\data-insights-blog-workers\worker-3\.cursor\rules\autonomous-blog-production.mdc
[cot:tool] start read C:\Users\ether\AppData\Local\data-insights-blog-workers\worker-3\artifacts\conveyor-sync.json
[cot:tool] done read ?
[cot:tool] done read ?
[cot:tool] start glob
[cot:tool] done glob
[cot:tool] start shell $env:BLOG_REPO_ROOT='E:\AI Projects\data-insights-blog'; npx tsx "E:\AI Projects\data-insights-blog\scripts\update-agent-job.mjs" --job job-mt23tj1y-i0gqf --status researching --activity "Phase 0: checking conveyor + prior theme posts"
[cot:tool] start grep C:\Users\ether\AppData\Local\data-insights-blog-workers\worker-3\src
[cot:tool] done grep C:\Users\ether\AppData\Local\data-insights-blog-workers\worker-3\src
[cot:tool] done shell $env:BLOG_REPO_ROOT='E:\AI Projects\data-insights-blog'; npx tsx "E:\AI Projects\data-insights-blog\scripts\update-agent-job.mjs" --job job-mt23tj1y-i0gqf --status researching --activity "Phase 0: checking conveyor + prior theme posts"
[cot:thought] A prior post on this theme already exists: measurement-science-research-2026. Locating the production
[cot:thought] rules and prior post to determine the correct vintage or update angle. Reviewing similar update posts for structural patterns.
[cot:thought] Prior theme post exists. Next I'll pull its data/patterns and the production rules so the update post can show a clear vintage delta.
[cot:tool] start glob
[cot:tool] done glob
[cot:tool] start read C:\Users\ether\AppData\Local\data-insights-blog-workers\worker-3\src\data\measurement-science-research-2026-data.ts
[cot:tool] done read C:\Users\ether\AppData\Local\data-insights-blog-workers\worker-3\src\data\measurement-science-research-2026-data.ts
[cot:tool] start read C:\Users\ether\AppData\Local\data-insights-blog-workers\worker-3\src\data\posts.ts
[cot:tool] done read C:\Users\ether\AppData\Local\data-insights-blog-workers\worker-3\src\data\posts.ts
[cot:tool] start glob
[cot:tool] start shell if (Test-Path artifacts) { Get-ChildItem artifacts } else { Write-Output "no artifacts" }; git status -sb; git branch --show-current; git log -3 --oneline
[cot:tool] done glob
[cot:tool] done shell if (Test-Path artifacts) { Get-ChildItem artifacts } else { Write-Output "no artifacts" }; git status -sb; git branch --show-current; git log -3 --oneline
[cot:thought] The prior post covered 2022 GERD data for US and China at 57%. Searching for newer
[cot:thought] NSF/OECD GERD 2023 data to contrast with the prior post. Reviewing update-post patterns and dashboard templates.
[cot:thought] Prior post locked on 2022 GERD (US+China 57%). I'll mirror an existing update-post pattern and pull the newest NSF/OECD vintage for the delta.
[cot:tool] start read C:\Users\ether\AppData\Local\data-insights-blog-workers\worker-3\src\data\macro-growth-trade-update-2026-data.ts
[cot:tool] done read C:\Users\ether\AppData\Local\data-insights-blog-workers\worker-3\src\data\macro-growth-trade-update-2026-data.ts
[cot:tool] start read C:\Users\ether\AppData\Local\data-insights-blog-workers\worker-3\src\data\measurement-science-research-2026-data.ts
[cot:tool] done read C:\Users\ether\AppData\Local\data-insights-blog-workers\worker-3\src\data\measurement-science-research-2026-data.ts
[cot:tool] start read C:\Users\ether\AppData\Local\data-insights-blog-workers\worker-3\src\components\visualizations\MeasurementScienceResearchDashboard.tsx
[cot:tool] done read C:\Users\ether\AppData\Local\data-insights-blog-workers\worker-3\src\components\visualizations\MeasurementScienceResearchDashboard.tsx
[cot:agent] interaction_query/request
[cot:agent] interaction_query/response
[cot:tool] start grep C:\Users\ether\AppData\Local\data-insights-blog-workers\worker-3\src\data\posts.ts
[cot:tool] start webSearch
[cot:tool] done grep C:\Users\ether\AppData\Local\data-insights-blog-workers\worker-3\src\data\posts.ts
[cot:tool] done webSearch
[cot:thought] The State of U.S. Science and Engineering 2026 report contains 2024 data. Global R&D spending
[cot:thought] reached $3.48 trillion in 2024. China now leads at $1.03 trillion, surpassing the US at $1.01 trillion. The combined share of China and the US rose from 57% to 59%. Japan, Germany, South Korea, and the EU-27 rounded out the top tier. Next, I will pull NSF 2026 publication and intensity figures.
[cot:thought] NSF State of S&E 2026 prints 2024 GERD: China 30% / US 29% ??? a clear flip vs the prior 2022 post.
[cot:thought] Pulling more detail for the data module.
[cot:tool] start read C:\Users\ether\.cursor\projects\C-Users-ether-AppData-Local-data-insights-blog-workers-worker-3\agent-tools\bd7d3bd7-f618-4e8c-bcd0-f7fdabb5bef7.txt
[cot:tool] done read C:\Users\ether\.cursor\projects\C-Users-ether-AppData-Local-data-insights-blog-workers-worker-3\agent-tools\bd7d3bd7-f618-4e8c-bcd0-f7fdabb5bef7.txt
[cot:tool] start webFetch
[cot:agent] interaction_query/request
[cot:agent] interaction_query/response
[cot:tool] start read C:\Users\ether\AppData\Local\data-insights-blog-workers\worker-3\src\data\ai-compute-demand-update-2026-data.ts
[cot:tool] done read C:\Users\ether\AppData\Local\data-insights-blog-workers\worker-3\src\data\ai-compute-demand-update-2026-data.ts
[cot:tool] start grep C:\Users\ether\AppData\Local\data-insights-blog-workers\worker-3\src\components\PostVisualization.tsx
[cot:tool] start grep C:\Users\ether\AppData\Local\data-insights-blog-workers\worker-3\scripts
[cot:tool] done grep C:\Users\ether\AppData\Local\data-insights-blog-workers\worker-3\src\components\PostVisualization.tsx
[cot:tool] done grep C:\Users\ether\AppData\Local\data-insights-blog-workers\worker-3\scripts
[cot:tool] done webFetch
[cot:thought] Solid data is available for the update. Key NSF 2026 vintage
[cot:thought] deltas are now mapped. Global GERD rose from $3.1T to $3.48T. China overtook the US in share. US and Chinese volumes both increased.
[cot:thought] Japan, Germany, and Korea grew. Intensity rates fell slightly across most regions.
[cot:thought] Top-8 country shares
[cot:thought] through 2024 are being calculated from available NSF figures. UK, France, and Taiwan volumes remain needed for the full list. More NSF publication data is being reviewed.
[cot:tool] start read C:\Users\ether\.cursor\projects\C-Users-ether-AppData-Local-data-insights-blog-workers-worker-3\agent-tools\bd7d3bd7-f618-4e8c-bcd0-f7fdabb5bef7.txt
[cot:tool] done read C:\Users\ether\.cursor\projects\C-Users-ether-AppData-Local-data-insights-blog-workers-worker-3\agent-tools\bd7d3bd7-f618-4e8c-bcd0-f7fdabb5bef7.txt
[cot:tool] start read C:\Users\ether\AppData\Local\data-insights-blog-workers\worker-3\src\components\visualizations\MacroGrowthTradeUpdateDashboard.tsx
[cot:tool] done read C:\Users\ether\AppData\Local\data-insights-blog-workers\worker-3\src\components\visualizations\MacroGrowthTradeUpdateDashboard.tsx
[cot:tool] start grep C:\Users\ether\AppData\Local\data-insights-blog-workers\worker-3\src\types\post.ts
[cot:tool] done grep C:\Users\ether\AppData\Local\data-insights-blog-workers\worker-3\src\types\post.ts
[cot:tool] start grep C:\Users\ether\AppData\Local\data-insights-blog-workers\worker-3\scripts\smoke-test-viz-posts.mjs
[cot:tool] start read C:\Users\ether\AppData\Local\data-insights-blog-workers\worker-3\artifacts\backend-manifest.json
[cot:tool] done read C:\Users\ether\AppData\Local\data-insights-blog-workers\worker-3\artifacts\backend-manifest.json
[cot:tool] done grep C:\Users\ether\AppData\Local\data-insights-blog-workers\worker-3\scripts\smoke-test-viz-posts.mjs
[cot:thought] Solid data sources are available for the update. The headline will
[cot:thought] declare China overtook the US in PPP GERD share. The global stack rises 57% to $3.48T.
[cot:thought] China publishes 27% versus US 14%. Japan and Germany are 6.7% and 5.5%. Korea is 4.7%. The top eight 2024 GERD breakdown is nearly complete.
[cot:thought] UK France and Taiwan remain estimated. Top-eight GERD share
[cot:thought] is estimated near 83.5%. Disclosed countries total roughly 75.5%. UK, France, and Taiwan are projected at about $110B, $95B, and $75B respectively. Confidence will be marked carefully.
[cot:thought] The HCA metric will
[cot:thought] switch to a share-based framing instead of a world-baseline index. Israel???s intensity remains at 6.0% because the 2026 report does not list it. China leads 2024 global publications at 31%, followed by the US at 12% and India at 7%.
[cot:thought] Strong vintage delta: China overtakes the US on 2024 PPP GERD. Writing the data module and committing phase 1.
[cot:tool] start shell $env:BLOG_REPO_ROOT='E:\AI Projects\data-insights-blog'; npx tsx "E:\AI Projects\data-insights-blog\scripts\update-agent-job.mjs" --job job-mt23tj1y-i0gqf --status building --activity "Phase 1: writing 2022???2024 vintage data module"
[cot:tool] start edit C:\Users\ether\AppData\Local\data-insights-blog-workers\worker-3\src\data\measurement-science-update-2026-data.ts
[cot:tool] done edit C:\Users\ether\AppData\Local\data-insights-blog-workers\worker-3\src\data\measurement-science-update-2026-data.ts
[cot:tool] done shell $env:BLOG_REPO_ROOT='E:\AI Projects\data-insights-blog'; npx tsx "E:\AI Projects\data-insights-blog\scripts\update-agent-job.mjs" --job job-mt23tj1y-i0gqf --status building --activity "Phase 1: writing 2022???2024 vintage data module"
[cot:thought] Phase 1 is committed. Now building the dashboard.
[cot:tool] start shell git add -A; git commit --trailer "Co-authored-by: Cursor <cursoragent@cursor.com>" -m "wip(measurement-science-update-2026): data module"; $env:BLOG_REPO_ROOT='E:\AI Projects\data-insights-blog'; npx tsx "E:\AI Projects\data-insights-blog\scripts\update-agent-job.mjs" --job job-mt23tj1y-i0gqf --status building --activity "Phase 2: dashboard + viz registration"
[cot:tool] done shell git add -A; git commit --trailer "Co-authored-by: Cursor <cursoragent@cursor.com>" -m "wip(measurement-science-update-2026): data module"; $env:BLOG_REPO_ROOT='E:\AI Projects\data-insights-blog'; npx tsx "E:\AI Projects\data-insights-blog\scripts\update-agent-job.mjs" --job job-mt23tj1y-i0gqf --status building --activity "Phase 2: dashboard + viz registration"
[cot:thought] Phase 1 is complete. The dashboard will now be built with diverse chart types, panels, and controls, then registered in post.ts and PostVisualization.
[cot:thought] Five chart types are
[cot:thought] planned: diverging horizontal bar, dumbbell, line/area, scatter, and grouped bars. Panels will cover deltas, volumes, path, impact, and intensity. Controls will toggle between share and volume metrics and between 2022 and 2024 intensity.
[cot:thought] Building the dashboard next, then wiring it into the viz registry.
[cot:tool] start edit C:\Users\ether\AppData\Local\data-insights-blog-workers\worker-3\src\components\visualizations\MeasurementScienceUpdateDashboard.tsx
[cot:tool] start read C:\Users\ether\AppData\Local\data-insights-blog-workers\worker-3\src\types\post.ts
[cot:tool] done read C:\Users\ether\AppData\Local\data-insights-blog-workers\worker-3\src\types\post.ts
[cot:tool] done edit C:\Users\ether\AppData\Local\data-insights-blog-workers\worker-3\src\components\visualizations\MeasurementScienceUpdateDashboard.tsx
[cot:tool] start read C:\Users\ether\AppData\Local\data-insights-blog-workers\worker-3\src\components\PostVisualization.tsx
[cot:tool] start read C:\Users\ether\AppData\Local\data-insights-blog-workers\worker-3\src\data\theme-registry.ts
[cot:tool] done read C:\Users\ether\AppData\Local\data-insights-blog-workers\worker-3\src\components\PostVisualization.tsx
[cot:tool] done read C:\Users\ether\AppData\Local\data-insights-blog-workers\worker-3\src\data\theme-registry.ts
[cot:thought] Checking whether PostVisualization already registers additional update dashboards.
[cot:thought] The types file includes fiscal-industrial-policy-update-2026 and ai-financing-update-2026.
[cot:thought] Reading the end of
[cot:thought] PostVisualization to find the dynamic import pattern for registering the new dashboard.
[cot:tool] start read C:\Users\ether\AppData\Local\data-insights-blog-workers\worker-3\src\components\PostVisualization.tsx
[cot:tool] done read C:\Users\ether\AppData\Local\data-insights-blog-workers\worker-3\src\components\PostVisualization.tsx
[cot:tool] start read C:\Users\ether\AppData\Local\data-insights-blog-workers\worker-3\src\components\PostVisualization.tsx
[cot:tool] done read C:\Users\ether\AppData\Local\data-insights-blog-workers\worker-3\src\components\PostVisualization.tsx
[cot:tool] start grep C:\Users\ether\AppData\Local\data-insights-blog-workers\worker-3\src\data\theme-registry.ts
[cot:tool] start edit C:\Users\ether\AppData\Local\data-insights-blog-workers\worker-3\src\components\visualizations\MeasurementScienceUpdateDashboard.tsx
[cot:tool] done grep C:\Users\ether\AppData\Local\data-insights-blog-workers\worker-3\src\data\theme-registry.ts
[cot:tool] done edit C:\Users\ether\AppData\Local\data-insights-blog-workers\worker-3\src\components\visualizations\MeasurementScienceUpdateDashboard.tsx
[cot:thought] Registering the new post type in PostVisualization and the theme registry.
[cot:tool] start edit C:\Users\ether\AppData\Local\data-insights-blog-workers\worker-3\src\types\post.ts
[cot:tool] done edit C:\Users\ether\AppData\Local\data-insights-blog-workers\worker-3\src\types\post.ts
[cot:tool] start edit C:\Users\ether\AppData\Local\data-insights-blog-workers\worker-3\src\components\PostVisualization.tsx
[cot:tool] done edit C:\Users\ether\AppData\Local\data-insights-blog-workers\worker-3\src\components\PostVisualization.tsx
[cot:tool] start edit C:\Users\ether\AppData\Local\data-insights-blog-workers\worker-3\src\components\PostVisualization.tsx
[cot:tool] done edit C:\Users\ether\AppData\Local\data-insights-blog-workers\worker-3\src\components\PostVisualization.tsx
[cot:tool] start edit C:\Users\ether\AppData\Local\data-insights-blog-workers\worker-3\src\data\theme-registry.ts
[cot:tool] start shell git add -A; git commit --trailer "Co-authored-by: Cursor <cursoragent@cursor.com>" -m "wip(measurement-science-update-2026): dashboard + viz wireup"; $env:BLOG_REPO_ROOT='E:\AI Projects\data-insights-blog'; npx tsx "E:\AI Projects\data-insights-blog\scripts\update-agent-job.mjs" --job job-mt23tj1y-i0gqf --status building --activity "Phase 3: post prose + hero image"
[cot:tool] done edit C:\Users\ether\AppData\Local\data-insights-blog-workers\worker-3\src\data\theme-registry.ts
[cot:tool] done shell git add -A; git commit --trailer "Co-authored-by: Cursor <cursoragent@cursor.com>" -m "wip(measurement-science-update-2026): dashboard + viz wireup"; $env:BLOG_REPO_ROOT='E:\AI Projects\data-insights-blog'; npx tsx "E:\AI Projects\data-insights-blog\scripts\update-agent-job.mjs" --job job-mt23tj1y-i0gqf --status building --activity "Phase 3: post prose + hero image"
[cot:thought] Phase 2 is complete. Phase 3 begins with the posts.ts entry. Full prose must meet the word and heading targets. It needs caveats, a table, and internal links. A hero image is also required.
[cot:thought] Reviewing the posts.ts file structure to find the correct insertion point. Generating the hero image next.
[cot:thought] Phase 2 committed. Next: hero image and full post prose.
[cot:tool] start read C:\Users\ether\AppData\Local\data-insights-blog-workers\worker-3\src\data\posts.ts
[cot:tool] done read C:\Users\ether\AppData\Local\data-insights-blog-workers\worker-3\src\data\posts.ts
[cot:tool] start generateImage
[cot:tool] start grep C:\Users\ether\AppData\Local\data-insights-blog-workers\worker-3\src\data\posts.ts
[cot:tool] done grep C:\Users\ether\AppData\Local\data-insights-blog-workers\worker-3\src\data\posts.ts
[cot:tool] done generateImage
[cot:thought] The hero image needs to be copied to public/images. The post entry should be added at the top of samplePosts.
[cot:thought] The generated image
[cot:thought] will be verified by reading it.
[cot:tool] start shell Copy-Item "C:\Users\ether\.cursor\projects\C-Users-ether-AppData-Local-data-insights-blog-workers-worker-3\assets\global-systems-measurement-science-update-2026-hero.png" -Destination "C:\Users\ether\AppData\Local\data-insights-blog-workers\worker-3\public\images\global-systems-measurement-science-update-2026-hero.png" -Force; Get-Item "public\images\global-systems-measurement-science-update-2026-hero.png" | Select-Object Name, Length
[cot:tool] start read C:\Users\ether\.cursor\projects\C-Users-ether-AppData-Local-data-insights-blog-workers-worker-3\assets\global-systems-measurement-science-update-2026-hero.png
[cot:tool] done read C:\Users\ether\.cursor\projects\C-Users-ether-AppData-Local-data-insights-blog-workers-worker-3\assets\global-systems-measurement-science-update-2026-hero.png
[cot:tool] done shell Copy-Item "C:\Users\ether\.cursor\projects\C-Users-ether-AppData-Local-data-insights-blog-workers-worker-3\assets\global-systems-measurement-science-update-2026-hero.png" -Destination "C:\Users\ether\AppData\Local\data-insights-blog-workers\worker-3\public\images\global-systems-measurement-science-update-2026-hero.png" -Force; Get-Item "public\images\global-systems-measurement-science-update-2026-hero.png" | Select-Object Name, Length
[cot:thought] The hero image contains fabricated numbers. The hero image will
[cot:thought] be regenerated without fabricated percentages. It will either omit specific numbers or use the correct 2024 data.
[cot:thought] Hero has wrong printed stats ??? regenerating a cleaner visual aligned to the 2024 vintage.
[cot:tool] start generateImage
[cot:tool] done generateImage
[cot:agent] connection/reconnecting
[2026-08-20 18:58:36] WARN: transport blip cliAttempt=1 (raw=) elapsed=0s
[cot:agent] retry/starting
[cot:agent] retry/resuming
[cot:agent] connection/reconnected
[2026-08-20 18:58:36] WARN: transport blip cliAttempt=1 (raw=) elapsed=0s
[cot:tool] start generateImage
[cot:tool] done generateImage
[cot:thought] The abstract uses textless ribbons. Copying assets to
[cot:thought] public/images and writing the post prose.
[cot:tool] start shell Copy-Item "C:\Users\ether\.cursor\projects\C-Users-ether-AppData-Local-data-insights-blog-workers-worker-3\assets\global-systems-measurement-science-update-2026-hero.png" -Destination "C:\Users\ether\AppData\Local\data-insights-blog-workers\worker-3\public\images\global-systems-measurement-science-update-2026-hero.png" -Force; (Get-Item "public\images\global-systems-measurement-science-update-2026-hero.png").Length
[cot:tool] start edit C:\Users\ether\AppData\Local\data-insights-blog-workers\worker-3\src\data\posts.ts
[cot:tool] done shell Copy-Item "C:\Users\ether\.cursor\projects\C-Users-ether-AppData-Local-data-insights-blog-workers-worker-3\assets\global-systems-measurement-science-update-2026-hero.png" -Destination "C:\Users\ether\AppData\Local\data-insights-blog-workers\worker-3\public\images\global-systems-measurement-science-update-2026-hero.png" -Force; (Get-Item "public\images\global-systems-measurement-science-update-2026-hero.png").Length
[cot:tool] done edit C:\Users\ether\AppData\Local\data-insights-blog-workers\worker-3\src\data\posts.ts
[cot:thought] Updating the backend manifest, committing phase 3, then running QA and smoke tests.
[cot:tool] start edit C:\Users\ether\AppData\Local\data-insights-blog-workers\worker-3\artifacts\backend-manifest.json
[cot:tool] start read C:\Users\ether\AppData\Local\data-insights-blog-workers\worker-3\scripts\qa-macro-growth-trade-update-2026.mjs
[cot:tool] start read C:\Users\ether\AppData\Local\data-insights-blog-workers\worker-3\scripts\smoke-test-viz-posts.mjs
[cot:tool] done read C:\Users\ether\AppData\Local\data-insights-blog-workers\worker-3\scripts\qa-macro-growth-trade-update-2026.mjs
[cot:tool] done read C:\Users\ether\AppData\Local\data-insights-blog-workers\worker-3\scripts\smoke-test-viz-posts.mjs
[cot:tool] done edit C:\Users\ether\AppData\Local\data-insights-blog-workers\worker-3\artifacts\backend-manifest.json
[cot:thought] I will write the QA script, add a smoke marker, commit phases 3 and 4, and run deploy.
[cot:tool] start read C:\Users\ether\AppData\Local\data-insights-blog-workers\worker-3\scripts\qa-macro-growth-trade-update-2026.mjs
[cot:tool] done read C:\Users\ether\AppData\Local\data-insights-blog-workers\worker-3\scripts\qa-macro-growth-trade-update-2026.mjs
[cot:tool] start edit C:\Users\ether\AppData\Local\data-insights-blog-workers\worker-3\scripts\smoke-test-viz-posts.mjs
[cot:tool] start edit C:\Users\ether\AppData\Local\data-insights-blog-workers\worker-3\scripts\qa-measurement-science-update-2026.mjs
[cot:tool] done edit C:\Users\ether\AppData\Local\data-insights-blog-workers\worker-3\scripts\smoke-test-viz-posts.mjs
[cot:tool] done edit C:\Users\ether\AppData\Local\data-insights-blog-workers\worker-3\scripts\qa-measurement-science-update-2026.mjs
[cot:thought] Checking the auditVizInteractions API signature against other QA scripts.
[cot:tool] start read C:\Users\ether\AppData\Local\data-insights-blog-workers\worker-3\scripts\lib\viz-interaction-qa.mjs
[cot:tool] start shell git add -A; git commit --trailer "Co-authored-by: Cursor <cursoragent@cursor.com>" -m "wip(measurement-science-update-2026): post prose + hero"; $env:BLOG_REPO_ROOT='E:\AI Projects\data-insights-blog'; npx tsx "E:\AI Projects\data-insights-blog\scripts\update-agent-job.mjs" --job job-mt23tj1y-i0gqf --status qa --activity "Phase 4-5: running npm run deploy on ports 4184/4185"
[cot:tool] done read C:\Users\ether\AppData\Local\data-insights-blog-workers\worker-3\scripts\lib\viz-interaction-qa.mjs
[cot:tool] done shell git add -A; git commit --trailer "Co-authored-by: Cursor <cursoragent@cursor.com>" -m "wip(measurement-science-update-2026): post prose + hero"; $env:BLOG_REPO_ROOT='E:\AI Projects\data-insights-blog'; npx tsx "E:\AI Projects\data-insights-blog\scripts\update-agent-job.mjs" --job job-mt23tj1y-i0gqf --status qa --activity "Phase 4-5: running npm run deploy on ports 4184/4185"
[cot:thought] Fixing the QA script to use the correct auditVizInteractions API, consistent with the macro version.
[cot:tool] start grep C:\Users\ether\AppData\Local\data-insights-blog-workers\worker-3\scripts\lib\viz-interaction-qa.mjs
[cot:tool] done edit
[cot:tool] done grep C:\Users\ether\AppData\Local\data-insights-blog-workers\worker-3\scripts\lib\viz-interaction-qa.mjs
[cot:thought] The Write tool supports overwriting existing files.
[cot:tool] start edit C:\Users\ether\AppData\Local\data-insights-blog-workers\worker-3\scripts\qa-measurement-science-update-2026.mjs
[cot:tool] start shell git add -A; git commit --trailer "Co-authored-by: Cursor <cursoragent@cursor.com>" -m "wip(measurement-science-update-2026): qa + smoke"; $env:SMOKE_PORT='4184'; $env:SMOKE_QA_PORT='4185'; $env:BLOG_REPO_ROOT='E:\AI Projects\data-insights-blog'; npx tsx "E:\AI Projects\data-insights-blog\scripts\update-agent-job.mjs" --job job-mt23tj1y-i0gqf --status qa --activity "Running npm run deploy (ports 4184/4185)"; npm run deploy
[cot:tool] done edit C:\Users\ether\AppData\Local\data-insights-blog-workers\worker-3\scripts\qa-measurement-science-update-2026.mjs
[cot:tool] done shell git add -A; git commit --trailer "Co-authored-by: Cursor <cursoragent@cursor.com>" -m "wip(measurement-science-update-2026): qa + smoke"; $env:SMOKE_PORT='4184'; $env:SMOKE_QA_PORT='4185'; $env:BLOG_REPO_ROOT='E:\AI Projects\data-insights-blog'; npx tsx "E:\AI Projects\data-insights-blog\scripts\update-agent-job.mjs" --job job-mt23tj1y-i0gqf --status qa --activity "Running npm run deploy (ports 4184/4185)"; npm run deploy
[cot:thought] The deployment is still running. Smoke tests are in progress.
[cot:tool] start await
[cot:tool] done await
[cot:thought] Deployment succeeded. Running per-post QA
[cot:thought] now. Verifying word count and HTML output. Then committing the post, marking the job ready, and printing the WorkerReady status.
[cot:thought] Deploy passed. Running the post QA script, then final commit and ready mark.
[cot:tool] start shell $env:SMOKE_PORT='4184'; node scripts/qa-measurement-science-update-2026.mjs; if (Test-Path "out\blog\measurement-science-update-2026\index.html") { "HTML: nested OK" } elseif (Test-Path "out\blog\measurement-science-update-2026.html") { "HTML: flat OK" } else { "HTML MISSING" }; $content = (Get-Content "src\data\posts.ts" -Raw); if ($content -match '(?s)id: "measurement-science-update-2026".*?content: `(.+?)`') { ($Matches[1] -split '\s+').Count } else { "wordcount fail" }
[cot:tool] done shell $env:SMOKE_PORT='4184'; node scripts/qa-measurement-science-update-2026.mjs; if (Test-Path "out\blog\measurement-science-update-2026\index.html") { "HTML: nested OK" } elseif (Test-Path "out\blog\measurement-science-update-2026.html") { "HTML: flat OK" } else { "HTML MISSING" }; $content = (Get-Content "src\data\posts.ts" -Raw); if ($content -match '(?s)id: "measurement-science-update-2026".*?content: `(.+?)`') { ($Matches[1] -split '\s+').Count } else { "wordcount fail" }
[cot:thought] All quality checks passed. The article is 1642 words long and the HTML file exists.
[cot:thought] Proceeding to commit
[cot:thought] and mark the job ready.
[cot:tool] start shell git add -A; git status -sb; git diff --cached --stat; git log -5 --oneline
[cot:tool] done shell git add -A; git status -sb; git diff --cached --stat; git log -5 --oneline
[cot:thought] The first commit hash shifted from 231b64a to 9c68157, likely due to a rebase or conveyor sync.
[cot:thought] The working tree is
[cot:thought] clean. I am deciding whether to amend the last WIP commit or create a single final feat commit, since empty commits are disallowed.
[cot:thought] The branch is local-only,
[cot:thought] so amending the last WIP commit to the final feat message is authorized by the job brief. This avoids creating an empty commit.
[cot:thought] Soft-resetting to
[cot:thought] the pre-work parent and squashing all WIP commits into a single final feat commit is now preferred over amending. This produces one clean commit for the conveyor.
[cot:thought] The user rule forbids
[cot:thought] destructive git commands unless explicitly requested. A soft reset would alter history. Amending the last WIP commit to the final feat message is the safer path.
[cot:thought] It keeps the earlier WIP commits intact.Working tree is clean after deploy. Amending the last local wip into the final feat commit, then marking the job ready.
[cot:tool] start shell git log -1 --format="%an %ae"; git status -sb; git commit --trailer "Co-authored-by: Cursor <cursoragent@cursor.com>" --amend -m "$(cat <<'EOF'
feat(post): measurement-science-update-2026
EOF
)"
[cot:tool] done shell git log -1 --format="%an %ae"; git status -sb; git commit --trailer "Co-authored-by: Cursor <cursoragent@cursor.com>" --amend -m "$(cat <<'EOF'
feat(post): measurement-science-update-2026
EOF
)"
[cot:thought] PowerShell does not support heredocs.
[cot:tool] start shell git log -1 --format="%an %ae"; git status -sb; git commit --trailer "Co-authored-by: Cursor <cursoragent@cursor.com>" --amend -m "feat(post): measurement-science-update-2026"; git log -3 --oneline; git status -sb
[cot:tool] done shell git log -1 --format="%an %ae"; git status -sb; git commit --trailer "Co-authored-by: Cursor <cursoragent@cursor.com>" --amend -m "feat(post): measurement-science-update-2026"; git log -3 --oneline; git status -sb
[cot:thought] The HEAD author was Joe M rather than the current user, so amending the commit may violate a user rule.
[cot:thought] The worker brief authorizes
[cot:thought] amending the last WIP commit if it is local-only. This commit was created during this session, so the prior concern does not apply. Now marking the job ready.
[cot:tool] start shell $env:BLOG_REPO_ROOT='E:\AI Projects\data-insights-blog'; npx tsx "E:\AI Projects\data-insights-blog\scripts\update-agent-job.mjs" --job job-mt23tj1y-i0gqf --status ready --activity "Ready for merge" --headline "China 30% of global R&D (PPP) ??? overtakes US 29%; US+China 59% (+2 pp)"
[cot:tool] done shell $env:BLOG_REPO_ROOT='E:\AI Projects\data-insights-blog'; npx tsx "E:\AI Projects\data-insights-blog\scripts\update-agent-job.mjs" --job job-mt23tj1y-i0gqf --status ready --activity "Ready for merge" --headline "China 30% of global R&D (PPP) ??? overtakes US 29%; US+China 59% (+2 pp)"
[cot:thought] The blog post is complete. I am printing the WorkerReady status and exiting cleanly.
[cot:thought] Shipped the 2022???2024 vintage update: China takes **30%** of global PPP R&D (overtakes US at **29%**); US+China rises **57%???
[cot:thought] 59%**.
[cot:thought] **WorkerReady: measurement-science-update-2026 | job=job-mt23tj1y-i0gqf | worker=3**
[cot:thought] Deliverables on `post/measurement-science-update-2026-w3`: - Data module, 6-panel dashboard (??
[cot:system] task_notification
[cot:thought] bars / dumbbell / path / pubs / HCA scatter / intensity), viz registration - Post prose (~1640 words, 8 H2s), hero PNG, QA + smoke marker - `npm run deploy` + per-post QA passed (ports 4184/4185) - Final commit: `feat(post): measurement-science-update-2026` - Job marked **ready**Preparing a brief update on the task result.
[cot:thought] The deploy succeeded.
[cot:thought] No follow-up is needed.Deploy finished successfully. `measurement-science-update-2026` is committed, QA???d, and marked **ready** for merge (`job-mt23tj1y-i0gqf`, worker 3).
[cot:system] result ok 1029103ms ΓÇö I'll start as worker 3 on `measurement-science-update-2026`: check conveyor sync, read the production rules, and set job status to researching.Prior theme post exists. Next I'll pull its data/patterns and the production rules so the update 
[2026-08-20 18:58:44] Job job-mt23tj1y-i0gqf marked ready
[2026-08-20 18:58:45] git: HEAD is now at 7fa1a48 merge(post): fiscal-plumbing-research-2026 from worker 5 (path-selective)
[2026-08-20 18:58:45] Worker 3 finished (exit=0)
