[2026-07-31 14:18:09] Worker 4 starting job job-ms99ja60-qok79 (migration-humanitarian-research-2026) in E:\AI Projects\data-insights-blog-worktrees\worker-4 (branch post/migration-humanitarian-research-2026-w4)
[2026-07-31 14:18:09] Resetting worktree then checkout post/migration-humanitarian-research-2026-w4 at 61022e9bc8eecd1b18c428f7b34d1860b123d517
[2026-07-31 14:18:09] git: HEAD is now at 61022e9 merge(post): us-billion-dollar-weather-disasters-ms94skof from worker 3 (path-selective)
[2026-07-31 14:18:10] git: Removing public/images/industry-industrial-robotics-research-2026-hero.png
[2026-07-31 14:18:10] git: Removing scripts/bootstrap-worktrees.ps1
[2026-07-31 14:18:10] git: Removing scripts/claim-next-topics.mjs
[2026-07-31 14:18:10] git: Removing scripts/claim-recovery-job.mjs
[2026-07-31 14:18:10] git: Removing scripts/cursor-watchdog-loop.ps1
[2026-07-31 14:18:10] git: Removing scripts/debug-agent-transport.ps1
[2026-07-31 14:18:10] git: Removing scripts/lib/agent-jobs.mjs
[2026-07-31 14:18:10] git: Removing scripts/lib/production-ship-parser.mjs
[2026-07-31 14:18:10] git: Removing scripts/lib/viz-interaction-qa.mjs
[2026-07-31 14:18:10] git: Removing scripts/local-blog-server.mjs
[2026-07-31 14:18:10] git: Removing scripts/production-stream-server.mjs
[2026-07-31 14:18:10] git: Removing scripts/production-stream-ui.html
[2026-07-31 14:18:10] git: Removing scripts/prompts/
[2026-07-31 14:18:10] git: Removing scripts/qa-industrial-robotics-research-2026.mjs
[2026-07-31 14:18:10] git: Removing scripts/resume-blog-automation.ps1
[2026-07-31 14:18:10] git: Removing scripts/run-blog-orchestrator.ps1
[2026-07-31 14:18:10] git: Removing scripts/run-blog-production-local.ps1
[2026-07-31 14:18:10] git: Removing scripts/run-blog-worker.ps1
[2026-07-31 14:18:10] git: Removing scripts/start-blog-automation-in-app.ps1
[2026-07-31 14:18:10] git: Removing scripts/stop-blog-automation.ps1
[2026-07-31 14:18:10] git: Removing scripts/theme-balance.ts
[2026-07-31 14:18:10] git: Removing scripts/update-agent-job.mjs
[2026-07-31 14:18:10] git: Removing scripts/watch-blog-production.ps1
[2026-07-31 14:18:10] git: Removing src/components/visualizations/IndustrialRoboticsResearchDashboard.tsx
[2026-07-31 14:18:10] git: Removing src/data/industrial-robotics-research-2026-data.ts
[2026-07-31 14:18:10] git: HEAD is now at 61022e9 merge(post): us-billion-dollar-weather-disasters-ms94skof from worker 3 (path-selective)
[2026-07-31 14:18:10] git: Switched to a new branch 'post/migration-humanitarian-research-2026-w4'
[2026-07-31 14:18:20] Invoking agent for worker 4 (-p --force --trust --workspace worktree)
Connection lost, reconnecting to https://api2.cursor.sh (attempt 1)...
[2026-07-31 14:20:03] WARN: transport blip cliAttempt=1 (raw=1) elapsed=0s
Retry attempt 1...
[2026-07-31 14:20:05] WARN: transport blip cliAttempt=1 (raw=1) elapsed=2s
Connection lost, reconnecting to https://api2.cursor.sh (attempt 2)...
[2026-07-31 14:20:55] WARN: transport blip cliAttempt=2 (raw=2) elapsed=53s
Retry attempt 2...
[2026-07-31 14:21:00] WARN: transport blip cliAttempt=2 (raw=2) elapsed=57s
Connection lost, reconnecting to https://api2.cursor.sh (attempt 3)...
[2026-07-31 14:22:15] WARN: transport blip cliAttempt=3 (raw=3) elapsed=132s
Retry attempt 3...
[2026-07-31 14:22:24] WARN: transport blip cliAttempt=3 (raw=3) elapsed=141s
Connection lost, reconnecting to https://api2.cursor.sh (attempt 4)...
[2026-07-31 14:23:37] WARN: transport blip cliAttempt=4 (raw=4) elapsed=214s
Retry attempt 4...
[2026-07-31 14:23:55] WARN: transport blip cliAttempt=4 (raw=4) elapsed=232s
Connection lost, reconnecting to https://api2.cursor.sh (attempt 5)...
[2026-07-31 14:24:55] WARN: transport blip cliAttempt=5 (raw=5) elapsed=292s
Retry attempt 5...
[2026-07-31 14:25:30] WARN: transport blip cliAttempt=5 (raw=5) elapsed=327s
[2026-07-31 14:25:30] ERROR: transport unhealthy (cliAttempt=5 elapsed=327s); killing worker agent
[2026-07-31 14:25:40] Worker 4 finished (exit=75)
