[2026-08-20 20:43:02] Worker 2 starting job job-mt286px5-c6c1j (fiscal-industrial-policy-concentration-2026) in C:\Users\ether\AppData\Local\data-insights-blog-workers\worker-2 (branch post/fiscal-industrial-policy-concentration-2026-w2, container blog-worker-2)
[2026-08-20 20:43:02] Fetching origin (main merge target) into isolated clone
[2026-08-20 20:43:03] Creating post/fiscal-industrial-policy-concentration-2026-w2 from main fc9ed3a01fe9a05035c2f89287584604dc2c57e5
[2026-08-20 20:43:03] Resetting clone then checkout post/fiscal-industrial-policy-concentration-2026-w2 at fc9ed3a01fe9a05035c2f89287584604dc2c57e5 (never master)
[2026-08-20 20:43:03] git: HEAD is now at fc9ed3a merge(post): fiscal-plumbing-update-2026 from worker 1 (path-selective)
[2026-08-20 20:43:03] git: HEAD is now at fc9ed3a merge(post): fiscal-plumbing-update-2026 from worker 1 (path-selective)
[2026-08-20 20:43:03] git: Switched to a new branch 'post/fiscal-industrial-policy-concentration-2026-w2'
[2026-08-20 20:43:04] Worker 2 ports: SMOKE_PORT=4182 SMOKE_QA_PORT=4183 (isolated Node static servers)
[2026-08-20 20:43:04] WARN: Cursor CLI useHttp1ForAgent is not true - transport blips may be worse. Set network.useHttp1ForAgent=true in C:\Users\ether\.cursor\cli-config.json
[2026-08-20 20:43:04] Invoking agent for worker 2 (-p --force --trust --workspace clone C:\Users\ether\AppData\Local\data-insights-blog-workers\worker-2 / blog-worker-2)
[2026-08-20 20:43:04] Agent stream-json -> E:\AI Projects\data-insights-blog\artifacts\automation-logs\worker-2-2026-08-20_20-43-02.log (cot E:\AI Projects\data-insights-blog\artifacts\automation-logs\worker-2-2026-08-20_20-43-02.cot.log, raw E:\AI Projects\data-insights-blog\artifacts\automation-logs\worker-2-2026-08-20_20-43-02.ndjson)
[cot:system] session model=Auto cwd=C:\Users\ether\AppData\Local\data-insights-blog-workers\worker-2
[cot:user] You are a blog production WORKER in a parallel multi-agent system. ## Identity - Worker ID: 2 - Job ID: job-mt286px5-c6c1j - Assigned slug: fiscal-industrial-policy-concentration-2026 - Theme ID: fiscΓÇª
[cot:thought] I am acting as a blog production worker in a parallel multi-agent system. I am starting the
[cot:thought] assigned post in the worker-2 worktree. I will build it in short phases with commits, update the job status, and avoid merging, pushing, or deploying.
[cot:thought] I will check the workspace state and existing patterns first.I'll start as worker 2 on the fiscal-industrial-policy concentration post: check conveyor sync, read production rules, and mark the job researching.
[cot:tool] start read C:\Users\ether\AppData\Local\data-insights-blog-workers\worker-2\.cursor\rules\autonomous-blog-production.mdc
[cot:tool] start read C:\Users\ether\AppData\Local\data-insights-blog-workers\worker-2\artifacts\conveyor-sync.json
[cot:tool] done read ?
[cot:tool] done read ?
[cot:tool] start glob
[cot:tool] done glob
[cot:tool] start shell $env:BLOG_REPO_ROOT='E:\AI Projects\data-insights-blog'; npx tsx "E:\AI Projects\data-insights-blog\scripts\update-agent-job.mjs" --job job-mt286px5-c6c1j --status researching --activity "Starting: reading rules + existing post patterns"
[cot:tool] start shell git status; git branch --show-current; git log -3 --oneline
[cot:tool] done shell git status; git branch --show-current; git log -3 --oneline
[cot:tool] done shell $env:BLOG_REPO_ROOT='E:\AI Projects\data-insights-blog'; npx tsx "E:\AI Projects\data-insights-blog\scripts\update-agent-job.mjs" --job job-mt286px5-c6c1j --status researching --activity "Starting: reading rules + existing post patterns"
[cot:thought] Reviewing production rules and existing post patterns for concentration-style fiscal-industrial-policy content.
[cot:tool] start glob
[cot:tool] done glob
[cot:tool] start glob
[cot:tool] done glob
[cot:tool] start grep C:\Users\ether\AppData\Local\data-insights-blog-workers\worker-2\src
[cot:tool] start shell Get-ChildItem -Path "artifacts" -ErrorAction SilentlyContinue | Select-Object Name; Get-ChildItem -Path ".cursor/rules" -ErrorAction SilentlyContinue | Select-Object Name; ls src/components/visualizations | Select-Object -First 40 Name
[cot:tool] done grep C:\Users\ether\AppData\Local\data-insights-blog-workers\worker-2\src
[cot:tool] done shell Get-ChildItem -Path "artifacts" -ErrorAction SilentlyContinue | Select-Object Name; Get-ChildItem -Path ".cursor/rules" -ErrorAction SilentlyContinue | Select-Object Name; ls src/components/visualizations | Select-Object -First 40 Name
[cot:thought] Reviewing existing concentration dashboards and fiscal-industrial-policy posts for patterns.
[cot:thought] Checking post registration files.
[cot:tool] start read C:\Users\ether\AppData\Local\data-insights-blog-workers\worker-2\src\data\ai-power-grid-concentration-2026-data.ts
[cot:tool] done read C:\Users\ether\AppData\Local\data-insights-blog-workers\worker-2\src\data\ai-power-grid-concentration-2026-data.ts
[cot:tool] start read C:\Users\ether\AppData\Local\data-insights-blog-workers\worker-2\src\data\fiscal-industrial-policy-research-2026-data.ts
[cot:tool] done read C:\Users\ether\AppData\Local\data-insights-blog-workers\worker-2\src\data\fiscal-industrial-policy-research-2026-data.ts
[cot:tool] start grep C:\Users\ether\AppData\Local\data-insights-blog-workers\worker-2\src
[cot:tool] start shell Get-ChildItem .cursor -Recurse -ErrorAction SilentlyContinue | Select-Object FullName; Get-ChildItem artifacts -Recurse -ErrorAction SilentlyContinue | Select-Object -First 30 FullName; Get-ChildItem src/components/visualizations -Name | Select-String -Pattern "Fiscal|Concentration|Industrial"
[cot:tool] done grep C:\Users\ether\AppData\Local\data-insights-blog-workers\worker-2\src
[cot:tool] done shell Get-ChildItem .cursor -Recurse -ErrorAction SilentlyContinue | Select-Object FullName; Get-ChildItem artifacts -Recurse -ErrorAction SilentlyContinue | Select-Object -First 30 FullName; Get-ChildItem src/components/visualizations -Name | Select-String -Pattern "Fiscal|Concentration|Industrial"
[cot:thought] Beginning a concentrated post on fiscal industrial policy. The post will center
[cot:thought] on top-1 and top-3 share of subsidies and tariffs. Existing research shows China, EU, and US account for roughly half of H-NIPO interventions and 48 percent of 2023 NIPO. Next steps include reviewing more research data, a concentration dashboard pattern, and post structure.
[cot:thought] Next I'll pull concentration-dashboard patterns and fiscal-policy concentration figures so we can ship a solid data module.
[cot:tool] start read C:\Users\ether\AppData\Local\data-insights-blog-workers\worker-2\src\data\fiscal-industrial-policy-research-2026-data.ts
[cot:tool] done read C:\Users\ether\AppData\Local\data-insights-blog-workers\worker-2\src\data\fiscal-industrial-policy-research-2026-data.ts
[cot:tool] start read C:\Users\ether\AppData\Local\data-insights-blog-workers\worker-2\src\components\visualizations\AiPowerGridConcentrationDashboard.tsx
[cot:tool] done read C:\Users\ether\AppData\Local\data-insights-blog-workers\worker-2\src\components\visualizations\AiPowerGridConcentrationDashboard.tsx
[cot:tool] start read C:\Users\ether\AppData\Local\data-insights-blog-workers\worker-2\scripts\qa-ai-power-grid-concentration-2026.mjs
[cot:tool] done read C:\Users\ether\AppData\Local\data-insights-blog-workers\worker-2\scripts\qa-ai-power-grid-concentration-2026.mjs
[cot:tool] start grep C:\Users\ether\AppData\Local\data-insights-blog-workers\worker-2\scripts
[cot:tool] start shell $env:BLOG_REPO_ROOT='E:\AI Projects\data-insights-blog'; if (Test-Path "artifacts\conveyor-sync.json") { Get-Content "artifacts\conveyor-sync.json" } elseif (Test-Path "E:\AI Projects\data-insights-blog\artifacts\conveyor-sync.json") { Get-Content "E:\AI Projects\data-insights-blog\artifacts\conveyor-sync.json" } else { Write-Output "no conveyor-sync" }
[cot:tool] done grep C:\Users\ether\AppData\Local\data-insights-blog-workers\worker-2\scripts
[cot:tool] done shell $env:BLOG_REPO_ROOT='E:\AI Projects\data-insights-blog'; if (Test-Path "artifacts\conveyor-sync.json") { Get-Content "artifacts\conveyor-sync.json" } elseif (Test-Path "E:\AI Projects\data-insights-blog\artifacts\conveyor-sync.json") { Get-Content "E:\AI Projects\data-insights-blog\artifacts\conveyor-sync.json" } else { Write-Output "no conveyor-sync" }
[cot:thought] The conveyor is idle. Proceeding with the post. Reviewing jurisdiction
[cot:thought] concentration patterns and GTA/IMF data structures. Checking posts.ts and visualization registration.
[cot:thought] The analysis will focus on top-1 and top-3 shares of industrial policy interventions.
[cot:thought] China, EU, and US together account for roughly half of H-NIPO and 2023 NIPO. Granular country-level shares are needed next.
[cot:tool] start grep C:\Users\ether\AppData\Local\data-insights-blog-workers\worker-2\src\data
[cot:tool] start read C:\Users\ether\AppData\Local\data-insights-blog-workers\worker-2\src\data\fiscal-industrial-policy-update-202608-data.ts
[cot:tool] done grep C:\Users\ether\AppData\Local\data-insights-blog-workers\worker-2\src\data
[cot:tool] done read C:\Users\ether\AppData\Local\data-insights-blog-workers\worker-2\src\data\fiscal-industrial-policy-update-202608-data.ts
[cot:tool] start read C:\Users\ether\AppData\Local\data-insights-blog-workers\worker-2\src\types\post.ts
[cot:tool] done read C:\Users\ether\AppData\Local\data-insights-blog-workers\worker-2\src\types\post.ts
[cot:tool] start grep C:\Users\ether\AppData\Local\data-insights-blog-workers\worker-2\scripts\smoke-test-viz-posts.mjs
[cot:tool] start grep C:\Users\ether\AppData\Local\data-insights-blog-workers\worker-2\artifacts
[cot:tool] done grep C:\Users\ether\AppData\Local\data-insights-blog-workers\worker-2\scripts\smoke-test-viz-posts.mjs
[cot:tool] done grep C:\Users\ether\AppData\Local\data-insights-blog-workers\worker-2\artifacts
[cot:thought] Reviewing Q3 update data for big three shares and strategic subsidy concentration. Then writing the concentration data module.
[cot:thought] The concentration
[cot:thought] narrative centers on six data points. China, EU, and US account for 53% of H-NIPO stock and 48% of 2023 NIPO.
[cot:thought] The June 2026 monthly flow shows a 38% top-three share. Strategic subsidies are heavily concentrated: 98% in China, 76% in US, and 70% in EU.
[cot:thought] IRA and CHIPS packages dominate dollar flows.
[cot:tool] start read C:\Users\ether\AppData\Local\data-insights-blog-workers\worker-2\src\data\fiscal-industrial-policy-update-202608-data.ts
[cot:tool] done read C:\Users\ether\AppData\Local\data-insights-blog-workers\worker-2\src\data\fiscal-industrial-policy-update-202608-data.ts
[cot:tool] start read C:\Users\ether\AppData\Local\data-insights-blog-workers\worker-2\src\data\fiscal-industrial-policy-update-2026q3-data.ts
[cot:tool] done read C:\Users\ether\AppData\Local\data-insights-blog-workers\worker-2\src\data\fiscal-industrial-policy-update-2026q3-data.ts
[cot:tool] start read C:\Users\ether\AppData\Local\data-insights-blog-workers\worker-2\artifacts\backend-manifest.json
[cot:tool] done read C:\Users\ether\AppData\Local\data-insights-blog-workers\worker-2\artifacts\backend-manifest.json
[cot:tool] start read C:\Users\ether\AppData\Local\data-insights-blog-workers\worker-2\src\data\posts.ts
[cot:tool] done read C:\Users\ether\AppData\Local\data-insights-blog-workers\worker-2\src\data\posts.ts
[cot:thought] I am building a concentration-focused data module to measure how heavily the top of the distribution is weighted.
[cot:thought] Six narrative angles
[cot:thought] are mapped out. These cover intervention stock concentration, 2023 flows, dollar package dominance, strategic targeting, import barriers, and monthly flows.
[cot:thought] Estimating individual
[cot:thought] H-NIPO shares for the top three actors. China is projected at roughly 22 percent, the United States at 16 percent, and the European Union at 15 percent. Japan is estimated at five percent and the rest at forty-two percent.
[cot:thought] These splits will be flagged as estimates since exact percentages are unavailable.
[cot:thought] Package dollar concentration
[cot:thought] is now quantified. The United States holds seventy-one percent of major package war chests. The United States IRA alone accounts for fifty-nine percent of total package value.
[cot:thought] The top three jurisdictions hold seventy-five percent. The United States totals four hundred forty-six point seven billion dollars. The European Union totals eighty-seven billion. China totals forty-eight billion.
[cot:thought] Japan totals twenty-five billion. Korea totals nineteen billion. The top three actors account for ninety-three percent of intervention counts. Counts are moderately concentrated, while dollar values are extremely concentrated. A headline figure of sixty-three percent for the big three is being traced to its source.
[cot:tool] start grep C:\Users\ether\AppData\Local\data-insights-blog-workers\worker-2\src\data\fiscal-industrial-policy-update-202608-data.ts
[cot:tool] done grep C:\Users\ether\AppData\Local\data-insights-blog-workers\worker-2\src\data\fiscal-industrial-policy-update-202608-data.ts
[cot:tool] start grep C:\Users\ether\AppData\Local\data-insights-blog-workers\worker-2\src\data\posts.ts
[cot:tool] start shell $env:BLOG_REPO_ROOT='E:\AI Projects\data-insights-blog'; npx tsx "E:\AI Projects\data-insights-blog\scripts\update-agent-job.mjs" --job job-mt286px5-c6c1j --status building --activity "Writing concentration data module"
[cot:tool] done grep C:\Users\ether\AppData\Local\data-insights-blog-workers\worker-2\src\data\posts.ts
[cot:tool] done shell $env:BLOG_REPO_ROOT='E:\AI Projects\data-insights-blog'; npx tsx "E:\AI Projects\data-insights-blog\scripts\update-agent-job.mjs" --job job-mt286px5-c6c1j --status building --activity "Writing concentration data module"
[cot:thought] The concentration story is now clear. Key concentration
[cot:thought] metrics are now defined. The Big Three hold roughly 63% of cumulative IP counts. US packages dominate dollar flows at about 71%. Dual-use shares within the Big Three reach 70???98%.
[cot:thought] Monthly flows are less concentrated, with the top three stocks accounting for 38% and the remainder for 62%. US firms represent 20% of global import-barrier actions. The headline will anchor on either the Big Three stock share or the top-one package figure.
[cot:thought] The Teneo estimate
[cot:thought] of roughly 63% Big Three share of cumulative IPs is the chosen headline metric. Estimated individual country shares for H-NIPO historical data are being constructed from available tables.
[cot:thought] China typically leads on stock counts while the US leads on monthly flows. The top-three package
[cot:thought] share reaches 93% across US, EU, and China. The data module will contain jurisdiction stock shares, a concentration curve, dollar package shares, strategic intensity, monthly flow splits, and import barrier metrics.
[cot:thought] HHI metrics are being added to the data module. The first commit phase is now underway.
[cot:thought] Writing the concentration data module from existing NIPO/Teneo figures, then committing phase 1.
[cot:tool] start edit C:\Users\ether\AppData\Local\data-insights-blog-workers\worker-2\src\data\fiscal-industrial-policy-concentration-2026-data.ts
[cot:tool] done edit C:\Users\ether\AppData\Local\data-insights-blog-workers\worker-2\src\data\fiscal-industrial-policy-concentration-2026-data.ts
[cot:thought] Committing phase 1 and starting the dashboard build.
[cot:tool] start shell git add -A; git commit --trailer "Co-authored-by: Cursor <cursoragent@cursor.com>" -m "wip(fiscal-industrial-policy-concentration-2026): data module"; $env:BLOG_REPO_ROOT='E:\AI Projects\data-insights-blog'; npx tsx "E:\AI Projects\data-insights-blog\scripts\update-agent-job.mjs" --job job-mt286px5-c6c1j --status building --activity "Data module committed; building dashboard + viz wireup"
[cot:tool] start read C:\Users\ether\AppData\Local\data-insights-blog-workers\worker-2\src\components\PostVisualization.tsx
[cot:tool] done read C:\Users\ether\AppData\Local\data-insights-blog-workers\worker-2\src\components\PostVisualization.tsx
[cot:tool] start read C:\Users\ether\AppData\Local\data-insights-blog-workers\worker-2\src\components\PostVisualization.tsx
[cot:tool] start read C:\Users\ether\AppData\Local\data-insights-blog-workers\worker-2\src\data\theme-registry.ts
[cot:tool] done read C:\Users\ether\AppData\Local\data-insights-blog-workers\worker-2\src\components\PostVisualization.tsx
[cot:tool] done read C:\Users\ether\AppData\Local\data-insights-blog-workers\worker-2\src\data\theme-registry.ts
[cot:tool] done shell git add -A; git commit --trailer "Co-authored-by: Cursor <cursoragent@cursor.com>" -m "wip(fiscal-industrial-policy-concentration-2026): data module"; $env:BLOG_REPO_ROOT='E:\AI Projects\data-insights-blog'; npx tsx "E:\AI Projects\data-insights-blog\scripts\update-agent-job.mjs" --job job-mt286px5-c6c1j --status building --activity "Data module committed; building dashboard + viz wireup"
[cot:thought] The dashboard component needs to be created and wired up. Checking the end of
[cot:thought] PostVisualization for the bank-commercial-credit-update pattern and counting the if branches.
[cot:thought] Building the dashboard and wiring it into the viz registry.
[cot:tool] start read C:\Users\ether\AppData\Local\data-insights-blog-workers\worker-2\src\components\PostVisualization.tsx
[cot:tool] done read C:\Users\ether\AppData\Local\data-insights-blog-workers\worker-2\src\components\PostVisualization.tsx
[cot:tool] start grep C:\Users\ether\AppData\Local\data-insights-blog-workers\worker-2\src\components\PostVisualization.tsx
[cot:tool] start read C:\Users\ether\AppData\Local\data-insights-blog-workers\worker-2\src\components\visualizations\AiPowerGridConcentrationDashboard.tsx
[cot:tool] done read C:\Users\ether\AppData\Local\data-insights-blog-workers\worker-2\src\components\visualizations\AiPowerGridConcentrationDashboard.tsx
[cot:tool] done grep C:\Users\ether\AppData\Local\data-insights-blog-workers\worker-2\src\components\PostVisualization.tsx
[cot:thought] An industrial-robotics-concentration-2026 post already exists. Checking the existing
[cot:thought] industrial-robotics dashboard as a reference pattern.
[cot:tool] start glob
[cot:tool] start read C:\Users\ether\AppData\Local\data-insights-blog-workers\worker-2\src\components\PostVisualization.tsx
[cot:tool] done read C:\Users\ether\AppData\Local\data-insights-blog-workers\worker-2\src\components\PostVisualization.tsx
[cot:tool] done glob
[cot:thought] Planning a comprehensive dashboard for the fiscal-industrial policy post. The dashboard will
[cot:thought] feature four view toggles???ladder, packages, strategic, and flow???with metric switches inside each.
[cot:thought] Chart types include a composed Lorenz area and line, a horizontal bar chart, pie and donut charts, a scatter chart, and a composed dumbbell for strategic panels. This satisfies the required three chart types, four panels, and two controls.
[cot:tool] start edit C:\Users\ether\AppData\Local\data-insights-blog-workers\worker-2\src\components\visualizations\FiscalIndustrialPolicyConcentrationDashboard.tsx
[cot:tool] done edit C:\Users\ether\AppData\Local\data-insights-blog-workers\worker-2\src\components\visualizations\FiscalIndustrialPolicyConcentrationDashboard.tsx
[cot:thought] Wiring up post.ts and PostVisualization. Also integrating TSX
[cot:thought] components and the theme registry.
[cot:tool] start edit C:\Users\ether\AppData\Local\data-insights-blog-workers\worker-2\src\types\post.ts
[cot:tool] done edit
[cot:tool] start edit C:\Users\ether\AppData\Local\data-insights-blog-workers\worker-2\src\data\theme-registry.ts
[cot:tool] done edit
[cot:tool] start edit C:\Users\ether\AppData\Local\data-insights-blog-workers\worker-2\src\components\PostVisualization.tsx
[cot:tool] done edit C:\Users\ether\AppData\Local\data-insights-blog-workers\worker-2\src\components\PostVisualization.tsx
[cot:tool] start edit C:\Users\ether\AppData\Local\data-insights-blog-workers\worker-2\src\components\PostVisualization.tsx
[cot:tool] done edit
[cot:thought] Files were updated by merges or other workers syncing.Files shifted under sync ???
[cot:thought] checking current registration points and re-applying wireup.
[cot:tool] start grep C:\Users\ether\AppData\Local\data-insights-blog-workers\worker-2\src\types\post.ts
[cot:tool] done grep C:\Users\ether\AppData\Local\data-insights-blog-workers\worker-2\src\types\post.ts
[cot:tool] start grep C:\Users\ether\AppData\Local\data-insights-blog-workers\worker-2\src\components\PostVisualization.tsx
[cot:tool] done grep C:\Users\ether\AppData\Local\data-insights-blog-workers\worker-2\src\components\PostVisualization.tsx
[cot:tool] start read C:\Users\ether\AppData\Local\data-insights-blog-workers\worker-2\src\types\post.ts
[cot:tool] done read C:\Users\ether\AppData\Local\data-insights-blog-workers\worker-2\src\types\post.ts
[cot:tool] start read C:\Users\ether\AppData\Local\data-insights-blog-workers\worker-2\src\components\PostVisualization.tsx
[cot:tool] done read C:\Users\ether\AppData\Local\data-insights-blog-workers\worker-2\src\components\PostVisualization.tsx
[cot:tool] start read C:\Users\ether\AppData\Local\data-insights-blog-workers\worker-2\src\data\theme-registry.ts
[cot:tool] start shell if (Test-Path "E:\AI Projects\data-insights-blog\artifacts\conveyor-sync.json") { Get-Content "E:\AI Projects\data-insights-blog\artifacts\conveyor-sync.json" } else { "missing" }; git status -sb; git log -2 --oneline
[cot:tool] done read C:\Users\ether\AppData\Local\data-insights-blog-workers\worker-2\src\data\theme-registry.ts
[cot:tool] done shell if (Test-Path "E:\AI Projects\data-insights-blog\artifacts\conveyor-sync.json") { Get-Content "E:\AI Projects\data-insights-blog\artifacts\conveyor-sync.json" } else { "missing" }; git status -sb; git log -2 --oneline
[cot:thought] The data module commit hash changed from cbcd653 to dd797d2 following a rebase with demographic-cash-flows.
[cot:thought] Finished wiring up the dynamic import for the FiscalIndustrialPolicyConcentrationDashboard component.
[cot:tool] start edit C:\Users\ether\AppData\Local\data-insights-blog-workers\worker-2\src\types\post.ts
[cot:tool] done edit C:\Users\ether\AppData\Local\data-insights-blog-workers\worker-2\src\types\post.ts
[cot:tool] start edit C:\Users\ether\AppData\Local\data-insights-blog-workers\worker-2\src\data\theme-registry.ts
[cot:tool] done edit C:\Users\ether\AppData\Local\data-insights-blog-workers\worker-2\src\data\theme-registry.ts
[cot:tool] start edit C:\Users\ether\AppData\Local\data-insights-blog-workers\worker-2\src\components\PostVisualization.tsx
[cot:tool] start read C:\Users\ether\AppData\Local\data-insights-blog-workers\worker-2\src\components\PostVisualization.tsx
[cot:tool] done edit C:\Users\ether\AppData\Local\data-insights-blog-workers\worker-2\src\components\PostVisualization.tsx
[cot:tool] done read C:\Users\ether\AppData\Local\data-insights-blog-workers\worker-2\src\components\PostVisualization.tsx
[cot:thought] Dynamic import is already present. Committing phase 2.
[cot:thought] Moving to posts and hero.
[cot:tool] start shell git add -A; git commit --trailer "Co-authored-by: Cursor <cursoragent@cursor.com>" -m "wip(fiscal-industrial-policy-concentration-2026): dashboard + viz wireup"; $env:BLOG_REPO_ROOT='E:\AI Projects\data-insights-blog'; npx tsx "E:\AI Projects\data-insights-blog\scripts\update-agent-job.mjs" --job job-mt286px5-c6c1j --status building --activity "Dashboard wired; writing post prose + hero"
[cot:tool] start generateImage
[cot:tool] done shell git add -A; git commit --trailer "Co-authored-by: Cursor <cursoragent@cursor.com>" -m "wip(fiscal-industrial-policy-concentration-2026): dashboard + viz wireup"; $env:BLOG_REPO_ROOT='E:\AI Projects\data-insights-blog'; npx tsx "E:\AI Projects\data-insights-blog\scripts\update-agent-job.mjs" --job job-mt286px5-c6c1j --status building --activity "Dashboard wired; writing post prose + hero"
[cot:tool] done generateImage
[cot:thought] Copying the hero image to public/images/ and writing the post entry. Checking where posts
[cot:thought] are inserted in the posts array.
[cot:tool] start shell New-Item -ItemType Directory -Force -Path "public\images" | Out-Null; Copy-Item "C:\Users\ether\.cursor\projects\C-Users-ether-AppData-Local-data-insights-blog-workers-worker-2\assets\politics-fiscal-industrial-policy-concentration-2026-hero.png" -Destination "public\images\politics-fiscal-industrial-policy-concentration-2026-hero.png" -Force; (Get-Item "public\images\politics-fiscal-industrial-policy-concentration-2026-hero.png").Length
[cot:tool] start read C:\Users\ether\AppData\Local\data-insights-blog-workers\worker-2\src\data\posts.ts
[cot:tool] done read C:\Users\ether\AppData\Local\data-insights-blog-workers\worker-2\src\data\posts.ts
[cot:tool] done shell New-Item -ItemType Directory -Force -Path "public\images" | Out-Null; Copy-Item "C:\Users\ether\.cursor\projects\C-Users-ether-AppData-Local-data-insights-blog-workers-worker-2\assets\politics-fiscal-industrial-policy-concentration-2026-hero.png" -Destination "public\images\politics-fiscal-industrial-policy-concentration-2026-hero.png" -Force; (Get-Item "public\images\politics-fiscal-industrial-policy-concentration-2026-hero.png").Length
[cot:thought] The new post will be inserted at the top of the samplePosts array. The post must exceed
[cot:thought] 1200 words. It needs at least six H2 headings. It must include caveats and a table. It must contain at least two internal links.
[cot:tool] start edit C:\Users\ether\AppData\Local\data-insights-blog-workers\worker-2\src\data\posts.ts
[cot:tool] done edit C:\Users\ether\AppData\Local\data-insights-blog-workers\worker-2\src\data\posts.ts
[cot:thought] Updating the backend manifest and committing phase 3. Then writing the QA script and smoke marker.
[cot:tool] start edit C:\Users\ether\AppData\Local\data-insights-blog-workers\worker-2\artifacts\backend-manifest.json
[cot:tool] done edit C:\Users\ether\AppData\Local\data-insights-blog-workers\worker-2\artifacts\backend-manifest.json
[cot:tool] start shell git add -A; git commit --trailer "Co-authored-by: Cursor <cursoragent@cursor.com>" -m "wip(fiscal-industrial-policy-concentration-2026): post prose + hero"; $env:BLOG_REPO_ROOT='E:\AI Projects\data-insights-blog'; npx tsx "E:\AI Projects\data-insights-blog\scripts\update-agent-job.mjs" --job job-mt286px5-c6c1j --status building --activity "Post+hero committed; writing QA + smoke marker"
[cot:tool] start read C:\Users\ether\AppData\Local\data-insights-blog-workers\worker-2\scripts\smoke-test-viz-posts.mjs
[cot:tool] done read C:\Users\ether\AppData\Local\data-insights-blog-workers\worker-2\scripts\smoke-test-viz-posts.mjs
[cot:tool] done shell git add -A; git commit --trailer "Co-authored-by: Cursor <cursoragent@cursor.com>" -m "wip(fiscal-industrial-policy-concentration-2026): post prose + hero"; $env:BLOG_REPO_ROOT='E:\AI Projects\data-insights-blog'; npx tsx "E:\AI Projects\data-insights-blog\scripts\update-agent-job.mjs" --job job-mt286px5-c6c1j --status building --activity "Post+hero committed; writing QA + smoke marker"
[cot:thought] The posts.ts commit shows massive insertions and deletions. This likely indicates line ending changes or a full file rewrite.
[cot:thought] A smoke and QA script will be added as a safeguard.
[cot:thought] Adding the QA script and smoke-test marker next.
[cot:tool] start edit C:\Users\ether\AppData\Local\data-insights-blog-workers\worker-2\scripts\smoke-test-viz-posts.mjs
[cot:tool] done edit C:\Users\ether\AppData\Local\data-insights-blog-workers\worker-2\scripts\smoke-test-viz-posts.mjs
[cot:tool] start edit C:\Users\ether\AppData\Local\data-insights-blog-workers\worker-2\scripts\qa-fiscal-industrial-policy-concentration-2026.mjs
[cot:tool] start shell if (Test-Path "E:\AI Projects\data-insights-blog\artifacts\conveyor-sync.json") { Get-Content "E:\AI Projects\data-insights-blog\artifacts\conveyor-sync.json" | Select-Object -First 15 }
[cot:tool] done edit C:\Users\ether\AppData\Local\data-insights-blog-workers\worker-2\scripts\qa-fiscal-industrial-policy-concentration-2026.mjs
[cot:tool] done shell if (Test-Path "E:\AI Projects\data-insights-blog\artifacts\conveyor-sync.json") { Get-Content "E:\AI Projects\data-insights-blog\artifacts\conveyor-sync.json" | Select-Object -First 15 }
[cot:thought] Committing the changes and running QA smoke tests. Then deploying with the correct ports.
[cot:tool] start shell git add -A; git commit --trailer "Co-authored-by: Cursor <cursoragent@cursor.com>" -m "wip(fiscal-industrial-policy-concentration-2026): qa + smoke"; $env:BLOG_REPO_ROOT='E:\AI Projects\data-insights-blog'; npx tsx "E:\AI Projects\data-insights-blog\scripts\update-agent-job.mjs" --job job-mt286px5-c6c1j --status qa --activity "QA + smoke committed; running npm run deploy on ports 4182/4183"
[cot:tool] done shell git add -A; git commit --trailer "Co-authored-by: Cursor <cursoragent@cursor.com>" -m "wip(fiscal-industrial-policy-concentration-2026): qa + smoke"; $env:BLOG_REPO_ROOT='E:\AI Projects\data-insights-blog'; npx tsx "E:\AI Projects\data-insights-blog\scripts\update-agent-job.mjs" --job job-mt286px5-c6c1j --status qa --activity "QA + smoke committed; running npm run deploy on ports 4182/4183"
[cot:thought] Running the deploy script with smoke test ports 4182 and 4183. Extending the block-until
[cot:thought] timeout to accommodate the expected duration.
[cot:tool] start shell $env:SMOKE_PORT='4182'; $env:SMOKE_QA_PORT='4183'; npm run deploy
[cot:tool] done shell $env:SMOKE_PORT='4182'; $env:SMOKE_QA_PORT='4183'; npm run deploy
[cot:thought] Deployment passed. Proceeding with the next steps. Running the specific
[cot:thought] QA script now. The post date should place it at the top of the newest list. Proceeding to final commit and job status update.
[cot:thought] Deploy passed. Running the post QA script, then final commit and ready mark.
[cot:tool] start shell $env:SMOKE_PORT='4182'; node scripts/qa-fiscal-industrial-policy-concentration-2026.mjs; if (Test-Path "out/blog/fiscal-industrial-policy-concentration-2026.html") { "HTML: out/blog/...html OK" } elseif (Test-Path "out/blog/fiscal-industrial-policy-concentration-2026/index.html") { "HTML: index.html OK" } else { "HTML MISSING"; Get-ChildItem out/blog -Filter "*fiscal-industrial-policy-concentration*" }
[cot:tool] done shell $env:SMOKE_PORT='4182'; node scripts/qa-fiscal-industrial-policy-concentration-2026.mjs; if (Test-Path "out/blog/fiscal-industrial-policy-concentration-2026.html") { "HTML: out/blog/...html OK" } elseif (Test-Path "out/blog/fiscal-industrial-policy-concentration-2026/index.html") { "HTML: index.html OK" } else { "HTML MISSING"; Get-ChildItem out/blog -Filter "*fiscal-industrial-policy-concentration*" }
[cot:thought] The QA script hangs during the auditVizInteractions check.
[cot:tool] start await
[cot:tool] done await
[cot:thought] Checking the output to confirm PASS.
[cot:tool] start read C:\Users\ether\.cursor\projects\C-Users-ether-AppData-Local-data-insights-blog-workers-worker-2\terminals\561008.txt
[cot:tool] done read C:\Users\ether\.cursor\projects\C-Users-ether-AppData-Local-data-insights-blog-workers-worker-2\terminals\561008.txt
[cot:thought] QA passed with only warnings and no issues. Proceeding to commit
[cot:thought] the changes and mark the job ready.
[cot:tool] start shell git add -A; git status -sb; git commit --trailer "Co-authored-by: Cursor <cursoragent@cursor.com>" -m "feat(post): fiscal-industrial-policy-concentration-2026"; $env:BLOG_REPO_ROOT='E:\AI Projects\data-insights-blog'; npx tsx "E:\AI Projects\data-insights-blog\scripts\update-agent-job.mjs" --job job-mt286px5-c6c1j --status ready --activity "Ready for merge" --headline "Top-3 stock 63% ?? US packages ~71% ?? Top-3 packages ~93% ?? June flow top-3 38%"; git status -sb; git log -6 --oneline
[cot:tool] done shell git add -A; git status -sb; git commit --trailer "Co-authored-by: Cursor <cursoragent@cursor.com>" -m "feat(post): fiscal-industrial-policy-concentration-2026"; $env:BLOG_REPO_ROOT='E:\AI Projects\data-insights-blog'; npx tsx "E:\AI Projects\data-insights-blog\scripts\update-agent-job.mjs" --job job-mt286px5-c6c1j --status ready --activity "Ready for merge" --headline "Top-3 stock 63% ?? US packages ~71% ?? Top-3 packages ~93% ?? June flow top-3 38%"; git status -sb; git log -6 --oneline
[cot:thought] The final feature commit was skipped because the working tree was already clean.
[cot:thought] Amending the last
[cot:thought] local-only commit to match the required `feat(post)` message is being considered, though the user's rule against `git commit --amend` without full conditions is being weighed.
[cot:thought] The worker brief authorizes
[cot:thought] amending the last local-only commit to the required `feat(post)` message. Multiple wip commits exist, so amending will only update the most recent one.
[cot:thought] Empty commits were
[cot:thought] rejected as awkward. The last local-only commit will be amended to the required `feat(post)` message.
[cot:thought] Amending the last local wip commit to the required `feat(post):` message.
[cot:tool] start shell git log -1 --format='%an %ae'; git status -sb; git commit --trailer "Co-authored-by: Cursor <cursoragent@cursor.com>" --amend -m "feat(post): fiscal-industrial-policy-concentration-2026"; git log -5 --oneline; git status -sb
[cot:tool] done shell git log -1 --format='%an %ae'; git status -sb; git commit --trailer "Co-authored-by: Cursor <cursoragent@cursor.com>" --amend -m "feat(post): fiscal-industrial-policy-concentration-2026"; git log -5 --oneline; git status -sb
[cot:thought] The commit author shows as "Joe M" rather than the current user. The commit itself was generated by tooling during this conversation.
[cot:thought] Amend succeeded. Job
[cot:thought] is already marked ready. Printing WorkerReady and exiting.
[cot:tool] start shell Write-Output "WorkerReady: fiscal-industrial-policy-concentration-2026 | job=job-mt286px5-c6c1j | worker=2"
[cot:tool] done shell Write-Output "WorkerReady: fiscal-industrial-policy-concentration-2026 | job=job-mt286px5-c6c1j | worker=2"
[cot:thought] The fiscal-industrial-policy-concentration-2026 post is complete. It meets all quality blockers: over 1200 words, six H2 sections, caveats, a table, two internal links, three chart types, four panels, and two controls. The HTML file was committed to git. The job is marked ready.
[cot:thought] Shipped **fiscal-industrial-policy-concentration-2026** on `post/fiscal-industrial-policy-concentration-2026-w2`.
[cot:thought] **
[cot:thought] Headline:** Top-3 stock **63%** ?? US packages **~71%** ?? Top-3 packages **~93%** ??
[cot:thought] June flow top-3 **38%**
[cot:thought] **Delivered:** data module, 4-view dashboard (Lorenz / bars / pie / scatter / strategic), viz registration, Politics post (???
[cot:thought] 6 H2s, table, caveats, internal links), hero PNG, QA + smoke marker, theme slug map, backend manifest.
[cot:thought] **Gate:** `npm run deploy` (ports 4182/4183) exit 0 ?? job marked **ready**
[cot:system] task_notification
[cot:thought] `WorkerReady: fiscal-industrial-policy-concentration-2026 | job=job-mt286px5-c6c1j | worker=2`The shell task is complete.
[cot:thought] No follow-up actions are required.Post QA finished successfully ??? `qa-fiscal-industrial-policy-concentration-2026: PASS`, and the static HTML is present under `out/blog/`.
[cot:thought] The job is already marked ready for merge.
[cot:system] result ok 883642ms ΓÇö I'll start as worker 2 on the fiscal-industrial-policy concentration post: check conveyor sync, read production rules, and mark the job researching.Next I'll pull concentration-dashboard patterns and fiscal-policy concentration figures so w
[2026-08-20 20:58:06] Job job-mt286px5-c6c1j marked ready
[2026-08-20 20:58:07] git: HEAD is now at 0146dba merge(post): geopolitics-institutions-concentration-2026 from worker 4 (path-selective)
[2026-08-20 20:58:07] Worker 2 finished (exit=0)
