[2026-08-01 01:33:10] Worker 4 starting job job-ms9u7axx-a787v (measurement-science-research-2026) in E:\AI Projects\data-insights-blog-worktrees\worker-4 (branch post/measurement-science-research-2026-w4)
[2026-08-01 01:33:11] Creating post/measurement-science-research-2026-w4 from master 0b66a4802791867de514152eb05422337974e9c4
[2026-08-01 01:33:11] Resetting worktree then checkout post/measurement-science-research-2026-w4 at 0b66a4802791867de514152eb05422337974e9c4
[2026-08-01 01:33:12] git: HEAD is now at 0b66a48 merge(post): migration-humanitarian-research-2026 from worker 3 (path-selective)
[2026-08-01 01:33:12] git: Removing scripts/bootstrap-worktrees.ps1
[2026-08-01 01:33:12] git: Removing scripts/claim-next-topics.mjs
[2026-08-01 01:33:13] git: Removing scripts/claim-recovery-job.mjs
[2026-08-01 01:33:13] git: Removing scripts/clear-resolved-failures.mjs
[2026-08-01 01:33:13] git: Removing scripts/cursor-watchdog-loop.ps1
[2026-08-01 01:33:13] git: Removing scripts/debug-agent-transport.ps1
[2026-08-01 01:33:13] git: Removing scripts/firebase-deploy-hosting.mjs
[2026-08-01 01:33:13] git: Removing scripts/lib/agent-jobs.mjs
[2026-08-01 01:33:13] git: Removing scripts/lib/agent-stream-cot.mjs
[2026-08-01 01:33:13] git: Removing scripts/lib/markdown-formatting-qa.mjs
[2026-08-01 01:33:13] git: Removing scripts/lib/production-ship-parser.mjs
[2026-08-01 01:33:13] git: Removing scripts/lib/viz-interaction-qa.mjs
[2026-08-01 01:33:13] git: Removing scripts/lib/worker-exit-remap.mjs
[2026-08-01 01:33:13] git: Removing scripts/local-blog-server.mjs
[2026-08-01 01:33:13] git: Removing scripts/production-stream-server.mjs
[2026-08-01 01:33:13] git: Removing scripts/production-stream-ui.html
[2026-08-01 01:33:13] git: Removing scripts/prompts/
[2026-08-01 01:33:13] git: Removing scripts/prune-post-branches.mjs
[2026-08-01 01:33:13] git: Removing scripts/qa-cot-stream.mjs
[2026-08-01 01:33:13] git: Removing scripts/qa-fiscal-plumbing-research-2026.mjs
[2026-08-01 01:33:13] git: Removing scripts/qa-global-shipbuilding-gt-delivery-concentration-2026.mjs
[2026-08-01 01:33:13] git: Removing scripts/qa-worker-isolation-requeue.mjs
[2026-08-01 01:33:13] git: Removing scripts/qa-worker-transport-exit.mjs
[2026-08-01 01:33:13] git: Removing scripts/resolve-flagged-jobs.mjs
[2026-08-01 01:33:13] git: Removing scripts/resume-blog-automation.ps1
[2026-08-01 01:33:13] git: Removing scripts/run-blog-orchestrator.ps1
[2026-08-01 01:33:13] git: Removing scripts/run-blog-production-local.ps1
[2026-08-01 01:33:13] git: Removing scripts/run-blog-worker.ps1
[2026-08-01 01:33:13] git: Removing scripts/start-blog-automation-in-app.ps1
[2026-08-01 01:33:13] git: Removing scripts/stop-blog-automation.ps1
[2026-08-01 01:33:13] git: Removing scripts/theme-balance.ts
[2026-08-01 01:33:13] git: Removing scripts/update-agent-job.mjs
[2026-08-01 01:33:13] git: Removing scripts/watch-blog-production.ps1
[2026-08-01 01:33:13] git: Removing public/images/global-systems-fiscal-plumbing-research-2026-hero.png
[2026-08-01 01:33:13] git: Removing public/images/industry-commercial-aircraft-final-assembly-geography-2026-hero.png
[2026-08-01 01:33:13] git: Removing public/images/industry-global-shipbuilding-gt-delivery-concentration-2026-hero.png
[2026-08-01 01:33:13] git: Removing src/components/charts/
[2026-08-01 01:33:13] git: Removing src/components/visualizations/BankLoanChargeoffsDashboard.tsx
[2026-08-01 01:33:13] git: Removing src/components/visualizations/CommercialAircraftAssemblyDashboard.tsx
[2026-08-01 01:33:13] git: Removing src/components/visualizations/FiscalPlumbingResearchDashboard.tsx
[2026-08-01 01:33:13] git: Removing src/components/visualizations/GlobalShipbuildingGtDeliveryDashboard.tsx
[2026-08-01 01:33:13] git: Removing src/components/visualizations/IrenaRenewableCapacityDashboard.tsx
[2026-08-01 01:33:13] git: Removing src/components/visualizations/MoneyMarketFundsDepositsDashboard.tsx
[2026-08-01 01:33:13] git: Removing src/components/visualizations/NaturalGraphiteMineConcentrationDashboard.tsx
[2026-08-01 01:33:14] git: Removing src/components/visualizations/OecdDacOdaDashboard.tsx
[2026-08-01 01:33:14] git: Removing src/data/bank-loan-chargeoffs-data.ts
[2026-08-01 01:33:14] git: Removing src/data/commercial-aircraft-assembly-data.ts
[2026-08-01 01:33:14] git: Removing src/data/fiscal-plumbing-research-2026-data.ts
[2026-08-01 01:33:14] git: Removing src/data/global-shipbuilding-gt-delivery-concentration-2026-data.ts
[2026-08-01 01:33:14] git: Removing src/data/irena-renewable-capacity-data.ts
[2026-08-01 01:33:14] git: Removing src/data/money-market-funds-deposits-data.ts
[2026-08-01 01:33:14] git: Removing src/data/natural-graphite-mine-concentration-data.ts
[2026-08-01 01:33:14] git: Removing src/data/oecd-dac-oda-data.ts
[2026-08-01 01:33:14] git: Removing src/data/social-security-trust-fund-data.ts
[2026-08-01 01:33:14] git: HEAD is now at 0b66a48 merge(post): migration-humanitarian-research-2026 from worker 3 (path-selective)
[2026-08-01 01:33:14] git: Switched to a new branch 'post/measurement-science-research-2026-w4'
[2026-08-01 01:33:16] Worker 4 ports: SMOKE_PORT=4186 SMOKE_QA_PORT=4187 (isolated Node static servers)
[2026-08-01 01:33:16] Invoking agent for worker 4 (-p --force --trust --workspace worktree)
[2026-08-01 01:33:16] Agent stream-json -> E:\AI Projects\data-insights-blog\artifacts\automation-logs\worker-4-2026-08-01_01-33-10.log (cot E:\AI Projects\data-insights-blog\artifacts\automation-logs\worker-4-2026-08-01_01-33-10.cot.log, raw E:\AI Projects\data-insights-blog\artifacts\automation-logs\worker-4-2026-08-01_01-33-10.ndjson)
[cot:system] session model=Auto cwd=E:\AI Projects\data-insights-blog-worktrees\worker-4
[cot:user] You are a blog production WORKER in a parallel multi-agent system. ## Identity - Worker ID: 4 - Job ID: job-ms9u7axx-a787v - Assigned slug: measurement-science-research-2026 - Theme ID: measurement-scΓÇª
[cot:thought] Beginning blog production for the Measurement & Science research post.
Reviewing strict production rules. Deploy commands
[cot:thought] are blocked. Smoke ports must still pass the local ship gate.
Checking whether `npm run deploy` triggers Firebase or only local
[cot:thought] smoke tests. The ship gate requires exit code 0, so the command must satisfy both the smoke port and the local build gate.
[cot:thought] Checking package.json to verify the deploy script. Hard worker rules override the general Firebase deployment mandate. Next steps:
[cot:thought] read the production rules, set the job to researching, explore existing posts for patterns, and review the measurement-science
[cot:thought] theme context.I'll research the measurement-science brief and ship the assigned post in this worktree
[cot:thought] only???starting with production rules and job status.
[cot:tool] start read E:\AI Projects\data-insights-blog-worktrees\worker-4\.cursor\rules\autonomous-blog-production.mdc
[cot:tool] start shell $env:BLOG_REPO_ROOT='E:\AI Projects\data-insights-blog'; npx tsx "E:\AI Projects\data-insights-blog\scripts\update-agent-job.mjs" --job job-ms9u7axx-a787v --status researching --activity "Researching measurement science funding & publication concentration"
[cot:tool] start glob
[cot:tool] start grep E:\AI Projects\data-insights-blog-worktrees\worker-4
[cot:tool] start read E:\AI Projects\data-insights-blog-worktrees\worker-4\package.json
[cot:tool] done read ?
[cot:tool] done glob
[cot:agent] connection/reconnecting
[2026-08-01 02:09:45] WARN: transport blip cliAttempt=1 (raw=) elapsed=0s
[cot:agent] retry/starting
[cot:agent] connection/reconnected
[2026-08-01 02:09:45] WARN: transport blip cliAttempt=1 (raw=) elapsed=0s
[cot:thought] Beginning the Measurement & Science research post for 2026.
Reviewing the autonomous production rules and existing codebase patterns.
[cot:thought] Updating the job status to researching.
Firebase deployment is explicitly excluded from the production chain. I need to verify
[cot:thought] whether `npm run deploy` maps to a local-only QA step instead.I'll research the production rules and
[cot:thought] existing post patterns, then build the measurement-science post in this worktree only.
[cot:tool] start read E:\AI Projects\data-insights-blog-worktrees\worker-4\.cursor\rules\autonomous-blog-production.mdc
[cot:tool] start shell $env:BLOG_REPO_ROOT='E:\AI Projects\data-insights-blog'; npx tsx "E:\AI Projects\data-insights-blog\scripts\update-agent-job.mjs" --job job-ms9u7axx-a787v --status researching --activity "Reading production rules and existing post patterns"
[cot:tool] start glob
[cot:tool] start grep E:\AI Projects\data-insights-blog-worktrees\worker-4\package.json
[cot:tool] start glob
[cot:agent] connection/reconnecting
[2026-08-01 02:09:47] WARN: transport blip cliAttempt=1 (raw=) elapsed=0s
[cot:agent] retry/starting
[cot:agent] connection/reconnected
[2026-08-01 02:09:47] WARN: transport blip cliAttempt=1 (raw=) elapsed=0s
[cot:thought] Beginning blog production for the Measurement & Science research post.
Reviewing production rules and existing patterns. Updating job
[cot:thought] status to researching.I'll build the measurement-science post end-to-end in this worktree only. First
[cot:thought] I'll load the production rules and mark the job as researching.
[cot:tool] start read E:\AI Projects\data-insights-blog-worktrees\worker-4\.cursor\rules\autonomous-blog-production.mdc
[cot:tool] start shell $env:BLOG_REPO_ROOT='E:\AI Projects\data-insights-blog'; npx tsx "E:\AI Projects\data-insights-blog\scripts\update-agent-job.mjs" --job job-ms9u7axx-a787v --status researching --activity "Reading production rules and surveying prior posts"
[cot:tool] start glob
[cot:tool] start grep E:\AI Projects\data-insights-blog-worktrees\worker-4\src
[cot:tool] done read ?
[cot:tool] done glob
[cot:tool] done grep E:\AI Projects\data-insights-blog-worktrees\worker-4\src
[cot:tool] done shell $env:BLOG_REPO_ROOT='E:\AI Projects\data-insights-blog'; npx tsx "E:\AI Projects\data-insights-blog\scripts\update-agent-job.mjs" --job job-ms9u7axx-a787v --status researching --activity "Reading production rules and surveying prior posts"
[cot:thought] Reviewing production rules and existing research posts to understand visual patterns.
[cot:tool] start glob
[cot:tool] start read E:\AI Projects\data-insights-blog-worktrees\worker-4\src\data\theme-registry.ts
[cot:tool] start glob
[cot:tool] start glob
[cot:tool] start read E:\AI Projects\data-insights-blog-worktrees\worker-4\src\types\post.ts
[cot:tool] done glob
[cot:tool] done read E:\AI Projects\data-insights-blog-worktrees\worker-4\src\data\theme-registry.ts
[cot:tool] done glob
[cot:tool] done read E:\AI Projects\data-insights-blog-worktrees\worker-4\src\types\post.ts
[cot:tool] done glob
[cot:agent] connection/reconnecting
[2026-08-01 02:09:51] WARN: transport blip cliAttempt=1 (raw=) elapsed=0s
[cot:agent] retry/starting
[cot:agent] retry/resuming
[cot:agent] connection/reconnected
[2026-08-01 02:09:52] WARN: transport blip cliAttempt=1 (raw=) elapsed=0s
[cot:tool] start glob
[cot:tool] start read E:\AI Projects\data-insights-blog-worktrees\worker-4\src\data\theme-registry.ts
[cot:tool] start glob
[cot:tool] start glob
[cot:tool] start read E:\AI Projects\data-insights-blog-worktrees\worker-4\src\types\post.ts
[cot:tool] done glob
[cot:tool] done glob
[cot:tool] done glob
[cot:tool] done read E:\AI Projects\data-insights-blog-worktrees\worker-4\src\data\theme-registry.ts
[cot:tool] done read E:\AI Projects\data-insights-blog-worktrees\worker-4\src\types\post.ts
[cot:thought] Reviewing recent research posts like fiscal-plumbing and migration-humanitarian as templates.
Also checking PostVisualization.tsx,
[cot:thought] the deployment script, and existing measurement posts like nih-disease-funding.I'll study a recent research
[cot:thought] post pattern and gather real data for science funding/publishing concentration.
[cot:tool] start read E:\AI Projects\data-insights-blog-worktrees\worker-4\src\data\fiscal-plumbing-research-2026-data.ts
[cot:tool] start read E:\AI Projects\data-insights-blog-worktrees\worker-4\scripts\qa-fiscal-plumbing-research-2026.mjs
[cot:tool] start grep E:\AI Projects\data-insights-blog-worktrees\worker-4\src
[cot:tool] start read E:\AI Projects\data-insights-blog-worktrees\worker-4\src\data\theme-registry.ts
[cot:tool] start grep E:\AI Projects\data-insights-blog-worktrees\worker-4\src\data\posts.ts
[cot:agent] interaction_query/request
[cot:agent] interaction_query/response
[cot:tool] done read E:\AI Projects\data-insights-blog-worktrees\worker-4\src\data\fiscal-plumbing-research-2026-data.ts
[cot:agent] connection/reconnecting
[2026-08-01 02:09:55] WARN: transport blip cliAttempt=1 (raw=) elapsed=0s
[cot:agent] retry/starting
[cot:agent] retry/resuming
[cot:agent] connection/reconnected
[2026-08-01 02:09:55] WARN: transport blip cliAttempt=1 (raw=) elapsed=0s
[cot:tool] start glob
[cot:tool] start read E:\AI Projects\data-insights-blog-worktrees\worker-4\src\data\theme-registry.ts
[cot:tool] start glob
[cot:tool] start glob
[cot:tool] start read E:\AI Projects\data-insights-blog-worktrees\worker-4\src\types\post.ts
[cot:tool] done glob
[cot:tool] done glob
[cot:tool] done glob
[cot:tool] done read E:\AI Projects\data-insights-blog-worktrees\worker-4\src\data\theme-registry.ts
[cot:tool] done read E:\AI Projects\data-insights-blog-worktrees\worker-4\src\types\post.ts
[cot:thought] The post.ts type definitions omit several untracked dashboards, including FiscalPlumbingResearchDashboard.
Reviewing recent research
[cot:thought] posts as templates. Checking production rules and the NIH disease funding post for measurement-science context.Next
[cot:thought] I'll study a recent research-post template and pull real R&D / publication concentration data for the
[cot:thought] brief.
[cot:tool] start read E:\AI Projects\data-insights-blog-worktrees\worker-4\src\data\fiscal-plumbing-research-2026-data.ts
[cot:tool] start read E:\AI Projects\data-insights-blog-worktrees\worker-4\scripts\qa-fiscal-plumbing-research-2026.mjs
[cot:tool] start grep E:\AI Projects\data-insights-blog-worktrees\worker-4\src
[cot:tool] start read E:\AI Projects\data-insights-blog-worktrees\worker-4\src\data\posts.ts
[cot:agent] interaction_query/request
[cot:agent] interaction_query/response
[cot:tool] done grep E:\AI Projects\data-insights-blog-worktrees\worker-4\src
[cot:tool] start webSearch
[cot:tool] done read E:\AI Projects\data-insights-blog-worktrees\worker-4\src\data\fiscal-plumbing-research-2026-data.ts
[cot:tool] done read E:\AI Projects\data-insights-blog-worktrees\worker-4\scripts\qa-fiscal-plumbing-research-2026.mjs
[cot:tool] done read E:\AI Projects\data-insights-blog-worktrees\worker-4\src\data\posts.ts
[cot:tool] done webSearch
[cot:thought] Gathering detailed NSF/NCSES data on publications and R&D concentration. Reviewing a research dashboard as a template.
Checking the NIH disease
[cot:thought] funding post for related measurement science content. Reviewing MacroGrowthTradeResearchDashboard for visualization patterns.
[cot:tool] start webFetch
[cot:agent] interaction_query/request
[cot:agent] interaction_query/response
[cot:agent] interaction_query/request
[cot:agent] interaction_query/response
[cot:tool] start read E:\AI Projects\data-insights-blog-worktrees\worker-4\src\components\visualizations\MacroGrowthTradeResearchDashboard.tsx
[cot:tool] start grep E:\AI Projects\data-insights-blog-worktrees\worker-4\src\data\posts.ts
[cot:tool] start read E:\AI Projects\data-insights-blog-worktrees\worker-4\package.json
[cot:agent] connection/reconnecting
[2026-08-01 02:10:00] WARN: transport blip cliAttempt=1 (raw=) elapsed=0s
[cot:agent] retry/starting
[cot:agent] retry/resuming
[cot:agent] connection/reconnected
[2026-08-01 02:10:00] WARN: transport blip cliAttempt=1 (raw=) elapsed=0s
[cot:thought] NSF Science and Engineering Indicators will provide data on publication concentration and R&D shares. A research dashboard pattern will
[cot:thought] guide the visualization structure.
Checking package.json for deploy scripts and existing NIH references for linking.
[cot:tool] start webFetch
[cot:agent] interaction_query/request
[cot:agent] interaction_query/response
[cot:agent] interaction_query/request
[cot:agent] interaction_query/response
[cot:tool] start read E:\AI Projects\data-insights-blog-worktrees\worker-4\src\components\visualizations\MigrationHumanitarianResearchDashboard.tsx
[cot:tool] start webSearch
[cot:tool] start grep E:\AI Projects\data-insights-blog-worktrees\worker-4\src\data\posts.ts
[cot:tool] done read E:\AI Projects\data-insights-blog-worktrees\worker-4\src\components\visualizations\MigrationHumanitarianResearchDashboard.tsx
[cot:tool] start grep E:\AI Projects\data-insights-blog-worktrees\worker-4\package.json
[cot:tool] done grep E:\AI Projects\data-insights-blog-worktrees\worker-4\src\data\posts.ts
[cot:tool] done grep E:\AI Projects\data-insights-blog-worktrees\worker-4\package.json
[cot:tool] done webFetch
[cot:tool] done webSearch
[cot:agent] connection/reconnecting
[2026-08-01 02:10:02] WARN: transport blip cliAttempt=1 (raw=) elapsed=0s
[cot:agent] retry/starting
[cot:agent] retry/resuming
[cot:agent] connection/reconnected
[2026-08-01 02:10:02] WARN: transport blip cliAttempt=1 (raw=) elapsed=0s
[cot:tool] start webFetch
[cot:agent] interaction_query/request
[cot:agent] interaction_query/response
[cot:tool] start read E:\AI Projects\data-insights-blog-worktrees\worker-4\src\components\visualizations\MigrationHumanitarianResearchDashboard.tsx
[cot:tool] start grep E:\AI Projects\data-insights-blog-worktrees\worker-4\src\data\posts.ts
[cot:tool] start grep E:\AI Projects\data-insights-blog-worktrees\worker-4\package.json
[cot:agent] interaction_query/request
[cot:agent] interaction_query/response
[cot:tool] start webSearch
[cot:tool] done grep E:\AI Projects\data-insights-blog-worktrees\worker-4\src\data\posts.ts
[cot:tool] done grep E:\AI Projects\data-insights-blog-worktrees\worker-4\package.json
[cot:tool] done read E:\AI Projects\data-insights-blog-worktrees\worker-4\src\components\visualizations\MigrationHumanitarianResearchDashboard.tsx
[cot:tool] done webFetch
[cot:tool] done webSearch
[cot:thought] The NSF Science and Engineering Indicators 2026 dataset provides strong material for the post.
Extracting more detailed
[cot:thought] numbers from the fetched files. Reviewing the MacroGrowthTrade dashboard as a reference pattern. Checking PostVisualization,
[cot:thought] smoke-test markers, backend-manifest, and QA script handling.
[cot:tool] start read C:\Users\ether\.cursor\projects\E-AI-Projects-data-insights-blog-worktrees-worker-4\agent-tools\a6d49592-cbdc-439c-9c8c-722136fa1dd0.txt
[cot:tool] start grep E:\AI Projects\data-insights-blog-worktrees\worker-4\scripts\smoke-test-viz-posts.mjs
[cot:tool] done read C:\Users\ether\.cursor\projects\E-AI-Projects-data-insights-blog-worktrees-worker-4\agent-tools\a6d49592-cbdc-439c-9c8c-722136fa1dd0.txt
[cot:tool] start read E:\AI Projects\data-insights-blog-worktrees\worker-4\src\components\PostVisualization.tsx
[cot:tool] done grep E:\AI Projects\data-insights-blog-worktrees\worker-4\scripts\smoke-test-viz-posts.mjs
[cot:tool] start grep E:\AI Projects\data-insights-blog-worktrees\worker-4\src\data\posts.ts
[cot:tool] done read E:\AI Projects\data-insights-blog-worktrees\worker-4\src\components\PostVisualization.tsx
[cot:tool] start read E:\AI Projects\data-insights-blog-worktrees\worker-4\artifacts\backend-manifest.json
[cot:tool] done grep E:\AI Projects\data-insights-blog-worktrees\worker-4\src\data\posts.ts
[cot:tool] done read E:\AI Projects\data-insights-blog-worktrees\worker-4\artifacts\backend-manifest.json
[cot:agent] connection/reconnecting
[2026-08-01 02:10:06] WARN: transport blip cliAttempt=1 (raw=) elapsed=0s
[cot:agent] retry/starting
[cot:agent] retry/resuming
[cot:agent] connection/reconnected
[2026-08-01 02:10:06] WARN: transport blip cliAttempt=1 (raw=) elapsed=0s
[cot:tool] start read C:\Users\ether\.cursor\projects\E-AI-Projects-data-insights-blog-worktrees-worker-4\agent-tools\a6d49592-cbdc-439c-9c8c-722136fa1dd0.txt
[cot:tool] start grep E:\AI Projects\data-insights-blog-worktrees\worker-4\scripts\smoke-test-viz-posts.mjs
[cot:tool] start read E:\AI Projects\data-insights-blog-worktrees\worker-4\src\components\PostVisualization.tsx
[cot:tool] start grep E:\AI Projects\data-insights-blog-worktrees\worker-4\src\data\posts.ts
[cot:tool] start read E:\AI Projects\data-insights-blog-worktrees\worker-4\artifacts\backend-manifest.json
[cot:tool] done grep E:\AI Projects\data-insights-blog-worktrees\worker-4\scripts\smoke-test-viz-posts.mjs
[cot:tool] done grep E:\AI Projects\data-insights-blog-worktrees\worker-4\src\data\posts.ts
[cot:tool] done read C:\Users\ether\.cursor\projects\E-AI-Projects-data-insights-blog-worktrees-worker-4\agent-tools\a6d49592-cbdc-439c-9c8c-722136fa1dd0.txt
[cot:tool] done read E:\AI Projects\data-insights-blog-worktrees\worker-4\src\components\PostVisualization.tsx
[cot:tool] done read E:\AI Projects\data-insights-blog-worktrees\worker-4\artifacts\backend-manifest.json
[cot:thought] The NSF Science and Engineering Indicators 2026 dataset provides strong material for the measurement science research post.
[cot:thought] Checking smoke-test post registration and MacroGrowthTrade dashboard patterns for streamgraphs and bump charts.
[cot:tool] start read E:\AI Projects\data-insights-blog-worktrees\worker-4\scripts\smoke-test-viz-posts.mjs
[cot:tool] start read E:\AI Projects\data-insights-blog-worktrees\worker-4\src\components\visualizations\MacroGrowthTradeResearchDashboard.tsx
[cot:tool] start grep E:\AI Projects\data-insights-blog-worktrees\worker-4\src\types\post.ts
[cot:tool] start grep E:\AI Projects\data-insights-blog-worktrees\worker-4\src\data\theme-registry.ts
[cot:tool] start read E:\AI Projects\data-insights-blog-worktrees\worker-4\scripts\lib\viz-interaction-qa.mjs
[cot:tool] done grep E:\AI Projects\data-insights-blog-worktrees\worker-4\src\types\post.ts
[cot:tool] done grep E:\AI Projects\data-insights-blog-worktrees\worker-4\src\data\theme-registry.ts
[cot:tool] done read E:\AI Projects\data-insights-blog-worktrees\worker-4\scripts\smoke-test-viz-posts.mjs
[cot:tool] done read E:\AI Projects\data-insights-blog-worktrees\worker-4\scripts\lib\viz-interaction-qa.mjs
[cot:tool] done read E:\AI Projects\data-insights-blog-worktrees\worker-4\src\components\visualizations\MacroGrowthTradeResearchDashboard.tsx
[cot:thought] Found a type mismatch: industrial-robotics and ai-supply-chain appear in posts.ts but are missing from the post.ts type definitions.
[cot:thought] Focusing on the assigned post rather than investigating unrelated gaps. The nih-disease-funding slug may be missing from posts.ts, so I
[cot:thought] will link to existing related posts instead. I am reviewing smoke-test patterns and AreaChart stackOffset usage for streamgraphs. The core
[cot:thought] question is whether progress is concentrated in where it is funded and published.
The headline will highlight China???s 30%
[cot:thought] global R&D share and 31% S&E publication share against the US at 29% and 12%. Six charts are planned: a stacked area streamgraph
[cot:thought] of global R&D shares, publication volume trajectories, an intensity scatter, field specialization bars, HCA impact comparisons,
[cot:thought] and US R&D type composition. Controls will include year toggles and country filters.
Additional controls will include a metric
[cot:thought] toggle between publications and R&D, plus a field filter for HCA. I have pulled exact NSF figures for 2024: China produced
[cot:thought] roughly 1.085 million S&E articles versus 420 thousand for the US, with China surpassing the US in 2017. For R&D shares, the 2024
[cot:thought] absolute totals are $3.48 trillion globally, $1.028 trillion for China, $1.009 trillion for the US, $234 billion for Japan, $193 billion
[cot:thought] for Germany, $162 billion for Korea, and $612 billion for the EU-27. I am now calculating 2024 R&D intensity values.
R&D intensity for
[cot:thought] 2024 is now set: China 2.7%, EU-27 2.1%, Germany 3.1%, Japan 3.4%, Taiwan 4.1%, Korea 5.1%. HCA 2022 values are US 1.7%, China 1.3%, EU-27
[cot:thought] 1.3%, India 1.1%, Japan 1.1%. Interpolated time series will be built from these anchors and flagged as approximate. NSF narrative shares
[cot:thought] will feed the publication streamgraph. I am also checking the nih post and planning internal links.
[cot:tool] start grep E:\AI Projects\data-insights-blog-worktrees\worker-4\src
[cot:tool] start read E:\AI Projects\data-insights-blog-worktrees\worker-4\scripts\smoke-test-viz-posts.mjs
[cot:tool] start shell $env:BLOG_REPO_ROOT='E:\AI Projects\data-insights-blog'; npx tsx "E:\AI Projects\data-insights-blog\scripts\update-agent-job.mjs" --job job-ms9u7axx-a787v --status building --activity "Building measurement-science data, dashboard, and post"
[cot:tool] done read E:\AI Projects\data-insights-blog-worktrees\worker-4\scripts\smoke-test-viz-posts.mjs
[cot:tool] done read E:\AI Projects\data-insights-blog-worktrees\worker-4\src\data\macro-growth-trade-research-2026-data.ts
[cot:tool] done grep E:\AI Projects\data-insights-blog-worktrees\worker-4\src
[cot:agent] connection/reconnecting
[2026-08-01 02:10:12] WARN: transport blip cliAttempt=1 (raw=) elapsed=0s
[cot:agent] retry/starting
[cot:agent] retry/resuming
[cot:agent] connection/reconnected
[2026-08-01 02:10:12] WARN: transport blip cliAttempt=1 (raw=) elapsed=0s
[cot:tool] start grep E:\AI Projects\data-insights-blog-worktrees\worker-4\src
[cot:tool] start read E:\AI Projects\data-insights-blog-worktrees\worker-4\scripts\smoke-test-viz-posts.mjs
[cot:tool] start read E:\AI Projects\data-insights-blog-worktrees\worker-4\src\data\macro-growth-trade-research-2026-data.ts
[cot:tool] start shell $env:BLOG_REPO_ROOT='E:\AI Projects\data-insights-blog'; npx tsx "E:\AI Projects\data-insights-blog\scripts\update-agent-job.mjs" --job job-ms9u7axx-a787v --status building --activity "Building measurement-science data, dashboard, and post"
[cot:tool] done grep E:\AI Projects\data-insights-blog-worktrees\worker-4\src
[cot:tool] done read E:\AI Projects\data-insights-blog-worktrees\worker-4\scripts\smoke-test-viz-posts.mjs
[cot:tool] done read E:\AI Projects\data-insights-blog-worktrees\worker-4\src\data\macro-growth-trade-research-2026-data.ts
[cot:agent] connection/reconnecting
[2026-08-01 02:10:14] WARN: transport blip cliAttempt=1 (raw=) elapsed=0s
[cot:agent] retry/starting
[cot:agent] retry/resuming
[cot:agent] connection/reconnected
[2026-08-01 02:10:14] WARN: transport blip cliAttempt=1 (raw=) elapsed=0s
[cot:tool] start grep E:\AI Projects\data-insights-blog-worktrees\worker-4\src
[cot:tool] start read E:\AI Projects\data-insights-blog-worktrees\worker-4\scripts\smoke-test-viz-posts.mjs
[cot:tool] start read E:\AI Projects\data-insights-blog-worktrees\worker-4\src\data\macro-growth-trade-research-2026-data.ts
[cot:tool] start shell $env:BLOG_REPO_ROOT='E:\AI Projects\data-insights-blog'; npx tsx "E:\AI Projects\data-insights-blog\scripts\update-agent-job.mjs" --job job-ms9u7axx-a787v --status building --activity "Building measurement-science data, dashboard, and post"
[cot:tool] done grep E:\AI Projects\data-insights-blog-worktrees\worker-4\src
[cot:tool] done read E:\AI Projects\data-insights-blog-worktrees\worker-4\src\data\macro-growth-trade-research-2026-data.ts
[cot:tool] done read E:\AI Projects\data-insights-blog-worktrees\worker-4\scripts\smoke-test-viz-posts.mjs
[cot:tool] done shell $env:BLOG_REPO_ROOT='E:\AI Projects\data-insights-blog'; npx tsx "E:\AI Projects\data-insights-blog\scripts\update-agent-job.mjs" --job job-ms9u7axx-a787v --status building --activity "Building measurement-science data, dashboard, and post"
[cot:thought] I noticed related posts such as industrial-robotics and ai-financing/ai-power-grid.
The smoke test appears incomplete. It omits
[cot:thought] industrial-robotics and ai-supply-chain while including ai-financing, ai-power-grid, fiscal-industrial, and migration. I will
[cot:thought] add my post to the smoke test. I also spotted a potential TypeScript issue where industrial-robotics-research-2026 references a visualization
[cot:thought] key missing from the post.ts type definitions.
I will only add my own post to the smoke test. I confirmed that ai-financing-research-2026
[cot:thought] is present in the visualization union, while industrial-robotics-research-2026 is missing. This suggests those other entries
[cot:thought] may be incomplete from parallel workers.
I am checking whether the missing visualization keys actually break the build. The industrial-robotics
[cot:thought] dashboard file is untracked, so its absence from the smoke test may be intentional.
The industrial-robotics dashboard is tracked
[cot:thought] by Glob, so it is likely committed rather than untracked. I will focus on building my post correctly. If incomplete posts break the build,
[cot:thought] have solid NSF/OECD figures. Building the data module, dashboard (streamgraph + bump + scatter), post
[cot:thought] prose, and wiring next.
[cot:tool] start read E:\AI Projects\data-insights-blog-worktrees\worker-4\src\types\post.ts
[cot:tool] start grep E:\AI Projects\data-insights-blog-worktrees\worker-4\src\components\PostVisualization.tsx
[cot:tool] done read E:\AI Projects\data-insights-blog-worktrees\worker-4\src\types\post.ts
[cot:tool] done grep E:\AI Projects\data-insights-blog-worktrees\worker-4\src\components\PostVisualization.tsx
[cot:tool] start read E:\AI Projects\data-insights-blog-worktrees\worker-4\src\data\theme-registry.ts
[cot:tool] start generateImage
[cot:tool] done read E:\AI Projects\data-insights-blog-worktrees\worker-4\src\data\theme-registry.ts
[cot:tool] done generateImage
[cot:thought] Copying the hero image to public/images/.
Two existing posts in posts.ts lack type registrations, which will break the TypeScript
[cot:thought] build. I need to verify whether they are already broken on this branch or if minimal fixes are required.
Confirmed: the two
[cot:thought] existing posts reference visualization keys missing from PostVisualization and types. This will break the TypeScript build. I am weighing
[cot:thought] options to fix them without altering unrelated parallel work.
I will add the missing type unions and PostVisualization
[cot:thought] registrations rather than remove the posts. The industrial-robotics entry may have been incorrectly committed on this branch. I am
[cot:thought] checking git history to verify.
[cot:tool] start shell Copy-Item "C:\Users\ether\.cursor\projects\E-AI-Projects-data-insights-blog-worktrees-worker-4\assets\global-systems-measurement-science-research-2026-hero.png" -Destination "E:\AI Projects\data-insights-blog-worktrees\worker-4\public\images\global-systems-measurement-science-research-2026-hero.png" -Force; git log --oneline -5; git diff --stat HEAD -- src/types/post.ts src/data/posts.ts src/components/PostVisualization.tsx 2>$null; Select-String -Path "src\data\posts.ts" -Pattern "visualization:" | Select-Object -First 40
[cot:tool] start glob
[cot:tool] start glob
[cot:tool] done glob
[cot:tool] done glob
[cot:tool] done shell Copy-Item "C:\Users\ether\.cursor\projects\E-AI-Projects-data-insights-blog-worktrees-worker-4\assets\global-systems-measurement-science-research-2026-hero.png" -Destination "E:\AI Projects\data-insights-blog-worktrees\worker-4\public\images\global-systems-measurement-science-research-2026-hero.png" -Force; git log --oneline -5; git diff --stat HEAD -- src/types/post.ts src/data/posts.ts src/components/PostVisualization.tsx 2>$null; Select-String -Path "src\data\posts.ts" -Pattern "visualization:" | Select-Object -First 40
[cot:thought] Glob located an existing dashboard file for IndustrialRoboticsResearchDashboard. The industrial-robotics and ai-supply-chain
[cot:thought] branches already contain data files and posts entries.
Several dashboard components are missing from the post type definitions and visualization
[cot:thought] module. The smoke test also omits them. The billion-dollar-disasters branch may have type registration issues. Checking whether the
[cot:thought] build passes despite loose TypeScript.
[cot:tool] start grep E:\AI Projects\data-insights-blog-worktrees\worker-4\src
[cot:tool] start shell npx tsc --noEmit -p . 2>&1 | Select-Object -First 40
[cot:tool] start glob
[cot:tool] start glob
[cot:tool] done grep E:\AI Projects\data-insights-blog-worktrees\worker-4\src
[cot:tool] done glob
[cot:tool] done glob
[cot:tool] done shell npx tsc --noEmit -p . 2>&1 | Select-Object -First 40
[cot:thought] Pre-existing TypeScript errors remain from incomplete merges of other posts.
Adding the missing visualization keys to post.ts and registering
[cot:thought] them in PostVisualization.tsx will let the build pass without scope creep. Smoke tests won't cover these dashboards, so
[cot:thought] they stay out of scope.
Writing the measurement-science post files now. Checking whether smoke tests cover the other working posts.
[cot:thought] Pre-existing incomplete viz registrations are breaking TypeScript ??? I'll wire those up so the build
[cot:thought] can pass, then ship the measurement-science post.
[cot:tool] start updateTodos
[cot:tool] done updateTodos
[cot:tool] start read E:\AI Projects\data-insights-blog-worktrees\worker-4\src\components\PostVisualization.tsx
[cot:tool] start read E:\AI Projects\data-insights-blog-worktrees\worker-4\src\components\visualizations\AiSupplyChainResearchDashboard.tsx
[cot:tool] start read E:\AI Projects\data-insights-blog-worktrees\worker-4\src\components\visualizations\IndustrialRoboticsResearchDashboard.tsx
[cot:tool] done read E:\AI Projects\data-insights-blog-worktrees\worker-4\src\components\visualizations\AiSupplyChainResearchDashboard.tsx
[cot:tool] done read E:\AI Projects\data-insights-blog-worktrees\worker-4\src\components\PostVisualization.tsx
[cot:tool] start read E:\AI Projects\data-insights-blog-worktrees\worker-4\src\components\visualizations\UsBillionDollarWeatherDisastersMs94skofDashboard.tsx
[cot:tool] done read E:\AI Projects\data-insights-blog-worktrees\worker-4\src\components\visualizations\IndustrialRoboticsResearchDashboard.tsx
[cot:tool] done read E:\AI Projects\data-insights-blog-worktrees\worker-4\src\components\visualizations\UsBillionDollarWeatherDisastersMs94skofDashboard.tsx
[cot:thought] Retrieving export names from the dashboards.
[cot:tool] start grep E:\AI Projects\data-insights-blog-worktrees\worker-4\src\components\visualizations
[cot:tool] start grep E:\AI Projects\data-insights-blog-worktrees\worker-4\src\components\visualizations\IndustrialRoboticsResearchDashboard.tsx
[cot:tool] start read E:\AI Projects\data-insights-blog-worktrees\worker-4\src\components\visualizations\IndustrialRoboticsResearchDashboard.tsx
[cot:agent] connection/reconnecting
[2026-08-01 02:10:24] WARN: transport blip cliAttempt=1 (raw=) elapsed=0s
[cot:agent] retry/starting
[cot:agent] retry/resuming
[cot:agent] connection/reconnected
[2026-08-01 02:10:24] WARN: transport blip cliAttempt=1 (raw=) elapsed=0s
[cot:thought] Checking dashboard export names.
[cot:tool] start grep E:\AI Projects\data-insights-blog-worktrees\worker-4\src\components\visualizations
[cot:tool] start grep E:\AI Projects\data-insights-blog-worktrees\worker-4\src\components\visualizations\IndustrialRoboticsResearchDashboard.tsx
[cot:tool] done grep E:\AI Projects\data-insights-blog-worktrees\worker-4\src\components\visualizations
[cot:tool] done grep E:\AI Projects\data-insights-blog-worktrees\worker-4\src\components\visualizations\IndustrialRoboticsResearchDashboard.tsx
[cot:tool] start grep E:\AI Projects\data-insights-blog-worktrees\worker-4\src\components\visualizations\AiSupplyChainResearchDashboard.tsx
[cot:tool] start grep E:\AI Projects\data-insights-blog-worktrees\worker-4\scripts\smoke-test-viz-posts.mjs
[cot:tool] done grep E:\AI Projects\data-insights-blog-worktrees\worker-4\src\components\visualizations\AiSupplyChainResearchDashboard.tsx
[cot:tool] done grep E:\AI Projects\data-insights-blog-worktrees\worker-4\scripts\smoke-test-viz-posts.mjs
[cot:thought] Checking whether smoke markers are needed for industrial-robotics, ai-supply-chain, and ms94skof in the smoke test list.
[cot:thought] Those three posts are absent from the smoke list, so only TypeScript registration needs fixing. Next.js will still build them,
[cot:thought] and SSR handles runtime crashes safely. The new post must be added to the POSTS array.
ai-financing, ai-power-grid, fiscal-industrial, and migration are confirmed in the smoke list. industrial-robotics and ai-supply-chain are absent from smoke, likely due to incomplete merges. Fixing TypeScript types and PostVisualization is sufficient for build. Now writing the comprehensive data file.
[cot:thought] Writing the data module and dashboard, then wiring registrations.
[cot:tool] start edit E:\AI Projects\data-insights-blog-worktrees\worker-4\src\data\measurement-science-research-2026-data.ts
[cot:tool] done edit E:\AI Projects\data-insights-blog-worktrees\worker-4\src\data\measurement-science-research-2026-data.ts
[cot:thought] Beginning to draft the dashboard layout.
The dashboard design now includes six panels: a stacked streamgraph of GERD shares, publication
[cot:thought] trajectory lines, an intensity-versus-absolute scatter plot, field specialization grouped bars, HCA bars with field filtering, and
[cot:thought] collaboration horizontal bars. Controls will toggle panel mode, share versus volume display, EU inclusion, and HCA field selection.
[cot:tool] start edit E:\AI Projects\data-insights-blog-worktrees\worker-4\src\components\visualizations\MeasurementScienceResearchDashboard.tsx
[cot:tool] done edit E:\AI Projects\data-insights-blog-worktrees\worker-4\src\components\visualizations\MeasurementScienceResearchDashboard.tsx
[cot:thought] The next step is writing the full post content with 1200+ words and six H2 sections. Then I will build the visualization
[cot:thought] components, theme registry, smoke test, QA script, and manifest.
Three broken visualization registrations also need fixing. The post content will be inserted at the top of posts.ts.
[cot:thought] Next I'll wire registrations and add the full post entry with prose.
[cot:tool] start edit E:\AI Projects\data-insights-blog-worktrees\worker-4\src\types\post.ts
[cot:tool] start edit E:\AI Projects\data-insights-blog-worktrees\worker-4\src\components\PostVisualization.tsx
[cot:tool] done edit E:\AI Projects\data-insights-blog-worktrees\worker-4\src\types\post.ts
[cot:tool] start edit E:\AI Projects\data-insights-blog-worktrees\worker-4\src\data\theme-registry.ts
[cot:tool] start edit E:\AI Projects\data-insights-blog-worktrees\worker-4\scripts\smoke-test-viz-posts.mjs
[cot:tool] done edit E:\AI Projects\data-insights-blog-worktrees\worker-4\src\components\PostVisualization.tsx
[cot:tool] start edit E:\AI Projects\data-insights-blog-worktrees\worker-4\src\components\PostVisualization.tsx
[cot:tool] done edit E:\AI Projects\data-insights-blog-worktrees\worker-4\src\data\theme-registry.ts
[cot:tool] done edit E:\AI Projects\data-insights-blog-worktrees\worker-4\scripts\smoke-test-viz-posts.mjs
[cot:tool] done edit E:\AI Projects\data-insights-blog-worktrees\worker-4\src\components\PostVisualization.tsx
[cot:thought] Smoke testing only covers slugs listed in the POSTS array. No extra smoke entries are needed for industrial-robotics, ai-supply-chain, or
[cot:thought] ms94skof.
The worker brief restricts the build to the assigned post only. Adding industrial-robotics and ai-supply-chain
[cot:thought] to smoke would risk failures if their dashboards are broken. They remain excluded from smoke. Now writing the posts.ts entry.
[cot:tool] start edit E:\AI Projects\data-insights-blog-worktrees\worker-4\src\data\posts.ts
[cot:tool] done edit E:\AI Projects\data-insights-blog-worktrees\worker-4\src\data\posts.ts
[cot:thought] Confirmed the industrial-robotics and ai-supply-chain posts exist for internal linking.
Drafting the QA script and manifest. Checking
[cot:thought] word count and whether smoke tests need to cover the linked posts. Verifying hero image availability for those posts.
AiFinancing is confirmed
[cot:thought] in PostVisualization. Unlisted posts may evade smoke tests, but that is outside the current ship-gate scope.
[cot:tool] start edit E:\AI Projects\data-insights-blog-worktrees\worker-4\scripts\qa-measurement-science-research-2026.mjs
[cot:tool] start edit E:\AI Projects\data-insights-blog-worktrees\worker-4\artifacts\backend-manifest.json
[cot:tool] start shell node -e "const fs=require('fs'); const t=fs.readFileSync('src/data/posts.ts','utf8'); const m=t.match(/id: \"measurement-science-research-2026\"[\s\S]*?content: \`([\s\S]*?)\`,\n    category/); const c=m[1]; const words=c.trim().split(/\s+/).length; const h2=(c.match(/^## /gm)||[]).length; console.log('words',words,'h2',h2);"
[cot:tool] start updateTodos
[cot:tool] done updateTodos
[cot:tool] done edit E:\AI Projects\data-insights-blog-worktrees\worker-4\scripts\qa-measurement-science-research-2026.mjs
[cot:tool] done edit E:\AI Projects\data-insights-blog-worktrees\worker-4\artifacts\backend-manifest.json
[cot:tool] done shell node -e "const fs=require('fs'); const t=fs.readFileSync('src/data/posts.ts','utf8'); const m=t.match(/id: \"measurement-science-research-2026\"[\s\S]*?content: \`([\s\S]*?)\`,\n    category/); const c=m[1]; const words=c.trim().split(/\s+/).length; const h2=(c.match(/^## /gm)||[]).length; console.log('words',words,'h2',h2);"
[cot:thought] PowerShell quote mangling prompted a switch to a script file. The industrial-robotics hero and data files are being checked for
[cot:thought] internal link targets.
Checking whether ai-supply-chain and industrial-robotics posts contain sufficient data files for the
[cot:thought] build. A missing data file for ms94skof was noted.
[cot:tool] start shell npx tsx -e "import { samplePosts } from './src/data/posts.ts'; const p = samplePosts.find(x => x.slug === 'measurement-science-research-2026')!; const words = p.content.trim().split(/\s+/).length; const h2 = (p.content.match(/^## /gm) || []).length; const links = (p.content.match(/\]\(\/blog\//g) || []).length; console.log({ words, h2, links });"
[cot:tool] start glob
[cot:tool] done glob
[cot:tool] start glob
[cot:tool] start shell $env:BLOG_REPO_ROOT='E:\AI Projects\data-insights-blog'; npx tsx "E:\AI Projects\data-insights-blog\scripts\update-agent-job.mjs" --job job-ms9u7axx-a787v --status qa --activity "Running local build + smoke on ports 4186/4187"
[cot:tool] done glob
[cot:tool] done shell npx tsx -e "import { samplePosts } from './src/data/posts.ts'; const p = samplePosts.find(x => x.slug === 'measurement-science-research-2026')!; const words = p.content.trim().split(/\s+/).length; const h2 = (p.content.match(/^## /gm) || []).length; const links = (p.content.match(/\]\(\/blog\//g) || []).length; console.log({ words, h2, links });"
[cot:tool] done shell $env:BLOG_REPO_ROOT='E:\AI Projects\data-insights-blog'; npx tsx "E:\AI Projects\data-insights-blog\scripts\update-agent-job.mjs" --job job-ms9u7axx-a787v --status qa --activity "Running local build + smoke on ports 4186/4187"
[cot:thought] The draft meets all quality blockers. It contains 1,604 words, nine H2 headings, and five internal links.
Checking image file
[cot:thought] existence and the SortedTooltip export for sortTooltipPayload. Running the deploy with isolated ports.
[cot:tool] start grep E:\AI Projects\data-insights-blog-worktrees\worker-4\src\components\charts\SortedTooltip.tsx
[cot:tool] start shell $env:SMOKE_PORT='4186'; $env:SMOKE_QA_PORT='4187'; npm run deploy
[cot:tool] done grep E:\AI Projects\data-insights-blog-worktrees\worker-4\src\components\charts\SortedTooltip.tsx
[cot:tool] done shell $env:SMOKE_PORT='4186'; $env:SMOKE_QA_PORT='4187'; npm run deploy
[cot:thought] Fixing itemSorter usage by referencing MacroGrowthTrade's implementation.
[cot:tool] start grep E:\AI Projects\data-insights-blog-worktrees\worker-4\src\components\visualizations
[cot:tool] start grep E:\AI Projects\data-insights-blog-worktrees\worker-4\src\components\visualizations\MacroGrowthTradeResearchDashboard.tsx
[cot:tool] start read E:\AI Projects\data-insights-blog-worktrees\worker-4\src\components\charts\SortedTooltip.tsx
[cot:tool] done grep E:\AI Projects\data-insights-blog-worktrees\worker-4\src\components\visualizations
[cot:tool] done grep E:\AI Projects\data-insights-blog-worktrees\worker-4\src\components\visualizations\MacroGrowthTradeResearchDashboard.tsx
[cot:tool] done read E:\AI Projects\data-insights-blog-worktrees\worker-4\src\components\charts\SortedTooltip.tsx
[cot:thought] Tooltip items are already sorted automatically via tooltipItemSorter.
I should remove manual itemSorter props and use tooltipItemSorter
[cot:thought] directly instead of sortTooltipPayload.The shared `Tooltip` already sorts items ??? I'll drop the invalid
[cot:thought] `itemSorter` props.
[cot:tool] start edit E:\AI Projects\data-insights-blog-worktrees\worker-4\src\components\visualizations\MeasurementScienceResearchDashboard.tsx
[cot:tool] done edit E:\AI Projects\data-insights-blog-worktrees\worker-4\src\components\visualizations\MeasurementScienceResearchDashboard.tsx
[cot:tool] start edit E:\AI Projects\data-insights-blog-worktrees\worker-4\src\components\visualizations\MeasurementScienceResearchDashboard.tsx
[cot:tool] done edit E:\AI Projects\data-insights-blog-worktrees\worker-4\src\components\visualizations\MeasurementScienceResearchDashboard.tsx
[cot:tool] start edit E:\AI Projects\data-insights-blog-worktrees\worker-4\src\components\visualizations\MeasurementScienceResearchDashboard.tsx
[cot:tool] done edit E:\AI Projects\data-insights-blog-worktrees\worker-4\src\components\visualizations\MeasurementScienceResearchDashboard.tsx
[cot:tool] start edit E:\AI Projects\data-insights-blog-worktrees\worker-4\src\components\visualizations\MeasurementScienceResearchDashboard.tsx
[cot:tool] done edit E:\AI Projects\data-insights-blog-worktrees\worker-4\src\components\visualizations\MeasurementScienceResearchDashboard.tsx
[cot:tool] start edit E:\AI Projects\data-insights-blog-worktrees\worker-4\src\components\visualizations\MeasurementScienceResearchDashboard.tsx
[cot:tool] done edit E:\AI Projects\data-insights-blog-worktrees\worker-4\src\components\visualizations\MeasurementScienceResearchDashboard.tsx
[cot:thought] Need to verify labelFormatter usage and payload typing.
Retrying deployment.
[cot:tool] start shell $env:SMOKE_PORT='4186'; $env:SMOKE_QA_PORT='4187'; npm run deploy
[cot:tool] done shell $env:SMOKE_PORT='4186'; $env:SMOKE_QA_PORT='4187'; npm run deploy
[cot:thought] Smoke tests passed for the post. Homepage QA failed because the homepage is missing the oecd-dac-oda-first-drop-2024 page.
[cot:thought] Homepage pagination may be limiting the visible posts. Checking the QA script.Smoke passed; homepage
[cot:thought] QA is failing on a missing post card. Checking how the homepage lists posts.
[cot:tool] start read E:\AI Projects\data-insights-blog-worktrees\worker-4\scripts\qa-homepage-and-fullscreen.mjs
[cot:tool] start grep E:\AI Projects\data-insights-blog-worktrees\worker-4\src\app
[cot:tool] done grep E:\AI Projects\data-insights-blog-worktrees\worker-4\src\app
[cot:tool] done read E:\AI Projects\data-insights-blog-worktrees\worker-4\scripts\qa-homepage-and-fullscreen.mjs
[cot:thought] Homepage QA expects certain older posts to appear on the homepage.
Checking how the homepage selects posts. New featured articles may
[cot:thought] have pushed older ones off the top.
[cot:tool] start read E:\AI Projects\data-insights-blog-worktrees\worker-4\src\app\page.tsx
[cot:tool] done read E:\AI Projects\data-insights-blog-worktrees\worker-4\src\app\page.tsx
[cot:tool] start grep E:\AI Projects\data-insights-blog-worktrees\worker-4\src
[cot:tool] start glob
[cot:tool] done grep E:\AI Projects\data-insights-blog-worktrees\worker-4\src
[cot:tool] done glob
[cot:thought] The homepage displays the six most recent posts sorted by publication date.
The QA script's hardcoded homepage list is stale.
[cot:thought] Newer posts pushed older ones off the homepage. I will update EXPECTED_HOMEPAGE to match the newest six entries.
[cot:tool] start read E:\AI Projects\data-insights-blog-worktrees\worker-4\src\lib\posts.ts
[cot:tool] start shell npx tsx -e "import { samplePosts } from './src/data/posts.ts'; const sorted=[...samplePosts].sort((a,b)=>new Date(b.publishedAt).getTime()-new Date(a.publishedAt).getTime()); console.log(sorted.slice(0,8).map(p=>({slug:p.slug,publishedAt:p.publishedAt,featured:!!p.featured})));"
[cot:tool] done read E:\AI Projects\data-insights-blog-worktrees\worker-4\src\lib\posts.ts
[cot:tool] done shell npx tsx -e "import { samplePosts } from './src/data/posts.ts'; const sorted=[...samplePosts].sort((a,b)=>new Date(b.publishedAt).getTime()-new Date(a.publishedAt).getTime()); console.log(sorted.slice(0,8).map(p=>({slug:p.slug,publishedAt:p.publishedAt,featured:!!p.featured})));"
[cot:thought] Updating the homepage QA expected list to include the newest posts.
Scroll navigation still reaches older posts. EXPECTED_HOMEPAGE
[cot:thought] will list the three newest featured posts and three recent ones.
[cot:tool] start edit E:\AI Projects\data-insights-blog-worktrees\worker-4\scripts\qa-homepage-and-fullscreen.mjs
[cot:tool] start shell $env:SMOKE_PORT='4186'; $env:SMOKE_QA_PORT='4187'; npm run deploy
[cot:tool] done edit E:\AI Projects\data-insights-blog-worktrees\worker-4\scripts\qa-homepage-and-fullscreen.mjs
[cot:tool] done shell $env:SMOKE_PORT='4186'; $env:SMOKE_QA_PORT='4187'; npm run deploy
[cot:thought] The previous command returned exit code -1. Its output appears truncated.
Build likely completed despite the exit code.
[cot:thought] Smoke and QA will be run separately after checking the output directory.Build looked complete but deploy
[cot:thought] exited oddly ??? I'll verify the output and re-run smoke/QA.
[cot:tool] start shell Test-Path "out/blog/measurement-science-research-2026.html"; Test-Path "out/blog/measurement-science-research-2026/index.html"; Get-ChildItem out/blog -Filter "*measurement*" | Select-Object Name
[cot:tool] start shell $env:SMOKE_PORT='4186'; $env:SMOKE_QA_PORT='4187'; npx tsx scripts/test-all-costs.ts; if ($LASTEXITCODE -ne 0) { exit $LASTEXITCODE }; node scripts/smoke-test-viz-posts.mjs; if ($LASTEXITCODE -ne 0) { exit $LASTEXITCODE }; node scripts/qa-homepage-and-fullscreen.mjs; if ($LASTEXITCODE -ne 0) { exit $LASTEXITCODE }; node scripts/qa-measurement-science-research-2026.mjs; exit $LASTEXITCODE
[cot:tool] done shell Test-Path "out/blog/measurement-science-research-2026.html"; Test-Path "out/blog/measurement-science-research-2026/index.html"; Get-ChildItem out/blog -Filter "*measurement*" | Select-Object Name
RetriableError: Connection failed repeatedly
[2026-08-01 02:10:45] INFO: remapping exit 0 -> transport_kill (Cursor connection failed repeatedly)
[2026-08-01 02:10:45] Soft-requeue job-ms9u7axx-a787v after transport_kill (requeue 1/2)
