[2026-08-20 18:59:28] Worker 3 starting job job-mt24hh96-lcwlt (energy-systems-update-2026) in C:\Users\ether\AppData\Local\data-insights-blog-workers\worker-3 (branch post/energy-systems-update-2026-w3, container blog-worker-3)
[2026-08-20 18:59:28] Fetching origin (main merge target) into isolated clone
[2026-08-20 18:59:31] Creating post/energy-systems-update-2026-w3 from main 6749e0e7deaa11b9a7124c2b5f77fc22c69b457c
[2026-08-20 18:59:31] Resetting clone then checkout post/energy-systems-update-2026-w3 at 6749e0e7deaa11b9a7124c2b5f77fc22c69b457c (never master)
[2026-08-20 18:59:31] git: HEAD is now at 6749e0e merge(post): geopolitics-institutions-update-2026 from worker 4 (path-selective)
[2026-08-20 18:59:32] git: HEAD is now at 6749e0e merge(post): geopolitics-institutions-update-2026 from worker 4 (path-selective)
[2026-08-20 18:59:32] git: Switched to a new branch 'post/energy-systems-update-2026-w3'
[2026-08-20 18:59:33] Worker 3 ports: SMOKE_PORT=4184 SMOKE_QA_PORT=4185 (isolated Node static servers)
[2026-08-20 18:59:33] WARN: Cursor CLI useHttp1ForAgent is not true - transport blips may be worse. Set network.useHttp1ForAgent=true in C:\Users\ether\.cursor\cli-config.json
[2026-08-20 18:59:33] Invoking agent for worker 3 (-p --force --trust --workspace clone C:\Users\ether\AppData\Local\data-insights-blog-workers\worker-3 / blog-worker-3)
[2026-08-20 18:59:34] Agent stream-json -> E:\AI Projects\data-insights-blog\artifacts\automation-logs\worker-3-2026-08-20_18-59-28.log (cot E:\AI Projects\data-insights-blog\artifacts\automation-logs\worker-3-2026-08-20_18-59-28.cot.log, raw E:\AI Projects\data-insights-blog\artifacts\automation-logs\worker-3-2026-08-20_18-59-28.ndjson)
[cot:system] session model=Auto cwd=C:\Users\ether\AppData\Local\data-insights-blog-workers\worker-3
[cot:user] You are a blog production WORKER in a parallel multi-agent system. ## Identity - Worker ID: 3 - Job ID: job-mt24hh96-lcwlt - Assigned slug: energy-systems-update-2026 - Theme ID: energy-systems - CateΓÇª
[cot:thought] I am starting my assigned blog production task. I will build the energy-systems-update-2026
[cot:thought] post strictly within the worker-3 worktree. I will check conveyor-sync.json and review the existing energy-systems codebase structure first. Then I will proceed in small phased commits and update the job status when ready.
[cot:thought] Starting the energy-systems update post. Checking conveyor sync, job status, and existing theme patterns.
[cot:tool] start shell $env:BLOG_REPO_ROOT='E:\AI Projects\data-insights-blog'; npx tsx "E:\AI Projects\data-insights-blog/scripts/update-agent-job.mjs" --job job-mt24hh96-lcwlt --status researching --activity "Phase 0: checking conveyor + existing energy-systems posts"
[cot:tool] start read C:\Users\ether\AppData\Local\data-insights-blog-workers\worker-3\artifacts\conveyor-sync.json
[cot:tool] done read ?
[cot:tool] start read C:\Users\ether\AppData\Local\data-insights-blog-workers\worker-3\.cursor\rules\autonomous-blog-production.mdc
[cot:tool] start glob
[cot:tool] done read ?
[cot:tool] done glob
[cot:tool] done shell $env:BLOG_REPO_ROOT='E:\AI Projects\data-insights-blog'; npx tsx "E:\AI Projects\data-insights-blog/scripts/update-agent-job.mjs" --job job-mt24hh96-lcwlt --status researching --activity "Phase 0: checking conveyor + existing energy-systems posts"
[cot:thought] Checking job status and production rules. Reviewing existing energy systems content and patterns.
[cot:tool] start await
[cot:tool] start glob
[cot:tool] done glob
[cot:tool] start grep C:\Users\ether\AppData\Local\data-insights-blog-workers\worker-3\src
[cot:tool] start glob
[cot:tool] done grep C:\Users\ether\AppData\Local\data-insights-blog-workers\worker-3\src
[cot:tool] done glob
[cot:tool] done await
[cot:thought] The conveyor-sync.json file is absent, so the worker will not pause. Reviewing the existing
[cot:thought] energy-systems post and data module as a pattern. Checking a recent update-style post for the vintage delta pattern. Verifying agent job briefs for details.
[cot:thought] Reviewing the prior energy-systems post and an update-style pattern to match.
[cot:tool] start read C:\Users\ether\AppData\Local\data-insights-blog-workers\worker-3\src\data\energy-systems-research-2026-data.ts
[cot:tool] done read C:\Users\ether\AppData\Local\data-insights-blog-workers\worker-3\src\data\energy-systems-research-2026-data.ts
[cot:tool] start read C:\Users\ether\AppData\Local\data-insights-blog-workers\worker-3\src\components\visualizations\EnergySystemsResearchDashboard.tsx
[cot:tool] done read C:\Users\ether\AppData\Local\data-insights-blog-workers\worker-3\src\components\visualizations\EnergySystemsResearchDashboard.tsx
[cot:tool] start grep C:\Users\ether\AppData\Local\data-insights-blog-workers\worker-3\src\data\posts.ts
[cot:tool] done grep C:\Users\ether\AppData\Local\data-insights-blog-workers\worker-3\src\data\posts.ts
[cot:tool] start grep C:\Users\ether\AppData\Local\data-insights-blog-workers\worker-3\artifacts\agent-jobs.json
[cot:tool] start glob
[cot:tool] done grep C:\Users\ether\AppData\Local\data-insights-blog-workers\worker-3\artifacts\agent-jobs.json
[cot:tool] done glob
[cot:thought] The energy-systems research post serves as the baseline pattern. The update post will
[cot:thought] compare current energy data against the 2025 baseline. I am checking the research post's headline, stats, and visualization patterns.
[cot:thought] I am also looking for newer vintage sources such as EI 2026 or IRENA 2025. EI Statistical Review
[cot:thought] 2026 likely covers 2025 data and may be available now. I will search for the newest energy data and examine the research post's headline and key figures.
[cot:thought] Pulling research-post headlines and a compact update-data pattern, then checking the newest EI/Ember vintage.
[cot:tool] start grep C:\Users\ether\AppData\Local\data-insights-blog-workers\worker-3\src\data\energy-systems-research-2026-data.ts
[cot:tool] done grep C:\Users\ether\AppData\Local\data-insights-blog-workers\worker-3\src\data\energy-systems-research-2026-data.ts
[cot:tool] start read C:\Users\ether\AppData\Local\data-insights-blog-workers\worker-3\src\data\measurement-science-update-2026-data.ts
[cot:tool] done read C:\Users\ether\AppData\Local\data-insights-blog-workers\worker-3\src\data\measurement-science-update-2026-data.ts
[cot:tool] start read C:\Users\ether\AppData\Local\data-insights-blog-workers\worker-3\src\components\visualizations\MeasurementScienceUpdateDashboard.tsx
[cot:agent] interaction_query/request
[cot:agent] interaction_query/response
[cot:tool] start webSearch
[cot:tool] done read C:\Users\ether\AppData\Local\data-insights-blog-workers\worker-3\src\components\visualizations\MeasurementScienceUpdateDashboard.tsx
[cot:tool] done webSearch
[cot:thought] The 2026 EI Statistical Review (2025 vintage) provides solid data for the post. Reading the HEADLINE
[cot:thought] and fetching country-level delta details. Checking post registration and the QA script.
[cot:tool] start read C:\Users\ether\AppData\Local\data-insights-blog-workers\worker-3\src\data\energy-systems-research-2026-data.ts
[cot:tool] start read C:\Users\ether\AppData\Local\data-insights-blog-workers\worker-3\src\data\posts.ts
[cot:tool] start read C:\Users\ether\AppData\Local\data-insights-blog-workers\worker-3\scripts\qa-measurement-science-update-2026.mjs
[cot:tool] start webFetch
[cot:agent] interaction_query/request
[cot:agent] interaction_query/response
[cot:tool] done read C:\Users\ether\AppData\Local\data-insights-blog-workers\worker-3\src\data\energy-systems-research-2026-data.ts
[cot:tool] done read C:\Users\ether\AppData\Local\data-insights-blog-workers\worker-3\scripts\qa-measurement-science-update-2026.mjs
[cot:tool] done read C:\Users\ether\AppData\Local\data-insights-blog-workers\worker-3\src\data\posts.ts
[cot:tool] done webFetch
[cot:thought] Sufficient data has been gathered to build the vintage-delta update post. The 2026 vintage compares
[cot:thought] to the prior 2025 research post. Key headline deltas include TES above 600 EJ, renewables driving growth for the first time outside a recession, solar surpassing wind in power share, and battery storage reaching 302 GW. Prior vintage figures are being pulled from the research post for comparison.
[cot:thought] Prior vintage anchors are being pulled from the world row and select countries in the research post. Registration patterns in post.ts and PostVisualization are being reviewed. Phase 1 begins with creating the data module and committing the numbers.
[cot:thought] Building the data module from EI 2026 vs the research post's 2024 vintage, then committing phase 1.
[cot:tool] start read C:\Users\ether\AppData\Local\data-insights-blog-workers\worker-3\src\data\energy-systems-research-2026-data.ts
[cot:tool] done read C:\Users\ether\AppData\Local\data-insights-blog-workers\worker-3\src\data\energy-systems-research-2026-data.ts
[cot:tool] start grep C:\Users\ether\AppData\Local\data-insights-blog-workers\worker-3\src
[cot:tool] done grep C:\Users\ether\AppData\Local\data-insights-blog-workers\worker-3\src
[cot:tool] start read C:\Users\ether\AppData\Local\data-insights-blog-workers\worker-3\src\types\post.ts
[cot:tool] start read C:\Users\ether\.cursor\projects\C-Users-ether-AppData-Local-data-insights-blog-workers-worker-3\terminals\428512.txt
[cot:tool] done read C:\Users\ether\.cursor\projects\C-Users-ether-AppData-Local-data-insights-blog-workers-worker-3\terminals\428512.txt
[cot:tool] done read C:\Users\ether\AppData\Local\data-insights-blog-workers\worker-3\src\types\post.ts
[cot:thought] The research post's world mix numbers diverge from EI methodology. The 8% otherRenew figure appears to treat hydro differently.
[cot:thought] I am deriving 2024
[cot:thought] prior TES from EI 2026 disclosures. Carbon Brief reports a 10 EJ climb to over 600 EJ. That implies 592 EJ in 2024 versus 602 EJ in 2025. Fossil share is 86.2% in 2025.
[cot:thought] The 2024 figure was slightly higher. Research's 81.5% fossil
[cot:thought] share reflects a different accounting method. The update will anchor to EI-disclosed shares and note the prior research ledger separately.
[cot:thought] 2025 growth contributions
[cot:thought] were: renewables +3.3 EJ, oil +2.5, gas +2.4, coal +1.1, nuclear +0.4, and hydro +0.1.
[cot:thought] Power generation breakdown:
[cot:thought] solar 8.7%, wind 8.4%, and nuclear 8.8%. Electricity demand
[cot:thought] grew by 3%. Clean supply met all of that growth. Trade figures include
[cot:thought] a 27% rise in US LNG exports. India imports 86% of its oil. China imports 73%. Europe imports 75%. India and Europe are each roughly half gas-dependent.
[cot:thought] China is above 33%. US coal consumption
[cot:thought] rose 10% because of a gas price spike. China coal stayed flat. Global battery capacity
[cot:thought] reached 302 GW. That is a 66% increase.
[cot:thought] A comprehensive data module is being prepared.Writing the data module, then committing phase 1.
[cot:tool] start edit C:\Users\ether\AppData\Local\data-insights-blog-workers\worker-3\src\data\energy-systems-update-2026-data.ts
[cot:tool] done edit C:\Users\ether\AppData\Local\data-insights-blog-workers\worker-3\src\data\energy-systems-update-2026-data.ts
[cot:thought] Committing phase 1 and updating the job status. Then building the dashboard.
[cot:tool] start shell git add -A; git commit --trailer "Co-authored-by: Cursor <cursoragent@cursor.com>" -m "wip(energy-systems-update-2026): data module"; $env:BLOG_REPO_ROOT='E:\AI Projects\data-insights-blog'; npx tsx "E:\AI Projects\data-insights-blog/scripts/update-agent-job.mjs" --job job-mt24hh96-lcwlt --status building --activity "Phase 1 done: data module committed; building dashboard"
[cot:tool] done shell git add -A; git commit --trailer "Co-authored-by: Cursor <cursoragent@cursor.com>" -m "wip(energy-systems-update-2026): data module"; $env:BLOG_REPO_ROOT='E:\AI Projects\data-insights-blog'; npx tsx "E:\AI Projects\data-insights-blog/scripts/update-agent-job.mjs" --job job-mt24hh96-lcwlt --status building --activity "Phase 1 done: data module committed; building dashboard"
[cot:thought] The dashboard will be modeled after MeasurementScienceUpdateDashboard. The dashboard will
[cot:thought] feature four or more panels, including growth, mix deltas, power path, trade, and companions.
[cot:thought] Two or more controls will be included. At least three chart types are planned, such as diverging bars, dumbbells, and horizontal bars.
[cot:thought] Building the dashboard and wiring visualization registration.
[cot:tool] start read C:\Users\ether\AppData\Local\data-insights-blog-workers\worker-3\src\components\PostVisualization.tsx
[cot:tool] start read C:\Users\ether\AppData\Local\data-insights-blog-workers\worker-3\src\data\theme-registry.ts
[cot:tool] done read C:\Users\ether\AppData\Local\data-insights-blog-workers\worker-3\src\components\PostVisualization.tsx
[cot:tool] done read C:\Users\ether\AppData\Local\data-insights-blog-workers\worker-3\src\data\theme-registry.ts
[cot:thought] Checking the imports at the top of PostVisualization. Reviewing TSX patterns
[cot:thought] for the visualization component.
[cot:tool] start grep C:\Users\ether\AppData\Local\data-insights-blog-workers\worker-3\src\components\PostVisualization.tsx
[cot:tool] start edit C:\Users\ether\AppData\Local\data-insights-blog-workers\worker-3\src\components\visualizations\EnergySystemsUpdateDashboard.tsx
[cot:tool] done grep C:\Users\ether\AppData\Local\data-insights-blog-workers\worker-3\src\components\PostVisualization.tsx
[cot:tool] done edit C:\Users\ether\AppData\Local\data-insights-blog-workers\worker-3\src\components\visualizations\EnergySystemsUpdateDashboard.tsx
[cot:thought] Wiring up the PostVisualization type in post.ts. Setting up TSX imports,
[cot:thought] routing, and theme registry.
[cot:tool] start read C:\Users\ether\AppData\Local\data-insights-blog-workers\worker-3\src\components\PostVisualization.tsx
[cot:tool] done read C:\Users\ether\AppData\Local\data-insights-blog-workers\worker-3\src\components\PostVisualization.tsx
[cot:tool] start edit C:\Users\ether\AppData\Local\data-insights-blog-workers\worker-3\src\types\post.ts
[cot:tool] start edit C:\Users\ether\AppData\Local\data-insights-blog-workers\worker-3\src\data\theme-registry.ts
[cot:tool] done edit C:\Users\ether\AppData\Local\data-insights-blog-workers\worker-3\src\types\post.ts
[cot:tool] done edit C:\Users\ether\AppData\Local\data-insights-blog-workers\worker-3\src\data\theme-registry.ts
[cot:thought] Adding a dynamic import and render branch to PostVisualization.
[cot:tool] start edit C:\Users\ether\AppData\Local\data-insights-blog-workers\worker-3\src\components\PostVisualization.tsx
[cot:tool] done edit C:\Users\ether\AppData\Local\data-insights-blog-workers\worker-3\src\components\PostVisualization.tsx
[cot:tool] start edit C:\Users\ether\AppData\Local\data-insights-blog-workers\worker-3\src\components\PostVisualization.tsx
[cot:tool] start shell git add -A; git commit --trailer "Co-authored-by: Cursor <cursoragent@cursor.com>" -m "wip(energy-systems-update-2026): dashboard + viz wireup"; $env:BLOG_REPO_ROOT='E:\AI Projects\data-insights-blog'; npx tsx "E:\AI Projects\data-insights-blog/scripts/update-agent-job.mjs" --job job-mt24hh96-lcwlt --status building --activity "Phase 2 done: dashboard wired; writing prose + hero"
[cot:tool] done edit C:\Users\ether\AppData\Local\data-insights-blog-workers\worker-3\src\components\PostVisualization.tsx
[cot:tool] done shell git add -A; git commit --trailer "Co-authored-by: Cursor <cursoragent@cursor.com>" -m "wip(energy-systems-update-2026): dashboard + viz wireup"; $env:BLOG_REPO_ROOT='E:\AI Projects\data-insights-blog'; npx tsx "E:\AI Projects\data-insights-blog/scripts/update-agent-job.mjs" --job job-mt24hh96-lcwlt --status building --activity "Phase 2 done: dashboard wired; writing prose + hero"
[cot:thought] Phase 3 covers the posts.ts entry, hero image, and backend manifest. The post will be inserted
[cot:thought] near the top of posts.ts alongside other recent updates. The hero image will be generated at public/images/energy-energy-systems-update-2026-hero.png.
[cot:thought] Required structural elements include at least 1200 words, six H2 headings, caveats, a table, and two internal links.
[cot:thought] Writing post prose and generating the hero image.
[cot:tool] start read C:\Users\ether\AppData\Local\data-insights-blog-workers\worker-3\src\data\posts.ts
[cot:tool] done read C:\Users\ether\AppData\Local\data-insights-blog-workers\worker-3\src\data\posts.ts
[cot:tool] start read C:\Users\ether\AppData\Local\data-insights-blog-workers\worker-3\artifacts\backend-manifest.json
[cot:tool] done read C:\Users\ether\AppData\Local\data-insights-blog-workers\worker-3\artifacts\backend-manifest.json
[cot:tool] start generateImage
[cot:tool] done generateImage
[cot:thought] The hero image needs to be copied to public/images/. Next, write the post
[cot:thought] entry and update the backend manifest.
[cot:tool] start shell Copy-Item "C:\Users\ether\.cursor\projects\C-Users-ether-AppData-Local-data-insights-blog-workers-worker-3\assets\energy-energy-systems-update-2026-hero.png" -Destination "C:\Users\ether\AppData\Local\data-insights-blog-workers\worker-3\public\images\energy-energy-systems-update-2026-hero.png" -Force; Test-Path "C:\Users\ether\AppData\Local\data-insights-blog-workers\worker-3\public\images\energy-energy-systems-update-2026-hero.png"
[cot:tool] start edit C:\Users\ether\AppData\Local\data-insights-blog-workers\worker-3\src\data\posts.ts
[cot:tool] start edit C:\Users\ether\AppData\Local\data-insights-blog-workers\worker-3\artifacts\backend-manifest.json
[cot:tool] done edit C:\Users\ether\AppData\Local\data-insights-blog-workers\worker-3\artifacts\backend-manifest.json
[cot:tool] done shell Copy-Item "C:\Users\ether\.cursor\projects\C-Users-ether-AppData-Local-data-insights-blog-workers-worker-3\assets\energy-energy-systems-update-2026-hero.png" -Destination "C:\Users\ether\AppData\Local\data-insights-blog-workers\worker-3\public\images\energy-energy-systems-update-2026-hero.png" -Force; Test-Path "C:\Users\ether\AppData\Local\data-insights-blog-workers\worker-3\public\images\energy-energy-systems-update-2026-hero.png"
[cot:tool] done edit C:\Users\ether\AppData\Local\data-insights-blog-workers\worker-3\src\data\posts.ts
[cot:thought] Searching for smoke test patterns to understand smoke marker functionality. Writing the QA script
[cot:thought] and committing phase 3.
[cot:tool] start grep C:\Users\ether\AppData\Local\data-insights-blog-workers\worker-3\scripts
[cot:tool] start read C:\Users\ether\AppData\Local\data-insights-blog-workers\worker-3\scripts\qa-measurement-science-update-2026.mjs
[cot:tool] done read C:\Users\ether\AppData\Local\data-insights-blog-workers\worker-3\scripts\qa-measurement-science-update-2026.mjs
[cot:tool] done grep C:\Users\ether\AppData\Local\data-insights-blog-workers\worker-3\scripts
[cot:thought] The slug needs to be added to the smoke-test-viz-posts file. Reading the smoke
[cot:thought] test entry format for energy-systems-research to create the QA script.
[cot:tool] start read C:\Users\ether\AppData\Local\data-insights-blog-workers\worker-3\scripts\smoke-test-viz-posts.mjs
[cot:tool] done read C:\Users\ether\AppData\Local\data-insights-blog-workers\worker-3\scripts\smoke-test-viz-posts.mjs
[cot:tool] start grep C:\Users\ether\AppData\Local\data-insights-blog-workers\worker-3\package.json
[cot:tool] start shell git add -A; git commit --trailer "Co-authored-by: Cursor <cursoragent@cursor.com>" -m "wip(energy-systems-update-2026): post prose + hero"; $env:BLOG_REPO_ROOT='E:\AI Projects\data-insights-blog'; npx tsx "E:\AI Projects\data-insights-blog/scripts/update-agent-job.mjs" --job job-mt24hh96-lcwlt --status building --activity "Phase 3 done: prose+hero; writing QA + smoke marker"
[cot:tool] done grep C:\Users\ether\AppData\Local\data-insights-blog-workers\worker-3\package.json
[cot:tool] done shell git add -A; git commit --trailer "Co-authored-by: Cursor <cursoragent@cursor.com>" -m "wip(energy-systems-update-2026): post prose + hero"; $env:BLOG_REPO_ROOT='E:\AI Projects\data-insights-blog'; npx tsx "E:\AI Projects\data-insights-blog/scripts/update-agent-job.mjs" --job job-mt24hh96-lcwlt --status building --activity "Phase 3 done: prose+hero; writing QA + smoke marker"
[cot:thought] Checking whether smoke tests cover all posts or only a subset. Adding energy-systems-update-2026
[cot:thought] to the smoke test list. Checking whether measurement-science-update is already included.
[cot:thought] Planning a dedicated QA script separate from smoke-test.
[cot:tool] start grep C:\Users\ether\AppData\Local\data-insights-blog-workers\worker-3\scripts\smoke-test-viz-posts.mjs
[cot:tool] start read C:\Users\ether\AppData\Local\data-insights-blog-workers\worker-3\scripts\smoke-test-viz-posts.mjs
[cot:tool] done read C:\Users\ether\AppData\Local\data-insights-blog-workers\worker-3\scripts\smoke-test-viz-posts.mjs
[cot:tool] done grep C:\Users\ether\AppData\Local\data-insights-blog-workers\worker-3\scripts\smoke-test-viz-posts.mjs
[cot:thought] Smoke markers must align with visible page text. The dashboard shows
[cot:thought] "Renewables lead TES growth outside a recession (+3.3 EJ)" so that exact phrase will be the smoke marker. The measurement science dashboard uses a similar amber banner pattern.
[cot:thought] The smoke list will be updated and a QA script written.Adding the QA script and smoke-test marker.
[cot:tool] start edit C:\Users\ether\AppData\Local\data-insights-blog-workers\worker-3\scripts\smoke-test-viz-posts.mjs
[cot:tool] start edit C:\Users\ether\AppData\Local\data-insights-blog-workers\worker-3\scripts\qa-energy-systems-update-2026.mjs
[cot:tool] start shell git add -A; git commit --trailer "Co-authored-by: Cursor <cursoragent@cursor.com>" -m "wip(energy-systems-update-2026): qa + smoke"; $env:BLOG_REPO_ROOT='E:\AI Projects\data-insights-blog'; npx tsx "E:\AI Projects\data-insights-blog/scripts/update-agent-job.mjs" --job job-mt24hh96-lcwlt --status qa --activity "Phase 4 done: QA+smoke committed; running npm run deploy on ports 4184/4185"
[cot:tool] done edit C:\Users\ether\AppData\Local\data-insights-blog-workers\worker-3\scripts\smoke-test-viz-posts.mjs
[cot:tool] done edit C:\Users\ether\AppData\Local\data-insights-blog-workers\worker-3\scripts\qa-energy-systems-update-2026.mjs
[cot:tool] done shell git add -A; git commit --trailer "Co-authored-by: Cursor <cursoragent@cursor.com>" -m "wip(energy-systems-update-2026): qa + smoke"; $env:BLOG_REPO_ROOT='E:\AI Projects\data-insights-blog'; npx tsx "E:\AI Projects\data-insights-blog/scripts/update-agent-job.mjs" --job job-mt24hh96-lcwlt --status qa --activity "Phase 4 done: QA+smoke committed; running npm run deploy on ports 4184/4185"
[cot:thought] Running the deploy script with smoke ports 4184 and 4185. The amber banner smoke
[cot:thought] marker renders correctly with the EJ value. The deploy may take several minutes.
[cot:thought] Running local deploy with isolated ports 4184/4185.
[cot:tool] start shell $env:SMOKE_PORT='4184'; $env:SMOKE_QA_PORT='4185'; npm run deploy
[cot:tool] done shell $env:SMOKE_PORT='4184'; $env:SMOKE_QA_PORT='4185'; npm run deploy
[cot:thought] Deployment passed. Running QA verification next. Then committing, marking the job ready, and exiting.
[cot:tool] start shell $env:SMOKE_PORT='4184'; node scripts/qa-energy-systems-update-2026.mjs; Test-Path "out/blog/energy-systems-update-2026/index.html"; Test-Path "out/blog/energy-systems-update-2026.html"
[cot:tool] done shell $env:SMOKE_PORT='4184'; node scripts/qa-energy-systems-update-2026.mjs; Test-Path "out/blog/energy-systems-update-2026/index.html"; Test-Path "out/blog/energy-systems-update-2026.html"
[cot:thought] The HTML file is present at `out/blog/energy-systems-update-2026.html`. Proceeding to finalize
[cot:thought] the feature commit and mark the job ready.
[cot:tool] start shell git add -A; git status; git log -3 --oneline; git commit --trailer "Co-authored-by: Cursor <cursoragent@cursor.com>" -m "feat(post): energy-systems-update-2026"; $env:BLOG_REPO_ROOT='E:\AI Projects\data-insights-blog'; npx tsx "E:\AI Projects\data-insights-blog/scripts/update-agent-job.mjs" --job job-mt24hh96-lcwlt --status ready --activity "Ready for merge" --headline "Renewables +3.3 EJ lead TES growth ?? fossils still 86.2% ?? solar 8.7% > wind 8.4% ?? US LNG +27%"; git status; git log -1 --oneline
[cot:tool] done shell git add -A; git status; git log -3 --oneline; git commit --trailer "Co-authored-by: Cursor <cursoragent@cursor.com>" -m "feat(post): energy-systems-update-2026"; $env:BLOG_REPO_ROOT='E:\AI Projects\data-insights-blog'; npx tsx "E:\AI Projects\data-insights-blog/scripts/update-agent-job.mjs" --job job-mt24hh96-lcwlt --status ready --activity "Ready for merge" --headline "Renewables +3.3 EJ lead TES growth ?? fossils still 86.2% ?? solar 8.7% > wind 8.4% ?? US LNG +27%"; git status; git log -1 --oneline
[cot:thought] The final feature commit was skipped because the working tree was already clean. All changes had been committed during earlier WIP commits.
[cot:thought] The last WIP commit
[cot:thought] will be amended to `feat(post)` instead of creating a new commit. This satisfies the deployment instruction while keeping the change local-only.
[cot:thought] Amending the last local WIP commit to the final feat message per the ship gate.
[cot:tool] start shell git log -1 --format='%an %ae'; git status -sb; git commit --trailer "Co-authored-by: Cursor <cursoragent@cursor.com>" --amend -m "feat(post): energy-systems-update-2026"; git log -3 --oneline; git status -sb
[cot:tool] done shell git log -1 --format='%an %ae'; git status -sb; git commit --trailer "Co-authored-by: Cursor <cursoragent@cursor.com>" --amend -m "feat(post): energy-systems-update-2026"; git log -3 --oneline; git status -sb
[cot:thought] The job is marked ready. The worker prints its status and exits cleanly.**WorkerReady: energy-systems-update-2026 | job=job-mt24hh96-lcwlt | worker=3**
[cot:thought] Shipped the EI 2026 vintage delta vs the research post: renewables lead TES growth (+3.
[cot:thought] 3 EJ) while fossils stay at 86.2%; solar overtakes wind in power (8.7% vs 8.4%); US LNG +27%.
[cot:thought] -
[cot:system] task_notification
[cot:thought] Branch `post/energy-systems-update-2026-w3` ??? final commit `feat(post): energy-systems-update-2026` - `npm run deploy` passed on ports 4184/4185; dedicated QA passed - Job marked **ready** for mergeThe shell task is complete.
[cot:thought] I will provide a brief update on the job research status. The researching status
[cot:thought] update succeeded as part of the completed worker job. No follow-up is needed.The initial job-status ping (`researching`) completed successfully.
[cot:thought] The post itself is already finished and marked **ready** for merge on `post/energy-systems-update-2026-w3`.
[cot:system] result ok 974282ms ΓÇö Starting the energy-systems update post. Checking conveyor sync, job status, and existing theme patterns.Reviewing the prior energy-systems post and an update-style pattern to match.Pulling research-post headlines and a compact update-data 
[2026-08-20 19:16:35] Job job-mt24hh96-lcwlt marked ready
[2026-08-20 19:16:36] git: HEAD is now at 6f2d4d2 merge(post): industrial-robotics-update-2026 from worker 5 (path-selective)
[2026-08-20 19:16:36] Worker 3 finished (exit=0)
