[2026-08-20 20:42:27] Worker 1 starting job job-mt285z70-bqp4d (measurement-science-update-202608) in C:\Users\ether\AppData\Local\data-insights-blog-workers\worker-1 (branch post/measurement-science-update-202608-w1, container blog-worker-1)
[2026-08-20 20:42:27] Fetching origin (main merge target) into isolated clone
[2026-08-20 20:42:28] Creating post/measurement-science-update-202608-w1 from main 43ab0554e5ffd33347f783f4a5c8ab5a81ca8870
[2026-08-20 20:42:28] Resetting clone then checkout post/measurement-science-update-202608-w1 at 43ab0554e5ffd33347f783f4a5c8ab5a81ca8870 (never master)
[2026-08-20 20:42:28] git: HEAD is now at 43ab055 merge(post): consumer-finance-markets-update-202608 from worker 3 (path-selective)
[2026-08-20 20:42:28] git: HEAD is now at 43ab055 merge(post): consumer-finance-markets-update-202608 from worker 3 (path-selective)
[2026-08-20 20:42:28] git: Switched to a new branch 'post/measurement-science-update-202608-w1'
[2026-08-20 20:42:29] Worker 1 ports: SMOKE_PORT=4180 SMOKE_QA_PORT=4181 (isolated Node static servers)
[2026-08-20 20:42:29] WARN: Cursor CLI useHttp1ForAgent is not true - transport blips may be worse. Set network.useHttp1ForAgent=true in C:\Users\ether\.cursor\cli-config.json
[2026-08-20 20:42:29] Invoking agent for worker 1 (-p --force --trust --workspace clone C:\Users\ether\AppData\Local\data-insights-blog-workers\worker-1 / blog-worker-1)
[2026-08-20 20:42:29] Agent stream-json -> E:\AI Projects\data-insights-blog\artifacts\automation-logs\worker-1-2026-08-20_20-42-27.log (cot E:\AI Projects\data-insights-blog\artifacts\automation-logs\worker-1-2026-08-20_20-42-27.cot.log, raw E:\AI Projects\data-insights-blog\artifacts\automation-logs\worker-1-2026-08-20_20-42-27.ndjson)
[cot:system] session model=Auto cwd=C:\Users\ether\AppData\Local\data-insights-blog-workers\worker-1
[cot:user] You are a blog production WORKER in a parallel multi-agent system. ## Identity - Worker ID: 1 - Job ID: job-mt285z70-bqp4d - Assigned slug: measurement-science-update-202608 - Theme ID: measurement-scΓÇª
[cot:thought] Beginning blog production work as worker 1. Reviewing production
[cot:thought] rules and checking the worktree state before building the post.I'll produce the measurement-science update post in short phases.
[cot:thought] First I'll check conveyor sync, the production rules, and any prior posts on this theme.
[cot:tool] start read C:\Users\ether\AppData\Local\data-insights-blog-workers\worker-1\.cursor\rules\autonomous-blog-production.mdc
[cot:tool] done read ?
[cot:tool] start read C:\Users\ether\AppData\Local\data-insights-blog-workers\worker-1\artifacts\conveyor-sync.json
[cot:tool] done read ?
[cot:tool] start shell $env:BLOG_REPO_ROOT='E:\AI Projects\data-insights-blog'; npx tsx "E:\AI Projects\data-insights-blog\scripts\update-agent-job.mjs" --job job-mt285z70-bqp4d --status researching --activity "Phase 0: checking prior theme posts + conveyor sync"; git status; git branch --show-current; ls artifacts 2>$null; Get-ChildItem -Path src/data -Filter "*measurement*" | Select-Object Name
[cot:tool] done shell $env:BLOG_REPO_ROOT='E:\AI Projects\data-insights-blog'; npx tsx "E:\AI Projects\data-insights-blog\scripts\update-agent-job.mjs" --job job-mt285z70-bqp4d --status researching --activity "Phase 0: checking prior theme posts + conveyor sync"; git status; git branch --show-current; ls artifacts 2>$null; Get-ChildItem -Path src/data -Filter "*measurement*" | Select-Object Name
[cot:thought] Confirmed the correct branch is active. Reviewing prior measurement-science
[cot:thought] posts and production rules to understand the vintage delta pattern.Prior theme posts exist.
[cot:thought] Next I'll load the production rules and the latest measurement-science update as the vintage baseline.
[cot:tool] start glob
[cot:tool] done glob
[cot:tool] start grep C:\Users\ether\AppData\Local\data-insights-blog-workers\worker-1\src\data\posts.ts
[cot:tool] done grep C:\Users\ether\AppData\Local\data-insights-blog-workers\worker-1\src\data\posts.ts
[cot:tool] start read C:\Users\ether\AppData\Local\data-insights-blog-workers\worker-1\src\data\measurement-science-update-2026q3-data.ts
[cot:tool] done read C:\Users\ether\AppData\Local\data-insights-blog-workers\worker-1\src\data\measurement-science-update-2026q3-data.ts
[cot:tool] start glob
[cot:tool] done glob
[cot:thought] Reviewing August 2026 updates against the Q3 version to identify new content for the post.
[cot:thought] The August 2026 post
[cot:thought] needs fresh official data. I will check dashboard patterns and registration files for the correct vintage sources.
[cot:thought] Reviewing the Q3 dashboard pattern and searching for the newest official vintage beyond that post.
[cot:tool] start read C:\Users\ether\AppData\Local\data-insights-blog-workers\worker-1\src\data\measurement-science-update-2026q3-data.ts
[cot:tool] done read C:\Users\ether\AppData\Local\data-insights-blog-workers\worker-1\src\data\measurement-science-update-2026q3-data.ts
[cot:tool] start read C:\Users\ether\AppData\Local\data-insights-blog-workers\worker-1\src\components\visualizations\MeasurementScienceUpdate2026q3Dashboard.tsx
[cot:tool] done read C:\Users\ether\AppData\Local\data-insights-blog-workers\worker-1\src\components\visualizations\MeasurementScienceUpdate2026q3Dashboard.tsx
[cot:agent] interaction_query/request
[cot:agent] interaction_query/response
[cot:tool] start webSearch
[cot:tool] start grep C:\Users\ether\AppData\Local\data-insights-blog-workers\worker-1\src
[cot:tool] done grep C:\Users\ether\AppData\Local\data-insights-blog-workers\worker-1\src
[cot:tool] done webSearch
[cot:thought] The Q3 post already covered OECD MSTI March 2026 and AAAS. OECD MSTI does not
[cot:thought] publish in August. I am searching NSF Indicators, UNESCO UIS, NCSES, WIPO, and Chinese NBS 2025 R&D data for a fresh August vintage.
[cot:agent] interaction_query/request
[cot:agent] interaction_query/response
[cot:tool] start webSearch
[cot:tool] done webSearch
[cot:thought] Reviewing the Q3 post's "What would rewrite this update" section. Identified fresh data
[cot:thought] sources for the update. China's 2025 R&D figures provide a genuine new vintage year. NSF Indicators 2026 includes Translation to Impact patent data showing China leading AI patents. USPTO totals and CET high-cited shares are also available.
[cot:thought] Digging into NSF Translation
[cot:thought] reports and US domestic 2025 preliminaries to answer what changed since Q3. The prior post relied on a Q3 OECD/AAAS restatement of 2024. The new vintage centers on China's official 2025 domestic R&D print, NSF Indicators Translation and CET patent concentration, and the intensity path.
[cot:thought] The 2025 Chinese R&D
[cot:thought] data is domestic-only and not yet OECD comparable. It shows continued expansion at 8.1 percent with intensity reaching 2.8 percent and basic research crossing 7 percent. Next steps are fetching precise NSF figures and reviewing similar update-202608 posts for structural patterns.
[cot:thought] Q3 left a rewrite hook for a 2025 GERD year ??? China's NBS 2025 print fits. Pulling those figures and the registration pattern next.
[cot:tool] start webFetch
[cot:agent] interaction_query/request
[cot:agent] interaction_query/response
[cot:tool] start grep C:\Users\ether\.cursor\projects\C-Users-ether-AppData-Local-data-insights-blog-workers-worker-1\agent-tools\38b8dec1-2de9-4cc8-b490-8ab038258c5a.txt
[cot:tool] done grep C:\Users\ether\.cursor\projects\C-Users-ether-AppData-Local-data-insights-blog-workers-worker-1\agent-tools\38b8dec1-2de9-4cc8-b490-8ab038258c5a.txt
[cot:tool] start glob
[cot:tool] start read C:\Users\ether\AppData\Local\data-insights-blog-workers\worker-1\src\data\measurement-science-update-2026q3-data.ts
[cot:tool] done read C:\Users\ether\AppData\Local\data-insights-blog-workers\worker-1\src\data\measurement-science-update-2026q3-data.ts
[cot:tool] done glob
[cot:tool] done webFetch
[cot:thought] The August 202608 update has a clear angle. Drafting the post
[cot:thought] around three data pillars. First, China's 2025 R&D spending reached 3.93 trillion yuan with an 8.1% growth rate and a 2.80% intensity.
[cot:thought] Second, Chinese firms hold 75% of AI international priority patents and lead in AI, QIST, biotech, semiconductors, and nuclear sectors. Third, the US continues to lead in highly cited CET patents.
[cot:thought] The third pillar covers
[cot:thought] China???s KTI manufacturing at $2.4 trillion versus US KTI services at 43% of global flows.
[cot:thought] China???s 2.8% domestic R&D intensity is closing on the OECD plateau and moving toward the US 3.4% level. This post-2024 flow year offers a genuine vintage delta, since Q3 patent concentration metrics were not yet fully developed.
[cot:thought] Checking existing
[cot:thought] module structures and visualization patterns before writing the data module. China???s 2024 R&D baseline is roughly 36.3 trillion yuan, derived from the 2025 figure divided by 1.081. The 2.80% domestic intensity marks a clear upward step from the 2024 OECD estimate of 2.7%.
[cot:thought] Ready to begin construction.Angle locked: China NBS 2025 flow year (+8.1%, intensity 2.
[cot:thought] 8%, basic research >7%) plus NSF CET patent concentration vs the Q3 2024 restatement.
[cot:thought] Writing the data module.
[cot:tool] start shell $env:BLOG_REPO_ROOT='E:\AI Projects\data-insights-blog'; npx tsx "E:\AI Projects\data-insights-blog\scripts\update-agent-job.mjs" --job job-mt285z70-bqp4d --status building --activity "Phase 1: writing 202608 data module (CN 2025 NBS + NSF CET patents)"
[cot:tool] start read C:\Users\ether\AppData\Local\data-insights-blog-workers\worker-1\src\components\PostVisualization.tsx
[cot:tool] done read C:\Users\ether\AppData\Local\data-insights-blog-workers\worker-1\src\components\PostVisualization.tsx
[cot:tool] start read C:\Users\ether\AppData\Local\data-insights-blog-workers\worker-1\src\types\post.ts
[cot:tool] done read C:\Users\ether\AppData\Local\data-insights-blog-workers\worker-1\src\types\post.ts
[cot:tool] start read C:\Users\ether\AppData\Local\data-insights-blog-workers\worker-1\scripts\qa-measurement-science-update-2026q3.mjs
[cot:tool] start grep C:\Users\ether\AppData\Local\data-insights-blog-workers\worker-1\scripts
[cot:tool] done read C:\Users\ether\AppData\Local\data-insights-blog-workers\worker-1\scripts\qa-measurement-science-update-2026q3.mjs
[cot:tool] done grep C:\Users\ether\AppData\Local\data-insights-blog-workers\worker-1\scripts
[cot:tool] done shell $env:BLOG_REPO_ROOT='E:\AI Projects\data-insights-blog'; npx tsx "E:\AI Projects\data-insights-blog\scripts\update-agent-job.mjs" --job job-mt285z70-bqp4d --status building --activity "Phase 1: writing 202608 data module (CN 2025 NBS + NSF CET patents)"
[cot:thought] Reviewing a recent 202608 dashboard for patterns before writing the full data module.
[cot:thought] Designing six distinct
[cot:thought] visualization panels to avoid KPI+bar clones. These cover China-US intensity races, flow meter flows, research composition, CET patent concentration, volume versus impact, and KTI splits.
[cot:thought] Adding three interactive
[cot:thought] controls: a panel switcher, an intensity toggle between levels and gaps to the US, and a patent view switching between volume and cited impact. Now writing the comprehensive data file.
[cot:tool] start edit C:\Users\ether\AppData\Local\data-insights-blog-workers\worker-1\src\data\measurement-science-update-202608-data.ts
[cot:tool] done edit C:\Users\ether\AppData\Local\data-insights-blog-workers\worker-1\src\data\measurement-science-update-202608-data.ts
[cot:thought] Corrected a currency unit error in the research row. Fixed the basic row
[cot:thought] to use billion-yuan units correctly.Fixing the basic-research unit error, then committing the data module.
[cot:tool] start edit C:\Users\ether\AppData\Local\data-insights-blog-workers\worker-1\src\data\measurement-science-update-202608-data.ts
[cot:tool] start shell git add -A; git commit --trailer "Co-authored-by: Cursor <cursoragent@cursor.com>" -m "wip(measurement-science-update-202608): data module"; $env:BLOG_REPO_ROOT='E:\AI Projects\data-insights-blog'; npx tsx "E:\AI Projects\data-insights-blog\scripts\update-agent-job.mjs" --job job-mt285z70-bqp4d --status building --activity "Phase 1 done: data module committed; starting dashboard"
[cot:tool] done edit C:\Users\ether\AppData\Local\data-insights-blog-workers\worker-1\src\data\measurement-science-update-202608-data.ts
[cot:tool] done shell git add -A; git commit --trailer "Co-authored-by: Cursor <cursoragent@cursor.com>" -m "wip(measurement-science-update-202608): data module"; $env:BLOG_REPO_ROOT='E:\AI Projects\data-insights-blog'; npx tsx "E:\AI Projects\data-insights-blog\scripts\update-agent-job.mjs" --job job-mt285z70-bqp4d --status building --activity "Phase 1 done: data module committed; starting dashboard"
[cot:thought] Phase 1 is complete. Moving on to Phase 2: dashboard and registration. Writing a rich dashboard
[cot:thought] with multiple chart types and controls, then wiring it up.Phase 1 committed. Building the dashboard and registering the visualization.
[cot:tool] start read C:\Users\ether\AppData\Local\data-insights-blog-workers\worker-1\src\components\PostVisualization.tsx
[cot:tool] start read C:\Users\ether\AppData\Local\data-insights-blog-workers\worker-1\scripts\smoke-test-viz-posts.mjs
[cot:tool] done read C:\Users\ether\AppData\Local\data-insights-blog-workers\worker-1\src\components\PostVisualization.tsx
[cot:tool] done read C:\Users\ether\AppData\Local\data-insights-blog-workers\worker-1\scripts\smoke-test-viz-posts.mjs
[cot:thought] Locating existing 202608 dashboard registrations in PostVisualization to match the import pattern, then adding a smoke marker.
[cot:thought] Writing the dashboard
[cot:thought] file and performing the wireups.
[cot:tool] start grep C:\Users\ether\AppData\Local\data-insights-blog-workers\worker-1\src\components\PostVisualization.tsx
[cot:tool] done grep C:\Users\ether\AppData\Local\data-insights-blog-workers\worker-1\src\components\PostVisualization.tsx
[cot:tool] start grep C:\Users\ether\AppData\Local\data-insights-blog-workers\worker-1\scripts\smoke-test-viz-posts.mjs
[cot:tool] start edit C:\Users\ether\AppData\Local\data-insights-blog-workers\worker-1\src\components\visualizations\MeasurementScienceUpdate202608Dashboard.tsx
[cot:tool] done grep C:\Users\ether\AppData\Local\data-insights-blog-workers\worker-1\scripts\smoke-test-viz-posts.mjs
[cot:tool] done edit C:\Users\ether\AppData\Local\data-insights-blog-workers\worker-1\src\components\visualizations\MeasurementScienceUpdate202608Dashboard.tsx
[cot:thought] Removing an unused `compositionData` variable. Wiring PostVisualization,
[cot:thought] post.ts types, and theme-registry. Removing unused imports too.
[cot:tool] start edit C:\Users\ether\AppData\Local\data-insights-blog-workers\worker-1\src\components\visualizations\MeasurementScienceUpdate202608Dashboard.tsx
[cot:tool] start read C:\Users\ether\AppData\Local\data-insights-blog-workers\worker-1\src\components\PostVisualization.tsx
[cot:tool] done read C:\Users\ether\AppData\Local\data-insights-blog-workers\worker-1\src\components\PostVisualization.tsx
[cot:tool] done edit C:\Users\ether\AppData\Local\data-insights-blog-workers\worker-1\src\components\visualizations\MeasurementScienceUpdate202608Dashboard.tsx
[cot:tool] start read C:\Users\ether\AppData\Local\data-insights-blog-workers\worker-1\scripts\smoke-test-viz-posts.mjs
[cot:tool] done read C:\Users\ether\AppData\Local\data-insights-blog-workers\worker-1\scripts\smoke-test-viz-posts.mjs
[cot:tool] start edit C:\Users\ether\AppData\Local\data-insights-blog-workers\worker-1\src\types\post.ts
[cot:tool] start edit C:\Users\ether\AppData\Local\data-insights-blog-workers\worker-1\src\data\theme-registry.ts
[cot:tool] done edit C:\Users\ether\AppData\Local\data-insights-blog-workers\worker-1\src\types\post.ts
[cot:tool] done edit C:\Users\ether\AppData\Local\data-insights-blog-workers\worker-1\src\data\theme-registry.ts
[cot:thought] Adding the PostVisualization dynamic import and render branch.
[cot:tool] start edit C:\Users\ether\AppData\Local\data-insights-blog-workers\worker-1\src\components\PostVisualization.tsx
[cot:tool] done edit C:\Users\ether\AppData\Local\data-insights-blog-workers\worker-1\src\components\PostVisualization.tsx
[cot:tool] start edit C:\Users\ether\AppData\Local\data-insights-blog-workers\worker-1\src\components\PostVisualization.tsx
[cot:tool] done edit C:\Users\ether\AppData\Local\data-insights-blog-workers\worker-1\src\components\PostVisualization.tsx
[cot:tool] start edit C:\Users\ether\AppData\Local\data-insights-blog-workers\worker-1\scripts\smoke-test-viz-posts.mjs
[cot:tool] start shell git add -A; git commit --trailer "Co-authored-by: Cursor <cursoragent@cursor.com>" -m "wip(measurement-science-update-202608): dashboard + viz wireup"; $env:BLOG_REPO_ROOT='E:\AI Projects\data-insights-blog'; npx tsx "E:\AI Projects\data-insights-blog\scripts\update-agent-job.mjs" --job job-mt285z70-bqp4d --status building --activity "Phase 2 done: dashboard + wireup; starting prose + hero"
[cot:tool] done edit C:\Users\ether\AppData\Local\data-insights-blog-workers\worker-1\scripts\smoke-test-viz-posts.mjs
[cot:tool] done shell git add -A; git commit --trailer "Co-authored-by: Cursor <cursoragent@cursor.com>" -m "wip(measurement-science-update-202608): dashboard + viz wireup"; $env:BLOG_REPO_ROOT='E:\AI Projects\data-insights-blog'; npx tsx "E:\AI Projects\data-insights-blog\scripts\update-agent-job.mjs" --job job-mt285z70-bqp4d --status building --activity "Phase 2 done: dashboard + wireup; starting prose + hero"
[cot:thought] Phase 3 covers the prose text, hero image, and backend manifest. The post needs at
[cot:thought] least 1200 words, six H2 headings, caveats, a table, and two internal links. A hero PNG must be generated. The entry will be inserted near the top of posts.ts.
[cot:thought] Phase 2 done. Writing post prose, generating the hero, and updating the manifest.
[cot:tool] start read C:\Users\ether\AppData\Local\data-insights-blog-workers\worker-1\src\data\posts.ts
[cot:tool] done read C:\Users\ether\AppData\Local\data-insights-blog-workers\worker-1\src\data\posts.ts
[cot:tool] start read C:\Users\ether\AppData\Local\data-insights-blog-workers\worker-1\artifacts\backend-manifest.json
[cot:tool] start generateImage
[cot:tool] done read C:\Users\ether\AppData\Local\data-insights-blog-workers\worker-1\artifacts\backend-manifest.json
[cot:tool] done generateImage
[cot:thought] Copying the hero image to public/images/ and writing the posts.ts entry.
[cot:tool] start shell Copy-Item "C:\Users\ether\.cursor\projects\C-Users-ether-AppData-Local-data-insights-blog-workers-worker-1\assets\global-systems-measurement-science-update-202608-hero.png" -Destination "C:\Users\ether\AppData\Local\data-insights-blog-workers\worker-1\public\images\global-systems-measurement-science-update-202608-hero.png" -Force; Test-Path "C:\Users\ether\AppData\Local\data-insights-blog-workers\worker-1\public\images\global-systems-measurement-science-update-202608-hero.png"
[cot:tool] start edit C:\Users\ether\AppData\Local\data-insights-blog-workers\worker-1\src\data\posts.ts
[cot:tool] done shell Copy-Item "C:\Users\ether\.cursor\projects\C-Users-ether-AppData-Local-data-insights-blog-workers-worker-1\assets\global-systems-measurement-science-update-202608-hero.png" -Destination "C:\Users\ether\AppData\Local\data-insights-blog-workers\worker-1\public\images\global-systems-measurement-science-update-202608-hero.png" -Force; Test-Path "C:\Users\ether\AppData\Local\data-insights-blog-workers\worker-1\public\images\global-systems-measurement-science-update-202608-hero.png"
[cot:tool] done edit C:\Users\ether\AppData\Local\data-insights-blog-workers\worker-1\src\data\posts.ts
[cot:thought] Checking whether the posts.ts edit truncated the industrial robotics post.
[cot:tool] start read C:\Users\ether\AppData\Local\data-insights-blog-workers\worker-1\src\data\posts.ts
[cot:tool] start edit C:\Users\ether\AppData\Local\data-insights-blog-workers\worker-1\artifacts\backend-manifest.json
[cot:tool] done read C:\Users\ether\AppData\Local\data-insights-blog-workers\worker-1\src\data\posts.ts
[cot:tool] done edit C:\Users\ether\AppData\Local\data-insights-blog-workers\worker-1\artifacts\backend-manifest.json
[cot:thought] The industrial robotics post is proceeding smoothly. Verifying word count
[cot:thought] and committing phase 3. Then writing the QA script.
[cot:tool] start shell $post = Get-Content "src\data\posts.ts" -Raw; if ($post -match 'id: "measurement-science-update-202608"[\s\S]*?content: `([\s\S]*?)`,\s*\n  \},') { $c = $Matches[1]; $words = ($c -split '\s+').Count; $h2 = ([regex]::Matches($c, '(?m)^## ')).Count; $links = ([regex]::Matches($c, '\]\(/blog/')).Count; Write-Output "words=$words h2=$h2 internalLinks=$links" } else { Write-Output "parse failed" }; git add -A; git commit --trailer "Co-authored-by: Cursor <cursoragent@cursor.com>" -m "wip(measurement-science-update-202608): post prose + hero"; $env:BLOG_REPO_ROOT='E:\AI Projects\data-insights-blog'; npx tsx "E:\AI Projects\data-insights-blog\scripts\update-agent-job.mjs" --job job-mt285z70-bqp4d --status building --activity "Phase 3 done: prose + hero; writing QA script"
[cot:tool] done shell $post = Get-Content "src\data\posts.ts" -Raw; if ($post -match 'id: "measurement-science-update-202608"[\s\S]*?content: `([\s\S]*?)`,\s*\n  \},') { $c = $Matches[1]; $words = ($c -split '\s+').Count; $h2 = ([regex]::Matches($c, '(?m)^## ')).Count; $links = ([regex]::Matches($c, '\]\(/blog/')).Count; Write-Output "words=$words h2=$h2 internalLinks=$links" } else { Write-Output "parse failed" }; git add -A; git commit --trailer "Co-authored-by: Cursor <cursoragent@cursor.com>" -m "wip(measurement-science-update-202608): post prose + hero"; $env:BLOG_REPO_ROOT='E:\AI Projects\data-insights-blog'; npx tsx "E:\AI Projects\data-insights-blog\scripts\update-agent-job.mjs" --job job-mt285z70-bqp4d --status building --activity "Phase 3 done: prose + hero; writing QA script"
[cot:thought] The draft contains 1874 words, 9 H2 sections, and 5 internal links. This satisfies the word count, heading, and link requirements.
[cot:thought] Writing the QA script based on the q3 commit. Then deploying on ports 4180 and 4181.
[cot:thought] Phase 3 done (1874 words). Writing the QA script, then running local deploy.
[cot:tool] start read C:\Users\ether\AppData\Local\data-insights-blog-workers\worker-1\scripts\qa-measurement-science-update-2026q3.mjs
[cot:tool] done read C:\Users\ether\AppData\Local\data-insights-blog-workers\worker-1\scripts\qa-measurement-science-update-2026q3.mjs
[cot:thought] I will write a QA script for the 202608 post based on the template, adapted to our panels.
[cot:tool] start edit C:\Users\ether\AppData\Local\data-insights-blog-workers\worker-1\scripts\qa-measurement-science-update-202608.mjs
[cot:tool] start grep C:\Users\ether\AppData\Local\data-insights-blog-workers\worker-1\package.json
[cot:tool] done grep C:\Users\ether\AppData\Local\data-insights-blog-workers\worker-1\package.json
[cot:tool] done edit C:\Users\ether\AppData\Local\data-insights-blog-workers\worker-1\scripts\qa-measurement-science-update-202608.mjs
[cot:thought] The smoke test will pick up the marker from smoke-test-viz-posts. Checking whether QA
[cot:thought] scripts are auto-discovered or must be run manually.
[cot:tool] start grep C:\Users\ether\AppData\Local\data-insights-blog-workers\worker-1\scripts
[cot:tool] done grep C:\Users\ether\AppData\Local\data-insights-blog-workers\worker-1\scripts
[cot:tool] start shell git add -A; git commit --trailer "Co-authored-by: Cursor <cursoragent@cursor.com>" -m "wip(measurement-science-update-202608): qa + smoke"; $env:BLOG_REPO_ROOT='E:\AI Projects\data-insights-blog'; npx tsx "E:\AI Projects\data-insights-blog\scripts\update-agent-job.mjs" --job job-mt285z70-bqp4d --status qa --activity "Phase 4 done: running npm run deploy on ports 4180/4181"
[cot:tool] done shell git add -A; git commit --trailer "Co-authored-by: Cursor <cursoragent@cursor.com>" -m "wip(measurement-science-update-202608): qa + smoke"; $env:BLOG_REPO_ROOT='E:\AI Projects\data-insights-blog'; npx tsx "E:\AI Projects\data-insights-blog\scripts\update-agent-job.mjs" --job job-mt285z70-bqp4d --status qa --activity "Phase 4 done: running npm run deploy on ports 4180/4181"
[cot:thought] Running npm run deploy with smoke ports 4180 and 4181. The build and smoke
[cot:thought] tests will take a while. Setting a high timeout.
[cot:tool] start shell $env:SMOKE_PORT='4180'; $env:SMOKE_QA_PORT='4181'; npm run deploy
[cot:tool] done shell $env:SMOKE_PORT='4180'; $env:SMOKE_QA_PORT='4181'; npm run deploy
[cot:thought] Tooltip formatter types need fixing. Checking the q3 dashboard
[cot:thought] implementation for reference.Fixing TypeScript Tooltip formatter types.
[cot:tool] start grep C:\Users\ether\AppData\Local\data-insights-blog-workers\worker-1\src\components\visualizations\MeasurementScienceUpdate2026q3Dashboard.tsx
[cot:tool] start grep C:\Users\ether\AppData\Local\data-insights-blog-workers\worker-1\src\components\visualizations\FiscalIndustrialPolicyUpdate202608Dashboard.tsx
[cot:tool] done grep C:\Users\ether\AppData\Local\data-insights-blog-workers\worker-1\src\components\visualizations\MeasurementScienceUpdate2026q3Dashboard.tsx
[cot:tool] done grep C:\Users\ether\AppData\Local\data-insights-blog-workers\worker-1\src\components\visualizations\FiscalIndustrialPolicyUpdate202608Dashboard.tsx
[cot:thought] Fixing tooltip formatters in the dashboard to use the correct arrow function pattern.
[cot:thought] Removing explicit
[cot:thought] type annotations that conflict with the arrow function pattern.
[cot:tool] start shell rg -n "formatter=\{\(value" "src\components\visualizations\MeasurementScienceUpdate202608Dashboard.tsx"
[cot:tool] done shell rg -n "formatter=\{\(value" "src\components\visualizations\MeasurementScienceUpdate202608Dashboard.tsx"
[cot:thought] A scatter plot with custom value formatting was noted.
[cot:tool] start edit C:\Users\ether\AppData\Local\data-insights-blog-workers\worker-1\src\components\visualizations\MeasurementScienceUpdate202608Dashboard.tsx
[cot:tool] done edit C:\Users\ether\AppData\Local\data-insights-blog-workers\worker-1\src\components\visualizations\MeasurementScienceUpdate202608Dashboard.tsx
[cot:tool] start edit C:\Users\ether\AppData\Local\data-insights-blog-workers\worker-1\src\components\visualizations\MeasurementScienceUpdate202608Dashboard.tsx
[cot:tool] done edit C:\Users\ether\AppData\Local\data-insights-blog-workers\worker-1\src\components\visualizations\MeasurementScienceUpdate202608Dashboard.tsx
[cot:tool] start edit C:\Users\ether\AppData\Local\data-insights-blog-workers\worker-1\src\components\visualizations\MeasurementScienceUpdate202608Dashboard.tsx
[cot:tool] done edit C:\Users\ether\AppData\Local\data-insights-blog-workers\worker-1\src\components\visualizations\MeasurementScienceUpdate202608Dashboard.tsx
[cot:tool] start edit C:\Users\ether\AppData\Local\data-insights-blog-workers\worker-1\src\components\visualizations\MeasurementScienceUpdate202608Dashboard.tsx
[cot:tool] done edit C:\Users\ether\AppData\Local\data-insights-blog-workers\worker-1\src\components\visualizations\MeasurementScienceUpdate202608Dashboard.tsx
[cot:tool] start edit C:\Users\ether\AppData\Local\data-insights-blog-workers\worker-1\src\components\visualizations\MeasurementScienceUpdate202608Dashboard.tsx
[cot:tool] done edit C:\Users\ether\AppData\Local\data-insights-blog-workers\worker-1\src\components\visualizations\MeasurementScienceUpdate202608Dashboard.tsx
[cot:tool] start edit C:\Users\ether\AppData\Local\data-insights-blog-workers\worker-1\src\components\visualizations\MeasurementScienceUpdate202608Dashboard.tsx
[cot:tool] done edit C:\Users\ether\AppData\Local\data-insights-blog-workers\worker-1\src\components\visualizations\MeasurementScienceUpdate202608Dashboard.tsx
[cot:thought] Checking whether SortedTooltip uses a different function signature. Re-running deployment.
[cot:tool] start shell git add -A; git commit --trailer "Co-authored-by: Cursor <cursoragent@cursor.com>" -m "wip(measurement-science-update-202608): fix tooltip types"; $env:SMOKE_PORT='4180'; $env:SMOKE_QA_PORT='4181'; $env:BLOG_REPO_ROOT='E:\AI Projects\data-insights-blog'; npx tsx "E:\AI Projects\data-insights-blog\scripts\update-agent-job.mjs" --job job-mt285z70-bqp4d --status qa --activity "Retrying npm run deploy after tooltip type fix"; npm run deploy
[cot:tool] done shell git add -A; git commit --trailer "Co-authored-by: Cursor <cursoragent@cursor.com>" -m "wip(measurement-science-update-202608): fix tooltip types"; $env:SMOKE_PORT='4180'; $env:SMOKE_QA_PORT='4181'; $env:BLOG_REPO_ROOT='E:\AI Projects\data-insights-blog'; npx tsx "E:\AI Projects\data-insights-blog\scripts\update-agent-job.mjs" --job job-mt285z70-bqp4d --status qa --activity "Retrying npm run deploy after tooltip type fix"; npm run deploy
[cot:thought] Deployment passed. Next: run the QA script, verify the HTML output, commit the changes, mark the job ready, and exit.
[cot:thought] Deploy passed. Running post-specific QA, then final commit and marking the job ready.
[cot:tool] start shell $env:SMOKE_PORT='4180'; node scripts/qa-measurement-science-update-202608.mjs; Test-Path "out\blog\measurement-science-update-202608\index.html"; Test-Path "out\blog\measurement-science-update-202608.html"
[cot:tool] done shell $env:SMOKE_PORT='4180'; node scripts/qa-measurement-science-update-202608.mjs; Test-Path "out\blog\measurement-science-update-202608\index.html"; Test-Path "out\blog\measurement-science-update-202608.html"
[cot:thought] The HTML file for this post already exists at the expected output path. Proceeding to finalize
[cot:thought] the feature commit and mark the job ready.
[cot:tool] start shell git add -A; git status; git log -3 --oneline; git commit --trailer "Co-authored-by: Cursor <cursoragent@cursor.com>" -m "$(@'
feat(post): measurement-science-update-202608
'@)"; git status; $env:BLOG_REPO_ROOT='E:\AI Projects\data-insights-blog'; npx tsx "E:\AI Projects\data-insights-blog\scripts\update-agent-job.mjs" --job job-mt285z70-bqp4d --status ready --activity "Ready for merge" --headline "China R&D +8.1% (2025) ?? intensity 2.80% ?? basic research 7.08% ?? AI patents ~75%"; Write-Output "WorkerReady: measurement-science-update-202608 | job=job-mt285z70-bqp4d | worker=1"
[cot:tool] done shell git add -A; git status; git log -3 --oneline; git commit --trailer "Co-authored-by: Cursor <cursoragent@cursor.com>" -m "$(@'
feat(post): measurement-science-update-202608
'@)"; git status; $env:BLOG_REPO_ROOT='E:\AI Projects\data-insights-blog'; npx tsx "E:\AI Projects\data-insights-blog\scripts\update-agent-job.mjs" --job job-mt285z70-bqp4d --status ready --activity "Ready for merge" --headline "China R&D +8.1% (2025) ?? intensity 2.80% ?? basic research 7.08% ?? AI patents ~75%"; Write-Output "WorkerReady: measurement-science-update-202608 | job=job-mt285z70-bqp4d | worker=1"
[cot:thought] The final feature commit was skipped because the working tree was clean. The previous commit remained a work-in-progress.
[cot:thought] I am weighing whether
[cot:thought] to amend the last work-in-progress commit to apply the final feature message, or create an empty commit instead. I am checking if the branch is ahead of remote and if the user rules permit an amend.
[cot:thought] The worker brief authorizes
[cot:thought] amending the last work-in-progress commit. I will update its message to the final feature format.
[cot:thought] Amending the last local wip commit to the required `feat(post):` message.
[cot:tool] start shell git log -1 --format='%an %ae'; git status -sb; git commit --trailer "Co-authored-by: Cursor <cursoragent@cursor.com>" --amend -m "$(@'
feat(post): measurement-science-update-202608
'@)"; git log -3 --oneline; git status -sb
[cot:tool] done shell git log -1 --format='%an %ae'; git status -sb; git commit --trailer "Co-authored-by: Cursor <cursoragent@cursor.com>" --amend -m "$(@'
feat(post): measurement-science-update-202608
'@)"; git log -3 --oneline; git status -sb
[cot:thought] The amend only updated the last commit, which was just a tooltip fix. The full post spans
[cot:thought] multiple commits. The branch HEAD is the final feat commit. The job is marked ready.
[cot:thought] The WorkerReady message will be printed and the worker will exit.Shipped **measurement-science-update-202608** on `post/measurement-science-update-202608-w1`.
[cot:thought] **
[cot:thought] Headline:** China R&D **+8.1%** (2025) ?? intensity **2.80%** ?? basic research **7.
[cot:thought] 08%** ?? AI priority patents **~75%**
[cot:thought] Vintage delta vs Q3: first post-2024 China NBS flow year + NSF CET/KTI meters; PPP 29.
[cot:thought] 4/29.1 frame held (no new OECD year).
[cot:thought] `npm run deploy` (ports 4180/4181) and post QA passed. Job marked **ready**.
[cot:thought] WorkerReady: measurement-science-update-202608 | job=job-mt285z70-bqp4d | worker=1
[cot:system] result ok 826689ms ΓÇö I'll produce the measurement-science update post in short phases. First I'll check conveyor sync, the production rules, and any prior posts on this theme.Prior theme posts exist. Next I'll load the production rules and the latest measuremen
[2026-08-20 20:56:37] Job job-mt285z70-bqp4d marked ready
[2026-08-20 20:56:38] git: HEAD is now at f87862f merge(post): heavy-industrial-capacity-update-2026 from worker 3 (path-selective)
[2026-08-20 20:56:38] Worker 1 finished (exit=0)
