[2026-08-01 02:21:51] Worker 3 starting job job-ms9zh34q-7a6l1 (copper-mine-vs-refinery-geography-2026) in E:\AI Projects\data-insights-blog-worktrees\worker-3 (branch post/copper-mine-vs-refinery-geography-2026-w3)
[2026-08-01 02:21:52] Creating post/copper-mine-vs-refinery-geography-2026-w3 from master 5b8a96f8c2e704a08736bca484120ca971177750
[2026-08-01 02:21:52] Resetting worktree then checkout post/copper-mine-vs-refinery-geography-2026-w3 at 5b8a96f8c2e704a08736bca484120ca971177750
[2026-08-01 02:21:53] git: HEAD is now at 0b66a48 merge(post): migration-humanitarian-research-2026 from worker 3 (path-selective)
[2026-08-01 02:21:53] git: Removing scripts/bootstrap-worktrees.ps1
[2026-08-01 02:21:53] git: Removing scripts/claim-next-topics.mjs
[2026-08-01 02:21:53] git: Removing scripts/claim-recovery-job.mjs
[2026-08-01 02:21:53] git: Removing scripts/clear-resolved-failures.mjs
[2026-08-01 02:21:53] git: Removing scripts/cursor-watchdog-loop.ps1
[2026-08-01 02:21:53] git: Removing scripts/debug-agent-transport.ps1
[2026-08-01 02:21:53] git: Removing scripts/firebase-deploy-hosting.mjs
[2026-08-01 02:21:53] git: Removing scripts/lib/agent-jobs.mjs
[2026-08-01 02:21:53] git: Removing scripts/lib/agent-stream-cot.mjs
[2026-08-01 02:21:53] git: Removing scripts/lib/markdown-formatting-qa.mjs
[2026-08-01 02:21:53] git: Removing scripts/lib/production-ship-parser.mjs
[2026-08-01 02:21:53] git: Removing scripts/lib/viz-interaction-qa.mjs
[2026-08-01 02:21:53] git: Removing scripts/lib/worker-exit-remap.mjs
[2026-08-01 02:21:53] git: Removing scripts/local-blog-server.mjs
[2026-08-01 02:21:53] git: Removing scripts/production-stream-server.mjs
[2026-08-01 02:21:53] git: Removing scripts/production-stream-ui.html
[2026-08-01 02:21:53] git: Removing scripts/prompts/
[2026-08-01 02:21:53] git: Removing scripts/prune-post-branches.mjs
[2026-08-01 02:21:53] git: Removing scripts/qa-consumer-finance-markets-research-2026.mjs
[2026-08-01 02:21:53] git: Removing scripts/qa-cot-stream.mjs
[2026-08-01 02:21:53] git: Removing scripts/qa-fiscal-plumbing-research-2026.mjs
[2026-08-01 02:21:53] git: Removing scripts/qa-manual-review-flag.mjs
[2026-08-01 02:21:53] git: Removing scripts/qa-us-tax-expenditure-catalog-2026.mjs
[2026-08-01 02:21:53] git: Removing scripts/qa-worker-isolation-requeue.mjs
[2026-08-01 02:21:53] git: Removing scripts/qa-worker-transport-exit.mjs
[2026-08-01 02:21:53] git: Removing scripts/resolve-flagged-jobs.mjs
[2026-08-01 02:21:53] git: Removing scripts/resume-blog-automation.ps1
[2026-08-01 02:21:53] git: Removing scripts/run-blog-orchestrator.ps1
[2026-08-01 02:21:53] git: Removing scripts/run-blog-production-local.ps1
[2026-08-01 02:21:53] git: Removing scripts/run-blog-worker.ps1
[2026-08-01 02:21:53] git: Removing scripts/start-blog-automation-in-app.ps1
[2026-08-01 02:21:53] git: Removing scripts/stop-blog-automation.ps1
[2026-08-01 02:21:53] git: Removing scripts/theme-balance.ts
[2026-08-01 02:21:54] git: Removing scripts/update-agent-job.mjs
[2026-08-01 02:21:54] git: Removing scripts/watch-blog-production.ps1
[2026-08-01 02:21:54] git: Removing public/images/consumer-finance-consumer-finance-markets-research-2026-hero.png
[2026-08-01 02:21:54] git: Removing public/images/global-systems-fiscal-plumbing-research-2026-hero.png
[2026-08-01 02:21:54] git: Removing public/images/industry-commercial-aircraft-final-assembly-geography-2026-hero.png
[2026-08-01 02:21:54] git: Removing src/components/charts/
[2026-08-01 02:21:54] git: Removing src/components/visualizations/BankLoanChargeoffsDashboard.tsx
[2026-08-01 02:21:54] git: Removing src/components/visualizations/CommercialAircraftAssemblyDashboard.tsx
[2026-08-01 02:21:54] git: Removing src/components/visualizations/ConsumerFinanceMarketsResearchDashboard.tsx
[2026-08-01 02:21:54] git: Removing src/components/visualizations/FiscalPlumbingResearchDashboard.tsx
[2026-08-01 02:21:54] git: Removing src/components/visualizations/IrenaRenewableCapacityDashboard.tsx
[2026-08-01 02:21:54] git: Removing src/components/visualizations/MoneyMarketFundsDepositsDashboard.tsx
[2026-08-01 02:21:54] git: Removing src/components/visualizations/NaturalGraphiteMineConcentrationDashboard.tsx
[2026-08-01 02:21:54] git: Removing src/components/visualizations/OecdDacOdaDashboard.tsx
[2026-08-01 02:21:54] git: Removing src/data/bank-loan-chargeoffs-data.ts
[2026-08-01 02:21:54] git: Removing src/data/commercial-aircraft-assembly-data.ts
[2026-08-01 02:21:54] git: Removing src/data/consumer-finance-markets-research-2026-data.ts
[2026-08-01 02:21:54] git: Removing src/data/fiscal-plumbing-research-2026-data.ts
[2026-08-01 02:21:54] git: Removing src/data/irena-renewable-capacity-data.ts
[2026-08-01 02:21:54] git: Removing src/data/money-market-funds-deposits-data.ts
[2026-08-01 02:21:54] git: Removing src/data/natural-graphite-mine-concentration-data.ts
[2026-08-01 02:21:54] git: Removing src/data/oecd-dac-oda-data.ts
[2026-08-01 02:21:54] git: Removing src/data/social-security-trust-fund-data.ts
[2026-08-01 02:21:55] git: HEAD is now at 5b8a96f merge(post): us-tax-expenditure-catalog-2026 from worker 5 (path-selective)
[2026-08-01 02:21:55] git: Switched to a new branch 'post/copper-mine-vs-refinery-geography-2026-w3'
[2026-08-01 02:21:57] Worker 3 ports: SMOKE_PORT=4184 SMOKE_QA_PORT=4185 (isolated Node static servers)
[2026-08-01 02:21:57] Cursor CLI network.useHttp1ForAgent=true (ok)
[2026-08-01 02:21:57] Invoking agent for worker 3 (-p --force --trust --workspace worktree)
[2026-08-01 02:21:58] Agent stream-json -> E:\AI Projects\data-insights-blog\artifacts\automation-logs\worker-3-2026-08-01_02-21-50.log (cot E:\AI Projects\data-insights-blog\artifacts\automation-logs\worker-3-2026-08-01_02-21-50.cot.log, raw E:\AI Projects\data-insights-blog\artifacts\automation-logs\worker-3-2026-08-01_02-21-50.ndjson)
[cot:system] session model=Auto cwd=E:\AI Projects\data-insights-blog-worktrees\worker-3
[cot:user] You are a blog production WORKER in a parallel multi-agent system. ## Identity - Worker ID: 3 - Job ID: job-ms9zh34q-7a6l1 - Assigned slug: copper-mine-vs-refinery-geography-2026 - Theme ID: chokepoinΓÇª
[cot:thought] Starting the blog post on copper mine versus refinery geography. Reviewing the production
[cot:thought] rules and existing patterns. The ship gate references Firebase deployment, but hard rules explicitly prohibit it. Local QA via npm run deploy is permitted, while Firebase Hosting is excluded from the production chain.
[cot:thought] Checking package.json
[cot:thought] to clarify whether `npm run deploy` performs a local smoke test without Firebase. Phase 1 begins with research, data module creation, and job status updates.
[cot:thought] Starting the copper mine vs refinery geography post in phased commits. Updating job status and checking production rules plus existing patterns.
[cot:tool] start shell $env:BLOG_REPO_ROOT='E:\AI Projects\data-insights-blog'; npx tsx "E:\AI Projects\data-insights-blog\scripts\update-agent-job.mjs" --job job-ms9zh34q-7a6l1 --status researching --activity "Phase 1: reading rules + patterns, starting USGS copper data module"
[cot:tool] start read E:\AI Projects\data-insights-blog-worktrees\worker-3\.cursor\rules\autonomous-blog-production.mdc
[cot:tool] start glob
[cot:tool] start grep E:\AI Projects\data-insights-blog-worktrees\worker-3\src
[cot:tool] done read ?
[cot:tool] done glob
[cot:tool] done grep E:\AI Projects\data-insights-blog-worktrees\worker-3\src
[cot:agent] connection/reconnecting
[2026-08-01 02:39:53] WARN: transport blip cliAttempt=1 (raw=) elapsed=0s
[cot:agent] retry/starting
[cot:agent] retry/resuming
[cot:agent] connection/reconnected
[2026-08-01 02:39:53] WARN: transport blip cliAttempt=1 (raw=) elapsed=0s
[cot:tool] start read E:\AI Projects\data-insights-blog-worktrees\worker-3\.cursor\rules\autonomous-blog-production.mdc
[cot:tool] start glob
[cot:tool] start grep E:\AI Projects\data-insights-blog-worktrees\worker-3\src
[cot:tool] start shell $env:BLOG_REPO_ROOT='E:\AI Projects\data-insights-blog'; npx tsx "E:\AI Projects\data-insights-blog\scripts\update-agent-job.mjs" --job job-ms9zh34q-7a6l1 --status researching --activity "Phase 1: reading rules + patterns, starting USGS copper data module"
[cot:tool] done read ?
[cot:tool] done glob
[cot:tool] done grep E:\AI Projects\data-insights-blog-worktrees\worker-3\src
[cot:tool] done shell $env:BLOG_REPO_ROOT='E:\AI Projects\data-insights-blog'; npx tsx "E:\AI Projects\data-insights-blog\scripts\update-agent-job.mjs" --job job-ms9zh34q-7a6l1 --status researching --activity "Phase 1: reading rules + patterns, starting USGS copper data module"
[cot:thought] A related post on copper mine concentration from 2024 already exists. Reviewing similar
[cot:thought] posts and data patterns. Locating the autonomous blog production rules.
[cot:tool] start glob
[cot:tool] done glob
[cot:tool] start grep E:\AI Projects\data-insights-blog-worktrees\worker-3\src
[cot:tool] done grep E:\AI Projects\data-insights-blog-worktrees\worker-3\src
[cot:tool] start read E:\AI Projects\data-insights-blog-worktrees\worker-3\src\data\natural-graphite-mine-concentration-data.ts
[cot:tool] start shell Get-ChildItem "E:\AI Projects\data-insights-blog-worktrees\worker-3\.cursor\rules" | Select-Object Name; git -C "E:\AI Projects\data-insights-blog-worktrees\worker-3" status -sb; git -C "E:\AI Projects\data-insights-blog-worktrees\worker-3" log -3 --oneline
[cot:tool] done read E:\AI Projects\data-insights-blog-worktrees\worker-3\src\data\natural-graphite-mine-concentration-data.ts
[cot:tool] done shell Get-ChildItem "E:\AI Projects\data-insights-blog-worktrees\worker-3\.cursor\rules" | Select-Object Name; git -C "E:\AI Projects\data-insights-blog-worktrees\worker-3" status -sb; git -C "E:\AI Projects\data-insights-blog-worktrees\worker-3" log -3 --oneline
[cot:thought] A 2024 post on copper mines versus refineries already exists. I will review the
[cot:thought] existing 2024 post and fetch current USGS copper data. I also need to check dashboard patterns and visualization registration.
[cot:thought] There's a 2024 copper post already ??? I'll build a 2026 update from USGS MCS. Checking that post and pulling copper mine/refinery figures.
[cot:tool] start grep E:\AI Projects\data-insights-blog-worktrees\worker-3\src\data\posts.ts
[cot:tool] start glob
[cot:tool] start webFetch
[cot:agent] interaction_query/request
[cot:agent] interaction_query/response
[cot:tool] start read E:\AI Projects\data-insights-blog-worktrees\worker-3\src\types\post.ts
[cot:tool] start grep E:\AI Projects\data-insights-blog-worktrees\worker-3\src\types\post.ts
[cot:tool] done grep E:\AI Projects\data-insights-blog-worktrees\worker-3\src\data\posts.ts
[cot:tool] done glob
[cot:tool] done read E:\AI Projects\data-insights-blog-worktrees\worker-3\src\types\post.ts
[cot:tool] done grep E:\AI Projects\data-insights-blog-worktrees\worker-3\src\types\post.ts
[cot:tool] done webFetch
[cot:thought] USGS data is available. Key statistics are being calculated. World mine 2024: 23,000
[cot:thought] kt. World refine 2024: 27,000 kt. China mine 8%. China refine 44%. Chile mine 23%. Chile refine 7%. DRC mine 14%. DRC refine 9%.
[cot:thought] Peru mine 11%. Peru refine 1.4%. This is the classic chokepoint story. China refines nearly half the world's copper but mines only about eight percent.
[cot:thought] Next step is to review the existing 2024 copper post and find a dual geography dashboard pattern.
[cot:tool] start grep E:\AI Projects\data-insights-blog-worktrees\worker-3\src\data\posts.ts
[cot:tool] start read E:\AI Projects\data-insights-blog-worktrees\worker-3\src\components\visualizations\NaturalGraphiteMineConcentrationDashboard.tsx
[cot:tool] start grep E:\AI Projects\data-insights-blog-worktrees\worker-3\scripts
[cot:tool] start read E:\AI Projects\data-insights-blog-worktrees\worker-3\package.json
[cot:tool] done grep E:\AI Projects\data-insights-blog-worktrees\worker-3\src\data\posts.ts
[cot:agent] connection/reconnecting
[2026-08-01 02:39:57] WARN: transport blip cliAttempt=1 (raw=) elapsed=0s
[cot:agent] retry/starting
[cot:agent] retry/resuming
[cot:agent] connection/reconnected
[2026-08-01 02:39:57] WARN: transport blip cliAttempt=1 (raw=) elapsed=0s
[cot:thought] USGS MCS 2025 copper data is now available. World mine and refinery
[cot:thought] capacity diverges sharply by region. China leads in mine output but dominates in refining.
[cot:thought] Chile and Congo lead in mining yet lag in refining. Peru shows the most extreme gap.
[cot:thought] Next steps are to review the existing 2024 post, check the NaturalGraphite dashboard for patterns, and inspect the deploy script. A data module will be created and committed first.
[cot:thought] The deploy script may trigger Firebase despite the user's preference. I will inspect it before proceeding.
[cot:tool] start grep E:\AI Projects\data-insights-blog-worktrees\worker-3\package.json
[cot:tool] done grep E:\AI Projects\data-insights-blog-worktrees\worker-3\package.json
[cot:tool] start read E:\AI Projects\data-insights-blog-worktrees\worker-3\src\components\visualizations\NaturalGraphiteMineConcentrationDashboard.tsx
[cot:tool] done read E:\AI Projects\data-insights-blog-worktrees\worker-3\src\components\visualizations\NaturalGraphiteMineConcentrationDashboard.tsx
[cot:tool] start grep E:\AI Projects\data-insights-blog-worktrees\worker-3\scripts
[cot:tool] done grep E:\AI Projects\data-insights-blog-worktrees\worker-3\scripts
[cot:tool] start read E:\AI Projects\data-insights-blog-worktrees\worker-3\scripts\qa-fiscal-plumbing-research-2026.mjs
[cot:tool] done read E:\AI Projects\data-insights-blog-worktrees\worker-3\scripts\qa-fiscal-plumbing-research-2026.mjs
[cot:tool] start grep E:\AI Projects\data-insights-blog\src\data\posts.ts
[cot:tool] start shell git -C "E:\AI Projects\data-insights-blog" show HEAD:src/data/posts.ts 2>$null | Select-String -Pattern "copper-mine-vs-refinery" -Context 0,5 | Select-Object -First 20; if (Test-Path "E:\AI Projects\data-insights-blog\src\data\*copper*") { Get-ChildItem "E:\AI Projects\data-insights-blog\src\data\*copper*" }
[cot:tool] done grep E:\AI Projects\data-insights-blog\src\data\posts.ts
[cot:agent] connection/reconnecting
[2026-08-01 02:39:58] WARN: transport blip cliAttempt=1 (raw=) elapsed=0s
[cot:agent] retry/starting
[cot:agent] retry/resuming
[cot:agent] connection/reconnected
[2026-08-01 02:39:58] WARN: transport blip cliAttempt=1 (raw=) elapsed=0s
[cot:tool] start grep E:\AI Projects\data-insights-blog-worktrees\worker-3\package.json
[cot:tool] start read E:\AI Projects\data-insights-blog-worktrees\worker-3\src\components\visualizations\NaturalGraphiteMineConcentrationDashboard.tsx
[cot:tool] start grep E:\AI Projects\data-insights-blog-worktrees\worker-3\scripts
[cot:tool] start read E:\AI Projects\data-insights-blog-worktrees\worker-3\scripts\qa-fiscal-plumbing-research-2026.mjs
[cot:tool] start grep E:\AI Projects\data-insights-blog\src\data\posts.ts
[cot:tool] start shell git -C "E:\AI Projects\data-insights-blog" show HEAD:src/data/posts.ts 2>$null | Select-String -Pattern "copper-mine-vs-refinery" -Context 0,5 | Select-Object -First 20; if (Test-Path "E:\AI Projects\data-insights-blog\src\data\*copper*") { Get-ChildItem "E:\AI Projects\data-insights-blog\src\data\*copper*" }
[cot:tool] done grep E:\AI Projects\data-insights-blog-worktrees\worker-3\package.json
[cot:tool] done grep E:\AI Projects\data-insights-blog-worktrees\worker-3\scripts
[cot:tool] done grep E:\AI Projects\data-insights-blog\src\data\posts.ts
[cot:tool] done read E:\AI Projects\data-insights-blog-worktrees\worker-3\src\components\visualizations\NaturalGraphiteMineConcentrationDashboard.tsx
[cot:tool] done read E:\AI Projects\data-insights-blog-worktrees\worker-3\scripts\qa-fiscal-plumbing-research-2026.mjs
[cot:tool] done shell git -C "E:\AI Projects\data-insights-blog" show HEAD:src/data/posts.ts 2>$null | Select-String -Pattern "copper-mine-vs-refinery" -Context 0,5 | Select-Object -First 20; if (Test-Path "E:\AI Projects\data-insights-blog\src\data\*copper*") { Get-ChildItem "E:\AI Projects\data-insights-blog\src\data\*copper*" }
[cot:thought] `npm run deploy` performs local builds and smoke tests rather than deploying to Firebase.
[cot:thought] Confirmed the 2024
[cot:thought] copper post link exists. Drafted the USGS MCS 2025 data module with headline ratios: China mine share ~7.8%, China refine share ~44.4%, Chile mine ~23%, Chile refine ~7%. World refinery exceeds mine totals due to secondary and scrap refining. Proceeding to write the module and commit phase 1.
[cot:thought] Decided against `git
[cot:thought] add -A` to avoid polluting the branch with unrelated worker files. Will selectively stage only copper-related files instead. Also planning to inspect smoke-test-viz-posts to understand marker implementation.
[cot:thought] `npm run deploy` is local build + smoke only ??? good. Building the USGS copper data module next, committing only copper-related files.
[cot:tool] start grep E:\AI Projects\data-insights-blog-worktrees\worker-3\scripts\smoke-test-viz-posts.mjs
[cot:tool] done grep E:\AI Projects\data-insights-blog-worktrees\worker-3\scripts\smoke-test-viz-posts.mjs
[cot:tool] start read E:\AI Projects\data-insights-blog-worktrees\worker-3\src\data\natural-graphite-mine-concentration-data.ts
[cot:tool] done read E:\AI Projects\data-insights-blog-worktrees\worker-3\src\data\natural-graphite-mine-concentration-data.ts
[cot:tool] start read E:\AI Projects\data-insights-blog-worktrees\worker-3\src\components\PostVisualization.tsx
[cot:tool] start read E:\AI Projects\data-insights-blog-worktrees\worker-3\artifacts\backend-manifest.json
