[2026-08-01 01:32:32] Worker 1 starting job job-ms9wjerx-0gpc8 (global-shipbuilding-gt-delivery-concentration-2026) in E:\AI Projects\data-insights-blog-worktrees\worker-1 (branch post/global-shipbuilding-gt-delivery-concentration-2026-w1)
[2026-08-01 01:32:33] Existing post/global-shipbuilding-gt-delivery-concentration-2026-w1 is empty vs master - resetting from master 0b66a4802791867de514152eb05422337974e9c4
[2026-08-01 01:32:33] Resetting worktree then checkout post/global-shipbuilding-gt-delivery-concentration-2026-w1 at 0b66a4802791867de514152eb05422337974e9c4
[2026-08-01 01:32:34] git: HEAD is now at 0b66a48 merge(post): migration-humanitarian-research-2026 from worker 3 (path-selective)
[2026-08-01 01:32:34] git: Removing scripts/bootstrap-worktrees.ps1
[2026-08-01 01:32:34] git: Removing scripts/claim-next-topics.mjs
[2026-08-01 01:32:35] git: Removing scripts/claim-recovery-job.mjs
[2026-08-01 01:32:35] git: Removing scripts/clear-resolved-failures.mjs
[2026-08-01 01:32:35] git: Removing scripts/cursor-watchdog-loop.ps1
[2026-08-01 01:32:35] git: Removing scripts/debug-agent-transport.ps1
[2026-08-01 01:32:35] git: Removing scripts/firebase-deploy-hosting.mjs
[2026-08-01 01:32:35] git: Removing scripts/lib/agent-jobs.mjs
[2026-08-01 01:32:35] git: Removing scripts/lib/agent-stream-cot.mjs
[2026-08-01 01:32:35] git: Removing scripts/lib/markdown-formatting-qa.mjs
[2026-08-01 01:32:35] git: Removing scripts/lib/production-ship-parser.mjs
[2026-08-01 01:32:35] git: Removing scripts/lib/viz-interaction-qa.mjs
[2026-08-01 01:32:35] git: Removing scripts/lib/worker-exit-remap.mjs
[2026-08-01 01:32:35] git: Removing scripts/local-blog-server.mjs
[2026-08-01 01:32:35] git: Removing scripts/production-stream-server.mjs
[2026-08-01 01:32:35] git: Removing scripts/production-stream-ui.html
[2026-08-01 01:32:35] git: Removing scripts/prompts/
[2026-08-01 01:32:35] git: Removing scripts/prune-post-branches.mjs
[2026-08-01 01:32:35] git: Removing scripts/qa-cot-stream.mjs
[2026-08-01 01:32:35] git: Removing scripts/qa-fiscal-plumbing-research-2026.mjs
[2026-08-01 01:32:35] git: Removing scripts/qa-worker-isolation-requeue.mjs
[2026-08-01 01:32:35] git: Removing scripts/qa-worker-transport-exit.mjs
[2026-08-01 01:32:35] git: Removing scripts/resolve-flagged-jobs.mjs
[2026-08-01 01:32:35] git: Removing scripts/resume-blog-automation.ps1
[2026-08-01 01:32:35] git: Removing scripts/run-blog-orchestrator.ps1
[2026-08-01 01:32:35] git: Removing scripts/run-blog-production-local.ps1
[2026-08-01 01:32:35] git: Removing scripts/run-blog-worker.ps1
[2026-08-01 01:32:35] git: Removing scripts/start-blog-automation-in-app.ps1
[2026-08-01 01:32:35] git: Removing scripts/stop-blog-automation.ps1
[2026-08-01 01:32:35] git: Removing scripts/theme-balance.ts
[2026-08-01 01:32:35] git: Removing scripts/update-agent-job.mjs
[2026-08-01 01:32:35] git: Removing scripts/watch-blog-production.ps1
[2026-08-01 01:32:35] git: Removing public/images/energy-adaptation-economics-research-2026-hero.png
[2026-08-01 01:32:35] git: Removing public/images/global-systems-fiscal-plumbing-research-2026-hero.png
[2026-08-01 01:32:35] git: Removing public/images/industry-commercial-aircraft-final-assembly-geography-2026-hero.png
[2026-08-01 01:32:35] git: Removing src/components/charts/
[2026-08-01 01:32:35] git: Removing src/components/visualizations/AdaptationEconomicsResearchDashboard.tsx
[2026-08-01 01:32:35] git: Removing src/components/visualizations/BankLoanChargeoffsDashboard.tsx
[2026-08-01 01:32:36] git: Removing src/components/visualizations/CommercialAircraftAssemblyDashboard.tsx
[2026-08-01 01:32:36] git: Removing src/components/visualizations/FiscalPlumbingResearchDashboard.tsx
[2026-08-01 01:32:36] git: Removing src/components/visualizations/IrenaRenewableCapacityDashboard.tsx
[2026-08-01 01:32:36] git: Removing src/components/visualizations/MoneyMarketFundsDepositsDashboard.tsx
[2026-08-01 01:32:36] git: Removing src/components/visualizations/NaturalGraphiteMineConcentrationDashboard.tsx
[2026-08-01 01:32:36] git: Removing src/components/visualizations/OecdDacOdaDashboard.tsx
[2026-08-01 01:32:36] git: Removing src/data/adaptation-economics-research-2026-data.ts
[2026-08-01 01:32:36] git: Removing src/data/bank-loan-chargeoffs-data.ts
[2026-08-01 01:32:36] git: Removing src/data/commercial-aircraft-assembly-data.ts
[2026-08-01 01:32:36] git: Removing src/data/fiscal-plumbing-research-2026-data.ts
[2026-08-01 01:32:36] git: Removing src/data/irena-renewable-capacity-data.ts
[2026-08-01 01:32:36] git: Removing src/data/money-market-funds-deposits-data.ts
[2026-08-01 01:32:36] git: Removing src/data/natural-graphite-mine-concentration-data.ts
[2026-08-01 01:32:36] git: Removing src/data/oecd-dac-oda-data.ts
[2026-08-01 01:32:36] git: Removing src/data/social-security-trust-fund-data.ts
[2026-08-01 01:32:36] git: HEAD is now at 0b66a48 merge(post): migration-humanitarian-research-2026 from worker 3 (path-selective)
[2026-08-01 01:32:37] git: Switched to and reset branch 'post/global-shipbuilding-gt-delivery-concentration-2026-w1'
[2026-08-01 01:32:39] Worker 1 ports: SMOKE_PORT=4180 SMOKE_QA_PORT=4181 (isolated Node static servers)
[2026-08-01 01:32:39] Invoking agent for worker 1 (-p --force --trust --workspace worktree)
[2026-08-01 01:32:40] Agent stream-json -> E:\AI Projects\data-insights-blog\artifacts\automation-logs\worker-1-2026-08-01_01-32-32.log (cot E:\AI Projects\data-insights-blog\artifacts\automation-logs\worker-1-2026-08-01_01-32-32.cot.log, raw E:\AI Projects\data-insights-blog\artifacts\automation-logs\worker-1-2026-08-01_01-32-32.ndjson)
[cot:system] session model=Auto cwd=E:\AI Projects\data-insights-blog-worktrees\worker-1
[cot:user] You are a blog production WORKER in a parallel multi-agent system. ## Identity - Worker ID: 1 - Job ID: job-ms9wjerx-0gpc8 - Assigned slug: global-shipbuilding-gt-delivery-concentration-2026 - Theme IΓÇª
[cot:thought] Beginning the blog post on global shipbuilding GT delivery concentration.
Reviewing the autonomous blog production rules
[cot:thought] and constraints. The worktree is isolated and Firebase deployment is forbidden. I am checking whether `npm run deploy` is a local
[cot:thought] smoke test rather than a live Firebase push.
The ship gate script `npm run deploy` exits zero with isolated ports. This conflicts
[cot:thought] with the explicit ban on Firebase hosting. I will inspect the script source and explore the codebase to resolve this discrepancy.
[cot:thought] I'll build the assigned shipbuilding GT delivery post in this worktree only???starting with the production
[cot:thought] rules and job status, then researching sources and matching existing post patterns.
[cot:tool] start read E:\AI Projects\data-insights-blog-worktrees\worker-1\.cursor\rules\autonomous-blog-production.mdc
[cot:tool] start shell $env:BLOG_REPO_ROOT='E:\AI Projects\data-insights-blog'; npx tsx "E:\AI Projects\data-insights-blog\scripts\update-agent-job.mjs" --job job-ms9wjerx-0gpc8 --status researching --activity "Reading production rules and surveying post patterns"
[cot:tool] start glob
[cot:tool] start glob
[cot:tool] start grep E:\AI Projects\data-insights-blog-worktrees\worker-1\src
[cot:agent] connection/reconnecting
[2026-08-01 02:00:24] WARN: transport blip cliAttempt=1 (raw=) elapsed=0s
[cot:agent] retry/starting
[cot:agent] connection/reconnecting
[2026-08-01 02:00:25] WARN: transport blip cliAttempt=1 (raw=) elapsed=0s
[cot:agent] retry/starting
[cot:agent] connection/reconnected
[2026-08-01 02:00:26] WARN: transport blip cliAttempt=1 (raw=) elapsed=0s
[cot:thought] Beginning the blog post on global shipbuilding GT delivery concentration.
Reviewing the autonomous production rules and
[cot:thought] existing patterns. The worktree-only scope and no-deploy restriction are noted. Research and construction will proceed under these
[cot:thought] constraints.I'll build the assigned shipbuilding GT delivery post in this worktree only???starting with
[cot:thought] the production rules and job status, then research and implement.
[cot:tool] start read E:\AI Projects\data-insights-blog-worktrees\worker-1\.cursor\rules\autonomous-blog-production.mdc
[cot:tool] start shell $env:BLOG_REPO_ROOT='E:\AI Projects\data-insights-blog'; npx tsx "E:\AI Projects\data-insights-blog\scripts\update-agent-job.mjs" --job job-ms9wjerx-0gpc8 --status researching --activity "Reading production rules and existing post patterns"
[cot:tool] done read ?
[cot:tool] start glob
[cot:tool] start glob
[cot:tool] done glob
[cot:tool] done glob
[cot:tool] done shell $env:BLOG_REPO_ROOT='E:\AI Projects\data-insights-blog'; npx tsx "E:\AI Projects\data-insights-blog\scripts\update-agent-job.mjs" --job job-ms9wjerx-0gpc8 --status researching --activity "Reading production rules and existing post patterns"
[cot:thought] Reviewing production rules and existing posts for structural patterns.
[cot:tool] start glob
[cot:tool] start read E:\AI Projects\data-insights-blog-worktrees\worker-1\src\data\commercial-aircraft-assembly-data.ts
[cot:tool] done glob
[cot:tool] start read E:\AI Projects\data-insights-blog-worktrees\worker-1\src\components\visualizations\CommercialAircraftAssemblyDashboard.tsx
[cot:tool] start grep E:\AI Projects\data-insights-blog-worktrees\worker-1\src
[cot:tool] start grep E:\AI Projects\data-insights-blog-worktrees\worker-1\src\data\theme-registry.ts
[cot:tool] start glob
[cot:tool] done read E:\AI Projects\data-insights-blog-worktrees\worker-1\src\data\commercial-aircraft-assembly-data.ts
[cot:tool] done read E:\AI Projects\data-insights-blog-worktrees\worker-1\src\components\visualizations\CommercialAircraftAssemblyDashboard.tsx
[cot:tool] done grep E:\AI Projects\data-insights-blog-worktrees\worker-1\src
[cot:tool] done grep E:\AI Projects\data-insights-blog-worktrees\worker-1\src\data\theme-registry.ts
[cot:tool] done glob
[cot:thought] Reviewing existing PostVisualization patterns, posts.ts structure, and QA scripts. Checking NaturalGraphite as a reference dashboard.
[cot:thought] Searching for UNCTAD shipbuilding data.
Searching for the autonomous blog production rules elsewhere.
[cot:tool] start glob
[cot:tool] start grep E:\AI Projects\data-insights-blog-worktrees\worker-1\src
[cot:tool] start read E:\AI Projects\data-insights-blog-worktrees\worker-1\scripts\qa-fiscal-plumbing-research-2026.mjs
[cot:tool] start read E:\AI Projects\data-insights-blog-worktrees\worker-1\src\components\visualizations\NaturalGraphiteMineConcentrationDashboard.tsx
[cot:agent] interaction_query/request
[cot:agent] interaction_query/response
[cot:agent] connection/reconnecting
[2026-08-01 02:00:55] WARN: transport blip cliAttempt=1 (raw=) elapsed=0s
[cot:agent] retry/starting
[cot:agent] retry/resuming
[cot:agent] connection/reconnecting
[2026-08-01 02:00:55] WARN: transport blip cliAttempt=1 (raw=) elapsed=0s
[cot:agent] retry/starting
[cot:agent] retry/resuming
[cot:agent] connection/reconnected
[2026-08-01 02:00:56] WARN: transport blip cliAttempt=1 (raw=) elapsed=0s
[cot:thought] Reviewing post registration patterns, PostVisualization components, existing shipbuilding posts, QA scripts, and UNCTAD data sources.
[cot:tool] start grep E:\AI Projects\data-insights-blog-worktrees\worker-1\src
[cot:tool] start read E:\AI Projects\data-insights-blog-worktrees\worker-1\scripts\qa-fiscal-plumbing-research-2026.mjs
[cot:tool] done grep E:\AI Projects\data-insights-blog-worktrees\worker-1\src
[cot:tool] start grep E:\AI Projects\data-insights-blog-worktrees\worker-1\src\data\posts.ts
[cot:agent] interaction_query/request
[cot:agent] interaction_query/response
[cot:tool] done read E:\AI Projects\data-insights-blog-worktrees\worker-1\scripts\qa-fiscal-plumbing-research-2026.mjs
[cot:tool] start webSearch
[cot:tool] done grep E:\AI Projects\data-insights-blog-worktrees\worker-1\src\data\posts.ts
[cot:tool] done webSearch
[cot:agent] connection/reconnecting
[2026-08-01 02:01:03] WARN: transport blip cliAttempt=1 (raw=) elapsed=0s
[cot:agent] retry/starting
[cot:agent] retry/resuming
[cot:agent] connection/reconnected
[2026-08-01 02:01:04] WARN: transport blip cliAttempt=1 (raw=) elapsed=0s
[cot:agent] connection/reconnecting
[2026-08-01 02:01:04] WARN: transport blip cliAttempt=2 (raw=) elapsed=0s
[cot:agent] retry/starting
[cot:agent] retry/resuming
[cot:agent] connection/reconnected
[2026-08-01 02:01:05] WARN: transport blip cliAttempt=1 (raw=) elapsed=0s
[cot:tool] start grep E:\AI Projects\data-insights-blog-worktrees\worker-1\src
[cot:tool] start read E:\AI Projects\data-insights-blog-worktrees\worker-1\scripts\qa-fiscal-plumbing-research-2026.mjs
[cot:tool] start grep E:\AI Projects\data-insights-blog-worktrees\worker-1\src\data\posts.ts
[cot:agent] interaction_query/request
[cot:agent] interaction_query/response
[cot:tool] start webSearch
[cot:tool] done grep E:\AI Projects\data-insights-blog-worktrees\worker-1\src
[cot:tool] done grep E:\AI Projects\data-insights-blog-worktrees\worker-1\src\data\posts.ts
[cot:tool] done read E:\AI Projects\data-insights-blog-worktrees\worker-1\scripts\qa-fiscal-plumbing-research-2026.mjs
[cot:agent] connection/reconnecting
[2026-08-01 02:01:11] WARN: transport blip cliAttempt=1 (raw=) elapsed=0s
[cot:agent] retry/starting
[cot:agent] retry/resuming
[cot:agent] connection/reconnected
[2026-08-01 02:01:12] WARN: transport blip cliAttempt=1 (raw=) elapsed=0s
[cot:tool] start grep E:\AI Projects\data-insights-blog-worktrees\worker-1\src
[cot:tool] start read E:\AI Projects\data-insights-blog-worktrees\worker-1\scripts\qa-fiscal-plumbing-research-2026.mjs
[cot:tool] start grep E:\AI Projects\data-insights-blog-worktrees\worker-1\src\data\posts.ts
[cot:agent] interaction_query/request
[cot:agent] interaction_query/response
[cot:tool] start webSearch
[cot:tool] done grep E:\AI Projects\data-insights-blog-worktrees\worker-1\src
[cot:tool] done grep E:\AI Projects\data-insights-blog-worktrees\worker-1\src\data\posts.ts
[cot:tool] done read E:\AI Projects\data-insights-blog-worktrees\worker-1\scripts\qa-fiscal-plumbing-research-2026.mjs
[cot:tool] done webSearch
[cot:thought] UNCTAD data is available. Specific numbers will be extracted from the PDF text files. Existing post registration patterns
[cot:thought] will be reviewed carefully.Pulling precise UNCTAD figures and wiring patterns from an existing heavy
[cot:thought] -industry post.
[cot:tool] start grep C:\Users\ether\.cursor\projects\E-AI-Projects-data-insights-blog-worktrees-worker-1\agent-tools\f7e88637-596b-49c4-8865-9685311695b7.txt
[cot:tool] start grep C:\Users\ether\.cursor\projects\E-AI-Projects-data-insights-blog-worktrees-worker-1\agent-tools\9259b4e7-a77a-4cba-ad56-5b886e1ecfbb.txt
