[2026-08-20 08:48:04] Worker 5 starting job job-msa0sb5p-2dxnh (adaptation-economics-research-2026) in C:\Users\ether\AppData\Local\data-insights-blog-workers\worker-5 (branch post/adaptation-economics-research-2026-w1, container blog-worker-5) [RECOVERY]
[2026-08-20 08:48:05] Fetching origin (main merge target) into isolated clone
[2026-08-20 08:48:06] git: fatal: couldn't find remote ref refs/heads/post/adaptation-economics-research-2026-w1
[2026-08-20 08:48:06] git: fatal: couldn't find remote ref refs/heads/post/adaptation-economics-research-2026-w1
[2026-08-20 08:48:06] git: fatal: couldn't find remote ref refs/heads/post/adaptation-economics-research-2026-w1
[2026-08-20 08:48:06] git: fatal: couldn't find remote ref refs/heads/post/adaptation-economics-research-2026-w1
[2026-08-20 08:48:07] Creating post/adaptation-economics-research-2026-w1 from main 6268b65bb02376e872deee358d6bdf5e85eb8c7d
[2026-08-20 08:48:07] Resetting clone then checkout post/adaptation-economics-research-2026-w1 at 6268b65bb02376e872deee358d6bdf5e85eb8c7d (never master)
[2026-08-20 08:48:08] git: Updating files:  62% (41/66)
[2026-08-20 08:48:08] git: Updating files:  63% (42/66)
[2026-08-20 08:48:08] git: Updating files:  65% (43/66)
[2026-08-20 08:48:08] git: Updating files:  66% (44/66)
[2026-08-20 08:48:08] git: Updating files:  68% (45/66)
[2026-08-20 08:48:08] git: Updating files:  69% (46/66)
[2026-08-20 08:48:08] git: Updating files:  71% (47/66)
[2026-08-20 08:48:08] git: Updating files:  72% (48/66)
[2026-08-20 08:48:08] git: Updating files:  74% (49/66)
[2026-08-20 08:48:08] git: Updating files:  75% (50/66)
[2026-08-20 08:48:08] git: Updating files:  77% (51/66)
[2026-08-20 08:48:08] git: Updating files:  78% (52/66)
[2026-08-20 08:48:08] git: Updating files:  80% (53/66)
[2026-08-20 08:48:08] git: Updating files:  81% (54/66)
[2026-08-20 08:48:08] git: Updating files:  83% (55/66)
[2026-08-20 08:48:09] git: Updating files:  84% (56/66)
[2026-08-20 08:48:09] git: Updating files:  86% (57/66)
[2026-08-20 08:48:09] git: Updating files:  87% (58/66)
[2026-08-20 08:48:09] git: Updating files:  89% (59/66)
[2026-08-20 08:48:09] git: Updating files:  90% (60/66)
[2026-08-20 08:48:09] git: Updating files:  92% (61/66)
[2026-08-20 08:48:09] git: Updating files:  93% (62/66)
[2026-08-20 08:48:09] git: Updating files:  95% (63/66)
[2026-08-20 08:48:09] git: Updating files:  96% (64/66)
[2026-08-20 08:48:09] git: Updating files:  98% (65/66)
[2026-08-20 08:48:09] git: Updating files: 100% (66/66)
[2026-08-20 08:48:09] git: Updating files: 100% (66/66), done.
[2026-08-20 08:48:09] git: HEAD is now at 6268b65 Add homepage Load more and missing post hero images.
[2026-08-20 08:48:09] Recovery: cleaned scripts/; keeping other untracked WIP
[2026-08-20 08:48:10] git: HEAD is now at 6268b65 Add homepage Load more and missing post hero images.
[2026-08-20 08:48:10] git: Switched to a new branch 'post/adaptation-economics-research-2026-w1'
[2026-08-20 08:48:10] Worker 5 ports: SMOKE_PORT=4188 SMOKE_QA_PORT=4189 (isolated Node static servers)
[2026-08-20 08:48:10] WARN: Cursor CLI useHttp1ForAgent is not true - transport blips may be worse. Set network.useHttp1ForAgent=true in C:\Users\ether\.cursor\cli-config.json
[2026-08-20 08:48:10] Invoking agent for worker 5 (-p --force --trust --workspace clone C:\Users\ether\AppData\Local\data-insights-blog-workers\worker-5 / blog-worker-5)
[2026-08-20 08:48:11] Agent stream-json -> E:\AI Projects\data-insights-blog\artifacts\automation-logs\worker-5-2026-08-20_08-48-04.log (cot E:\AI Projects\data-insights-blog\artifacts\automation-logs\worker-5-2026-08-20_08-48-04.cot.log, raw E:\AI Projects\data-insights-blog\artifacts\automation-logs\worker-5-2026-08-20_08-48-04.ndjson)
[cot:system] session model=Auto cwd=C:\Users\ether\AppData\Local\data-insights-blog-workers\worker-5
[cot:user] You are the blog production RECOVERY WORKER (Worker 5). ## Mission Finish a job that **Failed before merge**. Do not start a new topic. Rescue adaptation-economics-research-2026. ## Identity - Worker ΓÇª
[cot:thought] I am Worker 5, the recovery worker for the failed adaptation-economics-research-2026 blog post.
[cot:thought] I will inspect the
[cot:thought] existing branch, fix the QA failures, and complete the post.I'll recover the adaptation-economics post: assess the branch tip and prior QA failure, then repair and ship.
[cot:tool] start shell $env:BLOG_REPO_ROOT='E:\AI Projects\data-insights-blog'; npx tsx "E:\AI Projects\data-insights-blog/scripts/update-agent-job.mjs" --job job-msa0sb5p-2dxnh --status researching --activity "Recovery: assessing branch / prior work"
[cot:tool] start shell git status; git log --oneline -15; git branch -v; ls
[cot:tool] start glob
[cot:tool] start glob
[cot:tool] done glob
[cot:tool] done glob
[cot:tool] done shell git status; git log --oneline -15; git branch -v; ls
[cot:tool] done shell $env:BLOG_REPO_ROOT='E:\AI Projects\data-insights-blog'; npx tsx "E:\AI Projects\data-insights-blog/scripts/update-agent-job.mjs" --job job-msa0sb5p-2dxnh --status researching --activity "Recovery: assessing branch / prior work"
[cot:thought] The branch is identical to master and contains no adaptation-economics files. Prior work appears
[cot:thought] lost or uncommitted. I will rebuild the post from scratch by checking artifacts, job history, production rules, and similar posts for patterns.
[cot:thought] Branch tip matches master with no post files ??? prior work was lost. I'll inspect production rules and a similar post, then rebuild this slug.
[cot:tool] start glob
[cot:tool] done glob
[cot:tool] start shell Get-ChildItem artifacts; if (Test-Path "E:\AI Projects\data-insights-blog\artifacts\agent-jobs") { Get-ChildItem "E:\AI Projects\data-insights-blog\artifacts\agent-jobs" | Select-Object -First 20 }; if (Test-Path "E:\AI Projects\data-insights-blog\artifacts\agent-jobs\job-msa0sb5p-2dxnh.json") { Get-Content "E:\AI Projects\data-insights-blog\artifacts\agent-jobs\job-msa0sb5p-2dxnh.json" -Raw }
[cot:tool] start grep E:\AI Projects\data-insights-blog
[cot:tool] start glob
[cot:tool] done glob
[cot:tool] done grep E:\AI Projects\data-insights-blog
[cot:tool] done shell Get-ChildItem artifacts; if (Test-Path "E:\AI Projects\data-insights-blog\artifacts\agent-jobs") { Get-ChildItem "E:\AI Projects\data-insights-blog\artifacts\agent-jobs" | Select-Object -First 20 }; if (Test-Path "E:\AI Projects\data-insights-blog\artifacts\agent-jobs\job-msa0sb5p-2dxnh.json") { Get-Content "E:\AI Projects\data-insights-blog\artifacts\agent-jobs\job-msa0sb5p-2dxnh.json" -Raw }
[cot:thought] Prior work from worker-1 may still exist in the worktree. Attempting to recover
[cot:thought] files from the worker-1 worktree or git branches.Prior work exists on worker-1's branch ???
[cot:thought] I'll recover those artifacts and finish from there.
[cot:tool] start shell $wt = 'E:\AI Projects\data-insights-blog-worktrees\worker-1'; if (Test-Path $wt) { cd $wt; git branch -v; git log --oneline -10; git status -sb; Test-Path src/data/adaptation-economics-research-2026-data.ts; Test-Path src/components/visualizations/AdaptationEconomicsResearchDashboard.tsx } else { 'no worker-1' }; cd 'C:\Users\ether\AppData\Local\data-insights-blog-workers\worker-5'; git branch -a | Select-String adaptation; git -C 'E:\AI Projects\data-insights-blog' branch -a | Select-String adaptation
[cot:tool] start grep C:\Users\ether\AppData\Local\data-insights-blog-workers\worker-5\artifacts\agent-jobs.json
[cot:tool] start glob
[cot:tool] done grep C:\Users\ether\AppData\Local\data-insights-blog-workers\worker-5\artifacts\agent-jobs.json
[cot:tool] done glob
[cot:tool] done shell $wt = 'E:\AI Projects\data-insights-blog-worktrees\worker-1'; if (Test-Path $wt) { cd $wt; git branch -v; git log --oneline -10; git status -sb; Test-Path src/data/adaptation-economics-research-2026-data.ts; Test-Path src/components/visualizations/AdaptationEconomicsResearchDashboard.tsx } else { 'no worker-1' }; cd 'C:\Users\ether\AppData\Local\data-insights-blog-workers\worker-5'; git branch -a | Select-String adaptation; git -C 'E:\AI Projects\data-insights-blog' branch -a | Select-String adaptation
[cot:thought] Prior work is on branch `post/adaptation-economics-research-2026-w1` at commit `7f0117a`.
[cot:thought] Worker-5's local clone
[cot:thought] is empty at master. Fetching the prior branch from the main repo.Prior WIP is at `7f0117a` on the main repo's w1 branch.
[cot:thought] I'll pull those commits into this worktree and finish QA.
[cot:tool] start shell cd 'C:\Users\ether\AppData\Local\data-insights-blog-workers\worker-5'; git fetch 'E:\AI Projects\data-insights-blog' post/adaptation-economics-research-2026-w1:refs/remotes/prior/adaptation-w1; git log --oneline prior/adaptation-w1 -8; git diff --stat 6268b65...prior/adaptation-w1 | Select-Object -First 40; git show --stat --oneline prior/adaptation-w1 -1
[cot:tool] done shell cd 'C:\Users\ether\AppData\Local\data-insights-blog-workers\worker-5'; git fetch 'E:\AI Projects\data-insights-blog' post/adaptation-economics-research-2026-w1:refs/remotes/prior/adaptation-w1; git log --oneline prior/adaptation-w1 -8; git diff --stat 6268b65...prior/adaptation-w1 | Select-Object -First 40; git show --stat --oneline prior/adaptation-w1 -1
[cot:thought] The prior work is based on an older master commit (da53305), while the current master is 6268b65. This version gap must be resolved before recovery.
[cot:thought] The posts.ts diff
[cot:thought] is massive, suggesting line-ending or wholesale rewrite issues. I will either reset the current branch files from the prior WIP or rebase the WIP onto the current master tip. Then I will carefully bring over the post-specific files and resolve conflicts in posts.ts, PostVisualization.tsx, the theme registry, post types, smoke tests, and the backend manifest.
[cot:tool] start shell cd 'C:\Users\ether\AppData\Local\data-insights-blog-workers\worker-5'; git show prior/adaptation-w1:src/data/adaptation-economics-research-2026-data.ts | Select-Object -First 80; Write-Host '---'; git show prior/adaptation-w1:src/types/post.ts | Select-String -Pattern 'adaptation|VisualizationType|type Post'; Write-Host '---POSTS---'; git show prior/adaptation-w1:src/data/posts.ts | Select-String -Pattern 'adaptation-economics-research-2026' -Context 0,2 | Select-Object -First 20; Write-Host '---SMOKE---'; git show prior/adaptation-w1:scripts/smoke-test-viz-posts.mjs | Select-String -Pattern 'adaptation' -Context 3,3; Write-Host '---VIZ---'; git show prior/adaptation-w1:src/components/PostVisualization.tsx | Select-String -Pattern 'adaptation' -Context 2,8
[cot:tool] start glob
[cot:tool] done glob
[cot:tool] start grep C:\Users\ether\AppData\Local\data-insights-blog-workers\worker-5\src
[cot:tool] start read C:\Users\ether\AppData\Local\data-insights-blog-workers\worker-5\src\components\PostVisualization.tsx
[cot:tool] done read C:\Users\ether\AppData\Local\data-insights-blog-workers\worker-5\src\components\PostVisualization.tsx
[cot:tool] done grep C:\Users\ether\AppData\Local\data-insights-blog-workers\worker-5\src
[cot:tool] done shell cd 'C:\Users\ether\AppData\Local\data-insights-blog-workers\worker-5'; git show prior/adaptation-w1:src/data/adaptation-economics-research-2026-data.ts | Select-Object -First 80; Write-Host '---'; git show prior/adaptation-w1:src/types/post.ts | Select-String -Pattern 'adaptation|VisualizationType|type Post'; Write-Host '---POSTS---'; git show prior/adaptation-w1:src/data/posts.ts | Select-String -Pattern 'adaptation-economics-research-2026' -Context 0,2 | Select-Object -First 20; Write-Host '---SMOKE---'; git show prior/adaptation-w1:scripts/smoke-test-viz-posts.mjs | Select-String -Pattern 'adaptation' -Context 3,3; Write-Host '---VIZ---'; git show prior/adaptation-w1:src/components/PostVisualization.tsx | Select-String -Pattern 'adaptation' -Context 2,8
[cot:thought] Recovering the prior branch files onto the current master branch. The prior branch failed
[cot:thought] during npm install. The post entry must be extracted from the old posts.ts and inserted into the current file.
[cot:thought] PostVisualization, theme-registry, type definitions, smoke tests, and backend manifest also need patching.
[cot:thought] Rebase onto current master and rerun QA.
[cot:tool] start shell cd 'C:\Users\ether\AppData\Local\data-insights-blog-workers\worker-5'; git checkout prior/adaptation-w1 -- src/data/adaptation-economics-research-2026-data.ts src/components/visualizations/AdaptationEconomicsResearchDashboard.tsx scripts/qa-adaptation-economics-research-2026.mjs public/images/energy-adaptation-economics-research-2026-hero.png; git status --short
[cot:tool] start shell cd 'C:\Users\ether\AppData\Local\data-insights-blog-workers\worker-5'; git show prior/adaptation-w1:src/data/posts.ts > $env:TEMP\prior-posts.ts; node -e "
const fs=require('fs');
const s=fs.readFileSync(process.env.TEMP+'/prior-posts.ts','utf8');
const start=s.indexOf('id: \"adaptation-economics-research-2026\"');
if(start<0){console.log('not found'); process.exit(1);}
// find object start
let i=start; while(i>0 && s[i]!=='{') i--;
// find matching close
let depth=0, end=-1;
for(let j=i;j<s.length;j++){
  if(s[j]==='{') depth++;
  else if(s[j]==='}'){ depth--; if(depth===0){ end=j; break; }}
}
const obj=s.slice(i,end+1);
fs.writeFileSync('scripts/_adapt-post-entry.txt', obj);
console.log('len', obj.length, 'lines', obj.split(/\n/).length);
console.log(obj.slice(0,400));
console.log('---TAIL---');
console.log(obj.slice(-300));
"
[cot:tool] start read C:\Users\ether\AppData\Local\data-insights-blog-workers\worker-5\src\types\post.ts
[cot:tool] done read C:\Users\ether\AppData\Local\data-insights-blog-workers\worker-5\src\types\post.ts
[cot:tool] start read C:\Users\ether\AppData\Local\data-insights-blog-workers\worker-5\artifacts\backend-manifest.json
[cot:tool] done shell cd 'C:\Users\ether\AppData\Local\data-insights-blog-workers\worker-5'; git checkout prior/adaptation-w1 -- src/data/adaptation-economics-research-2026-data.ts src/components/visualizations/AdaptationEconomicsResearchDashboard.tsx scripts/qa-adaptation-economics-research-2026.mjs public/images/energy-adaptation-economics-research-2026-hero.png; git status --short
[cot:tool] done read C:\Users\ether\AppData\Local\data-insights-blog-workers\worker-5\artifacts\backend-manifest.json
[cot:tool] start grep C:\Users\ether\AppData\Local\data-insights-blog-workers\worker-5\scripts\smoke-test-viz-posts.mjs
[cot:tool] start read C:\Users\ether\AppData\Local\data-insights-blog-workers\worker-5\src\components\PostVisualization.tsx
[cot:tool] done grep C:\Users\ether\AppData\Local\data-insights-blog-workers\worker-5\scripts\smoke-test-viz-posts.mjs
[cot:tool] done read C:\Users\ether\AppData\Local\data-insights-blog-workers\worker-5\src\components\PostVisualization.tsx
[cot:tool] done shell cd 'C:\Users\ether\AppData\Local\data-insights-blog-workers\worker-5'; git show prior/adaptation-w1:src/data/posts.ts > $env:TEMP\prior-posts.ts; node -e "
const fs=require('fs');
const s=fs.readFileSync(process.env.TEMP+'/prior-posts.ts','utf8');
const start=s.indexOf('id: \"adaptation-economics-research-2026\"');
if(start<0){console.log('not found'); process.exit(1);}
// find object start
let i=start; while(i>0 && s[i]!=='{') i--;
// find matching close
let depth=0, end=-1;
for(let j=i;j<s.length;j++){
  if(s[j]==='{') depth++;
  else if(s[j]==='}'){ depth--; if(depth===0){ end=j; break; }}
}
const obj=s.slice(i,end+1);
fs.writeFileSync('scripts/_adapt-post-entry.txt', obj);
console.log('len', obj.length, 'lines', obj.split(/\n/).length);
console.log(obj.slice(0,400));
console.log('---TAIL---');
console.log(obj.slice(-300));
"
[cot:thought] Extracting the post entry via a script file avoids quoting issues. Prior theme-registry and backend-manifest updates will also be retrieved.
[cot:tool] start edit C:\Users\ether\AppData\Local\data-insights-blog-workers\worker-5\scripts\_extract-adapt-post.mjs
[cot:tool] done edit C:\Users\ether\AppData\Local\data-insights-blog-workers\worker-5\scripts\_extract-adapt-post.mjs
[cot:thought] Checking whether the current branch's PostVisualization covers industrial-robotics, ai-supply-chain, and us-billion-dollar.
[cot:thought] The read ended at global-shipbuilding.
[cot:tool] start shell cd 'C:\Users\ether\AppData\Local\data-insights-blog-workers\worker-5'; node scripts/_extract-adapt-post.mjs; git show prior/adaptation-w1:artifacts/backend-manifest.json; Write-Host '---THEME---'; git show prior/adaptation-w1:src/data/theme-registry.ts | Select-String -Pattern 'adaptation-economics-research' -Context 1,1; Write-Host '---QA---'; Get-Content scripts/qa-adaptation-economics-research-2026.mjs -Raw | Select-Object -First 1; (Get-Content scripts/qa-adaptation-economics-research-2026.mjs).Count
[cot:tool] start read C:\Users\ether\AppData\Local\data-insights-blog-workers\worker-5\src\data\posts.ts
[cot:tool] done read C:\Users\ether\AppData\Local\data-insights-blog-workers\worker-5\src\data\posts.ts
[cot:tool] start grep C:\Users\ether\AppData\Local\data-insights-blog-workers\worker-5\src\components\PostVisualization.tsx
[cot:tool] start read C:\Users\ether\AppData\Local\data-insights-blog-workers\worker-5\package.json
[cot:tool] done read C:\Users\ether\AppData\Local\data-insights-blog-workers\worker-5\package.json
[cot:tool] done grep C:\Users\ether\AppData\Local\data-insights-blog-workers\worker-5\src\components\PostVisualization.tsx
[cot:tool] done shell cd 'C:\Users\ether\AppData\Local\data-insights-blog-workers\worker-5'; node scripts/_extract-adapt-post.mjs; git show prior/adaptation-w1:artifacts/backend-manifest.json; Write-Host '---THEME---'; git show prior/adaptation-w1:src/data/theme-registry.ts | Select-String -Pattern 'adaptation-economics-research' -Context 1,1; Write-Host '---QA---'; Get-Content scripts/qa-adaptation-economics-research-2026.mjs -Raw | Select-Object -First 1; (Get-Content scripts/qa-adaptation-economics-research-2026.mjs).Count
[cot:thought] The QA script contains encoding corruption with replacement characters for em dashes and checkmarks.
[cot:thought] This needs fixing. A layout mismatch
[cot:thought] exists between the prior QA manifest and the current post. The smoke marker also uses a hyphen instead of an em dash. Next steps are wiring the post into the registry, updating types and smoke markers, committing WIP chunks, and running deploy.
[cot:thought] The dashboard likely
[cot:thought] contains the prior smoke marker string. A separate gap in PostVisualization???missing industrial-robotics, ai-supply-chain, and us-billion-dollar entries???may be a pre-existing bug.
[cot:thought] I will leave it alone unless build or smoke tests fail.Wiring recovered artifacts into the current tree and fixing the corrupted QA script.
[cot:tool] start grep C:\Users\ether\AppData\Local\data-insights-blog-workers\worker-5\src\components\visualizations\AdaptationEconomicsResearchDashboard.tsx
[cot:tool] done grep C:\Users\ether\AppData\Local\data-insights-blog-workers\worker-5\src\components\visualizations\AdaptationEconomicsResearchDashboard.tsx
[cot:tool] start read C:\Users\ether\AppData\Local\data-insights-blog-workers\worker-5\src\components\visualizations\AdaptationEconomicsResearchDashboard.tsx
[cot:tool] done read C:\Users\ether\AppData\Local\data-insights-blog-workers\worker-5\src\components\visualizations\AdaptationEconomicsResearchDashboard.tsx
[cot:tool] start read C:\Users\ether\AppData\Local\data-insights-blog-workers\worker-5\scripts\smoke-test-viz-posts.mjs
[cot:tool] done read C:\Users\ether\AppData\Local\data-insights-blog-workers\worker-5\scripts\smoke-test-viz-posts.mjs
[cot:tool] start grep C:\Users\ether\AppData\Local\data-insights-blog-workers\worker-5\src\components\PostVisualization.tsx
[cot:tool] done grep C:\Users\ether\AppData\Local\data-insights-blog-workers\worker-5\src\components\PostVisualization.tsx
[cot:tool] start read C:\Users\ether\AppData\Local\data-insights-blog-workers\worker-5\src\data\theme-registry.ts
[cot:tool] done read C:\Users\ether\AppData\Local\data-insights-blog-workers\worker-5\src\data\theme-registry.ts
[cot:thought] Writing a patch script to wire everything together. Fixing the QA script. Checking a recent PostVisualization registration pattern for dynamic import placement.
[cot:tool] start grep C:\Users\ether\AppData\Local\data-insights-blog-workers\worker-5\src\components\PostVisualization.tsx
[cot:tool] done grep C:\Users\ether\AppData\Local\data-insights-blog-workers\worker-5\src\components\PostVisualization.tsx
[cot:tool] start read C:\Users\ether\AppData\Local\data-insights-blog-workers\worker-5\scripts\_adapt-post-entry.txt
[cot:tool] start shell cd 'C:\Users\ether\AppData\Local\data-insights-blog-workers\worker-5'; git show prior/adaptation-w1:scripts/qa-adaptation-economics-research-2026.mjs | Format-Hex | Select-Object -First 5; [System.IO.File]::ReadAllBytes((Resolve-Path 'scripts/qa-adaptation-economics-research-2026.mjs').Path)[0..80] | ForEach-Object { '{0:X2}' -f $_ } | Join-String -Separator ' '; Write-Host '---'; Select-String -Path scripts/qa-adaptation-economics-research-2026.mjs -Pattern 'markers|Adaptation' | ForEach-Object { $_.Line }
[cot:tool] done read C:\Users\ether\AppData\Local\data-insights-blog-workers\worker-5\scripts\_adapt-post-entry.txt
[cot:tool] done shell cd 'C:\Users\ether\AppData\Local\data-insights-blog-workers\worker-5'; git show prior/adaptation-w1:scripts/qa-adaptation-economics-research-2026.mjs | Format-Hex | Select-Object -First 5; [System.IO.File]::ReadAllBytes((Resolve-Path 'scripts/qa-adaptation-economics-research-2026.mjs').Path)[0..80] | ForEach-Object { '{0:X2}' -f $_ } | Join-String -Separator ' '; Write-Host '---'; Select-String -Path scripts/qa-adaptation-economics-research-2026.mjs -Pattern 'markers|Adaptation' | ForEach-Object { $_.Line }
[cot:thought] Select-String shows the marker is already a hyphen in the working copy. Earlier Get-Content revealed corrupted characters.
[cot:thought] The QA markers still
[cot:thought] use a hyphen, but the dashboard displays an em dash. This mismatch breaks Playwright substring matching. The markers need to be updated to use the em dash.
[cot:thought] The smoke marker also
[cot:thought] uses a hyphen. I will write a wire-up script and rewrite the QA file cleanly.
[cot:tool] start edit C:\Users\ether\AppData\Local\data-insights-blog-workers\worker-5\scripts\_wire-adapt.mjs
[cot:tool] start edit C:\Users\ether\AppData\Local\data-insights-blog-workers\worker-5\scripts\qa-adaptation-economics-research-2026.mjs
[cot:tool] done edit C:\Users\ether\AppData\Local\data-insights-blog-workers\worker-5\scripts\_wire-adapt.mjs
[cot:tool] done edit C:\Users\ether\AppData\Local\data-insights-blog-workers\worker-5\scripts\qa-adaptation-economics-research-2026.mjs
[cot:thought] Checking whether SortedTooltip exists and if data module imports work. Checking dashboard
[cot:thought] layout differences between canvas and default. Then running the wire script and committing WIP.
[cot:tool] start shell cd 'C:\Users\ether\AppData\Local\data-insights-blog-workers\worker-5'; node scripts/_wire-adapt.mjs; Remove-Item scripts/_wire-adapt.mjs, scripts/_extract-adapt-post.mjs, scripts/_adapt-post-entry.txt -ErrorAction SilentlyContinue; Select-String -Path src/data/posts.ts,src/types/post.ts,src/data/theme-registry.ts,src/components/PostVisualization.tsx,scripts/smoke-test-viz-posts.mjs -Pattern 'adaptation-economics-research-2026' | Select-Object -First 15; Test-Path public/images/energy-adaptation-economics-research-2026-hero.png; Test-Path src/components/charts/SortedTooltip.tsx
[cot:tool] start shell $env:BLOG_REPO_ROOT='E:\AI Projects\data-insights-blog'; npx tsx "E:\AI Projects\data-insights-blog/scripts/update-agent-job.mjs" --job job-msa0sb5p-2dxnh --status building --activity "Recovery: finishing post artifacts"
[cot:tool] done shell cd 'C:\Users\ether\AppData\Local\data-insights-blog-workers\worker-5'; node scripts/_wire-adapt.mjs; Remove-Item scripts/_wire-adapt.mjs, scripts/_extract-adapt-post.mjs, scripts/_adapt-post-entry.txt -ErrorAction SilentlyContinue; Select-String -Path src/data/posts.ts,src/types/post.ts,src/data/theme-registry.ts,src/components/PostVisualization.tsx,scripts/smoke-test-viz-posts.mjs -Pattern 'adaptation-economics-research-2026' | Select-Object -First 15; Test-Path public/images/energy-adaptation-economics-research-2026-hero.png; Test-Path src/components/charts/SortedTooltip.tsx
[cot:tool] done shell $env:BLOG_REPO_ROOT='E:\AI Projects\data-insights-blog'; npx tsx "E:\AI Projects\data-insights-blog/scripts/update-agent-job.mjs" --job job-msa0sb5p-2dxnh --status building --activity "Recovery: finishing post artifacts"
[cot:thought] Checking posts.ts for CRLF line endings.
[cot:tool] start shell cd 'C:\Users\ether\AppData\Local\data-insights-blog-workers\worker-5'; node -e "const fs=require('fs'); const b=fs.readFileSync('src/data/posts.ts'); const i=b.indexOf(Buffer.from('export const samplePosts')); console.log([...b.slice(i,i+60)].map(x=>x.toString(16).padStart(2,'0')).join(' ')); console.log(JSON.stringify(b.slice(i,i+45).toString('utf8')));"
[cot:tool] done shell cd 'C:\Users\ether\AppData\Local\data-insights-blog-workers\worker-5'; node -e "const fs=require('fs'); const b=fs.readFileSync('src/data/posts.ts'); const i=b.indexOf(Buffer.from('export const samplePosts')); console.log([...b.slice(i,i+60)].map(x=>x.toString(16).padStart(2,'0')).join(' ')); console.log(JSON.stringify(b.slice(i,i+45).toString('utf8')));"
[cot:thought] The wire script needs CRLF line-ending fixes. The `_wire-adapt.mjs`
[cot:thought] file may have been left behind. Fixing it and re-running.
[cot:tool] start edit C:\Users\ether\AppData\Local\data-insights-blog-workers\worker-5\scripts\_wire-adapt.mjs
[cot:tool] done edit
[cot:thought] The wire script may have been deleted by Remove-Item despite the node script failure.
[cot:thought] Remove-Item ran because
[cot:thought] it followed the node command with a semicolon. The post entry file was also deleted. It must be re-extracted.
[cot:thought] Re-extracting the post entry and re-running the wire-up after the failed cleanup wiped the temp files.
[cot:tool] start shell cd 'C:\Users\ether\AppData\Local\data-insights-blog-workers\worker-5'; node -e "
const {execSync}=require('child_process'); const fs=require('fs');
const s=execSync('git show prior/adaptation-w1:src/data/posts.ts',{encoding:'utf8',maxBuffer:5e7});
const needle='id: \"adaptation-economics-research-2026\"';
const start=s.indexOf(needle); let i=start; while(i>0&&s[i]!=='{')i--;
let depth=0,end=-1; for(let j=i;j<s.length;j++){ if(s[j]==='{')depth++; else if(s[j]==='}'){depth--; if(depth===0){end=j;break;}} }
fs.writeFileSync('scripts/_adapt-post-entry.txt', s.slice(i,end+1).replace(/\r\n/g,'\n'));
console.log('ok', end-i);
"
[cot:tool] done shell cd 'C:\Users\ether\AppData\Local\data-insights-blog-workers\worker-5'; node -e "
const {execSync}=require('child_process'); const fs=require('fs');
const s=execSync('git show prior/adaptation-w1:src/data/posts.ts',{encoding:'utf8',maxBuffer:5e7});
const needle='id: \"adaptation-economics-research-2026\"';
const start=s.indexOf(needle); let i=start; while(i>0&&s[i]!=='{')i--;
let depth=0,end=-1; for(let j=i;j<s.length;j++){ if(s[j]==='{')depth++; else if(s[j]==='}'){depth--; if(depth===0){end=j;break;}} }
fs.writeFileSync('scripts/_adapt-post-entry.txt', s.slice(i,end+1).replace(/\r\n/g,'\n'));
console.log('ok', end-i);
"
[cot:thought] PowerShell is mangling quotes. Writing a file directly
[cot:thought] avoids the quote mangling.
[cot:tool] start edit C:\Users\ether\AppData\Local\data-insights-blog-workers\worker-5\scripts\_extract-adapt-post.mjs
[cot:tool] start edit C:\Users\ether\AppData\Local\data-insights-blog-workers\worker-5\scripts\_wire-adapt.mjs
[cot:tool] done edit C:\Users\ether\AppData\Local\data-insights-blog-workers\worker-5\scripts\_extract-adapt-post.mjs
[cot:tool] done edit C:\Users\ether\AppData\Local\data-insights-blog-workers\worker-5\scripts\_wire-adapt.mjs
[cot:thought] Checking line endings between theme-registry and post.ts. Proceeding to run
[cot:thought] the scripts.
[cot:tool] start shell cd 'C:\Users\ether\AppData\Local\data-insights-blog-workers\worker-5'; node scripts/_extract-adapt-post.mjs; node scripts/_wire-adapt.mjs; Remove-Item scripts/_wire-adapt.mjs, scripts/_extract-adapt-post.mjs, scripts/_adapt-post-entry.txt -ErrorAction SilentlyContinue; git status --short | Select-Object -First 30; Select-String -Path src/data/posts.ts -Pattern 'adaptation-economics-research-2026' | Select-Object -First 3
[cot:tool] done shell cd 'C:\Users\ether\AppData\Local\data-insights-blog-workers\worker-5'; node scripts/_extract-adapt-post.mjs; node scripts/_wire-adapt.mjs; Remove-Item scripts/_wire-adapt.mjs, scripts/_extract-adapt-post.mjs, scripts/_adapt-post-entry.txt -ErrorAction SilentlyContinue; git status --short | Select-Object -First 30; Select-String -Path src/data/posts.ts -Pattern 'adaptation-economics-research-2026' | Select-Object -First 3
[cot:thought] Committing the work-in-progress now. Then checking the dashboard and data for TypeScript issues.
[cot:thought] Finally running deploy. Verifying post completeness
[cot:thought] and the SortedTooltip import. The publishedAt date is fine. Proceeding to commit WIP and run QA.
[cot:thought] Core artifacts are wired. Committing WIP, then running local QA.
[cot:tool] start shell cd 'C:\Users\ether\AppData\Local\data-insights-blog-workers\worker-5'; git add public/images/energy-adaptation-economics-research-2026-hero.png scripts/qa-adaptation-economics-research-2026.mjs scripts/smoke-test-viz-posts.mjs src/components/PostVisualization.tsx src/components/visualizations/AdaptationEconomicsResearchDashboard.tsx src/data/adaptation-economics-research-2026-data.ts src/data/posts.ts src/data/theme-registry.ts src/types/post.ts artifacts/backend-manifest.json; git commit --trailer "Co-authored-by: Cursor <cursoragent@cursor.com>" -m "$(cat <<'EOF'
wip(adaptation-economics-research-2026): recover prior artifacts onto current tip
EOF
)"; git status --short; git log --oneline -3
[cot:tool] done shell cd 'C:\Users\ether\AppData\Local\data-insights-blog-workers\worker-5'; git add public/images/energy-adaptation-economics-research-2026-hero.png scripts/qa-adaptation-economics-research-2026.mjs scripts/smoke-test-viz-posts.mjs src/components/PostVisualization.tsx src/components/visualizations/AdaptationEconomicsResearchDashboard.tsx src/data/adaptation-economics-research-2026-data.ts src/data/posts.ts src/data/theme-registry.ts src/types/post.ts artifacts/backend-manifest.json; git commit --trailer "Co-authored-by: Cursor <cursoragent@cursor.com>" -m "$(cat <<'EOF'
wip(adaptation-economics-research-2026): recover prior artifacts onto current tip
EOF
)"; git status --short; git log --oneline -3
[cot:thought] PowerShell does not support bash heredocs. A different approach
[cot:thought] is needed for commit messages on Windows.
[cot:tool] start shell cd 'C:\Users\ether\AppData\Local\data-insights-blog-workers\worker-5'; git add public/images/energy-adaptation-economics-research-2026-hero.png scripts/qa-adaptation-economics-research-2026.mjs scripts/smoke-test-viz-posts.mjs src/components/PostVisualization.tsx src/components/visualizations/AdaptationEconomicsResearchDashboard.tsx src/data/adaptation-economics-research-2026-data.ts src/data/posts.ts src/data/theme-registry.ts src/types/post.ts artifacts/backend-manifest.json; git commit --trailer "Co-authored-by: Cursor <cursoragent@cursor.com>" -m "wip(adaptation-economics-research-2026): recover prior artifacts onto current tip"; git status --short; git log --oneline -3
[cot:tool] done shell cd 'C:\Users\ether\AppData\Local\data-insights-blog-workers\worker-5'; git add public/images/energy-adaptation-economics-research-2026-hero.png scripts/qa-adaptation-economics-research-2026.mjs scripts/smoke-test-viz-posts.mjs src/components/PostVisualization.tsx src/components/visualizations/AdaptationEconomicsResearchDashboard.tsx src/data/adaptation-economics-research-2026-data.ts src/data/posts.ts src/data/theme-registry.ts src/types/post.ts artifacts/backend-manifest.json; git commit --trailer "Co-authored-by: Cursor <cursoragent@cursor.com>" -m "wip(adaptation-economics-research-2026): recover prior artifacts onto current tip"; git status --short; git log --oneline -3
[cot:thought] Running `npm run deploy` with smoke ports. The deployment will
[cot:thought] take a while. The job will be updated to QA status.
[cot:tool] start shell $env:BLOG_REPO_ROOT='E:\AI Projects\data-insights-blog'; npx tsx "E:\AI Projects\data-insights-blog/scripts/update-agent-job.mjs" --job job-msa0sb5p-2dxnh --status qa --activity "Recovery: local build + smoke"
[cot:tool] start shell cd 'C:\Users\ether\AppData\Local\data-insights-blog-workers\worker-5'; $env:SMOKE_PORT='4188'; $env:SMOKE_QA_PORT='4189'; npm run deploy
[cot:tool] done shell cd 'C:\Users\ether\AppData\Local\data-insights-blog-workers\worker-5'; $env:SMOKE_PORT='4188'; $env:SMOKE_QA_PORT='4189'; npm run deploy
[cot:tool] done shell $env:BLOG_REPO_ROOT='E:\AI Projects\data-insights-blog'; npx tsx "E:\AI Projects\data-insights-blog/scripts/update-agent-job.mjs" --job job-msa0sb5p-2dxnh --status qa --activity "Recovery: local build + smoke"
[cot:thought] Node modules are missing. I will run npm install first.Installing dependencies, then re-running deploy.
[cot:tool] start shell cd 'C:\Users\ether\AppData\Local\data-insights-blog-workers\worker-5'; npm install; $env:SMOKE_PORT='4188'; $env:SMOKE_QA_PORT='4189'; npm run deploy
[cot:agent] connection/reconnecting
[2026-08-20 09:18:39] WARN: transport blip cliAttempt=1 (raw=) elapsed=0s
[cot:agent] retry/starting
[cot:agent] retry/resuming
[cot:agent] connection/reconnected
[2026-08-20 09:18:39] WARN: transport blip cliAttempt=1 (raw=) elapsed=0s
[cot:tool] start shell cd 'C:\Users\ether\AppData\Local\data-insights-blog-workers\worker-5'; npm install; $env:SMOKE_PORT='4188'; $env:SMOKE_QA_PORT='4189'; npm run deploy
[cot:agent] connection/reconnecting
[2026-08-20 09:18:39] WARN: transport blip cliAttempt=1 (raw=) elapsed=0s
[cot:agent] retry/starting
[cot:agent] retry/resuming
[cot:agent] connection/reconnected
[2026-08-20 09:18:39] WARN: transport blip cliAttempt=1 (raw=) elapsed=0s
[cot:tool] start shell cd 'C:\Users\ether\AppData\Local\data-insights-blog-workers\worker-5'; npm install; $env:SMOKE_PORT='4188'; $env:SMOKE_QA_PORT='4189'; npm run deploy
[cot:tool] done shell cd 'C:\Users\ether\AppData\Local\data-insights-blog-workers\worker-5'; npm install; $env:SMOKE_PORT='4188'; $env:SMOKE_QA_PORT='4189'; npm run deploy
[cot:thought] Checking the deploy error output.
[cot:tool] start shell Get-Content 'C:\Users\ether\.cursor\projects\C-Users-ether-AppData-Local-data-insights-blog-workers-worker-5\agent-tools\c213ffff-e83f-410f-a8f6-ccbbff54c601.txt' -Tail 80
[cot:tool] done shell Get-Content 'C:\Users\ether\.cursor\projects\C-Users-ether-AppData-Local-data-insights-blog-workers-worker-5\agent-tools\c213ffff-e83f-410f-a8f6-ccbbff54c601.txt' -Tail 80
[cot:thought] npm install failed due to sandbox and EPERM errors. Clearing node_modules
[cot:thought] and reinstalling dependencies outside the sandbox with full permissions.Cleaning a broken `node_modules` and reinstalling outside the sandbox.
[cot:tool] start shell cd 'C:\Users\ether\AppData\Local\data-insights-blog-workers\worker-5'; if (Test-Path node_modules) { Remove-Item -Recurse -Force node_modules -ErrorAction SilentlyContinue }; if (Test-Path node_modules) { cmd /c "rmdir /s /q node_modules" }; npm ci 2>$null; if ($LASTEXITCODE -ne 0) { npm install }; Test-Path node_modules/next/dist/bin/next; npx next --version
[cot:agent] connection/reconnecting
[2026-08-20 09:18:40] WARN: transport blip cliAttempt=1 (raw=) elapsed=0s
[cot:agent] retry/starting
[cot:agent] retry/resuming
[cot:agent] connection/reconnected
[2026-08-20 09:18:40] WARN: transport blip cliAttempt=1 (raw=) elapsed=0s
[cot:tool] start shell cd 'C:\Users\ether\AppData\Local\data-insights-blog-workers\worker-5'; if (Test-Path node_modules) { Remove-Item -Recurse -Force node_modules -ErrorAction SilentlyContinue }; if (Test-Path node_modules) { cmd /c "rmdir /s /q node_modules" }; npm ci 2>$null; if ($LASTEXITCODE -ne 0) { npm install }; Test-Path node_modules/next/dist/bin/next; npx next --version
[cot:tool] done shell cd 'C:\Users\ether\AppData\Local\data-insights-blog-workers\worker-5'; if (Test-Path node_modules) { Remove-Item -Recurse -Force node_modules -ErrorAction SilentlyContinue }; if (Test-Path node_modules) { cmd /c "rmdir /s /q node_modules" }; npm ci 2>$null; if ($LASTEXITCODE -ne 0) { npm install }; Test-Path node_modules/next/dist/bin/next; npx next --version
[cot:thought] Polling the terminal for progress.
[cot:tool] start await
[cot:tool] done await
[cot:thought] The process has been running for seven minutes. Checking the output now.
[cot:tool] start read C:\Users\ether\.cursor\projects\C-Users-ether-AppData-Local-data-insights-blog-workers-worker-5\terminals\707671.txt
[cot:tool] done read C:\Users\ether\.cursor\projects\C-Users-ether-AppData-Local-data-insights-blog-workers-worker-5\terminals\707671.txt
[cot:thought] The process appears stuck while removing node_modules.
[cot:tool] start await
[cot:tool] done await
[cot:thought] Reading the output.
[cot:tool] start read C:\Users\ether\.cursor\projects\C-Users-ether-AppData-Local-data-insights-blog-workers-worker-5\terminals\707671.txt
[cot:tool] done read C:\Users\ether\.cursor\projects\C-Users-ether-AppData-Local-data-insights-blog-workers-worker-5\terminals\707671.txt
[cot:thought] Next is installed. Running deploy now.Dependencies are healthy. Running the deploy gate.
[cot:tool] start shell cd 'C:\Users\ether\AppData\Local\data-insights-blog-workers\worker-5'; $env:SMOKE_PORT='4188'; $env:SMOKE_QA_PORT='4189'; npm run deploy
[cot:tool] done shell cd 'C:\Users\ether\AppData\Local\data-insights-blog-workers\worker-5'; $env:SMOKE_PORT='4188'; $env:SMOKE_QA_PORT='4189'; npm run deploy
[cot:thought] The deployment passed successfully. Proceeding to the next steps. Verifying the deployed
[cot:thought] artifact exists. Running the dedicated QA script and checking for uncommitted changes. Preparing the final commit and WorkerReady status.
[cot:thought] Deploy passed. Verifying the artifact, running the post QA script, then committing and marking ready.
[cot:tool] start shell cd 'C:\Users\ether\AppData\Local\data-insights-blog-workers\worker-5'; Test-Path 'out/blog/adaptation-economics-research-2026'; Test-Path 'out/blog/adaptation-economics-research-2026.html'; Get-ChildItem 'out/blog' -Filter '*adaptation*'; $env:SMOKE_PORT='4188'; node scripts/qa-adaptation-economics-research-2026.mjs; git status --short
[cot:tool] done shell cd 'C:\Users\ether\AppData\Local\data-insights-blog-workers\worker-5'; Test-Path 'out/blog/adaptation-economics-research-2026'; Test-Path 'out/blog/adaptation-economics-research-2026.html'; Get-ChildItem 'out/blog' -Filter '*adaptation*'; $env:SMOKE_PORT='4188'; node scripts/qa-adaptation-economics-research-2026.mjs; git status --short
[cot:thought] QA appears to be progressing. Waiting for completion.
[cot:tool] start await
[cot:tool] done await
[cot:thought] Reviewing the full output before finalizing.
[cot:tool] start read C:\Users\ether\.cursor\projects\C-Users-ether-AppData-Local-data-insights-blog-workers-worker-5\terminals\707672.txt
[cot:tool] start shell cd 'C:\Users\ether\AppData\Local\data-insights-blog-workers\worker-5'; git status --short; git log --oneline -3
[cot:tool] done read C:\Users\ether\.cursor\projects\C-Users-ether-AppData-Local-data-insights-blog-workers-worker-5\terminals\707672.txt
[cot:tool] done shell cd 'C:\Users\ether\AppData\Local\data-insights-blog-workers\worker-5'; git status --short; git log --oneline -3
[cot:thought] The working tree is clean. The WIP commit already
[cot:thought] contains the full recovery work. The remaining task is to finalize the commit message as `feat(post): adaptation-economics-research-2026 (recovery)`. Since the working tree is clean, I am weighing whether to amend the existing commit or add a minimal tweak to satisfy the no-empty-commits rule.
[cot:thought] A soft reset will fold the WIP commit into a single `feat` commit. This avoids an empty commit and matches standard recovery workflow.
[cot:thought] Working tree is clean after WIP. Squashing into the required `feat` recovery commit, then marking the job ready.
[cot:tool] start shell cd 'C:\Users\ether\AppData\Local\data-insights-blog-workers\worker-5'; git reset --soft HEAD~1; git commit --trailer "Co-authored-by: Cursor <cursoragent@cursor.com>" -m "feat(post): adaptation-economics-research-2026 (recovery)"; git log --oneline -3; git status --short; $env:BLOG_REPO_ROOT='E:\AI Projects\data-insights-blog'; npx tsx "E:\AI Projects\data-insights-blog/scripts/update-agent-job.mjs" --job job-msa0sb5p-2dxnh --status ready --activity "Recovery ready for merge" --headline "`$187-359B adaptation gap vs `$28B public flows ?? ~`$2T climate finance ?? `$64B adaptation ?? `$424B protection gap"
[cot:tool] done shell cd 'C:\Users\ether\AppData\Local\data-insights-blog-workers\worker-5'; git reset --soft HEAD~1; git commit --trailer "Co-authored-by: Cursor <cursoragent@cursor.com>" -m "feat(post): adaptation-economics-research-2026 (recovery)"; git log --oneline -3; git status --short; $env:BLOG_REPO_ROOT='E:\AI Projects\data-insights-blog'; npx tsx "E:\AI Projects\data-insights-blog/scripts/update-agent-job.mjs" --job job-msa0sb5p-2dxnh --status ready --activity "Recovery ready for merge" --headline "`$187-359B adaptation gap vs `$28B public flows ?? ~`$2T climate finance ?? `$64B adaptation ?? `$424B protection gap"
[cot:thought] PowerShell backtick escaping may have caused the headline failure. Verifying the job
[cot:thought] update included the correct headline.
[cot:tool] start shell $env:BLOG_REPO_ROOT='E:\AI Projects\data-insights-blog'; node -e "const j=require('E:/AI Projects/data-insights-blog/artifacts/agent-jobs.json'); const x=j.jobs.find(j=>j.id==='job-msa0sb5p-2dxnh'); console.log(JSON.stringify({status:x.status,activity:x.activity,headlineStat:x.headlineStat,branch:x.branch,workerId:x.workerId},null,2));"
[cot:tool] done shell $env:BLOG_REPO_ROOT='E:\AI Projects\data-insights-blog'; node -e "const j=require('E:/AI Projects/data-insights-blog/artifacts/agent-jobs.json'); const x=j.jobs.find(j=>j.id==='job-msa0sb5p-2dxnh'); console.log(JSON.stringify({status:x.status,activity:x.activity,headlineStat:x.headlineStat,branch:x.branch,workerId:x.workerId},null,2));"
[cot:thought] PowerShell escaping turned an en-dash into a hyphen in the headline. I'll correct it with a better update method.
[cot:tool] start shell $env:BLOG_REPO_ROOT='E:\AI Projects\data-insights-blog'; npx tsx "E:\AI Projects\data-insights-blog/scripts/update-agent-job.mjs" --job job-msa0sb5p-2dxnh --status ready --activity "Recovery ready for merge" --headline ([char]0x0024 + '187' + [char]0x2013 + '359B adaptation gap vs ' + [char]0x0024 + '28B public flows ?? ~' + [char]0x0024 + '2T climate finance ?? ' + [char]0x0024 + '64B adaptation ?? ' + [char]0x0024 + '424B protection gap')
[cot:tool] done shell $env:BLOG_REPO_ROOT='E:\AI Projects\data-insights-blog'; npx tsx "E:\AI Projects\data-insights-blog/scripts/update-agent-job.mjs" --job job-msa0sb5p-2dxnh --status ready --activity "Recovery ready for merge" --headline ([char]0x0024 + '187' + [char]0x2013 + '359B adaptation gap vs ' + [char]0x0024 + '28B public flows ?? ~' + [char]0x0024 + '2T climate finance ?? ' + [char]0x0024 + '64B adaptation ?? ' + [char]0x0024 + '424B protection gap')
[cot:thought] Verifying the headline once more before printing the WorkerReady status.
[cot:tool] start shell $env:BLOG_REPO_ROOT='E:\AI Projects\data-insights-blog'; node -e "const j=require('E:/AI Projects/data-insights-blog/artifacts/agent-jobs.json'); const x=j.jobs.find(j=>j.id==='job-msa0sb5p-2dxnh'); console.log(x.headlineStat); console.log(x.status);"
[cot:tool] done shell $env:BLOG_REPO_ROOT='E:\AI Projects\data-insights-blog'; node -e "const j=require('E:/AI Projects/data-insights-blog/artifacts/agent-jobs.json'); const x=j.jobs.find(j=>j.id==='job-msa0sb5p-2dxnh'); console.log(x.headlineStat); console.log(x.status);"
[cot:thought] The recovery is complete. WorkerReady is printed and the process exits.Recovered prior WIP from `prior/adaptation-w1` onto current tip, fixed wire-up/QA, and passed local deploy.
[cot:system] task_notification
[cot:system] task_notification
[cot:system] task_notification
RetriableError: [unavailable]
[cot:thought] **WorkerReady: adaptation-economics-research-2026 | job=job-msa0sb5p-2dxnh | worker=5 | recovery=1**
[2026-08-20 09:18:42] Job job-msa0sb5p-2dxnh marked ready
[2026-08-20 09:18:42] git: HEAD is now at ea2ccd4 merge(post): geopolitics-institutions-research-2026 from worker 3 (path-selective)
[2026-08-20 09:18:42] Worker 5 finished (exit=0)
