[2026-08-01 00:44:15] Worker 3 starting job job-ms9u7axx-qigeg (us-tax-expenditure-catalog-2026) in E:\AI Projects\data-insights-blog-worktrees\worker-3 (branch post/us-tax-expenditure-catalog-2026-w3)
[2026-08-01 00:44:20] Creating post/us-tax-expenditure-catalog-2026-w3 from master 0b66a4802791867de514152eb05422337974e9c4
[2026-08-01 00:44:20] Resetting worktree then checkout post/us-tax-expenditure-catalog-2026-w3 at 0b66a4802791867de514152eb05422337974e9c4
[2026-08-01 00:44:24] git: Updating files:  75% (6/8)
[2026-08-01 00:44:25] git: Updating files:  87% (7/8)
[2026-08-01 00:44:25] git: Updating files: 100% (8/8)
[2026-08-01 00:44:26] git: Updating files: 100% (8/8), done.
[2026-08-01 00:44:28] git: HEAD is now at 0b66a48 merge(post): migration-humanitarian-research-2026 from worker 3 (path-selective)
[2026-08-01 00:44:33] git: Removing scripts/bootstrap-worktrees.ps1
[2026-08-01 00:44:33] git: Removing scripts/claim-next-topics.mjs
[2026-08-01 00:44:35] git: Removing scripts/claim-recovery-job.mjs
[2026-08-01 00:44:35] git: Removing scripts/clear-resolved-failures.mjs
[2026-08-01 00:44:35] git: Removing scripts/cursor-watchdog-loop.ps1
[2026-08-01 00:44:35] git: Removing scripts/debug-agent-transport.ps1
[2026-08-01 00:44:36] git: Removing scripts/lib/agent-jobs.mjs
[2026-08-01 00:44:36] git: Removing scripts/lib/markdown-formatting-qa.mjs
[2026-08-01 00:44:36] git: Removing scripts/lib/production-ship-parser.mjs
[2026-08-01 00:44:36] git: Removing scripts/lib/viz-interaction-qa.mjs
[2026-08-01 00:44:37] git: Removing scripts/local-blog-server.mjs
[2026-08-01 00:44:37] git: Removing scripts/production-stream-server.mjs
[2026-08-01 00:44:37] git: Removing scripts/production-stream-ui.html
[2026-08-01 00:44:37] git: Removing scripts/prompts/
[2026-08-01 00:44:38] git: Removing scripts/prune-post-branches.mjs
[2026-08-01 00:44:38] git: Removing scripts/qa-copper-mine-vs-refinery-geography-2026.mjs
[2026-08-01 00:44:38] git: Removing scripts/qa-fiscal-plumbing-research-2026.mjs
[2026-08-01 00:44:38] git: Removing scripts/resolve-flagged-jobs.mjs
[2026-08-01 00:44:39] git: Removing scripts/resume-blog-automation.ps1
[2026-08-01 00:44:39] git: Removing scripts/run-blog-orchestrator.ps1
[2026-08-01 00:44:39] git: Removing scripts/run-blog-production-local.ps1
[2026-08-01 00:44:39] git: Removing scripts/run-blog-worker.ps1
[2026-08-01 00:44:43] git: Removing scripts/start-blog-automation-in-app.ps1
[2026-08-01 00:44:43] git: Removing scripts/stop-blog-automation.ps1
[2026-08-01 00:44:43] git: Removing scripts/theme-balance.ts
[2026-08-01 00:44:44] git: Removing scripts/update-agent-job.mjs
[2026-08-01 00:44:44] git: Removing scripts/watch-blog-production.ps1
[2026-08-01 00:44:46] git: Removing public/images/global-systems-copper-mine-vs-refinery-geography-2026-hero.png
[2026-08-01 00:44:47] git: Removing public/images/global-systems-fiscal-plumbing-research-2026-hero.png
[2026-08-01 00:44:47] git: Removing public/images/industry-commercial-aircraft-final-assembly-geography-2026-hero.png
[2026-08-01 00:44:47] git: Removing src/components/charts/
[2026-08-01 00:44:47] git: Removing src/components/visualizations/BankLoanChargeoffsDashboard.tsx
[2026-08-01 00:44:48] git: Removing src/components/visualizations/CommercialAircraftAssemblyDashboard.tsx
[2026-08-01 00:44:48] git: Removing src/components/visualizations/CopperMineVsRefineryGeographyDashboard.tsx
[2026-08-01 00:44:49] git: Removing src/components/visualizations/FiscalPlumbingResearchDashboard.tsx
[2026-08-01 00:44:49] git: Removing src/components/visualizations/IrenaRenewableCapacityDashboard.tsx
[2026-08-01 00:44:50] git: Removing src/components/visualizations/MoneyMarketFundsDepositsDashboard.tsx
[2026-08-01 00:44:50] git: Removing src/components/visualizations/NaturalGraphiteMineConcentrationDashboard.tsx
[2026-08-01 00:44:50] git: Removing src/components/visualizations/OecdDacOdaDashboard.tsx
[2026-08-01 00:44:53] git: Removing src/data/bank-loan-chargeoffs-data.ts
[2026-08-01 00:44:53] git: Removing src/data/commercial-aircraft-assembly-data.ts
[2026-08-01 00:44:53] git: Removing src/data/copper-mine-vs-refinery-geography-2026-data.ts
[2026-08-01 00:44:53] git: Removing src/data/fiscal-plumbing-research-2026-data.ts
[2026-08-01 00:44:53] git: Removing src/data/irena-renewable-capacity-data.ts
[2026-08-01 00:44:54] git: Removing src/data/money-market-funds-deposits-data.ts
[2026-08-01 00:44:54] git: Removing src/data/natural-graphite-mine-concentration-data.ts
[2026-08-01 00:44:54] git: Removing src/data/oecd-dac-oda-data.ts
[2026-08-01 00:44:54] git: Removing src/data/social-security-trust-fund-data.ts
[2026-08-01 00:44:55] git: HEAD is now at 0b66a48 merge(post): migration-humanitarian-research-2026 from worker 3 (path-selective)
[2026-08-01 00:44:58] git: Switched to a new branch 'post/us-tax-expenditure-catalog-2026-w3'
[2026-08-01 00:45:16] Invoking agent for worker 3 (-p --force --trust --workspace worktree)
Connection lost, reconnecting to https://api2.cursor.sh (attempt 1)...
[2026-08-01 00:47:05] WARN: transport blip cliAttempt=1 (raw=1) elapsed=0s
Retry attempt 1...
[2026-08-01 00:47:07] WARN: transport blip cliAttempt=1 (raw=1) elapsed=2s
Connection lost, reconnecting to https://api2.cursor.sh (attempt 2)...
[2026-08-01 00:47:51] WARN: transport blip cliAttempt=2 (raw=2) elapsed=46s
Retry attempt 2...
[2026-08-01 00:47:55] WARN: transport blip cliAttempt=2 (raw=2) elapsed=50s
Connection lost, reconnecting to https://api2.cursor.sh (attempt 3)...
[2026-08-01 00:48:27] WARN: transport blip cliAttempt=3 (raw=3) elapsed=82s
Retry attempt 3...
[2026-08-01 00:48:36] WARN: transport blip cliAttempt=3 (raw=3) elapsed=92s
Connection lost, reconnecting to https://api2.cursor.sh (attempt 4)...
[2026-08-01 00:50:03] WARN: transport blip cliAttempt=4 (raw=4) elapsed=178s
Retry attempt 4...
[2026-08-01 00:50:21] WARN: transport blip cliAttempt=4 (raw=4) elapsed=196s
Connection lost, reconnecting to https://api2.cursor.sh (attempt 5)...
[2026-08-01 00:52:15] WARN: transport blip cliAttempt=5 (raw=5) elapsed=310s
Retry attempt 5...
[2026-08-01 00:52:51] WARN: transport blip cliAttempt=5 (raw=5) elapsed=347s
Connection lost, reconnecting to https://api2.cursor.sh (attempt 6)...
[2026-08-01 01:03:10] INFO: blip streak reset after quiet gap
[2026-08-01 01:03:10] WARN: transport blip cliAttempt=1 (raw=6) elapsed=0s
Retry attempt 6...
[2026-08-01 01:04:22] WARN: transport blip cliAttempt=1 (raw=6) elapsed=72s
Connection lost, reconnecting to https://api2.cursor.sh (attempt 7)...
[2026-08-01 01:05:14] WARN: transport blip cliAttempt=2 (raw=7) elapsed=124s
Retry attempt 7...
[2026-08-01 01:06:22] WARN: transport blip cliAttempt=2 (raw=7) elapsed=192s
Connection lost, reconnecting to https://api2.cursor.sh (attempt 8)...
[2026-08-01 01:08:25] INFO: blip streak reset after quiet gap
[2026-08-01 01:08:25] WARN: transport blip cliAttempt=1 (raw=8) elapsed=0s
Retry attempt 8...
[2026-08-01 01:09:34] WARN: transport blip cliAttempt=1 (raw=8) elapsed=69s
Connection lost, reconnecting to https://api2.cursor.sh (attempt 9)...
[2026-08-01 01:16:07] INFO: blip streak reset after quiet gap
[2026-08-01 01:16:07] WARN: transport blip cliAttempt=1 (raw=9) elapsed=0s
Retry attempt 9...
[2026-08-01 01:17:10] WARN: transport blip cliAttempt=1 (raw=9) elapsed=64s
[2026-08-01 01:17:41] git: HEAD is now at 0b66a48 merge(post): migration-humanitarian-research-2026 from worker 3 (path-selective)
[2026-08-01 01:17:41] Keeping WIP branch post/us-tax-expenditure-catalog-2026-w3 for recovery (ahead=1)
[2026-08-01 01:17:41] Worker 3 finished (exit=-1)
