[2026-08-20 21:59:13] Worker 1 starting job job-mt2awmaa-20vab (fiscal-industrial-policy-concentration-2026q3) in C:\Users\ether\AppData\Local\data-insights-blog-workers\worker-1 (branch post/fiscal-industrial-policy-concentration-2026q3-w1, container blog-worker-1)
[2026-08-20 21:59:13] Fetching origin (main merge target) into isolated clone
[2026-08-20 21:59:15] Creating post/fiscal-industrial-policy-concentration-2026q3-w1 from main 370b8d8fa79a71e3373670678d7b25e78d775047
[2026-08-20 21:59:15] Resetting clone then checkout post/fiscal-industrial-policy-concentration-2026q3-w1 at 370b8d8fa79a71e3373670678d7b25e78d775047 (never master)
[2026-08-20 21:59:15] git: HEAD is now at 370b8d8 merge(post): ai-compute-demand-concentration-2026 from worker 4 (path-selective)
[2026-08-20 21:59:15] git: HEAD is now at 370b8d8 merge(post): ai-compute-demand-concentration-2026 from worker 4 (path-selective)
[2026-08-20 21:59:16] git: Switched to a new branch 'post/fiscal-industrial-policy-concentration-2026q3-w1'
[2026-08-20 21:59:17] Worker 1 ports: SMOKE_PORT=4180 SMOKE_QA_PORT=4181 (isolated Node static servers)
[2026-08-20 21:59:17] WARN: Cursor CLI useHttp1ForAgent is not true - transport blips may be worse. Set network.useHttp1ForAgent=true in C:\Users\ether\.cursor\cli-config.json
[2026-08-20 21:59:17] Invoking agent for worker 1 (-p --force --trust --workspace clone C:\Users\ether\AppData\Local\data-insights-blog-workers\worker-1 / blog-worker-1)
[2026-08-20 21:59:18] Agent stream-json -> E:\AI Projects\data-insights-blog\artifacts\automation-logs\worker-1-2026-08-20_21-59-12.log (cot E:\AI Projects\data-insights-blog\artifacts\automation-logs\worker-1-2026-08-20_21-59-12.cot.log, raw E:\AI Projects\data-insights-blog\artifacts\automation-logs\worker-1-2026-08-20_21-59-12.ndjson)
[cot:system] session model=Auto cwd=C:\Users\ether\AppData\Local\data-insights-blog-workers\worker-1
[cot:user] You are a blog production WORKER in a parallel multi-agent system. ## Identity - Worker ID: 1 - Job ID: job-mt2awmaa-20vab - Assigned slug: fiscal-industrial-policy-concentration-2026q3 - Theme ID: fiΓÇª
[cot:thought] Beginning blog production as worker 1 for the fiscal-industrial-policy-concentration-2026q3 post.
[cot:thought] Reviewing the production
[cot:thought] rules and workspace state before building the post.I'll start as worker 1 on the fiscal-industrial-policy concentration post: check conveyor sync, load production rules, and set the job to researching.
[cot:tool] start read C:\Users\ether\AppData\Local\data-insights-blog-workers\worker-1\.cursor\rules\autonomous-blog-production.mdc
[cot:tool] start read C:\Users\ether\AppData\Local\data-insights-blog-workers\worker-1\artifacts\conveyor-sync.json
[cot:tool] done read ?
[cot:tool] done read ?
[cot:tool] start glob
[cot:tool] done glob
[cot:tool] start shell $env:BLOG_REPO_ROOT='E:\AI Projects\data-insights-blog'; npx tsx "E:\AI Projects\data-insights-blog\scripts\update-agent-job.mjs" --job job-mt2awmaa-20vab --status researching --activity "Phase 0: checking conveyor + production rules"
[cot:tool] done shell $env:BLOG_REPO_ROOT='E:\AI Projects\data-insights-blog'; npx tsx "E:\AI Projects\data-insights-blog\scripts\update-agent-job.mjs" --job job-mt2awmaa-20vab --status researching --activity "Phase 0: checking conveyor + production rules"
[cot:thought] Related data files already exist in the workspace. Checking job status,
[cot:thought] production rules, existing patterns, and prior work for this slug.
[cot:tool] start await
[cot:tool] start glob
[cot:tool] done glob
[cot:tool] start glob
[cot:tool] start grep C:\Users\ether\AppData\Local\data-insights-blog-workers\worker-1
[cot:tool] start shell git status -sb; git branch --show-current; ls artifacts 2>$null; ls .cursor/rules 2>$null
[cot:tool] done glob
[cot:tool] done grep
[cot:tool] done shell git status -sb; git branch --show-current; ls artifacts 2>$null; ls .cursor/rules 2>$null
[cot:tool] done await
[cot:thought] The worker lacks the autonomous-blog-production.mdc configuration file. Reviewing existing
[cot:thought] concentration posts and fiscal-industrial-policy data files. Checking the theme registry and how posts and visualizations are wired.
[cot:thought] No conveyor pause file ??? proceeding. Studying existing fiscal-industrial and concentration post patterns for Phase 1.
[cot:tool] start read C:\Users\ether\.cursor\projects\C-Users-ether-AppData-Local-data-insights-blog-workers-worker-1\terminals\11692.txt
[cot:tool] done read C:\Users\ether\.cursor\projects\C-Users-ether-AppData-Local-data-insights-blog-workers-worker-1\terminals\11692.txt
[cot:tool] start glob
[cot:tool] done glob
[cot:tool] start read C:\Users\ether\AppData\Local\data-insights-blog-workers\worker-1\src\data\fiscal-industrial-policy-concentration-2026-data.ts
[cot:tool] done read C:\Users\ether\AppData\Local\data-insights-blog-workers\worker-1\src\data\fiscal-industrial-policy-concentration-2026-data.ts
[cot:tool] start shell Get-ChildItem src\components\visualizations -Filter "*concentration*" | Select-Object Name; Get-ChildItem src\components\visualizations -Filter "*fiscal*" | Select-Object Name; Select-String -Path src\data\theme-registry.ts -Pattern "fiscal-industrial" | Select-Object -First 10; Select-String -Path src\types\post.ts -Pattern "VisualizationId|fiscal-industrial" | Select-Object -First 30
[cot:tool] done shell Get-ChildItem src\components\visualizations -Filter "*concentration*" | Select-Object Name; Get-ChildItem src\components\visualizations -Filter "*fiscal*" | Select-Object Name; Select-String -Path src\data\theme-registry.ts -Pattern "fiscal-industrial" | Select-Object -First 10; Select-String -Path src\types\post.ts -Pattern "VisualizationId|fiscal-industrial" | Select-Object -First 30
[cot:thought] The existing concentration dashboard and 2026 data do not match the required 2026Q3 timeframe.
[cot:thought] I am reviewing existing
[cot:thought] concentration patterns and post registration to plan the new 2026Q3 post.
[cot:tool] start shell Select-String -Path src\data\posts.ts -Pattern "fiscal-industrial-policy-concentration" -Context 0,3; Select-String -Path src\types\post.ts -Pattern "FiscalIndustrial|fiscal-industrial" ; Select-String -Path src\components\PostVisualization.tsx -Pattern "FiscalIndustrial|fiscal-industrial"; Select-String -Path src\data\theme-registry.ts -Pattern "fiscal-industrial-policy-concentration"
[cot:tool] start read C:\Users\ether\AppData\Local\data-insights-blog-workers\worker-1\src\data\fiscal-industrial-policy-concentration-2026-data.ts
[cot:tool] done read C:\Users\ether\AppData\Local\data-insights-blog-workers\worker-1\src\data\fiscal-industrial-policy-concentration-2026-data.ts
[cot:tool] start read C:\Users\ether\AppData\Local\data-insights-blog-workers\worker-1\src\components\visualizations\FiscalIndustrialPolicyConcentrationDashboard.tsx
[cot:tool] done read C:\Users\ether\AppData\Local\data-insights-blog-workers\worker-1\src\components\visualizations\FiscalIndustrialPolicyConcentrationDashboard.tsx
[cot:tool] start glob
[cot:tool] done glob
[cot:tool] done shell Select-String -Path src\data\posts.ts -Pattern "fiscal-industrial-policy-concentration" -Context 0,3; Select-String -Path src\types\post.ts -Pattern "FiscalIndustrial|fiscal-industrial" ; Select-String -Path src\components\PostVisualization.tsx -Pattern "FiscalIndustrial|fiscal-industrial"; Select-String -Path src\data\theme-registry.ts -Pattern "fiscal-industrial-policy-concentration"
[cot:thought] The target post already exists. I'll create a new
[cot:thought] Q3 vintage post following existing theme patterns. The title centers on concentration and market share within fiscal and industrial policy.
[cot:thought] The core question
[cot:thought] is system concentration at the top of the distribution. New files will carry the 2026q3 suffix rather than reusing the existing 2026 set. The draft will incorporate newer June 2026 flow data under a Q3 framing.
[cot:thought] Existing concentration posts and recent dashboard structures will guide the layout.
[cot:thought] Smoke test markers and QA script workflows will be reviewed.
[cot:thought] There's already a 2026 concentration post ??? I'll ship a distinct 2026q3 vintage.
[cot:thought] Checking a recent Q3 pattern and the rest of the data module.
[cot:tool] start read C:\Users\ether\AppData\Local\data-insights-blog-workers\worker-1\src\data\fiscal-industrial-policy-concentration-2026-data.ts
[cot:tool] done read C:\Users\ether\AppData\Local\data-insights-blog-workers\worker-1\src\data\fiscal-industrial-policy-concentration-2026-data.ts
[cot:tool] start read C:\Users\ether\AppData\Local\data-insights-blog-workers\worker-1\scripts\qa-fiscal-industrial-policy-concentration-2026.mjs
[cot:tool] done read C:\Users\ether\AppData\Local\data-insights-blog-workers\worker-1\scripts\qa-fiscal-industrial-policy-concentration-2026.mjs
[cot:tool] start shell Select-String -Path src\data\posts.ts -Pattern "concentration-2026q3" | Select-Object -First 15; Get-ChildItem src\data\*2026q3* | Select-Object Name; Get-ChildItem scripts\qa-*2026q3* | Select-Object Name; Select-String -Path scripts\smoke-viz-static.mjs -Pattern "fiscal-industrial-policy-concentration" | Select-Object -First 10; Select-String -Path package.json -Pattern "qa-fiscal-industrial-policy-concentration"
[cot:tool] start read C:\Users\ether\AppData\Local\data-insights-blog-workers\worker-1\artifacts\backend-manifest.json
[cot:tool] done read C:\Users\ether\AppData\Local\data-insights-blog-workers\worker-1\artifacts\backend-manifest.json
[cot:tool] done shell Select-String -Path src\data\posts.ts -Pattern "concentration-2026q3" | Select-Object -First 15; Get-ChildItem src\data\*2026q3* | Select-Object Name; Get-ChildItem scripts\qa-*2026q3* | Select-Object Name; Select-String -Path scripts\smoke-viz-static.mjs -Pattern "fiscal-industrial-policy-concentration" | Select-Object -First 10; Select-String -Path package.json -Pattern "qa-fiscal-industrial-policy-concentration"
[cot:thought] Reviewing smoke test QA script registration and a recent concentration dashboard to prepare the Q3 variant.
[cot:thought] Planning a Q3 refresh
[cot:thought] with distinct visual types and a different headline angle. Sectoral concentration by chip, green, and other sectors will be added. HHI evolution across vintages and tariff or import barrier concentration will also be included.
[cot:thought] Checking the update-2026q3
[cot:thought] dataset for fresher numbers. Considering a Q3 flow using July or H1 2026 aggregate data.
[cot:tool] start shell Select-String -Path scripts\smoke*.mjs,package.json,scripts\run-smoke*.mjs -Pattern "qa-fiscal-industrial-policy-concentration|SMOKE_QA|qaScripts" -ErrorAction SilentlyContinue | Select-Object -First 40; Get-ChildItem scripts -Filter "*smoke*" | Select-Object Name; Select-String -Path package.json -Pattern '"deploy"' -Context 0,5
[cot:tool] start read C:\Users\ether\AppData\Local\data-insights-blog-workers\worker-1\src\data\fiscal-industrial-policy-update-2026q3-data.ts
[cot:tool] done read C:\Users\ether\AppData\Local\data-insights-blog-workers\worker-1\src\data\fiscal-industrial-policy-update-2026q3-data.ts
[cot:tool] start read C:\Users\ether\AppData\Local\data-insights-blog-workers\worker-1\src\components\visualizations\DemographicCashFlowsConcentrationDashboard.tsx
[cot:tool] done shell Select-String -Path scripts\smoke*.mjs,package.json,scripts\run-smoke*.mjs -Pattern "qa-fiscal-industrial-policy-concentration|SMOKE_QA|qaScripts" -ErrorAction SilentlyContinue | Select-Object -First 40; Get-ChildItem scripts -Filter "*smoke*" | Select-Object Name; Select-String -Path package.json -Pattern '"deploy"' -Context 0,5
[cot:tool] done read C:\Users\ether\AppData\Local\data-insights-blog-workers\worker-1\src\components\visualizations\DemographicCashFlowsConcentrationDashboard.tsx
[cot:tool] start shell Select-String -Path src\data\posts.ts -Pattern "slug: \"demographic-cash-flows-concentration" -Context 0,20 | Select-Object -First 40; (Get-Content src\data\posts.ts | Select-Object -First 5); Select-String -Path src\data\posts.ts -Pattern "^export const posts" | Select-Object LineNumber
[cot:tool] done shell Select-String -Path src\data\posts.ts -Pattern "slug: \"demographic-cash-flows-concentration" -Context 0,20 | Select-Object -First 40; (Get-Content src\data\posts.ts | Select-Object -First 5); Select-String -Path src\data\posts.ts -Pattern "^export const posts" | Select-Object LineNumber
[cot:thought] Checking how smoke tests discover QA scripts and locating the correct insertion point in posts.ts.
[cot:tool] start grep C:\Users\ether\AppData\Local\data-insights-blog-workers\worker-1\scripts
[cot:tool] done grep C:\Users\ether\AppData\Local\data-insights-blog-workers\worker-1\scripts
[cot:tool] start grep C:\Users\ether\AppData\Local\data-insights-blog-workers\worker-1\package.json
[cot:tool] done grep C:\Users\ether\AppData\Local\data-insights-blog-workers\worker-1\package.json
[cot:tool] start read C:\Users\ether\AppData\Local\data-insights-blog-workers\worker-1\src\data\posts.ts
[cot:tool] done read C:\Users\ether\AppData\Local\data-insights-blog-workers\worker-1\src\data\posts.ts
[cot:tool] start read C:\Users\ether\AppData\Local\data-insights-blog-workers\worker-1\src\types\post.ts
[cot:tool] start read C:\Users\ether\AppData\Local\data-insights-blog-workers\worker-1\src\data\theme-registry.ts
[cot:tool] done read C:\Users\ether\AppData\Local\data-insights-blog-workers\worker-1\src\types\post.ts
[cot:tool] done read C:\Users\ether\AppData\Local\data-insights-blog-workers\worker-1\src\data\theme-registry.ts
[cot:thought] Checking smoke-test-viz-posts. Adding a smoke marker
[cot:thought] for the new post.
[cot:tool] start read C:\Users\ether\AppData\Local\data-insights-blog-workers\worker-1\scripts\smoke-test-viz-posts.mjs
[cot:tool] done read C:\Users\ether\AppData\Local\data-insights-blog-workers\worker-1\scripts\smoke-test-viz-posts.mjs
[cot:tool] start grep C:\Users\ether\AppData\Local\data-insights-blog-workers\worker-1\scripts\smoke-test-viz-posts.mjs
[cot:tool] start read C:\Users\ether\AppData\Local\data-insights-blog-workers\worker-1\src\components\visualizations\FiscalIndustrialPolicyConcentrationDashboard.tsx
[cot:tool] done read C:\Users\ether\AppData\Local\data-insights-blog-workers\worker-1\src\components\visualizations\FiscalIndustrialPolicyConcentrationDashboard.tsx
[cot:tool] done grep C:\Users\ether\AppData\Local\data-insights-blog-workers\worker-1\scripts\smoke-test-viz-posts.mjs
[cot:thought] I understand the task. I will draft a Q3 vintage concentration post that differs from the 2026 version.
[cot:thought] The post will frame
[cot:thought] concentration as a radar across stock, flow, packages, and strategic targeting.
[cot:thought] Sectoral depth will contrast semiconductors against green and other industries. Vintage comparisons will emphasize H1 2026 versus Q3 flows.
[cot:thought] Charts will use horizontal HHI bars, stacked sector composition, and slope charts for top-three evolution.
[cot:thought] Treemaps and heatmaps
[cot:thought] will use scatter plots and composed dual-axis charts. The headline will contrast package $ top-1 at 71% against stock top-3 at 63%.
[cot:thought] Sectoral package concentration will compare chips versus clean energy within the US. A vintage slope chart will trace top-three share across H-NIPO, 2023 census, Teneo, and June flow.
[cot:thought] Firm-level and tariff toolkit concentration will be added if data allows. Phase 1 will build a Q3-specific data module rather than cloning existing datasets.
[cot:thought] I will mark the job as building and write the data file. I also need to locate the posts array to prepend the new post.
[cot:thought] Phase 1: writing the Q3 data module with a distinct concentration angle (sectoral packages + vintage HHI), then committing.
[cot:tool] start shell $env:BLOG_REPO_ROOT='E:\AI Projects\data-insights-blog'; npx tsx "E:\AI Projects\data-insights-blog\scripts\update-agent-job.mjs" --job job-mt2awmaa-20vab --status building --activity "Phase 1: writing 2026q3 concentration data module"
[cot:tool] start read C:\Users\ether\AppData\Local\data-insights-blog-workers\worker-1\src\data\posts.ts
[cot:tool] done read C:\Users\ether\AppData\Local\data-insights-blog-workers\worker-1\src\data\posts.ts
[cot:tool] start grep C:\Users\ether\AppData\Local\data-insights-blog-workers\worker-1\src\data\posts.ts
[cot:tool] start read C:\Users\ether\AppData\Local\data-insights-blog-workers\worker-1\src\data\posts.ts
[cot:tool] done read C:\Users\ether\AppData\Local\data-insights-blog-workers\worker-1\src\data\posts.ts
[cot:tool] done grep C:\Users\ether\AppData\Local\data-insights-blog-workers\worker-1\src\data\posts.ts
[cot:tool] done shell $env:BLOG_REPO_ROOT='E:\AI Projects\data-insights-blog'; npx tsx "E:\AI Projects\data-insights-blog\scripts\update-agent-job.mjs" --job job-mt2awmaa-20vab --status building --activity "Phase 1: writing 2026q3 concentration data module"
[cot:thought] Drafting the data module with Q3-specific differentiation. The Q3 narrative frames
[cot:thought] core statistics as a distribution radar. New panels include sectoral package concentration, HHI by lens, vintage slope of top instruments, and toolkit share mixes.
[cot:thought] Stock, package, and flow panels remain. The visualization plan uses horizontal HHI bars and stacked sectoral bars across four views.
[cot:thought] Treemaps and nested
[cot:thought] pies will replace polar radar charts for toolkit mixes. Bullet and dumbbell charts will contrast the top instrument against the top three.
[cot:thought] Area Lorenz curves will toggle between packages and stock. Scatter plots will compare lenses. Now writing the data file and dashboard.
[cot:thought] Writing the Q3 data module with sectoral packages, HHI-by-lens, and vintage top-3 slopes.
[cot:tool] start edit C:\Users\ether\AppData\Local\data-insights-blog-workers\worker-1\src\data\fiscal-industrial-policy-concentration-2026q3-data.ts
[cot:tool] done edit C:\Users\ether\AppData\Local\data-insights-blog-workers\worker-1\src\data\fiscal-industrial-policy-concentration-2026q3-data.ts
[cot:thought] Phase 1 is committed. The dashboard build is starting.
[cot:tool] start shell git add -A; git commit --trailer "Co-authored-by: Cursor <cursoragent@cursor.com>" -m "wip(fiscal-industrial-policy-concentration-2026q3): data module"; $env:BLOG_REPO_ROOT='E:\AI Projects\data-insights-blog'; npx tsx "E:\AI Projects\data-insights-blog\scripts\update-agent-job.mjs" --job job-mt2awmaa-20vab --status building --activity "Phase 2: dashboard + viz wireup"
[cot:tool] done shell git add -A; git commit --trailer "Co-authored-by: Cursor <cursoragent@cursor.com>" -m "wip(fiscal-industrial-policy-concentration-2026q3): data module"; $env:BLOG_REPO_ROOT='E:\AI Projects\data-insights-blog'; npx tsx "E:\AI Projects\data-insights-blog\scripts\update-agent-job.mjs" --job job-mt2awmaa-20vab --status building --activity "Phase 2: dashboard + viz wireup"
[cot:thought] Awaiting the git commit before starting the dashboard.Building the Q3 dashboard with HHI bars, sectoral stacks, vintage slopes, and toolkit mix ???
[cot:thought] distinct from the 2026 concentration layout.
[cot:tool] start await
[cot:tool] start edit C:\Users\ether\AppData\Local\data-insights-blog-workers\worker-1\src\components\visualizations\FiscalIndustrialPolicyConcentration2026q3Dashboard.tsx
[cot:tool] done await
[cot:tool] done edit C:\Users\ether\AppData\Local\data-insights-blog-workers\worker-1\src\components\visualizations\FiscalIndustrialPolicyConcentration2026q3Dashboard.tsx
[cot:thought] Wiring up post.ts and PostVisualization. Reading the relevant
[cot:thought] TSX sections to patch.Wiring the visualization into `post.ts` and `PostVisualization.
[cot:thought] tsx`.
[cot:tool] start read C:\Users\ether\.cursor\projects\C-Users-ether-AppData-Local-data-insights-blog-workers-worker-1\terminals\11693.txt
[cot:tool] done read C:\Users\ether\.cursor\projects\C-Users-ether-AppData-Local-data-insights-blog-workers-worker-1\terminals\11693.txt
[cot:tool] start edit C:\Users\ether\AppData\Local\data-insights-blog-workers\worker-1\src\types\post.ts
[cot:tool] start edit C:\Users\ether\AppData\Local\data-insights-blog-workers\worker-1\src\data\theme-registry.ts
[cot:tool] start read C:\Users\ether\AppData\Local\data-insights-blog-workers\worker-1\src\components\PostVisualization.tsx
[cot:tool] start read C:\Users\ether\AppData\Local\data-insights-blog-workers\worker-1\src\components\PostVisualization.tsx
[cot:tool] done read C:\Users\ether\AppData\Local\data-insights-blog-workers\worker-1\src\components\PostVisualization.tsx
[cot:tool] done read C:\Users\ether\AppData\Local\data-insights-blog-workers\worker-1\src\components\PostVisualization.tsx
[cot:tool] done edit C:\Users\ether\AppData\Local\data-insights-blog-workers\worker-1\src\types\post.ts
[cot:tool] done edit C:\Users\ether\AppData\Local\data-insights-blog-workers\worker-1\src\data\theme-registry.ts
[cot:thought] The new dashboard needs a dynamic import and a render branch.
[cot:tool] start edit C:\Users\ether\AppData\Local\data-insights-blog-workers\worker-1\src\components\PostVisualization.tsx
[cot:tool] done edit C:\Users\ether\AppData\Local\data-insights-blog-workers\worker-1\src\components\PostVisualization.tsx
[cot:tool] start edit C:\Users\ether\AppData\Local\data-insights-blog-workers\worker-1\src\components\PostVisualization.tsx
[cot:tool] start shell git add -A; git commit --trailer "Co-authored-by: Cursor <cursoragent@cursor.com>" -m "wip(fiscal-industrial-policy-concentration-2026q3): dashboard + viz wireup"
[cot:tool] done edit C:\Users\ether\AppData\Local\data-insights-blog-workers\worker-1\src\components\PostVisualization.tsx
[cot:tool] done shell git add -A; git commit --trailer "Co-authored-by: Cursor <cursoragent@cursor.com>" -m "wip(fiscal-industrial-policy-concentration-2026q3): dashboard + viz wireup"
[cot:thought] Proceeding to Phase 3: drafting the post prose and selecting the hero image. Reviewing the existing
[cot:thought] concentration post to match its prose style and length. Then drafting the new post, generating the hero PNG, and updating the backend manifest.
[cot:thought] Phase 3: writing post prose, generating the hero image, and updating the manifest.
[cot:tool] start shell $env:BLOG_REPO_ROOT='E:\AI Projects\data-insights-blog'; npx tsx "E:\AI Projects\data-insights-blog\scripts\update-agent-job.mjs" --job job-mt2awmaa-20vab --status building --activity "Phase 3: post prose + hero image"
[cot:tool] start generateImage
[cot:tool] start read C:\Users\ether\AppData\Local\data-insights-blog-workers\worker-1\src\data\posts.ts
[cot:tool] done read C:\Users\ether\AppData\Local\data-insights-blog-workers\worker-1\src\data\posts.ts
[cot:tool] done shell $env:BLOG_REPO_ROOT='E:\AI Projects\data-insights-blog'; npx tsx "E:\AI Projects\data-insights-blog\scripts\update-agent-job.mjs" --job job-mt2awmaa-20vab --status building --activity "Phase 3: post prose + hero image"
[cot:tool] done generateImage
[cot:thought] The generated image needs to be copied from the Cursor assets folder to public/images/.
[cot:thought] Proceeding to write
[cot:thought] the post entry.
[cot:tool] start shell Copy-Item "C:\Users\ether\.cursor\projects\C-Users-ether-AppData-Local-data-insights-blog-workers-worker-1\assets\politics-fiscal-industrial-policy-concentration-2026q3-hero.png" -Destination "C:\Users\ether\AppData\Local\data-insights-blog-workers\worker-1\public\images\politics-fiscal-industrial-policy-concentration-2026q3-hero.png" -Force; Test-Path "public\images\politics-fiscal-industrial-policy-concentration-2026q3-hero.png"
[cot:tool] start edit C:\Users\ether\AppData\Local\data-insights-blog-workers\worker-1\src\data\posts.ts
[cot:tool] done edit C:\Users\ether\AppData\Local\data-insights-blog-workers\worker-1\src\data\posts.ts
[cot:tool] done shell Copy-Item "C:\Users\ether\.cursor\projects\C-Users-ether-AppData-Local-data-insights-blog-workers-worker-1\assets\politics-fiscal-industrial-policy-concentration-2026q3-hero.png" -Destination "C:\Users\ether\AppData\Local\data-insights-blog-workers\worker-1\public\images\politics-fiscal-industrial-policy-concentration-2026q3-hero.png" -Force; Test-Path "public\images\politics-fiscal-industrial-policy-concentration-2026q3-hero.png"
[cot:thought] Updating the backend manifest and committing phase 3. Proceeding to QA and
[cot:thought] smoke testing.
[cot:tool] start edit C:\Users\ether\AppData\Local\data-insights-blog-workers\worker-1\artifacts\backend-manifest.json
[cot:tool] start shell $words = (Select-String -Path src\data\posts.ts -Pattern 'id: "fiscal-industrial-policy-concentration-2026q3"' -Context 0,200 | Out-String); $content = Get-Content src\data\posts.ts -Raw; if ($content -match '(?s)id: "fiscal-industrial-policy-concentration-2026q3".*?content: `([\s\S]*?)`,\r?\n  \},') { $c = $Matches[1]; $wc = ($c -split '\s+').Count; $h2 = ([regex]::Matches($c, '(?m)^## ')).Count; Write-Output "words=$wc h2=$h2" } else { Write-Output 'parse fail' }; git add -A; git commit --trailer "Co-authored-by: Cursor <cursoragent@cursor.com>" -m "wip(fiscal-industrial-policy-concentration-2026q3): post prose + hero"
[cot:tool] done edit C:\Users\ether\AppData\Local\data-insights-blog-workers\worker-1\artifacts\backend-manifest.json
[cot:tool] done shell $words = (Select-String -Path src\data\posts.ts -Pattern 'id: "fiscal-industrial-policy-concentration-2026q3"' -Context 0,200 | Out-String); $content = Get-Content src\data\posts.ts -Raw; if ($content -match '(?s)id: "fiscal-industrial-policy-concentration-2026q3".*?content: `([\s\S]*?)`,\r?\n  \},') { $c = $Matches[1]; $wc = ($c -split '\s+').Count; $h2 = ([regex]::Matches($c, '(?m)^## ')).Count; Write-Output "words=$wc h2=$h2" } else { Write-Output 'parse fail' }; git add -A; git commit --trailer "Co-authored-by: Cursor <cursoragent@cursor.com>" -m "wip(fiscal-industrial-policy-concentration-2026q3): post prose + hero"
[cot:thought] The draft reached 1760 words and nine H2 sections. Phase 4 will run the QA script and smoke marker before deploying.
[cot:thought] Phase 4: adding the QA script and smoke marker.
[cot:tool] start edit C:\Users\ether\AppData\Local\data-insights-blog-workers\worker-1\scripts\qa-fiscal-industrial-policy-concentration-2026q3.mjs
[cot:tool] start edit C:\Users\ether\AppData\Local\data-insights-blog-workers\worker-1\scripts\smoke-test-viz-posts.mjs
[cot:tool] start shell git add -A; git commit --trailer "Co-authored-by: Cursor <cursoragent@cursor.com>" -m "wip(fiscal-industrial-policy-concentration-2026q3): qa + smoke"; $env:BLOG_REPO_ROOT='E:\AI Projects\data-insights-blog'; npx tsx "E:\AI Projects\data-insights-blog\scripts\update-agent-job.mjs" --job job-mt2awmaa-20vab --status qa --activity "Phase 5: npm run deploy on ports 4180/4181"
[cot:tool] done edit C:\Users\ether\AppData\Local\data-insights-blog-workers\worker-1\scripts\qa-fiscal-industrial-policy-concentration-2026q3.mjs
[cot:tool] done edit C:\Users\ether\AppData\Local\data-insights-blog-workers\worker-1\scripts\smoke-test-viz-posts.mjs
[cot:tool] done shell git add -A; git commit --trailer "Co-authored-by: Cursor <cursoragent@cursor.com>" -m "wip(fiscal-industrial-policy-concentration-2026q3): qa + smoke"; $env:BLOG_REPO_ROOT='E:\AI Projects\data-insights-blog'; npx tsx "E:\AI Projects\data-insights-blog\scripts\update-agent-job.mjs" --job job-mt2awmaa-20vab --status qa --activity "Phase 5: npm run deploy on ports 4180/4181"
[cot:thought] The commit succeeded. Now running npm run deploy with isolated ports. The deployment will take a while.
[cot:tool] start await
[cot:tool] done await
[cot:thought] Proceeding to run deploy with SMOKE_PORT and SMOKE_QA_PORT.
[cot:tool] start shell $env:SMOKE_PORT='4180'; $env:SMOKE_QA_PORT='4181'; npm run deploy
[cot:tool] done shell $env:SMOKE_PORT='4180'; $env:SMOKE_QA_PORT='4181'; npm run deploy
[cot:thought] The build is still running. A TypeScript check is in progress.
[cot:tool] start await
[cot:tool] done await
[cot:thought] The match likely came from the command line rather than the actual file. Checking the terminal
[cot:thought] output.
[cot:tool] start read C:\Users\ether\.cursor\projects\C-Users-ether-AppData-Local-data-insights-blog-workers-worker-1\terminals\11696.txt
[cot:tool] done read C:\Users\ether\.cursor\projects\C-Users-ether-AppData-Local-data-insights-blog-workers-worker-1\terminals\11696.txt
[cot:thought] Waiting for a TypeScript issue to resolve.
[cot:tool] start await
[cot:tool] done await
[cot:thought] The output length remains 974. The pattern may have matched from the command itself.
[cot:tool] start read C:\Users\ether\.cursor\projects\C-Users-ether-AppData-Local-data-insights-blog-workers-worker-1\terminals\11696.txt
[cot:tool] done read C:\Users\ether\.cursor\projects\C-Users-ether-AppData-Local-data-insights-blog-workers-worker-1\terminals\11696.txt
[cot:thought] The TypeScript process has been stuck for roughly eleven minutes. The delay may be normal
[cot:thought] for this large file. A longer timeout and process status check will confirm whether it is hung.
[cot:tool] start shell Get-Process -Id 8056 -ErrorAction SilentlyContinue | Select-Object Id,CPU,WorkingSet64; Get-CimInstance Win32_Process -Filter "ParentProcessId=8056" -ErrorAction SilentlyContinue | Select-Object ProcessId,Name,CommandLine | Format-List
[cot:tool] done shell Get-Process -Id 8056 -ErrorAction SilentlyContinue | Select-Object Id,CPU,WorkingSet64; Get-CimInstance Win32_Process -Filter "ParentProcessId=8056" -ErrorAction SilentlyContinue | Select-Object ProcessId,Name,CommandLine | Format-List
[cot:thought] Checking child npm processes for tsc or next.js.
[cot:tool] start shell Get-CimInstance Win32_Process -Filter "ParentProcessId=14924" -ErrorAction SilentlyContinue | Select-Object ProcessId,Name,@{n='Cmd';e={$_.CommandLine.Substring(0,[Math]::Min(120,$_.CommandLine.Length))}}; Get-Process node -ErrorAction SilentlyContinue | Sort-Object CPU -Descending | Select-Object -First 8 Id,CPU,WorkingSet64
[cot:tool] done shell Get-CimInstance Win32_Process -Filter "ParentProcessId=14924" -ErrorAction SilentlyContinue | Select-Object ProcessId,Name,@{n='Cmd';e={$_.CommandLine.Substring(0,[Math]::Min(120,$_.CommandLine.Length))}}; Get-Process node -ErrorAction SilentlyContinue | Sort-Object CPU -Descending | Select-Object -First 8 Id,CPU,WorkingSet64
[cot:thought] Digging deeper into the process tree.
[cot:tool] start shell function Get-ChildProcs($pid) { Get-CimInstance Win32_Process -Filter "ParentProcessId=$pid" -ErrorAction SilentlyContinue | ForEach-Object { [PSCustomObject]@{Pid=$_.ProcessId; Name=$_.Name; Cmd=if($_.CommandLine){$_.CommandLine.Substring(0,[Math]::Min(100,$_.CommandLine.Length))}else{''}}; Get-ChildProcs $_.ProcessId } }; Get-ChildProcs 18996 | Format-Table -AutoSize; Get-Process -Id 18996,14924,8056 -ErrorAction SilentlyContinue | Select-Object Id,CPU,WorkingSet64
[cot:tool] done shell function Get-ChildProcs($pid) { Get-CimInstance Win32_Process -Filter "ParentProcessId=$pid" -ErrorAction SilentlyContinue | ForEach-Object { [PSCustomObject]@{Pid=$_.ProcessId; Name=$_.Name; Cmd=if($_.CommandLine){$_.CommandLine.Substring(0,[Math]::Min(100,$_.CommandLine.Length))}else{''}}; Get-ChildProcs $_.ProcessId } }; Get-ChildProcs 18996 | Format-Table -AutoSize; Get-Process -Id 18996,14924,8056 -ErrorAction SilentlyContinue | Select-Object Id,CPU,WorkingSet64
[cot:thought] A PowerShell `$pid` variable conflict is blocking execution. Switching to a different
[cot:thought] variable name to resolve the conflict.
[cot:tool] start shell $p = 18996; $q = New-Object System.Collections.Generic.Queue[int]; $q.Enqueue($p); while($q.Count -gt 0){ $cur=$q.Dequeue(); Get-CimInstance Win32_Process -Filter "ParentProcessId=$cur" -ErrorAction SilentlyContinue | ForEach-Object { $c=$_.CommandLine; if($c -and $c.Length -gt 100){$c=$c.Substring(0,100)}; Write-Output ("{0} | {1} | {2}" -f $_.ProcessId, $_.Name, $c); $q.Enqueue($_.ProcessId) } }
[cot:tool] done shell $p = 18996; $q = New-Object System.Collections.Generic.Queue[int]; $q.Enqueue($p); while($q.Count -gt 0){ $cur=$q.Dequeue(); Get-CimInstance Win32_Process -Filter "ParentProcessId=$cur" -ErrorAction SilentlyContinue | ForEach-Object { $c=$_.CommandLine; if($c -and $c.Length -gt 100){$c=$c.Substring(0,100)}; Write-Output ("{0} | {1} | {2}" -f $_.ProcessId, $_.Name, $c); $q.Enqueue($_.ProcessId) } }
[cot:thought] The Next.js build is still compiling TypeScript.
[cot:tool] start await
[cot:tool] done await
[cot:thought] The command line is still being matched. The output file remains
[cot:thought] at 974 bytes. TypeScript appears to be buffering stdout or running slowly. CPU usage and .next folder timestamps will be checked to confirm progress.
[cot:tool] start shell Get-Process -Id 30580,860,24808 -ErrorAction SilentlyContinue | Select-Object Id,CPU,WorkingSet64; Get-ChildItem .next -ErrorAction SilentlyContinue | Sort-Object LastWriteTime -Descending | Select-Object -First 5 Name,LastWriteTime; Get-ChildItem out -ErrorAction SilentlyContinue | Select-Object -First 3 Name,LastWriteTime
[cot:tool] done shell Get-Process -Id 30580,860,24808 -ErrorAction SilentlyContinue | Select-Object Id,CPU,WorkingSet64; Get-ChildItem .next -ErrorAction SilentlyContinue | Sort-Object LastWriteTime -Descending | Select-Object -First 5 Name,LastWriteTime; Get-ChildItem out -ErrorAction SilentlyContinue | Select-Object -First 3 Name,LastWriteTime
[cot:thought] The deploy process returned empty output. I am checking whether it is still running.
[cot:tool] start read C:\Users\ether\.cursor\projects\C-Users-ether-AppData-Local-data-insights-blog-workers-worker-1\terminals\11696.txt
[cot:tool] start shell Get-Process -Id 8056 -ErrorAction SilentlyContinue | Format-List Id,CPU,WorkingSet64,StartTime; Get-ChildItem "C:\Users\ether\AppData\Local\data-insights-blog-workers\worker-1\.next" -ErrorAction SilentlyContinue | Measure-Object | Select-Object Count; Test-Path "C:\Users\ether\AppData\Local\data-insights-blog-workers\worker-1\out"
[cot:tool] done read C:\Users\ether\.cursor\projects\C-Users-ether-AppData-Local-data-insights-blog-workers-worker-1\terminals\11696.txt
[cot:tool] done shell Get-Process -Id 8056 -ErrorAction SilentlyContinue | Format-List Id,CPU,WorkingSet64,StartTime; Get-ChildItem "C:\Users\ether\AppData\Local\data-insights-blog-workers\worker-1\.next" -ErrorAction SilentlyContinue | Measure-Object | Select-Object Count; Test-Path "C:\Users\ether\AppData\Local\data-insights-blog-workers\worker-1\out"
[cot:thought] The parent process remains active, though CPU usage is low. The `.next` measurement
[cot:thought] returned empty unexpectedly. Node processes are being checked more closely, possibly because TypeScript is hanging on the large `posts.ts` file.
[cot:tool] start shell Get-Process node -ErrorAction SilentlyContinue | Sort-Object WorkingSet64 -Descending | Select-Object -First 12 Id,CPU,@{n='WS_MB';e={[math]::Round($_.WorkingSet64/1MB,0)}},StartTime | Format-Table -AutoSize; if (Test-Path .next) { 'has .next' } else { 'no .next' }; if (Test-Path out) { 'has out' } else { 'no out' }
[cot:tool] done shell Get-Process node -ErrorAction SilentlyContinue | Sort-Object WorkingSet64 -Descending | Select-Object -First 12 Id,CPU,@{n='WS_MB';e={[math]::Round($_.WorkingSet64/1MB,0)}},StartTime | Format-Table -AutoSize; if (Test-Path .next) { 'has .next' } else { 'no .next' }; if (Test-Path out) { 'has out' } else { 'no out' }
[cot:thought] A heavy Node.js process is running at PID 860, likely the TypeScript checker from cursor-agent.
[cot:thought] The build is still
[cot:thought] in progress. An output file already exists from a previous build.
[cot:tool] start await
[cot:tool] done await
[cot:thought] Static pages are being generated.
[cot:tool] start await
[cot:tool] done await
[cot:thought] Checking whether deployment finished completely.
[cot:tool] start read C:\Users\ether\.cursor\projects\C-Users-ether-AppData-Local-data-insights-blog-workers-worker-1\terminals\11696.txt
[cot:tool] done read C:\Users\ether\.cursor\projects\C-Users-ether-AppData-Local-data-insights-blog-workers-worker-1\terminals\11696.txt
[cot:thought] Smoke tests passed for 109 posts. Homepage QA is still pending. Checking whether deployment
[cot:thought] has finished.
[cot:tool] start await
[cot:tool] done await
[cot:thought] The command-line match is still active. Homepage QA appears
[cot:thought] to be running. Waiting silently.
[cot:tool] start await
[cot:tool] done await
[cot:thought] The generated output reached 8333 characters. I am now reading the end of the file.
[cot:tool] start read C:\Users\ether\.cursor\projects\C-Users-ether-AppData-Local-data-insights-blog-workers-worker-1\terminals\11696.txt
[cot:tool] done read C:\Users\ether\.cursor\projects\C-Users-ether-AppData-Local-data-insights-blog-workers-worker-1\terminals\11696.txt
[cot:thought] Homepage QA is running. Waiting for completion.
[cot:tool] start await
[cot:tool] done await
[cot:thought] Deployment passed. Verifying the HTML file exists. Running the QA script next. Then committing and marking the job ready.
[cot:tool] start read C:\Users\ether\.cursor\projects\C-Users-ether-AppData-Local-data-insights-blog-workers-worker-1\terminals\11696.txt
[cot:tool] start shell Test-Path "out\blog\fiscal-industrial-policy-concentration-2026q3.html"; Test-Path "out\blog\fiscal-industrial-policy-concentration-2026q3\index.html"; $env:SMOKE_PORT='4180'; node scripts/qa-fiscal-industrial-policy-concentration-2026q3.mjs
[cot:tool] done read C:\Users\ether\.cursor\projects\C-Users-ether-AppData-Local-data-insights-blog-workers-worker-1\terminals\11696.txt
[cot:tool] done shell Test-Path "out\blog\fiscal-industrial-policy-concentration-2026q3.html"; Test-Path "out\blog\fiscal-industrial-policy-concentration-2026q3\index.html"; $env:SMOKE_PORT='4180'; node scripts/qa-fiscal-industrial-policy-concentration-2026q3.mjs
[cot:thought] The HTML file is confirmed present at the output path. QA is running.
[cot:tool] start await
[cot:tool] done await
[cot:thought] An error occurred. I am reading the output to diagnose it.
[cot:tool] start read C:\Users\ether\.cursor\projects\C-Users-ether-AppData-Local-data-insights-blog-workers-worker-1\terminals\11697.txt
[cot:tool] done read C:\Users\ether\.cursor\projects\C-Users-ether-AppData-Local-data-insights-blog-workers-worker-1\terminals\11697.txt
[cot:thought] The sectoral stack marker only appears on the Sectoral packages view. The QA test needs
[cot:thought] to switch to the Sectoral packages view before checking the marker. Alternatively, it should only verify markers visible on the default HHI view.
[cot:thought] Fixing the QA script so it opens the Sectoral packages view before asserting that panel's markers.
[cot:tool] start edit C:\Users\ether\AppData\Local\data-insights-blog-workers\worker-1\scripts\qa-fiscal-industrial-policy-concentration-2026q3.mjs
[cot:tool] start shell $env:SMOKE_PORT='4180'; node scripts/qa-fiscal-industrial-policy-concentration-2026q3.mjs
[cot:tool] done edit C:\Users\ether\AppData\Local\data-insights-blog-workers\worker-1\scripts\qa-fiscal-industrial-policy-concentration-2026q3.mjs
[cot:tool] done shell $env:SMOKE_PORT='4180'; node scripts/qa-fiscal-industrial-policy-concentration-2026q3.mjs
[cot:thought] QA passed. Proceeding to final commit and marking the job ready.QA passed. Final commit and marking the job ready.
[cot:tool] start shell git add -A; git status -sb; git commit --trailer "Co-authored-by: Cursor <cursoragent@cursor.com>" -m "$(@'
feat(post): fiscal-industrial-policy-concentration-2026q3
'@)"; git status -sb; git log -5 --oneline; $env:BLOG_REPO_ROOT='E:\AI Projects\data-insights-blog'; npx tsx "E:\AI Projects\data-insights-blog\scripts\update-agent-job.mjs" --job job-mt2awmaa-20vab --status ready --activity "Ready for merge" --headline "Package HHI ~5,320 ?? US top-1 ~71% ?? IRA TE ~59% of universe ?? stock top-3 63%"
[cot:tool] done shell git add -A; git status -sb; git commit --trailer "Co-authored-by: Cursor <cursoragent@cursor.com>" -m "$(@'
feat(post): fiscal-industrial-policy-concentration-2026q3
'@)"; git status -sb; git log -5 --oneline; $env:BLOG_REPO_ROOT='E:\AI Projects\data-insights-blog'; npx tsx "E:\AI Projects\data-insights-blog\scripts\update-agent-job.mjs" --job job-mt2awmaa-20vab --status ready --activity "Ready for merge" --headline "Package HHI ~5,320 ?? US top-1 ~71% ?? IRA TE ~59% of universe ?? stock top-3 63%"
[cot:thought] The blog post is complete. I am printing the WorkerReady status and exiting cleanly.
[cot:thought] WorkerReady: fiscal-industrial-policy-concentration-2026q3 | job=job-mt2awmaa-20vab | worker=1
[cot:system] task_notification
[cot:system] task_notification
[cot:system] task_notification
[cot:system] task_notification
[cot:system] task_notification
[cot:system] task_notification
[cot:thought] Shipped Q3 concentration post on `post/fiscal-industrial-policy-concentration-2026q3-w1`: - Data + dashboard (HHI radar, share ladders, sectoral packages, vintage slope) - Prose (~1760 words, 9 H2s), hero PNG, QA + smoke marker - `npm run deploy` passed on ports 4180/4181; job marked **ready**Notifications are arriving for completed shell tasks from the previous session.
[cot:thought] The overall job completed
[cot:thought] successfully. A failed QA run was fixed and re-run successfully. No further follow-up is needed.
[cot:thought] All conveyor phases finished successfully. The one failed post-QA run was a timing issue on a view-gated marker; that was fixed and re-ran clean.
[cot:thought] **WorkerReady:** `fiscal-industrial-policy-concentration-2026q3` ?? job `job-mt2awmaa-20vab` ??
[cot:thought] worker 1 ??? marked ready for merge.
[cot:system] result ok 2206950ms ΓÇö I'll start as worker 1 on the fiscal-industrial-policy concentration post: check conveyor sync, load production rules, and set the job to researching.No conveyor pause file ??? proceeding. Studying existing fiscal-industrial and concentrati
[2026-08-20 22:36:58] Job job-mt2awmaa-20vab marked ready
[2026-08-20 22:37:01] git: HEAD is now at dfe4af2 merge(post): migration-humanitarian-update-2026q3 from worker 4 (path-selective)
[2026-08-20 22:37:01] Worker 1 finished (exit=0)
