[2026-07-31 12:22:32] Worker 3 starting job job-ms95i0vj-v9vgb (us-billion-dollar-weather-disasters-ms95i0vj) in E:\AI Projects\data-insights-blog-worktrees\worker-3 (branch post/us-billion-dollar-weather-disasters-ms95i0vj-w3)
[2026-07-31 12:22:32] Resetting worktree to e9746a2c69f57c9b9184281fa45bd6d9a95199df then checkout post/us-billion-dollar-weather-disasters-ms95i0vj-w3
[2026-07-31 12:22:32] git: HEAD is now at e9746a2 merge(post): macro-growth-trade-research-2026 from worker 4 (path-selective)
[2026-07-31 12:22:33] git: Removing scripts/bootstrap-worktrees.ps1
[2026-07-31 12:22:33] git: Removing scripts/claim-next-topics.mjs
[2026-07-31 12:22:33] git: Removing scripts/cursor-watchdog-loop.ps1
[2026-07-31 12:22:33] git: Removing scripts/debug-agent-transport.ps1
[2026-07-31 12:22:33] git: Removing scripts/lib/agent-jobs.mjs
[2026-07-31 12:22:33] git: Removing scripts/lib/production-ship-parser.mjs
[2026-07-31 12:22:33] git: Removing scripts/lib/viz-interaction-qa.mjs
[2026-07-31 12:22:33] git: Removing scripts/local-blog-server.mjs
[2026-07-31 12:22:33] git: Removing scripts/production-stream-server.mjs
[2026-07-31 12:22:33] git: Removing scripts/production-stream-ui.html
[2026-07-31 12:22:33] git: Removing scripts/prompts/
[2026-07-31 12:22:33] git: Removing scripts/resume-blog-automation.ps1
[2026-07-31 12:22:33] git: Removing scripts/run-blog-orchestrator.ps1
[2026-07-31 12:22:33] git: Removing scripts/run-blog-production-local.ps1
[2026-07-31 12:22:33] git: Removing scripts/run-blog-worker.ps1
[2026-07-31 12:22:33] git: Removing scripts/start-blog-automation-in-app.ps1
[2026-07-31 12:22:33] git: Removing scripts/stop-blog-automation.ps1
[2026-07-31 12:22:33] git: Removing scripts/theme-balance.ts
[2026-07-31 12:22:33] git: Removing scripts/update-agent-job.mjs
[2026-07-31 12:22:33] git: Removing scripts/watch-blog-production.ps1
[2026-07-31 12:22:33] git: HEAD is now at e9746a2 merge(post): macro-growth-trade-research-2026 from worker 4 (path-selective)
[2026-07-31 12:22:33] git: Switched to a new branch 'post/us-billion-dollar-weather-disasters-ms95i0vj-w3'
[2026-07-31 12:22:38] Invoking agent for worker 3 (-p --force --trust --workspace worktree)
Connection lost, reconnecting to https://api2.cursor.sh (attempt 1)...
[2026-07-31 12:25:22] WARN: transport blip cliAttempt=1 elapsed=0s
Retry attempt 1...
[2026-07-31 12:25:24] WARN: transport blip cliAttempt=1 elapsed=2s
Connection lost, reconnecting to https://api2.cursor.sh (attempt 2)...
[2026-07-31 12:27:17] INFO: blip streak reset after quiet gap
[2026-07-31 12:27:17] WARN: transport blip cliAttempt=2 elapsed=0s
Retry attempt 2...
[2026-07-31 12:27:22] WARN: transport blip cliAttempt=2 elapsed=4s
Connection lost, reconnecting to https://api2.cursor.sh (attempt 3)...
[2026-07-31 12:31:53] INFO: blip streak reset after quiet gap
[2026-07-31 12:31:53] WARN: transport blip cliAttempt=3 elapsed=0s
[2026-07-31 12:31:53] ERROR: transport unhealthy (cliAttempt=3 elapsed=0s); killing worker agent
[2026-07-31 12:31:58] Worker 3 finished (exit=75)
