[2026-08-20 20:38:08] [cot:system] session model=Auto cwd=C:\Users\ether\AppData\Local\data-insights-blog-workers\worker-3
[2026-08-20 20:38:08] [cot:user] You are a blog production WORKER in a parallel multi-agent system. ## Identity - Worker ID: 3 - Job ID: job-mt27mjv6-ybx35 - Assigned slug: consumer-finance-markets-update-202608 - Theme ID: consumer-ΓÇª
[2026-08-20 20:38:09] [cot:thought] Beginning blog production as worker 3. Reviewing the production
[2026-08-20 20:38:09] [cot:thought] rules and workspace state. The post will be built strictly within the worker-3 worktree, with conveyor-sync checks and phase-based commits.
[2026-08-20 20:38:09] [cot:thought] Starting the consumer-finance markets update as worker 3. Checking conveyor sync, job status, and production rules first.
[2026-08-20 20:38:09] [cot:tool] start read C:\Users\ether\AppData\Local\data-insights-blog-workers\worker-3\.cursor\rules\autonomous-blog-production.mdc
[2026-08-20 20:38:09] [cot:tool] start read C:\Users\ether\AppData\Local\data-insights-blog-workers\worker-3\artifacts\conveyor-sync.json
[2026-08-20 20:38:09] [cot:tool] start glob
[2026-08-20 20:38:09] [cot:tool] start shell $env:BLOG_REPO_ROOT='E:\AI Projects\data-insights-blog'; npx tsx "E:\AI Projects\data-insights-blog\scripts\update-agent-job.mjs" --job job-mt27mjv6-ybx35 --status researching --activity "Phase 0: checking conveyor + prior theme posts"
[2026-08-20 20:38:09] [cot:tool] done read ?
[2026-08-20 20:38:09] [cot:tool] done read ?
[2026-08-20 20:38:09] [cot:tool] done glob
[2026-08-20 20:38:09] [cot:tool] done shell $env:BLOG_REPO_ROOT='E:\AI Projects\data-insights-blog'; npx tsx "E:\AI Projects\data-insights-blog\scripts\update-agent-job.mjs" --job job-mt27mjv6-ybx35 --status researching --activity "Phase 0: checking conveyor + prior theme posts"
[2026-08-20 20:38:09] [cot:thought] I am exploring the production rules, reviewing prior posts on this theme, and understanding the required structure.
[2026-08-20 20:38:09] [cot:tool] start glob
[2026-08-20 20:38:09] [cot:tool] done glob
[2026-08-20 20:38:09] [cot:tool] start grep C:\Users\ether\AppData\Local\data-insights-blog-workers\worker-3\src
[2026-08-20 20:38:09] [cot:tool] done grep C:\Users\ether\AppData\Local\data-insights-blog-workers\worker-3\src
[2026-08-20 20:38:09] [cot:tool] start shell git status; git branch --show-current; if (Test-Path artifacts/conveyor-sync.json) { Get-Content artifacts/conveyor-sync.json } else { Write-Output "no conveyor-sync" }; ls artifacts 2>$null; ls .cursor/rules 2>$null
[2026-08-20 20:38:09] [cot:tool] done shell git status; git branch --show-current; if (Test-Path artifacts/conveyor-sync.json) { Get-Content artifacts/conveyor-sync.json } else { Write-Output "no conveyor-sync" }; ls artifacts 2>$null; ls .cursor/rules 2>$null
[2026-08-20 20:38:09] [cot:thought] An August 2026 Q3 update already exists. The prior post covers
[2026-08-20 20:38:09] [cot:thought] Q3 2026 data. The August 2026 update needs fresher late-August vintage statistics.
[2026-08-20 20:38:09] [cot:thought] The August 2026 slug
[2026-08-20 20:38:09] [cot:thought] matches the existing Q3 post exactly. This suggests the job was assigned before that post was merged, or a newer print is required.
[2026-08-20 20:38:09] [cot:thought] Reviewing prior post
[2026-08-20 20:38:09] [cot:thought] data and searching for fresher FRED or official statistics to establish a meaningful vintage delta.
[2026-08-20 20:38:09] [cot:thought] Reading the latest theme post and data module to establish the vintage baseline.
[2026-08-20 20:38:09] [cot:tool] start read C:\Users\ether\AppData\Local\data-insights-blog-workers\worker-3\src\data\consumer-finance-markets-update-2026q3-data.ts
[2026-08-20 20:38:10] [cot:tool] done read C:\Users\ether\AppData\Local\data-insights-blog-workers\worker-3\src\data\consumer-finance-markets-update-2026q3-data.ts
[2026-08-20 20:38:10] [cot:tool] start read C:\Users\ether\AppData\Local\data-insights-blog-workers\worker-3\src\components\visualizations\ConsumerFinanceMarketsUpdate2026q3Dashboard.tsx
[2026-08-20 20:38:10] [cot:tool] done read C:\Users\ether\AppData\Local\data-insights-blog-workers\worker-3\src\components\visualizations\ConsumerFinanceMarketsUpdate2026q3Dashboard.tsx
[2026-08-20 20:38:10] [cot:tool] start read C:\Users\ether\AppData\Local\data-insights-blog-workers\worker-3\artifacts\backend-manifest.json
[2026-08-20 20:38:10] [cot:tool] done read C:\Users\ether\AppData\Local\data-insights-blog-workers\worker-3\artifacts\backend-manifest.json
[2026-08-20 20:38:10] [cot:tool] start glob
[2026-08-20 20:38:10] [cot:tool] done glob
[2026-08-20 20:38:10] [cot:thought] The August 2026 vintage update will compare against the latest Q3 post. Searching for fresher
[2026-08-20 20:38:10] [cot:thought] August 2026 data to distinguish this monthly vintage from the Q3 post. Considering newer personal saving rates, ICI MMF figures, and G.19 updates.
[2026-08-20 20:38:10] [cot:thought] Realized the August
[2026-08-20 20:38:10] [cot:thought] personal saving rate likely won't be available until late September, so it cannot be used for this update. July data is already present in the Q3 post. Now considering FRED data or reinterpreting the orchestrator's intent for the August 2026 vintage.
[2026-08-20 20:38:10] [cot:thought] The focus is now on
[2026-08-20 20:38:10] [cot:thought] identifying deltas from the Q3 print. ICI weekly revisions and G.19 consumer credit releases are being evaluated as viable late-August data sources.
[2026-08-20 20:38:10] [cot:thought] Forward estimates for August monthly saving were rejected as inaccurate for August 20.
[2026-08-20 20:38:10] [cot:thought] The orchestrator timestamp
[2026-08-20 20:38:10] [cot:thought] confirms the current date is Thursday, August 20, 2026. The Q3 post already covers July saving rates and August 19 ICI data, so the vintage delta must come from a later release.
[2026-08-20 20:38:10] [cot:thought] G.19 revolving credit, the August 20 ICI weekly update, and H.6 deposit figures are now the leading candidates.
[2026-08-20 20:38:10] [cot:thought] A different analytical angle???such as monthly consumer credit or retail money flows???may also be needed to avoid simply rehashing the NY Fed Q2 narrative.
[2026-08-20 20:38:10] [cot:thought] The next step is to search FRED and web sources for the latest available figures to build a credible delta.
[2026-08-20 20:38:10] [cot:thought] Smoke test patterns and post registration mechanics are being reviewed to ensure the new post integrates correctly.
[2026-08-20 20:38:10] [cot:thought] Fetching fresher official prints vs the Q3 baseline and checking registration patterns.
[2026-08-20 20:38:10] [cot:thought] Fetching fresher official prints vs the Q3 baseline and checking registration patterns.
[2026-08-20 20:38:10] [cot:tool] start webSearch
[2026-08-20 20:38:10] [cot:tool] start webSearch
[2026-08-20 20:38:10] [cot:tool] start read C:\Users\ether\AppData\Local\data-insights-blog-workers\worker-3\scripts\qa-consumer-finance-markets-update-2026q3.mjs
[2026-08-20 20:38:10] [cot:tool] done read C:\Users\ether\AppData\Local\data-insights-blog-workers\worker-3\scripts\qa-consumer-finance-markets-update-2026q3.mjs
[2026-08-20 20:38:10] [cot:tool] start grep C:\Users\ether\AppData\Local\data-insights-blog-workers\worker-3\scripts
[2026-08-20 20:38:10] [cot:tool] done grep C:\Users\ether\AppData\Local\data-insights-blog-workers\worker-3\scripts
[2026-08-20 20:38:10] [cot:tool] done webSearch
[2026-08-20 20:38:10] [cot:tool] done webSearch
[2026-08-20 20:38:10] [cot:thought] Live ICI data shows $7. The August 20 ICI
[2026-08-20 20:38:10] [cot:thought] release is $7.93T, not $8.02T. The Q3 post likely misstated the figure. FRED's June 2026 PSAVERT rate is 2.7%, but July's data is still pending. The newest official vintage remains the August 20 ICI total.
[2026-08-20 20:38:10] [cot:thought] Prior posts appear
[2026-08-20 20:38:10] [cot:thought] to blend disclosed and estimated figures that diverge from live FRED. The August update used Q2 savings at 2.8% and Q3 at 3.1%, while live FRED shows June at 2.7%. The post will reconcile the newest official vintage against the previous post.
[2026-08-20 20:38:10] [cot:thought] The assigned slug
[2026-08-20 20:38:10] [cot:thought] follows the monthly-vintage convention used by other themes. Both the August and Q3 posts exist, so the correct baseline for comparison is unclear. The next step is to examine another 202608 update to determine the right benchmark.
[2026-08-20 20:38:10] [cot:thought] Checking a parallel `202608` update pattern and G.19 / H.6 for fresher official prints.
[2026-08-20 20:38:10] [cot:tool] start glob
[2026-08-20 20:38:10] [cot:tool] done glob
[2026-08-20 20:38:10] [cot:tool] start webFetch
[2026-08-20 20:38:11] [cot:tool] start webSearch
[2026-08-20 20:38:11] [cot:tool] start read C:\Users\ether\AppData\Local\data-insights-blog-workers\worker-3\src\data\posts.ts
[2026-08-20 20:38:11] [cot:tool] done read C:\Users\ether\AppData\Local\data-insights-blog-workers\worker-3\src\data\posts.ts
[2026-08-20 20:38:11] [cot:tool] done webFetch
[2026-08-20 20:38:11] [cot:tool] done webSearch
[2026-08-20 20:38:11] [cot:thought] Reviewing prior 202608 updates to determine how to structure comparisons against existing Q3 posts.
[2026-08-20 20:38:11] [cot:tool] start read C:\Users\ether\AppData\Local\data-insights-blog-workers\worker-3\src\data\ai-financing-update-202608-data.ts
[2026-08-20 20:38:11] [cot:tool] done read C:\Users\ether\AppData\Local\data-insights-blog-workers\worker-3\src\data\ai-financing-update-202608-data.ts
[2026-08-20 20:38:11] [cot:tool] start read C:\Users\ether\.cursor\projects\C-Users-ether-AppData-Local-data-insights-blog-workers-worker-3\agent-tools\f2956e49-dc99-4a4f-af69-1628b7ded222.txt
[2026-08-20 20:38:11] [cot:tool] done read C:\Users\ether\.cursor\projects\C-Users-ether-AppData-Local-data-insights-blog-workers-worker-3\agent-tools\f2956e49-dc99-4a4f-af69-1628b7ded222.txt
[2026-08-20 20:38:11] [cot:tool] start webFetch
[2026-08-20 20:38:11] [cot:tool] start webFetch
[2026-08-20 20:38:11] [cot:tool] done webFetch
[2026-08-20 20:38:11] [cot:tool] done webFetch
[2026-08-20 20:38:11] [cot:thought] The 202608 update will compare against the Q3 version using newer official prints.
[2026-08-20 20:38:11] [cot:thought] The August ICI release
[2026-08-20 20:38:11] [cot:thought] corrects the prior $8.02T MMF figure to $7.928T. The Q3 July savings rate of 3.1% was premature; the official June rate remains 2.7%. Newer data includes G.19 June consumer credit totals and the May card APR of 20.94%.
[2026-08-20 20:38:11] [cot:thought] The post will frame
[2026-08-20 20:38:11] [cot:thought] the August update as an official-print reconciliation. The MMF correction is a weekly revision reversal. The missing July savings rate is still pending. The G.19 June figures show a path toward full monthly consumer credit coverage. The May card APR gap likely narrowed.
[2026-08-20 20:38:11] [cot:tool] start webFetch
[2026-08-20 20:38:11] [cot:tool] start webFetch
[2026-08-20 20:38:11] [cot:tool] start read C:\Users\ether\AppData\Local\data-insights-blog-workers\worker-3\src\components\visualizations\ConsumerFinanceMarketsUpdate2026q3Dashboard.tsx
[2026-08-20 20:38:11] [cot:tool] start grep C:\Users\ether\AppData\Local\data-insights-blog-workers\worker-3\scripts\smoke-test-viz-posts.mjs
[2026-08-20 20:38:11] [cot:tool] done webFetch
[2026-08-20 20:38:11] [cot:tool] done read C:\Users\ether\AppData\Local\data-insights-blog-workers\worker-3\src\components\visualizations\ConsumerFinanceMarketsUpdate2026q3Dashboard.tsx
[2026-08-20 20:38:11] [cot:tool] done grep C:\Users\ether\AppData\Local\data-insights-blog-workers\worker-3\scripts\smoke-test-viz-posts.mjs
[2026-08-20 20:38:11] [cot:tool] done webFetch
[2026-08-20 20:38:11] [cot:thought] The August 2026 update will contrast vintage data with Q3 results. Key data points are
[2026-08-20 20:38:11] [cot:thought] now mapped out. August ICI retail sleeve is $7.93T. The official savings rate is still June 2.7%. G.19 shows revolving credit at $1.35T and total consumer credit at $5.17T. Card APR is 20.94%.
[2026-08-20 20:38:11] [cot:tool] start read C:\Users\ether\.cursor\projects\C-Users-ether-AppData-Local-data-insights-blog-workers-worker-3\agent-tools\a5af88fc-3a82-48b0-a705-a682dee4bdd8.txt
[2026-08-20 20:38:12] [cot:tool] done read C:\Users\ether\.cursor\projects\C-Users-ether-AppData-Local-data-insights-blog-workers-worker-3\agent-tools\a5af88fc-3a82-48b0-a705-a682dee4bdd8.txt
[2026-08-20 20:38:12] [cot:tool] start read C:\Users\ether\.cursor\projects\C-Users-ether-AppData-Local-data-insights-blog-workers-worker-3\agent-tools\6beb3582-dc99-4a01-be0e-cacfe8809a16.txt
[2026-08-20 20:38:12] [cot:tool] done read ?
[2026-08-20 20:38:12] [cot:tool] start read C:\Users\ether\AppData\Local\data-insights-blog-workers\worker-3\src\types\post.ts
[2026-08-20 20:38:12] [cot:tool] done read C:\Users\ether\AppData\Local\data-insights-blog-workers\worker-3\src\types\post.ts
[2026-08-20 20:38:12] [cot:tool] start read C:\Users\ether\AppData\Local\data-insights-blog-workers\worker-3\src\components\PostVisualization.tsx
[2026-08-20 20:38:12] [cot:tool] done read C:\Users\ether\AppData\Local\data-insights-blog-workers\worker-3\src\components\PostVisualization.tsx
[2026-08-20 20:38:12] [cot:tool] start grep C:\Users\ether\AppData\Local\data-insights-blog-workers\worker-3\scripts\smoke-test-viz-posts.mjs
[2026-08-20 20:38:12] [cot:tool] done grep C:\Users\ether\AppData\Local\data-insights-blog-workers\worker-3\scripts\smoke-test-viz-posts.mjs
[2026-08-20 20:38:12] [cot:thought] Commercial bank deposits as of August 5, 2026, are approximately $19 billion. Deposit estimates
[2026-08-20 20:38:12] [cot:thought] are being refined to roughly $15 billion excluding large time deposits. The next step is locating the last lines of the REVOLSL file for revolving data.
[2026-08-20 20:38:12] [cot:tool] start shell Get-Content "C:\Users\ether\.cursor\projects\C-Users-ether-AppData-Local-data-insights-blog-workers-worker-3\agent-tools\6beb3582-dc99-4a01-be0e-cacfe8809a16.txt" -Tail 12; Get-Content "C:\Users\ether\.cursor\projects\C-Users-ether-AppData-Local-data-insights-blog-workers-worker-3\agent-tools\f2956e49-dc99-4a4f-af69-1628b7ded222.txt" -Tail 8
[2026-08-20 20:38:12] [cot:tool] start grep C:\Users\ether\AppData\Local\data-insights-blog-workers\worker-3\src\types\post.ts
[2026-08-20 20:38:12] [cot:tool] done grep C:\Users\ether\AppData\Local\data-insights-blog-workers\worker-3\src\types\post.ts
[2026-08-20 20:38:12] [cot:tool] start grep C:\Users\ether\AppData\Local\data-insights-blog-workers\worker-3\src\components\PostVisualization.tsx
[2026-08-20 20:38:12] [cot:tool] done grep C:\Users\ether\AppData\Local\data-insights-blog-workers\worker-3\src\components\PostVisualization.tsx
[2026-08-20 20:38:12] [cot:tool] start grep C:\Users\ether\AppData\Local\data-insights-blog-workers\worker-3\src\data\theme-registry.ts
[2026-08-20 20:38:12] [cot:tool] done grep C:\Users\ether\AppData\Local\data-insights-blog-workers\worker-3\src\data\theme-registry.ts
[2026-08-20 20:38:12] [cot:tool] done shell Get-Content "C:\Users\ether\.cursor\projects\C-Users-ether-AppData-Local-data-insights-blog-workers-worker-3\agent-tools\6beb3582-dc99-4a01-be0e-cacfe8809a16.txt" -Tail 12; Get-Content "C:\Users\ether\.cursor\projects\C-Users-ether-AppData-Local-data-insights-blog-workers-worker-3\agent-tools\f2956e49-dc99-4a4f-af69-1628b7ded222.txt" -Tail 8
[2026-08-20 20:38:12] [cot:thought] Phase 1 data module construction can begin. The August 202608
[2026-08-20 20:38:12] [cot:thought] story compares the Q3 theme print against official ICI August 20 data. The headline correction shows MMF AUM fell by $0.09 trillion to $7.928 trillion.
[2026-08-20 20:38:12] [cot:thought] Retail MMF figures are also being checked.Building the data module against the Q3 print: official ICI $7.
[2026-08-20 20:38:12] [cot:thought] 93T (???$90B) and G.19 June revolving $1.351T.
[2026-08-20 20:38:12] [cot:tool] start shell $env:BLOG_REPO_ROOT='E:\AI Projects\data-insights-blog'; npx tsx "E:\AI Projects\data-insights-blog\scripts\update-agent-job.mjs" --job job-mt27mjv6-ybx35 --status building --activity "Phase 1: writing Aug 202608 data module vs Q3 print"
[2026-08-20 20:38:12] [cot:tool] start edit C:\Users\ether\AppData\Local\data-insights-blog-workers\worker-3\src\data\consumer-finance-markets-update-202608-data.ts
[2026-08-20 20:38:13] [cot:tool] done edit C:\Users\ether\AppData\Local\data-insights-blog-workers\worker-3\src\data\consumer-finance-markets-update-202608-data.ts
[2026-08-20 20:38:13] [cot:tool] done shell $env:BLOG_REPO_ROOT='E:\AI Projects\data-insights-blog'; npx tsx "E:\AI Projects\data-insights-blog\scripts\update-agent-job.mjs" --job job-mt27mjv6-ybx35 --status building --activity "Phase 1: writing Aug 202608 data module vs Q3 print"
[2026-08-20 20:38:13] [cot:thought] Committing phase 1 and building the dashboard.
[2026-08-20 20:38:13] [cot:tool] start shell git add -A; git commit --trailer "Co-authored-by: Cursor <cursoragent@cursor.com>" -m "wip(consumer-finance-markets-update-202608): data module"
[2026-08-20 20:38:13] [cot:tool] done shell git add -A; git commit --trailer "Co-authored-by: Cursor <cursoragent@cursor.com>" -m "wip(consumer-finance-markets-update-202608): data module"
[2026-08-20 20:38:13] [cot:thought] Building the dashboard and wiring it up. The dashboard will
[2026-08-20 20:38:13] [cot:thought] feature six panels: meters, MMF, revolving, savings, cash, and rates. Charts include horizontal ?? bars, stacked area, composed revolving and total, line savings with pending, dual cash bars, and composed APR. Controls will toggle panels, switch MMF views, and toggle revolving views.
[2026-08-20 20:38:13] [cot:thought] Registration in post.ts and PostVisualization.tsx is also required.Building the dashboard and registering the visualization.
[2026-08-20 20:38:13] [cot:tool] start read C:\Users\ether\AppData\Local\data-insights-blog-workers\worker-3\src\components\PostVisualization.tsx
[2026-08-20 20:38:13] [cot:tool] start read C:\Users\ether\AppData\Local\data-insights-blog-workers\worker-3\src\types\post.ts
[2026-08-20 20:38:13] [cot:tool] done read C:\Users\ether\AppData\Local\data-insights-blog-workers\worker-3\src\components\PostVisualization.tsx
[2026-08-20 20:38:13] [cot:tool] start read C:\Users\ether\AppData\Local\data-insights-blog-workers\worker-3\src\components\PostVisualization.tsx
[2026-08-20 20:38:13] [cot:tool] done read C:\Users\ether\AppData\Local\data-insights-blog-workers\worker-3\src\types\post.ts
[2026-08-20 20:38:13] [cot:tool] done read C:\Users\ether\AppData\Local\data-insights-blog-workers\worker-3\src\components\PostVisualization.tsx
[2026-08-20 20:38:13] [cot:thought] Searching for the dynamic import location of AiFinancingUpdate202608Dashboard to place the new component nearby.
[2026-08-20 20:38:13] [cot:tool] start grep C:\Users\ether\AppData\Local\data-insights-blog-workers\worker-3\src\components\PostVisualization.tsx
[2026-08-20 20:38:13] [cot:tool] done grep C:\Users\ether\AppData\Local\data-insights-blog-workers\worker-3\src\components\PostVisualization.tsx
[2026-08-20 20:38:13] [cot:tool] start edit C:\Users\ether\AppData\Local\data-insights-blog-workers\worker-3\src\components\visualizations\ConsumerFinanceMarketsUpdate202608Dashboard.tsx
[2026-08-20 20:38:13] [cot:tool] done edit C:\Users\ether\AppData\Local\data-insights-blog-workers\worker-3\src\components\visualizations\ConsumerFinanceMarketsUpdate202608Dashboard.tsx
[2026-08-20 20:38:13] [cot:thought] Wiring up post.ts and PostVisualization.
[2026-08-20 20:38:13] [cot:tool] start edit C:\Users\ether\AppData\Local\data-insights-blog-workers\worker-3\src\types\post.ts
[2026-08-20 20:38:13] [cot:tool] done edit C:\Users\ether\AppData\Local\data-insights-blog-workers\worker-3\src\types\post.ts
[2026-08-20 20:38:13] [cot:tool] start edit C:\Users\ether\AppData\Local\data-insights-blog-workers\worker-3\src\components\PostVisualization.tsx
[2026-08-20 20:38:13] [cot:tool] done edit C:\Users\ether\AppData\Local\data-insights-blog-workers\worker-3\src\components\PostVisualization.tsx
[2026-08-20 20:38:13] [cot:tool] start edit C:\Users\ether\AppData\Local\data-insights-blog-workers\worker-3\src\components\PostVisualization.tsx
[2026-08-20 20:38:13] [cot:tool] done edit C:\Users\ether\AppData\Local\data-insights-blog-workers\worker-3\src\components\PostVisualization.tsx
[2026-08-20 20:38:13] [cot:tool] start edit C:\Users\ether\AppData\Local\data-insights-blog-workers\worker-3\src\data\theme-registry.ts
[2026-08-20 20:38:14] [cot:tool] start shell $env:BLOG_REPO_ROOT='E:\AI Projects\data-insights-blog'; npx tsx "E:\AI Projects\data-insights-blog\scripts\update-agent-job.mjs" --job job-mt27mjv6-ybx35 --status building --activity "Phase 2: dashboard + viz wireup"; git add -A; git commit --trailer "Co-authored-by: Cursor <cursoragent@cursor.com>" -m "wip(consumer-finance-markets-update-202608): dashboard + viz wireup"
[2026-08-20 20:38:14] [cot:tool] done edit C:\Users\ether\AppData\Local\data-insights-blog-workers\worker-3\src\data\theme-registry.ts
[2026-08-20 20:38:14] [cot:tool] done shell $env:BLOG_REPO_ROOT='E:\AI Projects\data-insights-blog'; npx tsx "E:\AI Projects\data-insights-blog\scripts\update-agent-job.mjs" --job job-mt27mjv6-ybx35 --status building --activity "Phase 2: dashboard + viz wireup"; git add -A; git commit --trailer "Co-authored-by: Cursor <cursoragent@cursor.com>" -m "wip(consumer-finance-markets-update-202608): dashboard + viz wireup"
[2026-08-20 20:38:14] [cot:thought] Proceeding to Phase 3. Adding prose and a hero image to posts.ts. Inserting the post
[2026-08-20 20:38:14] [cot:thought] near the top of posts.ts. Generating the hero PNG and updating the backend manifest. Ensuring word count meets the minimum, plus six H2 sections, caveats, a table, and two internal links.
[2026-08-20 20:38:14] [cot:thought] Generating the hero and drafting post prose next.
[2026-08-20 20:38:14] [cot:tool] start generateImage
[2026-08-20 20:38:14] [cot:tool] start shell $env:BLOG_REPO_ROOT='E:\AI Projects\data-insights-blog'; npx tsx "E:\AI Projects\data-insights-blog\scripts\update-agent-job.mjs" --job job-mt27mjv6-ybx35 --status building --activity "Phase 3: post prose + hero image"
[2026-08-20 20:38:14] [cot:tool] done shell $env:BLOG_REPO_ROOT='E:\AI Projects\data-insights-blog'; npx tsx "E:\AI Projects\data-insights-blog\scripts\update-agent-job.mjs" --job job-mt27mjv6-ybx35 --status building --activity "Phase 3: post prose + hero image"
[2026-08-20 20:38:14] [cot:tool] done generateImage
[2026-08-20 20:38:14] [cot:thought] The hero image needs to be copied to public/images/. The post must be inserted into posts.ts.
[2026-08-20 20:38:14] [cot:thought] Checking whether posts
[2026-08-20 20:38:14] [cot:thought] are ordered newest-first.
[2026-08-20 20:38:14] [cot:tool] start shell New-Item -ItemType Directory -Force -Path "public\images" | Out-Null; Copy-Item "C:\Users\ether\.cursor\projects\C-Users-ether-AppData-Local-data-insights-blog-workers-worker-3\assets\consumer-finance-consumer-finance-markets-update-202608-hero.png" "public\images\consumer-finance-consumer-finance-markets-update-202608-hero.png" -Force; Get-Item "public\images\consumer-finance-consumer-finance-markets-update-202608-hero.png" | Select-Object Length, FullName
[2026-08-20 20:38:14] [cot:tool] start read C:\Users\ether\AppData\Local\data-insights-blog-workers\worker-3\src\data\posts.ts
[2026-08-20 20:38:14] [cot:tool] done read C:\Users\ether\AppData\Local\data-insights-blog-workers\worker-3\src\data\posts.ts
[2026-08-20 20:38:14] [cot:tool] done shell New-Item -ItemType Directory -Force -Path "public\images" | Out-Null; Copy-Item "C:\Users\ether\.cursor\projects\C-Users-ether-AppData-Local-data-insights-blog-workers-worker-3\assets\consumer-finance-consumer-finance-markets-update-202608-hero.png" "public\images\consumer-finance-consumer-finance-markets-update-202608-hero.png" -Force; Get-Item "public\images\consumer-finance-consumer-finance-markets-update-202608-hero.png" | Select-Object Length, FullName
[2026-08-20 20:38:14] [cot:thought] The new post will be inserted at the beginning of the samplePosts array. Verifying the hero
[2026-08-20 20:38:14] [cot:thought] file exists.
[2026-08-20 20:38:14] [cot:tool] start shell Test-Path "public\images\consumer-finance-consumer-finance-markets-update-202608-hero.png"; (Get-Item "public\images\consumer-finance-consumer-finance-markets-update-202608-hero.png").Length
[2026-08-20 20:38:14] [cot:tool] start edit C:\Users\ether\AppData\Local\data-insights-blog-workers\worker-3\src\data\posts.ts
[2026-08-20 20:38:14] [cot:tool] done shell Test-Path "public\images\consumer-finance-consumer-finance-markets-update-202608-hero.png"; (Get-Item "public\images\consumer-finance-consumer-finance-markets-update-202608-hero.png").Length
[2026-08-20 20:38:14] [cot:tool] done edit C:\Users\ether\AppData\Local\data-insights-blog-workers\worker-3\src\data\posts.ts
[2026-08-20 20:38:14] [cot:thought] Updating the backend manifest and committing phase 3. Then running QA and smoke tests.
[2026-08-20 20:38:14] [cot:tool] start edit C:\Users\ether\AppData\Local\data-insights-blog-workers\worker-3\artifacts\backend-manifest.json
[2026-08-20 20:38:14] [cot:tool] start read C:\Users\ether\AppData\Local\data-insights-blog-workers\worker-3\scripts\qa-consumer-finance-markets-update-2026q3.mjs
[2026-08-20 20:38:14] [cot:tool] done read C:\Users\ether\AppData\Local\data-insights-blog-workers\worker-3\scripts\qa-consumer-finance-markets-update-2026q3.mjs
[2026-08-20 20:38:14] [cot:tool] done edit C:\Users\ether\AppData\Local\data-insights-blog-workers\worker-3\artifacts\backend-manifest.json
[2026-08-20 20:38:14] [cot:thought] Writing the QA script, adding a smoke marker, committing phases 3 and 4, and running deploy.
[2026-08-20 20:38:14] [cot:tool] start edit C:\Users\ether\AppData\Local\data-insights-blog-workers\worker-3\scripts\qa-consumer-finance-markets-update-202608.mjs
[2026-08-20 20:38:14] [cot:tool] done edit C:\Users\ether\AppData\Local\data-insights-blog-workers\worker-3\scripts\qa-consumer-finance-markets-update-202608.mjs
[2026-08-20 20:38:14] [cot:tool] start edit C:\Users\ether\AppData\Local\data-insights-blog-workers\worker-3\scripts\smoke-test-viz-posts.mjs
[2026-08-20 20:38:15] [cot:tool] start shell git add -A; git commit --trailer "Co-authored-by: Cursor <cursoragent@cursor.com>" -m "wip(consumer-finance-markets-update-202608): post prose + hero"; git add -A; git status --short; git log -3 --oneline
[2026-08-20 20:38:15] [cot:tool] done edit C:\Users\ether\AppData\Local\data-insights-blog-workers\worker-3\scripts\smoke-test-viz-posts.mjs
[2026-08-20 20:38:15] [cot:tool] done shell git add -A; git commit --trailer "Co-authored-by: Cursor <cursoragent@cursor.com>" -m "wip(consumer-finance-markets-update-202608): post prose + hero"; git add -A; git status --short; git log -3 --oneline
[2026-08-20 20:38:15] [cot:thought] The commit bundled the QA script because `git add -A` was used. The smoke marker change likely went in with it.
[2026-08-20 20:38:15] [cot:thought] The working tree is
[2026-08-20 20:38:15] [cot:thought] clean. Smoke and QA changes merged with prose in one commit. I will verify the smoke file was included, then run deploy.
[2026-08-20 20:38:15] [cot:tool] start shell git show --stat --oneline -1; git status --short
[2026-08-20 20:38:15] [cot:tool] start grep C:\Users\ether\AppData\Local\data-insights-blog-workers\worker-3\package.json
[2026-08-20 20:38:15] [cot:tool] done grep C:\Users\ether\AppData\Local\data-insights-blog-workers\worker-3\package.json
[2026-08-20 20:38:15] [cot:tool] done shell git show --stat --oneline -1; git status --short
[2026-08-20 20:38:15] [cot:thought] The posts.ts diff shows 11,562 lines changed. This likely stems from a line-ending or reordering issue.
[2026-08-20 20:38:15] [cot:thought] Roughly half the file was rewritten. I am checking that the post entry exists and the file is valid. I am also verifying that no critical entries were duplicated or removed.
[2026-08-20 20:38:15] [cot:thought] Checking `posts.ts` for accidental corruption from the large diff:
[2026-08-20 20:38:15] [cot:tool] start shell node -e "const p=require('./src/data/posts.ts');" 2>&1; npx --yes tsx -e "import { samplePosts } from './src/data/posts.ts'; const s=samplePosts.find(p=>p.slug==='consumer-finance-markets-update-202608'); console.log('posts', samplePosts.length, 'found', !!s, s?.title?.slice(0,60)); console.log('words', s?.content?.split(/\s+/).length); console.log('h2', (s?.content.match(/^## /gm)||[]).length);"
[2026-08-20 20:38:15] [cot:tool] done shell node -e "const p=require('./src/data/posts.ts');" 2>&1; npx --yes tsx -e "import { samplePosts } from './src/data/posts.ts'; const s=samplePosts.find(p=>p.slug==='consumer-finance-markets-update-202608'); console.log('posts', samplePosts.length, 'found', !!s, s?.title?.slice(0,60)); console.log('words', s?.content?.split(/\s+/).length); console.log('h2', (s?.content.match(/^## /gm)||[]).length);"
[2026-08-20 20:38:15] [cot:thought] The post contains 1902 words and 10 H2 headings. The next step is to run the deployment script with the configured ports.
[2026-08-20 20:38:15] [cot:thought] The deployment will take some time.
[2026-08-20 20:38:15] [cot:thought] Running local deploy with isolated ports.
[2026-08-20 20:38:15] [cot:tool] start shell $env:BLOG_REPO_ROOT='E:\AI Projects\data-insights-blog'; npx tsx "E:\AI Projects\data-insights-blog\scripts\update-agent-job.mjs" --job job-mt27mjv6-ybx35 --status qa --activity "Running npm run deploy on SMOKE_PORT 4184"; $env:SMOKE_PORT='4184'; $env:SMOKE_QA_PORT='4185'; npm run deploy
[2026-08-20 20:38:15] [cot:tool] done shell $env:BLOG_REPO_ROOT='E:\AI Projects\data-insights-blog'; npx tsx "E:\AI Projects\data-insights-blog\scripts\update-agent-job.mjs" --job job-mt27mjv6-ybx35 --status qa --activity "Running npm run deploy on SMOKE_PORT 4184"; $env:SMOKE_PORT='4184'; $env:SMOKE_QA_PORT='4185'; npm run deploy
[2026-08-20 20:38:15] [cot:thought] Deployment passed. Running QA verification. Committing. Marking ready. Printing WorkerReady.
[2026-08-20 20:38:15] [cot:tool] start shell Test-Path "out\blog\consumer-finance-markets-update-202608.html"; $env:SMOKE_PORT='4184'; node scripts/qa-consumer-finance-markets-update-202608.mjs
[2026-08-20 20:38:15] [cot:tool] done shell Test-Path "out\blog\consumer-finance-markets-update-202608.html"; $env:SMOKE_PORT='4184'; node scripts/qa-consumer-finance-markets-update-202608.mjs
[2026-08-20 20:38:15] [cot:thought] Waiting for the visualization interaction audit to finish before proceeding.
[2026-08-20 20:38:15] [cot:tool] start await
[2026-08-20 20:38:15] [cot:tool] done await
[2026-08-20 20:38:15] [cot:thought] The process is still running after 90 seconds. Checking terminal output.
[2026-08-20 20:38:15] [cot:tool] start read C:\Users\ether\.cursor\projects\C-Users-ether-AppData-Local-data-insights-blog-workers-worker-3\terminals\247362.txt
[2026-08-20 20:38:15] [cot:tool] done read C:\Users\ether\.cursor\projects\C-Users-ether-AppData-Local-data-insights-blog-workers-worker-3\terminals\247362.txt
[2026-08-20 20:38:15] [cot:thought] The visualization interaction audit may be blocking progress.
[2026-08-20 20:38:15] [cot:tool] start await
[2026-08-20 20:38:16] [cot:tool] done await
[2026-08-20 20:38:16] [cot:thought] QA passed. Proceeding to final commit and marking the job ready.
[2026-08-20 20:38:16] [cot:tool] start read C:\Users\ether\.cursor\projects\C-Users-ether-AppData-Local-data-insights-blog-workers-worker-3\terminals\247362.txt
[2026-08-20 20:38:16] [cot:tool] done read C:\Users\ether\.cursor\projects\C-Users-ether-AppData-Local-data-insights-blog-workers-worker-3\terminals\247362.txt
[2026-08-20 20:38:16] [cot:tool] start shell git add -A; git status --short; git commit --trailer "Co-authored-by: Cursor <cursoragent@cursor.com>" -m "$(@'
[2026-08-20 20:38:16] [cot:tool] done shell git add -A; git status --short; git commit --trailer "Co-authored-by: Cursor <cursoragent@cursor.com>" -m "$(@'
[2026-08-20 20:38:16] [cot:thought] The final feature commit was skipped because all changes were already staged in the WIP commits.
[2026-08-20 20:38:16] [cot:thought] I am checking whether
[2026-08-20 20:38:16] [cot:thought] the last WIP commit can be amended to match the required `feat(post)` message, since it is still local-only.
[2026-08-20 20:38:16] [cot:thought] The worker brief explicitly
[2026-08-20 20:38:16] [cot:thought] permits amending the last local-only WIP commit. I will update the commit message to the required `feat(post)` format.
[2026-08-20 20:38:16] [cot:thought] Amending the last local wip commit to the required `feat(post):` message.
[2026-08-20 20:38:16] [cot:tool] start shell git log -1 --format='%an %ae'; git status -sb; git commit --trailer "Co-authored-by: Cursor <cursoragent@cursor.com>" --amend -m "$(@'
[2026-08-20 20:38:16] [cot:tool] done shell git log -1 --format='%an %ae'; git status -sb; git commit --trailer "Co-authored-by: Cursor <cursoragent@cursor.com>" --amend -m "$(@'
[2026-08-20 20:38:16] [cot:thought] The job is ready. The post was committed and marked ready.**Shipped:** `consumer-finance-markets-update-202608` on `post/consumer-finance-markets-update-202608-w3`.
[2026-08-20 20:38:16] [cot:thought] **
[2026-08-20 20:38:16] [cot:thought] Headline vs Q3:** Official ICI week-ended Aug 19 prints **$7.93T (???$92B vs Q3???
[2026-08-20 20:38:16] [cot:thought] s $8.02T)**; G.19 June revolving **$1.351T**; APR gap **~17.3 pp**; disclosed PSAVERT still June **2.
[2026-08-20 20:38:16] [cot:thought] 7%** pending Aug 26.
[2026-08-20 20:38:16] [cot:thought] `npm run deploy` (ports 4184/4185) passed; job marked **ready**.
[2026-08-20 20:38:16] [cot:system] task_notification
[2026-08-20 20:38:16] [cot:thought] ``` WorkerReady: consumer-finance-markets-update-202608 | job=job-mt27mjv6-ybx35 | worker=3 ```The QA script task completed successfully.
[2026-08-20 20:38:16] [cot:thought] Dedicated QA for `consumer-finance-markets-update-202608` passed (exit 0). The post is already on the branch and the job is marked ready for merge.
[2026-08-20 20:38:16] [cot:system] result ok 635737ms ΓÇö Starting the consumer-finance markets update as worker 3. Checking conveyor sync, job status, and production rules first.Reading the latest theme post and data module to establish the vintage baseline.Fetching fresher official prints vs the
