[2026-08-01 00:16:50] Worker 4 starting job job-ms9v0m5m-218jn (adaptation-economics-research-2026) in E:\AI Projects\data-insights-blog-worktrees\worker-4 (branch post/adaptation-economics-research-2026-w4)
[2026-08-01 00:16:53] Creating post/adaptation-economics-research-2026-w4 from master 0b66a4802791867de514152eb05422337974e9c4
[2026-08-01 00:16:53] Resetting worktree then checkout post/adaptation-economics-research-2026-w4 at 0b66a4802791867de514152eb05422337974e9c4
[2026-08-01 00:16:55] git: Updating files:  42% (3/7)
[2026-08-01 00:16:55] git: Updating files:  57% (4/7)
[2026-08-01 00:16:55] git: Updating files:  71% (5/7)
[2026-08-01 00:16:56] git: Updating files:  85% (6/7)
[2026-08-01 00:16:56] git: Updating files: 100% (7/7)
[2026-08-01 00:16:57] git: Updating files: 100% (7/7), done.
[2026-08-01 00:16:58] git: HEAD is now at 0b66a48 merge(post): migration-humanitarian-research-2026 from worker 3 (path-selective)
[2026-08-01 00:17:02] git: Removing scripts/bootstrap-worktrees.ps1
[2026-08-01 00:17:02] git: Removing scripts/claim-next-topics.mjs
[2026-08-01 00:17:02] git: Removing scripts/claim-recovery-job.mjs
[2026-08-01 00:17:02] git: Removing scripts/clear-resolved-failures.mjs
[2026-08-01 00:17:03] git: Removing scripts/cursor-watchdog-loop.ps1
[2026-08-01 00:17:03] git: Removing scripts/debug-agent-transport.ps1
[2026-08-01 00:17:03] git: Removing scripts/lib/agent-jobs.mjs
[2026-08-01 00:17:04] git: Removing scripts/lib/production-ship-parser.mjs
[2026-08-01 00:17:04] git: Removing scripts/lib/viz-interaction-qa.mjs
[2026-08-01 00:17:04] git: Removing scripts/local-blog-server.mjs
[2026-08-01 00:17:05] git: Removing scripts/production-stream-server.mjs
[2026-08-01 00:17:05] git: Removing scripts/production-stream-ui.html
[2026-08-01 00:17:05] git: Removing scripts/prompts/
[2026-08-01 00:17:05] git: Removing scripts/prune-post-branches.mjs
[2026-08-01 00:17:05] git: Removing scripts/qa-fiscal-plumbing-research-2026.mjs
[2026-08-01 00:17:06] git: Removing scripts/qa-us-tax-expenditure-catalog-2026.mjs
[2026-08-01 00:17:06] git: Removing scripts/resolve-flagged-jobs.mjs
[2026-08-01 00:17:06] git: Removing scripts/resume-blog-automation.ps1
[2026-08-01 00:17:07] git: Removing scripts/run-blog-orchestrator.ps1
[2026-08-01 00:17:07] git: Removing scripts/run-blog-production-local.ps1
[2026-08-01 00:17:07] git: Removing scripts/run-blog-worker.ps1
[2026-08-01 00:17:08] git: Removing scripts/start-blog-automation-in-app.ps1
[2026-08-01 00:17:08] git: Removing scripts/stop-blog-automation.ps1
[2026-08-01 00:17:08] git: Removing scripts/theme-balance.ts
[2026-08-01 00:17:08] git: Removing scripts/update-agent-job.mjs
[2026-08-01 00:17:09] git: Removing scripts/watch-blog-production.ps1
[2026-08-01 00:17:11] git: Removing public/images/global-systems-fiscal-plumbing-research-2026-hero.png
[2026-08-01 00:17:11] git: Removing public/images/global-systems-us-tax-expenditure-catalog-2026-hero.png
[2026-08-01 00:17:11] git: Removing public/images/industry-commercial-aircraft-final-assembly-geography-2026-hero.png
[2026-08-01 00:17:12] git: Removing src/components/charts/
[2026-08-01 00:17:12] git: Removing src/components/visualizations/BankLoanChargeoffsDashboard.tsx
[2026-08-01 00:17:12] git: Removing src/components/visualizations/CommercialAircraftAssemblyDashboard.tsx
[2026-08-01 00:17:12] git: Removing src/components/visualizations/FiscalPlumbingResearchDashboard.tsx
[2026-08-01 00:17:13] git: Removing src/components/visualizations/IrenaRenewableCapacityDashboard.tsx
[2026-08-01 00:17:13] git: Removing src/components/visualizations/MoneyMarketFundsDepositsDashboard.tsx
[2026-08-01 00:17:14] git: Removing src/components/visualizations/NaturalGraphiteMineConcentrationDashboard.tsx
[2026-08-01 00:17:14] git: Removing src/components/visualizations/OecdDacOdaDashboard.tsx
[2026-08-01 00:17:14] git: Removing src/components/visualizations/UsTaxExpenditureCatalogDashboard.tsx
[2026-08-01 00:17:15] git: Removing src/data/bank-loan-chargeoffs-data.ts
[2026-08-01 00:17:15] git: Removing src/data/commercial-aircraft-assembly-data.ts
[2026-08-01 00:17:15] git: Removing src/data/fiscal-plumbing-research-2026-data.ts
[2026-08-01 00:17:15] git: Removing src/data/irena-renewable-capacity-data.ts
[2026-08-01 00:17:15] git: Removing src/data/money-market-funds-deposits-data.ts
[2026-08-01 00:17:16] git: Removing src/data/natural-graphite-mine-concentration-data.ts
[2026-08-01 00:17:16] git: Removing src/data/oecd-dac-oda-data.ts
[2026-08-01 00:17:16] git: Removing src/data/social-security-trust-fund-data.ts
[2026-08-01 00:17:16] git: Removing src/data/us-tax-expenditure-catalog-2026-data.ts
[2026-08-01 00:17:17] git: HEAD is now at 0b66a48 merge(post): migration-humanitarian-research-2026 from worker 3 (path-selective)
[2026-08-01 00:17:20] git: Switched to a new branch 'post/adaptation-economics-research-2026-w4'
[2026-08-01 00:17:43] Invoking agent for worker 4 (-p --force --trust --workspace worktree)
Connection lost, reconnecting to https://api2.cursor.sh (attempt 1)...
[2026-08-01 00:19:45] WARN: transport blip cliAttempt=1 (raw=1) elapsed=0s
Retry attempt 1...
[2026-08-01 00:19:47] WARN: transport blip cliAttempt=1 (raw=1) elapsed=2s
Connection lost, reconnecting to https://api2.cursor.sh (attempt 2)...
[2026-08-01 00:20:57] WARN: transport blip cliAttempt=2 (raw=2) elapsed=72s
Retry attempt 2...
[2026-08-01 00:21:01] WARN: transport blip cliAttempt=2 (raw=2) elapsed=76s
Connection lost, reconnecting to https://api2.cursor.sh (attempt 3)...
[2026-08-01 00:23:09] INFO: blip streak reset after quiet gap
[2026-08-01 00:23:09] WARN: transport blip cliAttempt=1 (raw=3) elapsed=0s
Retry attempt 3...
[2026-08-01 00:23:18] WARN: transport blip cliAttempt=1 (raw=3) elapsed=9s
Connection lost, reconnecting to https://api2.cursor.sh (attempt 4)...
[2026-08-01 00:25:23] INFO: blip streak reset after quiet gap
[2026-08-01 00:25:24] WARN: transport blip cliAttempt=1 (raw=4) elapsed=0s
Retry attempt 4...
[2026-08-01 00:25:41] WARN: transport blip cliAttempt=1 (raw=4) elapsed=18s
Connection lost, reconnecting to https://api2.cursor.sh (attempt 5)...
[2026-08-01 00:31:11] INFO: blip streak reset after quiet gap
[2026-08-01 00:31:11] WARN: transport blip cliAttempt=1 (raw=5) elapsed=0s
Retry attempt 5...
[2026-08-01 00:31:47] WARN: transport blip cliAttempt=1 (raw=5) elapsed=36s
Connection lost, reconnecting to https://api2.cursor.sh (attempt 6)...
[2026-08-01 00:40:04] INFO: blip streak reset after quiet gap
[2026-08-01 00:40:04] WARN: transport blip cliAttempt=1 (raw=6) elapsed=0s
Retry attempt 6...
[2026-08-01 00:41:14] WARN: transport blip cliAttempt=1 (raw=6) elapsed=70s
Connection lost, reconnecting to https://api2.cursor.sh (attempt 7)...
[2026-08-01 00:43:38] INFO: blip streak reset after quiet gap
[2026-08-01 00:43:38] WARN: transport blip cliAttempt=1 (raw=7) elapsed=0s
Retry attempt 7...
[2026-08-01 00:44:45] WARN: transport blip cliAttempt=1 (raw=7) elapsed=67s
Connection lost, reconnecting to https://api2.cursor.sh (attempt 8)...
[2026-08-01 00:46:49] INFO: blip streak reset after quiet gap
[2026-08-01 00:46:49] WARN: transport blip cliAttempt=1 (raw=8) elapsed=0s
Retry attempt 8...
[2026-08-01 00:47:55] WARN: transport blip cliAttempt=1 (raw=8) elapsed=66s
Connection lost, reconnecting to https://api2.cursor.sh (attempt 9)...
[2026-08-01 00:48:31] WARN: transport blip cliAttempt=2 (raw=9) elapsed=102s
Retry attempt 9...
[2026-08-01 00:49:38] WARN: transport blip cliAttempt=2 (raw=9) elapsed=169s
Connection lost, reconnecting to https://api2.cursor.sh (attempt 10)...
[2026-08-01 00:51:43] INFO: blip streak reset after quiet gap
[2026-08-01 00:51:43] WARN: transport blip cliAttempt=1 (raw=10) elapsed=0s
Retry attempt 10...
[2026-08-01 00:52:53] WARN: transport blip cliAttempt=1 (raw=10) elapsed=70s
RetriableError: Connection failed repeatedly
[2026-08-01 00:54:22] git: HEAD is now at 0b66a48 merge(post): migration-humanitarian-research-2026 from worker 3 (path-selective)
[2026-08-01 00:54:24] git: M	artifacts/backend-manifest.json
[2026-08-01 00:54:24] git: M	scripts/smoke-test-viz-posts.mjs
[2026-08-01 00:54:24] git: M	src/components/PostVisualization.tsx
[2026-08-01 00:54:25] git: M	src/data/posts.ts
[2026-08-01 00:54:25] git: M	src/data/theme-registry.ts
[2026-08-01 00:54:25] git: M	src/types/post.ts
[2026-08-01 00:54:26] Deleting post branch post/adaptation-economics-research-2026-w4 (status=failed ahead=0)
[2026-08-01 00:54:28] git: Deleted branch post/adaptation-economics-research-2026-w4 (was 0b66a48).
[2026-08-01 00:54:28] Worker 4 finished (exit=1)
