[2026-07-31 14:03:17] Worker 4 starting job job-ms993lcq-evjtu (industrial-robotics-research-2026) in E:\AI Projects\data-insights-blog-worktrees\worker-4 (branch post/industrial-robotics-research-2026-w4)
[2026-07-31 14:03:17] Resetting worktree to 61022e9bc8eecd1b18c428f7b34d1860b123d517 then checkout post/industrial-robotics-research-2026-w4
[2026-07-31 14:03:17] git: HEAD is now at 61022e9 merge(post): us-billion-dollar-weather-disasters-ms94skof from worker 3 (path-selective)
[2026-07-31 14:03:17] git: Removing scripts/bootstrap-worktrees.ps1
[2026-07-31 14:03:17] git: Removing scripts/claim-next-topics.mjs
[2026-07-31 14:03:17] git: Removing scripts/cursor-watchdog-loop.ps1
[2026-07-31 14:03:17] git: Removing scripts/debug-agent-transport.ps1
[2026-07-31 14:03:17] git: Removing scripts/lib/agent-jobs.mjs
[2026-07-31 14:03:17] git: Removing scripts/lib/production-ship-parser.mjs
[2026-07-31 14:03:17] git: Removing scripts/lib/viz-interaction-qa.mjs
[2026-07-31 14:03:17] git: Removing scripts/local-blog-server.mjs
[2026-07-31 14:03:17] git: Removing scripts/production-stream-server.mjs
[2026-07-31 14:03:17] git: Removing scripts/production-stream-ui.html
[2026-07-31 14:03:17] git: Removing scripts/prompts/
[2026-07-31 14:03:17] git: Removing scripts/resume-blog-automation.ps1
[2026-07-31 14:03:17] git: Removing scripts/run-blog-orchestrator.ps1
[2026-07-31 14:03:17] git: Removing scripts/run-blog-production-local.ps1
[2026-07-31 14:03:17] git: Removing scripts/run-blog-worker.ps1
[2026-07-31 14:03:17] git: Removing scripts/start-blog-automation-in-app.ps1
[2026-07-31 14:03:17] git: Removing scripts/stop-blog-automation.ps1
[2026-07-31 14:03:17] git: Removing scripts/theme-balance.ts
[2026-07-31 14:03:17] git: Removing scripts/update-agent-job.mjs
[2026-07-31 14:03:17] git: Removing scripts/watch-blog-production.ps1
[2026-07-31 14:03:18] git: HEAD is now at 61022e9 merge(post): us-billion-dollar-weather-disasters-ms94skof from worker 3 (path-selective)
[2026-07-31 14:03:18] git: Switched to a new branch 'post/industrial-robotics-research-2026-w4'
[2026-07-31 14:03:22] Invoking agent for worker 4 (-p --force --trust --workspace worktree)
Connection lost, reconnecting to https://api2.cursor.sh (attempt 1)...
[2026-07-31 14:09:26] WARN: transport blip cliAttempt=1 (raw=1) elapsed=0s
Retry attempt 1...
[2026-07-31 14:09:28] WARN: transport blip cliAttempt=1 (raw=1) elapsed=2s
Connection lost, reconnecting to https://api2.cursor.sh (attempt 2)...
[2026-07-31 14:11:17] WARN: transport blip cliAttempt=2 (raw=2) elapsed=111s
Retry attempt 2...
[2026-07-31 14:11:22] WARN: transport blip cliAttempt=2 (raw=2) elapsed=116s
Connection lost, reconnecting to https://api2.cursor.sh (attempt 3)...
[2026-07-31 14:12:50] WARN: transport blip cliAttempt=3 (raw=3) elapsed=203s
Retry attempt 3...
[2026-07-31 14:12:59] WARN: transport blip cliAttempt=3 (raw=3) elapsed=213s
Connection lost, reconnecting to https://api2.cursor.sh (attempt 4)...
[2026-07-31 14:13:47] WARN: transport blip cliAttempt=4 (raw=4) elapsed=261s
Retry attempt 4...
[2026-07-31 14:14:06] WARN: transport blip cliAttempt=4 (raw=4) elapsed=279s
Connection lost, reconnecting to https://api2.cursor.sh (attempt 5)...
[2026-07-31 14:14:58] WARN: transport blip cliAttempt=5 (raw=5) elapsed=332s
[2026-07-31 14:14:58] ERROR: transport unhealthy (cliAttempt=5 elapsed=332s); killing worker agent
[2026-07-31 14:15:15] Worker 4 finished (exit=75)
