[2026-08-20 17:47:04] [cot:system] session model=Auto cwd=C:\Users\ether\AppData\Local\data-insights-blog-workers\worker-2
[2026-08-20 17:47:04] [cot:user] You are a blog production WORKER in a parallel multi-agent system. ## Identity - Worker ID: 2 - Job ID: job-mt1jt2i5-60swf - Assigned slug: bank-commercial-credit-research-2026 - Theme ID: bank-commerΓÇª
[2026-08-20 17:47:04] [cot:thought] Beginning blog production as worker 2 for the assigned research post. Reading the production
[2026-08-20 17:47:05] [cot:thought] rules and inspecting the workspace state before building the post.I'll start by checking conveyor sync state, reading the production rules, and marking the job as researching.
[2026-08-20 17:47:05] [cot:tool] start read C:\Users\ether\AppData\Local\data-insights-blog-workers\worker-2\.cursor\rules\autonomous-blog-production.mdc
[2026-08-20 17:47:05] [cot:tool] start read C:\Users\ether\AppData\Local\data-insights-blog-workers\worker-2\artifacts\conveyor-sync.json
[2026-08-20 17:47:05] [cot:tool] done read ?
[2026-08-20 17:47:05] [cot:tool] done read ?
[2026-08-20 17:47:06] [cot:tool] start shell $env:BLOG_REPO_ROOT='E:\AI Projects\data-insights-blog'; npx tsx "E:\AI Projects\data-insights-blog\scripts\update-agent-job.mjs" --job job-mt1jt2i5-60swf --status researching --activity "Phase 0: checking workspace + brief"
[2026-08-20 17:47:06] [cot:tool] start glob
[2026-08-20 17:47:06] [cot:tool] start grep C:\Users\ether\AppData\Local\data-insights-blog-workers\worker-2\src
[2026-08-20 17:47:06] [cot:tool] done glob
[2026-08-20 17:47:06] [cot:tool] done grep C:\Users\ether\AppData\Local\data-insights-blog-workers\worker-2\src
[2026-08-20 17:47:06] [cot:tool] done shell $env:BLOG_REPO_ROOT='E:\AI Projects\data-insights-blog'; npx tsx "E:\AI Projects\data-insights-blog\scripts\update-agent-job.mjs" --job job-mt1jt2i5-60swf --status researching --activity "Phase 0: checking workspace + brief"
[2026-08-20 17:47:06] [cot:thought] Reviewing production rules and similar posts for patterns. Checking conveyor
[2026-08-20 17:47:06] [cot:thought] sync and existing bank credit posts.Next I'll inspect existing bank-credit posts and the production pattern so the new post matches the repo.
[2026-08-20 17:47:06] [cot:tool] start glob
[2026-08-20 17:47:07] [cot:tool] done glob
[2026-08-20 17:47:07] [cot:tool] start glob
[2026-08-20 17:47:07] [cot:tool] done glob
[2026-08-20 17:47:07] [cot:tool] start grep C:\Users\ether\AppData\Local\data-insights-blog-workers\worker-2\src\data\theme-registry.ts
[2026-08-20 17:47:07] [cot:tool] done grep C:\Users\ether\AppData\Local\data-insights-blog-workers\worker-2\src\data\theme-registry.ts
[2026-08-20 17:47:07] [cot:tool] start glob
[2026-08-20 17:47:08] [cot:tool] done glob
[2026-08-20 17:47:08] [cot:tool] start shell Get-ChildItem artifacts, .cursor/rules -ErrorAction SilentlyContinue | Select-Object Name, FullName; git status -sb; git branch --show-current; git log -3 --oneline
[2026-08-20 17:47:08] [cot:tool] done shell Get-ChildItem artifacts, .cursor/rules -ErrorAction SilentlyContinue | Select-Object Name, FullName; git status -sb; git branch --show-current; git log -3 --oneline
[2026-08-20 17:47:08] [cot:thought] Confirmed the correct branch. Reviewing recent research
[2026-08-20 17:47:08] [cot:thought] posts and the bank-loan-chargeoffs template for structural patterns. Checking production rules and similar posts.
[2026-08-20 17:47:08] [cot:tool] start glob
[2026-08-20 17:47:09] [cot:tool] done glob
[2026-08-20 17:47:09] [cot:tool] start read C:\Users\ether\AppData\Local\data-insights-blog-workers\worker-2\src\data\bank-loan-chargeoffs-data.ts
[2026-08-20 17:47:09] [cot:tool] done read C:\Users\ether\AppData\Local\data-insights-blog-workers\worker-2\src\data\bank-loan-chargeoffs-data.ts
[2026-08-20 17:47:09] [cot:tool] start read C:\Users\ether\AppData\Local\data-insights-blog-workers\worker-2\src\data\theme-registry.ts
[2026-08-20 17:47:09] [cot:tool] done read C:\Users\ether\AppData\Local\data-insights-blog-workers\worker-2\src\data\theme-registry.ts
[2026-08-20 17:47:09] [cot:tool] start grep C:\Users\ether\AppData\Local\data-insights-blog-workers\worker-2\src
[2026-08-20 17:47:10] [cot:tool] start glob
[2026-08-20 17:47:10] [cot:tool] done grep C:\Users\ether\AppData\Local\data-insights-blog-workers\worker-2\src
[2026-08-20 17:47:10] [cot:tool] done glob
[2026-08-20 17:47:10] [cot:thought] Reviewing recent finance and markets posts such as fiscal-plumbing and chokepoint-commodities as templates.
[2026-08-20 17:47:10] [cot:thought] Checking dashboard
[2026-08-20 17:47:10] [cot:thought] patterns, posts.ts entry structure, types/post.ts for visualization IDs, and smoke test markers.
[2026-08-20 17:47:10] [cot:thought] I'll use a recent research post as the template and pull Fed charge-off / CRE stress figures for the data module.
[2026-08-20 17:47:10] [cot:tool] start read C:\Users\ether\AppData\Local\data-insights-blog-workers\worker-2\src\data\fiscal-plumbing-research-2026-data.ts
[2026-08-20 17:47:11] [cot:tool] done read C:\Users\ether\AppData\Local\data-insights-blog-workers\worker-2\src\data\fiscal-plumbing-research-2026-data.ts
[2026-08-20 17:47:11] [cot:tool] start read C:\Users\ether\AppData\Local\data-insights-blog-workers\worker-2\src\components\visualizations\BankLoanChargeoffsDashboard.tsx
[2026-08-20 17:47:11] [cot:tool] done read C:\Users\ether\AppData\Local\data-insights-blog-workers\worker-2\src\components\visualizations\BankLoanChargeoffsDashboard.tsx
[2026-08-20 17:47:11] [cot:tool] start grep C:\Users\ether\AppData\Local\data-insights-blog-workers\worker-2\src\types\post.ts
[2026-08-20 17:47:11] [cot:tool] done grep C:\Users\ether\AppData\Local\data-insights-blog-workers\worker-2\src\types\post.ts
[2026-08-20 17:47:11] [cot:tool] start grep C:\Users\ether\AppData\Local\data-insights-blog-workers\worker-2\src\data\posts.ts
[2026-08-20 17:47:12] [cot:tool] done grep C:\Users\ether\AppData\Local\data-insights-blog-workers\worker-2\src\data\posts.ts
[2026-08-20 17:47:12] [cot:tool] start read C:\Users\ether\AppData\Local\data-insights-blog-workers\worker-2\scripts\qa-fiscal-plumbing-research-2026.mjs
[2026-08-20 17:47:12] [cot:tool] done read C:\Users\ether\AppData\Local\data-insights-blog-workers\worker-2\scripts\qa-fiscal-plumbing-research-2026.mjs
[2026-08-20 17:47:12] [cot:thought] The new post must be distinct from bank-loan-chargeoffs-2026. The post will synthesize
[2026-08-20 17:47:12] [cot:thought] broader bank commercial credit stress across delinquency curves, CRE office stress, C&I, and size splits.
[2026-08-20 17:47:12] [cot:thought] I will review recent research dashboards and Fed data sources. I will also examine PostVisualization registration and smoke tests.
[2026-08-20 17:47:12] [cot:tool] start read C:\Users\ether\AppData\Local\data-insights-blog-workers\worker-2\src\components\visualizations\FiscalPlumbingResearch2026Dashboard.tsx
[2026-08-20 17:47:13] [cot:tool] done read ?
[2026-08-20 17:47:13] [cot:tool] start grep C:\Users\ether\AppData\Local\data-insights-blog-workers\worker-2\src\types\post.ts
[2026-08-20 17:47:13] [cot:tool] done grep C:\Users\ether\AppData\Local\data-insights-blog-workers\worker-2\src\types\post.ts
[2026-08-20 17:47:13] [cot:tool] start grep C:\Users\ether\AppData\Local\data-insights-blog-workers\worker-2\src\components\PostVisualization.tsx
[2026-08-20 17:47:13] [cot:tool] done grep C:\Users\ether\AppData\Local\data-insights-blog-workers\worker-2\src\components\PostVisualization.tsx
[2026-08-20 17:47:13] [cot:tool] start grep C:\Users\ether\AppData\Local\data-insights-blog-workers\worker-2
[2026-08-20 17:47:14] [cot:tool] start read C:\Users\ether\AppData\Local\data-insights-blog-workers\worker-2\src\data\posts.ts
[2026-08-20 17:47:14] [cot:tool] done read C:\Users\ether\AppData\Local\data-insights-blog-workers\worker-2\src\data\posts.ts
[2026-08-20 17:47:14] [cot:tool] done grep C:\Users\ether\AppData\Local\data-insights-blog-workers\worker-2
[2026-08-20 17:47:14] [cot:thought] Reviewing existing research dashboards and the PostVisualization registration pattern.
[2026-08-20 17:47:14] [cot:thought] Smoke-testing visualization
[2026-08-20 17:47:14] [cot:thought] posts for markers.
[2026-08-20 17:47:14] [cot:tool] start glob
[2026-08-20 17:47:14] [cot:tool] done glob
[2026-08-20 17:47:14] [cot:tool] start read C:\Users\ether\AppData\Local\data-insights-blog-workers\worker-2\src\types\post.ts
[2026-08-20 17:47:15] [cot:tool] done read C:\Users\ether\AppData\Local\data-insights-blog-workers\worker-2\src\types\post.ts
[2026-08-20 17:47:15] [cot:tool] start grep C:\Users\ether\AppData\Local\data-insights-blog-workers\worker-2\scripts\smoke-test-viz-posts.mjs
[2026-08-20 17:47:15] [cot:tool] done grep C:\Users\ether\AppData\Local\data-insights-blog-workers\worker-2\scripts\smoke-test-viz-posts.mjs
[2026-08-20 17:47:15] [cot:tool] start grep C:\Users\ether\AppData\Local\data-insights-blog-workers\worker-2\package.json
[2026-08-20 17:47:15] [cot:tool] done grep C:\Users\ether\AppData\Local\data-insights-blog-workers\worker-2\package.json
[2026-08-20 17:47:15] [cot:tool] start read C:\Users\ether\AppData\Local\data-insights-blog-workers\worker-2\artifacts\backend-manifest.json
[2026-08-20 17:47:16] [cot:tool] done read C:\Users\ether\AppData\Local\data-insights-blog-workers\worker-2\artifacts\backend-manifest.json
[2026-08-20 17:47:16] [cot:thought] Reviewing ChokepointCommoditiesResearchDashboard and its data module as a reference template.
[2026-08-20 17:47:16] [cot:thought] Also checking smoke-test entries and how PostVisualization wires up.
[2026-08-20 17:47:16] [cot:tool] start read C:\Users\ether\AppData\Local\data-insights-blog-workers\worker-2\src\data\chokepoint-commodities-research-2026-data.ts
[2026-08-20 17:47:16] [cot:tool] done read C:\Users\ether\AppData\Local\data-insights-blog-workers\worker-2\src\data\chokepoint-commodities-research-2026-data.ts
[2026-08-20 17:47:16] [cot:tool] start read C:\Users\ether\AppData\Local\data-insights-blog-workers\worker-2\src\components\visualizations\ChokepointCommoditiesResearchDashboard.tsx
[2026-08-20 17:47:16] [cot:tool] done read C:\Users\ether\AppData\Local\data-insights-blog-workers\worker-2\src\components\visualizations\ChokepointCommoditiesResearchDashboard.tsx
[2026-08-20 17:47:16] [cot:tool] start read C:\Users\ether\AppData\Local\data-insights-blog-workers\worker-2\scripts\smoke-test-viz-posts.mjs
[2026-08-20 17:47:17] [cot:tool] done read C:\Users\ether\AppData\Local\data-insights-blog-workers\worker-2\scripts\smoke-test-viz-posts.mjs
[2026-08-20 17:47:17] [cot:tool] start grep C:\Users\ether\AppData\Local\data-insights-blog-workers\worker-2\src\components\PostVisualization.tsx
[2026-08-20 17:47:17] [cot:tool] start read C:\Users\ether\AppData\Local\data-insights-blog-workers\worker-2\src\data\bank-loan-chargeoffs-data.ts
[2026-08-20 17:47:17] [cot:tool] done read C:\Users\ether\AppData\Local\data-insights-blog-workers\worker-2\src\data\bank-loan-chargeoffs-data.ts
[2026-08-20 17:47:17] [cot:tool] done grep C:\Users\ether\AppData\Local\data-insights-blog-workers\worker-2\src\components\PostVisualization.tsx
[2026-08-20 17:47:17] [cot:thought] Reviewing CRE delinquency size-split data for differentiation. Checking how posts are inserted at the top of posts.ts.
[2026-08-20 17:47:17] [cot:thought] Planning a stress-map
[2026-08-20 17:47:17] [cot:thought] research post mapping elevated delinquency against realized charge-offs across CRE property types and bank sizes.
[2026-08-20 17:47:17] [cot:thought] This differentiates from the charge-off ranking post and the delinquency-by-size split post.
[2026-08-20 17:47:17] [cot:thought] The post will feature
[2026-08-20 17:47:17] [cot:thought] a dual-meter dashboard comparing delinquency against charge-off rates. It will break down CRE by office, multifamily, and construction, and layer in SLOOS tightening alongside C&I, consumer, and CRE segments. The core thesis is the gap between past-due balances and realized losses. Existing Fed Charge-Off and Delinquency Rates data will be combined with CRE subcategory and SLOOS metrics.
[2026-08-20 17:47:18] [cot:thought] I'll differentiate this from the existing charge-off and CRE size-split posts, then ship the data module in this phase.
[2026-08-20 17:47:18] [cot:tool] start grep C:\Users\ether\AppData\Local\data-insights-blog-workers\worker-2\src\data
[2026-08-20 17:47:18] [cot:tool] start glob
[2026-08-20 17:47:18] [cot:tool] start read C:\Users\ether\AppData\Local\data-insights-blog-workers\worker-2\src\components\PostVisualization.tsx
[2026-08-20 17:47:19] [cot:tool] start webSearch
[2026-08-20 17:47:19] [cot:tool] done read C:\Users\ether\AppData\Local\data-insights-blog-workers\worker-2\src\components\PostVisualization.tsx
[2026-08-20 17:47:19] [cot:tool] done glob
[2026-08-20 17:47:19] [cot:tool] done grep C:\Users\ether\AppData\Local\data-insights-blog-workers\worker-2\src\data
[2026-08-20 17:47:19] [cot:tool] done webSearch
[2026-08-20 17:47:19] [cot:thought] Fetching specific CRE size splits and delinquency rates. Checking posts.ts
[2026-08-20 17:47:19] [cot:thought] for an existing cre-bank post.
[2026-08-20 17:47:19] [cot:tool] start grep C:\Users\ether\AppData\Local\data-insights-blog-workers\worker-2\src\data\posts.ts
[2026-08-20 17:47:19] [cot:tool] done grep C:\Users\ether\AppData\Local\data-insights-blog-workers\worker-2\src\data\posts.ts
[2026-08-20 17:47:20] [cot:tool] start webFetch
[2026-08-20 17:47:20] [cot:tool] start shell $env:BLOG_REPO_ROOT='E:\AI Projects\data-insights-blog'; npx tsx "E:\AI Projects\data-insights-blog\scripts\update-agent-job.mjs" --job job-mt1jt2i5-60swf --status building --activity "Phase 1: writing data module"
[2026-08-20 17:47:20] [cot:tool] done webFetch
[2026-08-20 17:47:20] [cot:tool] done shell $env:BLOG_REPO_ROOT='E:\AI Projects\data-insights-blog'; npx tsx "E:\AI Projects\data-insights-blog\scripts\update-agent-job.mjs" --job job-mt1jt2i5-60swf --status building --activity "Phase 1: writing data module"
[2026-08-20 17:47:20] [cot:thought] Fetching individual FRED series and checking for existing post data. Settled on a "stress
[2026-08-20 17:47:20] [cot:thought] map" angle for the research post. The narrative will contrast delinquency against charge-off rates across bank loan books and CRE portfolios.
[2026-08-20 17:47:20] [cot:thought] It will highlight where stress is appearing versus where it is actually realizing.
[2026-08-20 17:47:20] [cot:thought] The synthesis will
[2026-08-20 17:47:20] [cot:thought] use five distinct panels. Delinquency will appear first as the stress signal. Charge-offs will follow as the realization metric.
[2026-08-20 17:47:20] [cot:thought] Large banks will carry higher CRE delinquency. SLOOS standards will provide a forward-looking demand lens. A delinquency-to-charge-off gap ratio will serve as a workout-lag indicator.
[2026-08-20 17:47:20] [cot:thought] This approach is distinct from existing posts.
[2026-08-20 17:47:20] [cot:tool] start shell $series = @('DRCRELEXFACBS','DRCRELEXFT100S','DRCRELEXFNBNS','CORCREXFACBS','CORCREXFT100S','CORCREXFNBNS','DRCCLACBS','CORCACBS','DRALACBS','CORBLACBS','DRCILACBS','CORCACBS'); foreach ($s in $series) { Write-Host "=== $s ==="; try { $r = Invoke-WebRequest -Uri "https://fred.stlouisfed.org/graph/fredgraph.csv?id=$s" -UseBasicParsing -TimeoutSec 20; ($r.Content -split "`n")[-8..-1] -join "`n" } catch { $_.Exception.Message } }
[2026-08-20 17:47:21] [cot:tool] start grep C:\Users\ether\AppData\Local\data-insights-blog-workers\worker-2\src\data\posts.ts
[2026-08-20 17:47:21] [cot:tool] done grep C:\Users\ether\AppData\Local\data-insights-blog-workers\worker-2\src\data\posts.ts
[2026-08-20 17:47:21] [cot:tool] done shell $series = @('DRCRELEXFACBS','DRCRELEXFT100S','DRCRELEXFNBNS','CORCREXFACBS','CORCREXFT100S','CORCREXFNBNS','DRCCLACBS','CORCACBS','DRALACBS','CORBLACBS','DRCILACBS','CORCACBS'); foreach ($s in $series) { Write-Host "=== $s ==="; try { $r = Invoke-WebRequest -Uri "https://fred.stlouisfed.org/graph/fredgraph.csv?id=$s" -UseBasicParsing -TimeoutSec 20; ($r.Content -split "`n")[-8..-1] -join "`n" } catch { $_.Exception.Message } }
[2026-08-20 17:47:21] [cot:thought] FRED is timing out. Existing bank-loan-chargeoffs data and web search provide solid material.
[2026-08-20 17:47:21] [cot:thought] Searching the repository
[2026-08-20 17:47:21] [cot:thought] and agent transcripts for CRE size-split data. The bank-loan-chargeoffs prose references 100 largest banks printing higher CRE delinquency than smaller banks.
[2026-08-20 17:47:21] [cot:thought] I will locate the exact figures in the codebase.
[2026-08-20 17:47:21] [cot:tool] start await
[2026-08-20 17:47:22] [cot:tool] start grep C:\Users\ether\AppData\Local\data-insights-blog-workers\worker-2
[2026-08-20 17:47:22] [cot:tool] done grep C:\Users\ether\AppData\Local\data-insights-blog-workers\worker-2
[2026-08-20 17:47:22] [cot:tool] start shell try { (Invoke-WebRequest -Uri "https://www.federalreserve.gov/releases/Chargeoff/delallsa.htm" -UseBasicParsing -TimeoutSec 25).Content.Substring(0,500) } catch { $_.Exception.Message }; try { $r = Invoke-RestMethod -Uri "https://api.stlouisfed.org/fred/series/observations?series_id=DRCRELEXFACBS&api_key=abcdefghijklmnopqrstuvwxyz123456&file_type=json&sort_order=desc&limit=5" -TimeoutSec 15; $r } catch { "api: $($_.Exception.Message)" }
[2026-08-20 17:47:22] [cot:tool] done shell try { (Invoke-WebRequest -Uri "https://www.federalreserve.gov/releases/Chargeoff/delallsa.htm" -UseBasicParsing -TimeoutSec 25).Content.Substring(0,500) } catch { $_.Exception.Message }; try { $r = Invoke-RestMethod -Uri "https://api.stlouisfed.org/fred/series/observations?series_id=DRCRELEXFACBS&api_key=abcdefghijklmnopqrstuvwxyz123456&file_type=json&sort_order=desc&limit=5" -TimeoutSec 15; $r } catch { "api: $($_.Exception.Message)" }
[2026-08-20 17:47:22] [cot:tool] done await
[2026-08-20 17:47:22] [cot:thought] Fetching the Federal delinquency page and searching for size-split data. Terminating the hung
[2026-08-20 17:47:23] [cot:thought] FRED shell to parse the HTML.
[2026-08-20 17:47:23] [cot:tool] start shell Stop-Process -Id 8440 -Force -ErrorAction SilentlyContinue; $html = (Invoke-WebRequest -Uri "https://www.federalreserve.gov/releases/Chargeoff/delallsa.htm" -UseBasicParsing -TimeoutSec 30).Content; $html | Select-String -Pattern "2026:1|2025:4|Commercial" -AllMatches | Select-Object -First 5; $html.Substring([Math]::Max(0, $html.IndexOf("2026:1")-50), 400)
[2026-08-20 17:47:23] [cot:tool] start webFetch
[2026-08-20 17:47:24] [cot:tool] start webSearch
[2026-08-20 17:47:24] [cot:tool] done webFetch
[2026-08-20 17:47:24] [cot:tool] done shell Stop-Process -Id 8440 -Force -ErrorAction SilentlyContinue; $html = (Invoke-WebRequest -Uri "https://www.federalreserve.gov/releases/Chargeoff/delallsa.htm" -UseBasicParsing -TimeoutSec 30).Content; $html | Select-String -Pattern "2026:1|2025:4|Commercial" -AllMatches | Select-Object -First 5; $html.Substring([Math]::Max(0, $html.IndexOf("2026:1")-50), 400)
[2026-08-20 17:47:24] [cot:tool] done webSearch
