[2026-07-31 12:56:48] Worker 4 starting job job-ms96q16o-pn3ti (us-social-security-trust-fund-depletion-path-ms96q16o) in E:\AI Projects\data-insights-blog-worktrees\worker-4 (branch post/us-social-security-trust-fund-depletion-path-ms96q16o-w4)
[2026-07-31 12:56:48] Resetting worktree to 61022e9bc8eecd1b18c428f7b34d1860b123d517 then checkout post/us-social-security-trust-fund-depletion-path-ms96q16o-w4
[2026-07-31 12:56:49] git: HEAD is now at 61022e9 merge(post): us-billion-dollar-weather-disasters-ms94skof from worker 3 (path-selective)
[2026-07-31 12:56:49] git: Removing scripts/bootstrap-worktrees.ps1
[2026-07-31 12:56:49] git: Removing scripts/claim-next-topics.mjs
[2026-07-31 12:56:49] git: Removing scripts/cursor-watchdog-loop.ps1
[2026-07-31 12:56:49] git: Removing scripts/debug-agent-transport.ps1
[2026-07-31 12:56:49] git: Removing scripts/lib/agent-jobs.mjs
[2026-07-31 12:56:49] git: Removing scripts/lib/production-ship-parser.mjs
[2026-07-31 12:56:49] git: Removing scripts/lib/viz-interaction-qa.mjs
[2026-07-31 12:56:49] git: Removing scripts/local-blog-server.mjs
[2026-07-31 12:56:50] git: Removing scripts/production-stream-server.mjs
[2026-07-31 12:56:50] git: Removing scripts/production-stream-ui.html
[2026-07-31 12:56:50] git: Removing scripts/prompts/
[2026-07-31 12:56:50] git: Removing scripts/resume-blog-automation.ps1
[2026-07-31 12:56:50] git: Removing scripts/run-blog-orchestrator.ps1
[2026-07-31 12:56:50] git: Removing scripts/run-blog-production-local.ps1
[2026-07-31 12:56:50] git: Removing scripts/run-blog-worker.ps1
[2026-07-31 12:56:50] git: Removing scripts/start-blog-automation-in-app.ps1
[2026-07-31 12:56:50] git: Removing scripts/stop-blog-automation.ps1
[2026-07-31 12:56:50] git: Removing scripts/theme-balance.ts
[2026-07-31 12:56:50] git: Removing scripts/update-agent-job.mjs
[2026-07-31 12:56:50] git: Removing scripts/watch-blog-production.ps1
[2026-07-31 12:56:50] git: HEAD is now at 61022e9 merge(post): us-billion-dollar-weather-disasters-ms94skof from worker 3 (path-selective)
[2026-07-31 12:56:50] git: Switched to a new branch 'post/us-social-security-trust-fund-depletion-path-ms96q16o-w4'
[2026-07-31 12:56:55] Invoking agent for worker 4 (-p --force --trust --workspace worktree)
Connection lost, reconnecting to https://api2.cursor.sh (attempt 1)...
[2026-07-31 12:58:52] WARN: transport blip cliAttempt=1 (raw=1) elapsed=0s
Retry attempt 1...
[2026-07-31 12:58:54] WARN: transport blip cliAttempt=1 (raw=1) elapsed=2s
Connection lost, reconnecting to https://api2.cursor.sh (attempt 2)...
[2026-07-31 13:00:54] INFO: blip streak reset after quiet gap
[2026-07-31 13:00:54] WARN: transport blip cliAttempt=1 (raw=2) elapsed=0s
Retry attempt 2...
[2026-07-31 13:00:58] WARN: transport blip cliAttempt=1 (raw=2) elapsed=4s
Connection lost, reconnecting to https://api2.cursor.sh (attempt 3)...
[2026-07-31 13:01:52] WARN: transport blip cliAttempt=2 (raw=3) elapsed=57s
Retry attempt 3...
[2026-07-31 13:02:00] WARN: transport blip cliAttempt=2 (raw=3) elapsed=66s
Connection lost, reconnecting to https://api2.cursor.sh (attempt 4)...
[2026-07-31 13:03:24] WARN: transport blip cliAttempt=3 (raw=4) elapsed=150s
[2026-07-31 13:03:24] ERROR: transport unhealthy (cliAttempt=3 elapsed=150s); killing worker agent
[2026-07-31 13:03:30] Worker 4 finished (exit=75)
