[2026-08-20 19:17:58] Worker 5 starting job job-mt254spl-xvz9f (migration-humanitarian-update-2026) in C:\Users\ether\AppData\Local\data-insights-blog-workers\worker-5 (branch post/migration-humanitarian-update-2026-w5, container blog-worker-5)
[2026-08-20 19:17:58] Fetching origin (main merge target) into isolated clone
[2026-08-20 19:17:58] Creating post/migration-humanitarian-update-2026-w5 from main 48c72055309db5c7443c8f6bafdd9dd0bc24623a
[2026-08-20 19:17:58] Resetting clone then checkout post/migration-humanitarian-update-2026-w5 at 48c72055309db5c7443c8f6bafdd9dd0bc24623a (never master)
[2026-08-20 19:17:58] git: HEAD is now at 48c7205 merge(post): energy-systems-update-2026 from worker 3 (path-selective)
[2026-08-20 19:17:59] git: HEAD is now at 48c7205 merge(post): energy-systems-update-2026 from worker 3 (path-selective)
[2026-08-20 19:17:59] git: Switched to a new branch 'post/migration-humanitarian-update-2026-w5'
[2026-08-20 19:17:59] Worker 5 ports: SMOKE_PORT=4188 SMOKE_QA_PORT=4189 (isolated Node static servers)
[2026-08-20 19:17:59] WARN: Cursor CLI useHttp1ForAgent is not true - transport blips may be worse. Set network.useHttp1ForAgent=true in C:\Users\ether\.cursor\cli-config.json
[2026-08-20 19:17:59] Invoking agent for worker 5 (-p --force --trust --workspace clone C:\Users\ether\AppData\Local\data-insights-blog-workers\worker-5 / blog-worker-5)
[2026-08-20 19:17:59] Agent stream-json -> E:\AI Projects\data-insights-blog\artifacts\automation-logs\worker-5-2026-08-20_19-17-58.log (cot E:\AI Projects\data-insights-blog\artifacts\automation-logs\worker-5-2026-08-20_19-17-58.cot.log, raw E:\AI Projects\data-insights-blog\artifacts\automation-logs\worker-5-2026-08-20_19-17-58.ndjson)
[cot:system] session model=Auto cwd=C:\Users\ether\AppData\Local\data-insights-blog-workers\worker-5
[cot:user] You are a blog production WORKER in a parallel multi-agent system. ## Identity - Worker ID: 5 - Job ID: job-mt254spl-xvz9f - Assigned slug: migration-humanitarian-update-2026 - Theme ID: migration-humΓÇª
[cot:agent] connection/reconnecting
[2026-08-20 19:20:16] WARN: transport blip cliAttempt=1 (raw=) elapsed=0s
[cot:agent] retry/starting
[cot:agent] retry/resuming
[cot:agent] connection/reconnecting
[2026-08-20 19:20:16] WARN: transport blip cliAttempt=1 (raw=) elapsed=0s
[cot:agent] retry/starting
[cot:agent] retry/resuming
[cot:agent] connection/reconnected
[2026-08-20 19:20:16] WARN: transport blip cliAttempt=1 (raw=) elapsed=0s
[cot:thought] Beginning work as blog production worker 5 for the migration humanitarian update post.
[cot:thought] Reviewing production
[cot:thought] rules and checking the worktree, conveyor sync, and existing posts on this theme.
[cot:thought] I'll start as worker 5 on `migration-humanitarian-update-2026`: check conveyor sync, read production rules, and mark the job researching.
[cot:tool] start read C:\Users\ether\AppData\Local\data-insights-blog-workers\worker-5\.cursor\rules\autonomous-blog-production.mdc
[cot:tool] done read ?
[cot:tool] start read C:\Users\ether\AppData\Local\data-insights-blog-workers\worker-5\artifacts\conveyor-sync.json
[cot:tool] start shell $env:BLOG_REPO_ROOT='E:\AI Projects\data-insights-blog'; npx tsx "E:\AI Projects\data-insights-blog\scripts\update-agent-job.mjs" --job job-mt254spl-xvz9f --status researching --activity "Phase 0: reading rules + prior theme posts"; git status -sb; git branch --show-current; ls artifacts 2>$null; Get-ChildItem src/data -Filter "*migration*" | Select-Object Name; Get-ChildItem src/data -Filter "*humanitarian*" | Select-Object Name
[cot:tool] done read ?
[cot:tool] done shell $env:BLOG_REPO_ROOT='E:\AI Projects\data-insights-blog'; npx tsx "E:\AI Projects\data-insights-blog\scripts\update-agent-job.mjs" --job job-mt254spl-xvz9f --status researching --activity "Phase 0: reading rules + prior theme posts"; git status -sb; git branch --show-current; ls artifacts 2>$null; Get-ChildItem src/data -Filter "*migration*" | Select-Object Name; Get-ChildItem src/data -Filter "*humanitarian*" | Select-Object Name
[cot:agent] connection/reconnecting
[2026-08-20 19:20:17] WARN: transport blip cliAttempt=1 (raw=) elapsed=0s
[cot:agent] retry/starting
[cot:agent] retry/resuming
[cot:agent] connection/reconnected
[2026-08-20 19:20:17] WARN: transport blip cliAttempt=1 (raw=) elapsed=0s
[cot:agent] connection/reconnecting
[2026-08-20 19:20:17] WARN: transport blip cliAttempt=2 (raw=) elapsed=0s
[cot:agent] retry/starting
[cot:agent] retry/resuming
[cot:agent] connection/reconnected
[2026-08-20 19:20:17] WARN: transport blip cliAttempt=1 (raw=) elapsed=0s
RetriableError: [resource_exhausted] Error
[2026-08-20 19:20:18] git: HEAD is now at c01c527 merge(post): chokepoint-commodities-update-2026 from worker 1 (path-selective)
[2026-08-20 19:20:18] Deleting local clone branch post/migration-humanitarian-update-2026-w5 (status=failed ahead=0)
[2026-08-20 19:20:19] git: Deleted branch post/migration-humanitarian-update-2026-w5 (was c01c527).
[2026-08-20 19:20:19] Worker 5 finished (exit=0)
