[2026-08-01 02:40:20] Worker 1 starting job job-msa057c2-9hv9l (measurement-science-research-2026) in E:\AI Projects\data-insights-blog-worktrees\worker-1 (branch post/measurement-science-research-2026-w1)
[2026-08-01 02:40:21] Releasing post/measurement-science-research-2026-w1 from other worktree E:/AI Projects/data-insights-blog-worktrees/worker-1 (detach -> master)
[2026-08-01 02:40:21] git: error: Your local changes to the following files would be overwritten by checkout:
[2026-08-01 02:40:21] git: 	scripts/lib/agent-stream-cot.mjs
[2026-08-01 02:40:21] git: 	scripts/production-stream-ui.html
[2026-08-01 02:40:21] git: 	scripts/qa-cot-stream.mjs
[2026-08-01 02:40:21] git: Please commit your changes or stash them before you switch branches.
[2026-08-01 02:40:21] git: Aborting
[2026-08-01 02:40:21] Reusing existing WIP tip post/measurement-science-research-2026-w1 @ e05a38ae38463de6208fb6c9a822f52427084fd2 (ahead=3)
[2026-08-01 02:40:21] Resetting worktree then checkout post/measurement-science-research-2026-w1 at e05a38ae38463de6208fb6c9a822f52427084fd2
[2026-08-01 02:40:21] git: HEAD is now at e05a38a wip(measurement-science-research-2026): post prose + hero
[2026-08-01 02:40:21] git: HEAD is now at 5b8a96f merge(post): us-tax-expenditure-catalog-2026 from worker 5 (path-selective)
[2026-08-01 02:40:22] git: Previous HEAD position was 5b8a96f merge(post): us-tax-expenditure-catalog-2026 from worker 5 (path-selective)
[2026-08-01 02:40:23] git: Switched to and reset branch 'post/measurement-science-research-2026-w1'
[2026-08-01 02:40:23] Worker 1 ports: SMOKE_PORT=4180 SMOKE_QA_PORT=4181 (isolated Node static servers)
[2026-08-01 02:40:23] Cursor CLI network.useHttp1ForAgent=true (ok)
[2026-08-01 02:40:23] Invoking agent for worker 1 (-p --force --trust --workspace worktree)
[2026-08-01 02:40:23] Agent stream-json -> E:\AI Projects\data-insights-blog\artifacts\automation-logs\worker-1-2026-08-01_02-40-20.log (cot E:\AI Projects\data-insights-blog\artifacts\automation-logs\worker-1-2026-08-01_02-40-20.cot.log, raw E:\AI Projects\data-insights-blog\artifacts\automation-logs\worker-1-2026-08-01_02-40-20.ndjson)
Error: [unavailable] getaddrinfo ENOTFOUND api2.cursor.sh
[2026-08-01 02:40:25] git: HEAD is now at 5b8a96f merge(post): us-tax-expenditure-catalog-2026 from worker 5 (path-selective)
[2026-08-01 02:40:25] Worker 1 finished (exit=0)
