[2026-08-20 21:25:54] Worker 3 starting job job-mt29pu8s-qfb3e (bank-commercial-credit-update-2026q3) in C:\Users\ether\AppData\Local\data-insights-blog-workers\worker-3 (branch post/bank-commercial-credit-update-2026q3-w3, container blog-worker-3)
[2026-08-20 21:25:54] Fetching origin (main merge target) into isolated clone
[2026-08-20 21:25:55] Creating post/bank-commercial-credit-update-2026q3-w3 from main 01d6349c4ba8b5f110c4d8c6ed2475e8d684f1d6
[2026-08-20 21:25:55] Resetting clone then checkout post/bank-commercial-credit-update-2026q3-w3 at 01d6349c4ba8b5f110c4d8c6ed2475e8d684f1d6 (never master)
[2026-08-20 21:25:55] git: HEAD is now at 01d6349 merge(post): energy-systems-update-202608 from worker 4 (path-selective)
[2026-08-20 21:25:55] git: HEAD is now at 01d6349 merge(post): energy-systems-update-202608 from worker 4 (path-selective)
[2026-08-20 21:25:56] git: Switched to a new branch 'post/bank-commercial-credit-update-2026q3-w3'
[2026-08-20 21:25:56] Worker 3 ports: SMOKE_PORT=4184 SMOKE_QA_PORT=4185 (isolated Node static servers)
[2026-08-20 21:25:56] WARN: Cursor CLI useHttp1ForAgent is not true - transport blips may be worse. Set network.useHttp1ForAgent=true in C:\Users\ether\.cursor\cli-config.json
[2026-08-20 21:25:56] Invoking agent for worker 3 (-p --force --trust --workspace clone C:\Users\ether\AppData\Local\data-insights-blog-workers\worker-3 / blog-worker-3)
[2026-08-20 21:25:56] Agent stream-json -> E:\AI Projects\data-insights-blog\artifacts\automation-logs\worker-3-2026-08-20_21-25-54.log (cot E:\AI Projects\data-insights-blog\artifacts\automation-logs\worker-3-2026-08-20_21-25-54.cot.log, raw E:\AI Projects\data-insights-blog\artifacts\automation-logs\worker-3-2026-08-20_21-25-54.ndjson)
[cot:system] session model=Auto cwd=C:\Users\ether\AppData\Local\data-insights-blog-workers\worker-3
[cot:user] You are a blog production WORKER in a parallel multi-agent system. ## Identity - Worker ID: 3 - Job ID: job-mt29pu8s-qfb3e - Assigned slug: bank-commercial-credit-update-2026q3 - Theme ID: bank-commerΓÇª
[cot:thought] Beginning blog production work as worker 3. Reading production
[cot:thought] rules and conveyor-sync status. Checking existing posts for patterns. Updating job status to researching.
[cot:thought] I'll start as worker 3 on `bank-commercial-credit-update-2026q3`: check conveyor sync, load production rules, and mark the job researching.
[cot:tool] start read C:\Users\ether\AppData\Local\data-insights-blog-workers\worker-3\.cursor\rules\autonomous-blog-production.mdc
[cot:tool] start read C:\Users\ether\AppData\Local\data-insights-blog-workers\worker-3\artifacts\conveyor-sync.json
[cot:tool] start glob
[cot:tool] start shell $env:BLOG_REPO_ROOT='E:\AI Projects\data-insights-blog'; npx tsx 'E:\AI Projects\data-insights-blog\scripts\update-agent-job.mjs' --job job-mt29pu8s-qfb3e --status researching --activity 'Checking sync + prior theme posts'
[cot:tool] done read ?
[cot:tool] done read ?
[cot:tool] done glob
[cot:tool] done shell $env:BLOG_REPO_ROOT='E:\AI Projects\data-insights-blog'; npx tsx 'E:\AI Projects\data-insights-blog\scripts\update-agent-job.mjs' --job job-mt29pu8s-qfb3e --status researching --activity 'Checking sync + prior theme posts'
[cot:thought] Job status updated successfully. The production manifest
[cot:thought] was missing from its expected path. I am searching for it now. I also need to check conveyor sync and review existing bank commercial credit posts.
[cot:tool] start glob
[cot:tool] done glob
[cot:tool] start glob
[cot:tool] done glob
[cot:tool] start grep C:\Users\ether\AppData\Local\data-insights-blog-workers\worker-3\src
[cot:tool] start await
[cot:tool] done grep C:\Users\ether\AppData\Local\data-insights-blog-workers\worker-3\src
[cot:tool] done await
[cot:thought] A prior 2026 update post already exists. Reviewing existing
[cot:thought] update modules and dashboards as templates. Checking blog production rules and conveyor sync status.
[cot:thought] Prior update post is the template. Reading its data module and dashboard next, then drafting the Q3 vintage delta.
[cot:tool] start read C:\Users\ether\AppData\Local\data-insights-blog-workers\worker-3\src\data\bank-commercial-credit-update-2026-data.ts
[cot:tool] done read C:\Users\ether\AppData\Local\data-insights-blog-workers\worker-3\src\data\bank-commercial-credit-update-2026-data.ts
[cot:tool] start read C:\Users\ether\AppData\Local\data-insights-blog-workers\worker-3\src\components\visualizations\BankCommercialCreditUpdateDashboard.tsx
[cot:tool] done read C:\Users\ether\AppData\Local\data-insights-blog-workers\worker-3\src\components\visualizations\BankCommercialCreditUpdateDashboard.tsx
[cot:tool] start glob
[cot:tool] start shell if (Test-Path 'E:\AI Projects\data-insights-blog\artifacts\conveyor-sync.json') { Get-Content 'E:\AI Projects\data-insights-blog\artifacts\conveyor-sync.json' -Raw } else { Write-Output 'no conveyor-sync' }; Get-Content 'C:\Users\ether\AppData\Local\data-insights-blog-workers\worker-3\src\data\posts.ts' | Select-Object -Skip 1174 -First 100
[cot:tool] done glob
[cot:tool] done shell if (Test-Path 'E:\AI Projects\data-insights-blog\artifacts\conveyor-sync.json') { Get-Content 'E:\AI Projects\data-insights-blog\artifacts\conveyor-sync.json' -Raw } else { Write-Output 'no conveyor-sync' }; Get-Content 'C:\Users\ether\AppData\Local\data-insights-blog-workers\worker-3\src\data\posts.ts' | Select-Object -Skip 1174 -First 100
[cot:thought] Conveyor sync is active. Writing will pause until it becomes idle. Need fresher Q3 2026
[cot:thought] Federal data. The prior post used May 2026 Q1 figures. Fed Q2 charge-off data likely released mid-August 2026. Will wait for conveyor sync to finish before searching.
[cot:thought] Conveyor is in `syncing` ??? pausing site writes and polling until it returns to idle.
[cot:tool] start shell $env:BLOG_REPO_ROOT='E:\AI Projects\data-insights-blog'; npx tsx 'E:\AI Projects\data-insights-blog\scripts\update-agent-job.mjs' --job job-mt29pu8s-qfb3e --status researching --activity 'Paused: conveyor syncing ??? waiting for idle'
[cot:tool] start webFetch
[cot:agent] interaction_query/request
[cot:agent] interaction_query/response
[cot:tool] start await
[cot:tool] done webFetch
[cot:tool] done shell $env:BLOG_REPO_ROOT='E:\AI Projects\data-insights-blog'; npx tsx 'E:\AI Projects\data-insights-blog\scripts\update-agent-job.mjs' --job job-mt29pu8s-qfb3e --status researching --activity 'Paused: conveyor syncing ??? waiting for idle'
[cot:tool] done await
[cot:thought] Fed data shows the latest update is May 19, 2026, with Q1 2026 as the most recent quarter.
[cot:thought] The 2026Q3 slug likely
[cot:thought] uses Q3 calendar framing rather than Q3 Fed data. The prior post already covered 2026Q1.
[cot:thought] Fed Q2 data may not have been released yet. Checking delinquency
[cot:thought] rates and conveyor status. If Fed data remains stale, the post will compare against the prior update using SLOOS, FDIC, and CMBS context. Also reviewing sibling update-2026q3 posts for patterns.
[cot:thought] Fed still closes on 2026Q1 (May 19). Checking conveyor idle and whether a newer vintage or sibling Q3 update pattern exists.
[cot:tool] start shell Get-Content 'E:\AI Projects\data-insights-blog\artifacts\conveyor-sync.json' -Raw; Write-Output '---'; Get-ChildItem 'E:\AI Projects\data-insights-blog\artifacts' -Filter '*job*' -ErrorAction SilentlyContinue | Select-Object -First 5 Name; if (Test-Path 'E:\AI Projects\data-insights-blog\artifacts\agent-jobs') { Get-ChildItem 'E:\AI Projects\data-insights-blog\artifacts\agent-jobs' | Where-Object { $_.Name -like '*mt29pu8s*' -or $_.Name -like '*bank*' } | Select-Object Name }
[cot:tool] start webFetch
[cot:agent] interaction_query/request
[cot:agent] interaction_query/response
[cot:tool] start grep C:\Users\ether\AppData\Local\data-insights-blog-workers\worker-3\src\data
[cot:tool] done webFetch
[cot:tool] done grep C:\Users\ether\AppData\Local\data-insights-blog-workers\worker-3\src\data
[cot:tool] done shell Get-Content 'E:\AI Projects\data-insights-blog\artifacts\conveyor-sync.json' -Raw; Write-Output '---'; Get-ChildItem 'E:\AI Projects\data-insights-blog\artifacts' -Filter '*job*' -ErrorAction SilentlyContinue | Select-Object -First 5 Name; if (Test-Path 'E:\AI Projects\data-insights-blog\artifacts\agent-jobs') { Get-ChildItem 'E:\AI Projects\data-insights-blog\artifacts\agent-jobs' | Where-Object { $_.Name -like '*mt29pu8s*' -or $_.Name -like '*bank*' } | Select-Object Name }
[cot:thought] Q3 updates typically incorporate newer data. Fed data only covers
[cot:thought] 2026Q1. SLOOS, FDIC QBP Q2, and Trepp CMBS are being evaluated for Q3 content. Consumer-finance Q2 vintage data is another option. The update may instead frame the gap around missing Q2 Fed SA data.
[cot:thought] Fed Q2 charge-off
[cot:thought] data has not yet been released. FDIC QBP Q2, SLOOS July 2026, and Trepp CMBS updates are being checked.
[cot:thought] Research notes can be prepared now, but site files must wait until conveyor is idle.
[cot:thought] Fed SA still ends at 2026Q1 ??? pulling SLOOS and FDIC QBP for the Q3 delta, and rechecking conveyor.
[cot:thought] Fed SA still ends at 2026Q1 ??? pulling SLOOS and FDIC QBP for the Q3 delta, and rechecking conveyor.
[cot:agent] interaction_query/request
[cot:agent] interaction_query/response
[cot:tool] start webSearch
[cot:agent] interaction_query/request
[cot:agent] interaction_query/response
[cot:tool] start webSearch
[cot:tool] start shell Start-Sleep -Seconds 30; Get-Content 'E:\AI Projects\data-insights-blog\artifacts\conveyor-sync.json' -Raw
[cot:tool] start grep C:\Users\ether\AppData\Local\data-insights-blog-workers\worker-3\src\data\posts.ts
[cot:tool] done grep C:\Users\ether\AppData\Local\data-insights-blog-workers\worker-3\src\data\posts.ts
[cot:tool] done webSearch
[cot:tool] done webSearch
[cot:tool] done shell Start-Sleep -Seconds 30; Get-Content 'E:\AI Projects\data-insights-blog\artifacts\conveyor-sync.json' -Raw
[cot:thought] The July 2026 SLOOS vintage is the new benchmark for this Q3 update. The prior post estimated
[cot:thought] CRE tightening at 12% and CI at 8%. The new SLOOS data shows banks easing CRE standards instead. This flips the prior narrative.
[cot:thought] Trepp CMBS office delinquency and FRED series updates are next. Conveyor sync is still pending.
[cot:thought] Similar posts handle Fed vintage changes differently. An April 2026 SLOOS vintage will be fetched for comparison against July. The SLOOS page and Trepp CMBS data are being retrieved now.
[cot:tool] start webFetch
[cot:agent] interaction_query/request
[cot:agent] interaction_query/response
[cot:agent] interaction_query/request
[cot:agent] interaction_query/response
[cot:tool] start await
[cot:tool] start webSearch
[cot:tool] done await
[cot:tool] done webFetch
[cot:tool] done webSearch
[cot:thought] Checking conveyor status and fetching SLOOS chart data for net percentages. Reviewing prior Q1
[cot:thought] Fed data against new SLOOS and Trepp CMBS figures. The narrative will contrast 2026Q1 Fed charge-offs with a SLOOS-driven CRE easing pivot. Need exact net percentage numbers from the SLOOS charts.
[cot:tool] start read C:\Users\ether\.cursor\projects\C-Users-ether-AppData-Local-data-insights-blog-workers-worker-3\terminals\543471.txt
[cot:tool] start webFetch
[cot:agent] interaction_query/request
[cot:agent] interaction_query/response
[cot:tool] done read C:\Users\ether\.cursor\projects\C-Users-ether-AppData-Local-data-insights-blog-workers-worker-3\terminals\543471.txt
[cot:tool] start webFetch
[cot:agent] interaction_query/request
[cot:agent] interaction_query/response
[cot:tool] start read C:\Users\ether\AppData\Local\data-insights-blog-workers\worker-3\src\data\consumer-finance-markets-update-2026q3-data.ts
[cot:tool] done read C:\Users\ether\AppData\Local\data-insights-blog-workers\worker-3\src\data\consumer-finance-markets-update-2026q3-data.ts
[cot:tool] done webFetch
[cot:tool] done webFetch
[cot:thought] The conveyor is idle. I can begin writing. Retrieving SLOOS net
[cot:thought] percentage numbers from the data file to populate a chart.Conveyor is idle. Extracting SLOOS net percentages, then writing the data module.
[cot:tool] start grep C:\Users\ether\.cursor\projects\C-Users-ether-AppData-Local-data-insights-blog-workers-worker-3\agent-tools\06275781-5a1a-48bd-a5d0-ef66e41d8928.txt
[cot:tool] done grep C:\Users\ether\.cursor\projects\C-Users-ether-AppData-Local-data-insights-blog-workers-worker-3\agent-tools\06275781-5a1a-48bd-a5d0-ef66e41d8928.txt
[cot:tool] start shell $env:BLOG_REPO_ROOT='E:\AI Projects\data-insights-blog'; npx tsx 'E:\AI Projects\data-insights-blog\scripts\update-agent-job.mjs' --job job-mt29pu8s-qfb3e --status building --activity 'Conveyor idle ??? writing Q3 data module (SLOOS Jul + Trepp CMBS)'
[cot:tool] start grep C:\Users\ether\AppData\Local\data-insights-blog-workers\worker-3\src\types\post.ts
[cot:tool] done grep C:\Users\ether\AppData\Local\data-insights-blog-workers\worker-3\src\types\post.ts
[cot:tool] start grep C:\Users\ether\AppData\Local\data-insights-blog-workers\worker-3\scripts
[cot:tool] start read C:\Users\ether\AppData\Local\data-insights-blog-workers\worker-3\artifacts\backend-manifest.json
[cot:tool] done read C:\Users\ether\AppData\Local\data-insights-blog-workers\worker-3\artifacts\backend-manifest.json
[cot:tool] done grep C:\Users\ether\AppData\Local\data-insights-blog-workers\worker-3\scripts
[cot:tool] done shell $env:BLOG_REPO_ROOT='E:\AI Projects\data-insights-blog'; npx tsx 'E:\AI Projects\data-insights-blog\scripts\update-agent-job.mjs' --job job-mt29pu8s-qfb3e --status building --activity 'Conveyor idle ??? writing Q3 data module (SLOOS Jul + Trepp CMBS)'
[cot:thought] Reading the SLOOS CRE chart data near line 175 for the latest net percentages.
[cot:tool] start read C:\Users\ether\.cursor\projects\C-Users-ether-AppData-Local-data-insights-blog-workers-worker-3\agent-tools\06275781-5a1a-48bd-a5d0-ef66e41d8928.txt
[cot:tool] start read C:\Users\ether\.cursor\projects\C-Users-ether-AppData-Local-data-insights-blog-workers-worker-3\agent-tools\06275781-5a1a-48bd-a5d0-ef66e41d8928.txt
[cot:tool] start read C:\Users\ether\AppData\Local\data-insights-blog-workers\worker-3\scripts\qa-bank-commercial-credit-update-2026.mjs
[cot:tool] done read C:\Users\ether\.cursor\projects\C-Users-ether-AppData-Local-data-insights-blog-workers-worker-3\agent-tools\06275781-5a1a-48bd-a5d0-ef66e41d8928.txt
[cot:tool] done read C:\Users\ether\.cursor\projects\C-Users-ether-AppData-Local-data-insights-blog-workers-worker-3\agent-tools\06275781-5a1a-48bd-a5d0-ef66e41d8928.txt
[cot:tool] done read C:\Users\ether\AppData\Local\data-insights-blog-workers\worker-3\scripts\qa-bank-commercial-credit-update-2026.mjs
[cot:thought] The latest CRE SLOOS row for 2026:2 covers the July 2026 survey for Q2 2026.
[cot:tool] start grep C:\Users\ether\.cursor\projects\C-Users-ether-AppData-Local-data-insights-blog-workers-worker-3\agent-tools\06275781-5a1a-48bd-a5d0-ef66e41d8928.txt
[cot:tool] done grep C:\Users\ether\.cursor\projects\C-Users-ether-AppData-Local-data-insights-blog-workers-worker-3\agent-tools\06275781-5a1a-48bd-a5d0-ef66e41d8928.txt
[cot:tool] start read C:\Users\ether\.cursor\projects\C-Users-ether-AppData-Local-data-insights-blog-workers-worker-3\agent-tools\06275781-5a1a-48bd-a5d0-ef66e41d8928.txt
[cot:tool] done read C:\Users\ether\.cursor\projects\C-Users-ether-AppData-Local-data-insights-blog-workers-worker-3\agent-tools\06275781-5a1a-48bd-a5d0-ef66e41d8928.txt
[cot:thought] The chart data shows 2026:3, corresponding to the July 2026 survey. Fed quarter labels are sometimes based on survey timing rather than calendar dates.
[cot:thought] The 2026:3 label appears
[cot:thought] in both the C&I and CRE figures. This suggests the data may extend beyond the July 2026 release.
[cot:thought] A July 2026 release
[cot:thought] should carry 2026:2, not 2026:3. The mismatch suggests the data may reflect a later update or a non-standard Fed convention. Historical patterns from prior updates are being checked to resolve this.
[cot:thought] Historical data reveals
[cot:thought] a clear progression: 2026:1 shows easing for NFNR and multifamily, 2026:2 shows moderation, and 2026:3 shows tightening.
[cot:thought] The July 2026 summary confirms this shift. This validates the 2026:3 label as a standard Fed convention tracking survey timing.
[cot:thought] The 2026:3 values
[cot:thought] align with the July 2026 narrative. Moderate easing for NFNR, modest easing for multifamily, and essentially unchanged for CLD all match the report. The 2026:2 figures correspond to the April survey. The exact Fed quarter mapping is still being determined.
[cot:thought] The Fed convention
[cot:thought] is now clear. 2026:2 represents the April 2026 survey covering Q1 conditions. 2026:3 represents the July 2026 survey covering Q2 conditions. The quarter labels follow the survey timing itself.
[cot:thought] The prior post incorrectly
[cot:thought] estimated 2026:1 CRE data. The actual figures were CLD 1.8, NFNR -3.6, and multifamily -5.5. The July 2026 release shows credit card tightening at 6.7.
[cot:thought] The headline narrative
[cot:thought] for the Q3 update is now clear. The prior post had estimated a net tightening path for CRE standards.
[cot:thought] The July 2026 release instead shows net easing on NFNR and multifamily. CMBS office delinquency rose to 11.91 percent.
[cot:thought] Multifamily CMBS delinquency rose to 7.69 percent. Both metrics are higher than the prior post estimates.
[cot:thought] The prior CMBS office
[cot:thought] delinquency figure came from a December 2025 FDIC Risk Review source. The new Trepp July 2026 figure differs by vintage but remains Trepp-style. The dashboard will avoid the KPI-plus-bar template. FRED CRE delinquency dollars rose 3.2 percent year-over-year despite flat rates.
[cot:thought] The dashboard design
[cot:thought] is now set. It will feature six panels: a vintage delta meter, a SLOOS CRE property-type net path, a CMBS property-type dumbbell, a carried Fed dual-axis chart, a stress scatter of signed deltas, and a size-split SLOOS note.
[cot:thought] Controls will include panel toggles, CRE subtype focus, and delta mode. The next step is writing the data module and committing phase one.
[cot:thought] Writing the Q3 data module from July SLOOS (CRE easing) and Trepp CMBS (office 11.
[cot:thought] 91%).
[cot:tool] start edit C:\Users\ether\AppData\Local\data-insights-blog-workers\worker-3\src\data\bank-commercial-credit-update-2026q3-data.ts
[cot:tool] done edit C:\Users\ether\AppData\Local\data-insights-blog-workers\worker-3\src\data\bank-commercial-credit-update-2026q3-data.ts
[cot:thought] Committing phase 1 and continuing with the dashboard.
[cot:tool] start shell git add -A; git commit --trailer "Co-authored-by: Cursor <cursoragent@cursor.com>" -m "wip(bank-commercial-credit-update-2026q3): data module"; $env:BLOG_REPO_ROOT='E:\AI Projects\data-insights-blog'; npx tsx 'E:\AI Projects\data-insights-blog\scripts\update-agent-job.mjs' --job job-mt29pu8s-qfb3e --status building --activity 'Data module committed ??? building dashboard'
[cot:tool] done shell git add -A; git commit --trailer "Co-authored-by: Cursor <cursoragent@cursor.com>" -m "wip(bank-commercial-credit-update-2026q3): data module"; $env:BLOG_REPO_ROOT='E:\AI Projects\data-insights-blog'; npx tsx 'E:\AI Projects\data-insights-blog\scripts\update-agent-job.mjs' --job job-mt29pu8s-qfb3e --status building --activity 'Data module committed ??? building dashboard'
[cot:thought] The dashboard design needs six distinct chart types. These include a multi-line SLOOS plot, a CMBS dumbbell chart, delta bars, a Fed path line, a stress map with dual books, and a composed chart.
[cot:thought] Building the dashboard next ??? SLOOS path, CMBS dumbbell, and stress map panels.
[cot:tool] start edit C:\Users\ether\AppData\Local\data-insights-blog-workers\worker-3\src\components\visualizations\BankCommercialCreditUpdate2026q3Dashboard.tsx
[cot:tool] done edit C:\Users\ether\AppData\Local\data-insights-blog-workers\worker-3\src\components\visualizations\BankCommercialCreditUpdate2026q3Dashboard.tsx
[cot:thought] Registering the new post in post.ts and PostVisualization. Reading existing TSX
[cot:thought] sections to understand the registration pattern.
[cot:tool] start grep C:\Users\ether\AppData\Local\data-insights-blog-workers\worker-3\src\components\PostVisualization.tsx
[cot:tool] start read C:\Users\ether\AppData\Local\data-insights-blog-workers\worker-3\src\types\post.ts
[cot:tool] done read C:\Users\ether\AppData\Local\data-insights-blog-workers\worker-3\src\types\post.ts
[cot:tool] start grep C:\Users\ether\AppData\Local\data-insights-blog-workers\worker-3\src\components\PostVisualization.tsx
[cot:tool] start grep C:\Users\ether\AppData\Local\data-insights-blog-workers\worker-3\src\data\theme-registry.ts
[cot:tool] done grep C:\Users\ether\AppData\Local\data-insights-blog-workers\worker-3\src\components\PostVisualization.tsx
[cot:tool] done grep C:\Users\ether\AppData\Local\data-insights-blog-workers\worker-3\src\components\PostVisualization.tsx
[cot:tool] done grep C:\Users\ether\AppData\Local\data-insights-blog-workers\worker-3\src\data\theme-registry.ts
[cot:thought] The next step is adding the type definition, dynamic import, render branch, and theme registry entry.
[cot:tool] start read C:\Users\ether\AppData\Local\data-insights-blog-workers\worker-3\src\components\PostVisualization.tsx
[cot:tool] done read C:\Users\ether\AppData\Local\data-insights-blog-workers\worker-3\src\components\PostVisualization.tsx
[cot:thought] Checking the BankCommercialCreditUpdateDashboard component to find the right insertion point.
[cot:tool] start read C:\Users\ether\AppData\Local\data-insights-blog-workers\worker-3\src\components\PostVisualization.tsx
[cot:tool] done read C:\Users\ether\AppData\Local\data-insights-blog-workers\worker-3\src\components\PostVisualization.tsx
[cot:thought] Registrations will be added using StrReplace.
[cot:tool] start edit C:\Users\ether\AppData\Local\data-insights-blog-workers\worker-3\src\types\post.ts
[cot:tool] done edit C:\Users\ether\AppData\Local\data-insights-blog-workers\worker-3\src\types\post.ts
[cot:tool] start edit C:\Users\ether\AppData\Local\data-insights-blog-workers\worker-3\src\data\theme-registry.ts
[cot:tool] done edit C:\Users\ether\AppData\Local\data-insights-blog-workers\worker-3\src\data\theme-registry.ts
[cot:tool] start edit C:\Users\ether\AppData\Local\data-insights-blog-workers\worker-3\src\components\PostVisualization.tsx
[cot:tool] done edit C:\Users\ether\AppData\Local\data-insights-blog-workers\worker-3\src\components\PostVisualization.tsx
[cot:tool] start edit C:\Users\ether\AppData\Local\data-insights-blog-workers\worker-3\src\components\PostVisualization.tsx
[cot:tool] done edit C:\Users\ether\AppData\Local\data-insights-blog-workers\worker-3\src\components\PostVisualization.tsx
[cot:thought] Proceeding to commit phase 2, then writing the posts.ts content and hero.
[cot:tool] start shell git add -A; git commit --trailer "Co-authored-by: Cursor <cursoragent@cursor.com>" -m "wip(bank-commercial-credit-update-2026q3): dashboard + viz wireup"; $env:BLOG_REPO_ROOT='E:\AI Projects\data-insights-blog'; npx tsx 'E:\AI Projects\data-insights-blog\scripts\update-agent-job.mjs' --job job-mt29pu8s-qfb3e --status building --activity 'Dashboard wired ??? writing prose + hero'
[cot:tool] start generateImage
[cot:tool] start read C:\Users\ether\AppData\Local\data-insights-blog-workers\worker-3\src\data\posts.ts
[cot:tool] done read C:\Users\ether\AppData\Local\data-insights-blog-workers\worker-3\src\data\posts.ts
[cot:tool] done shell git add -A; git commit --trailer "Co-authored-by: Cursor <cursoragent@cursor.com>" -m "wip(bank-commercial-credit-update-2026q3): dashboard + viz wireup"; $env:BLOG_REPO_ROOT='E:\AI Projects\data-insights-blog'; npx tsx 'E:\AI Projects\data-insights-blog\scripts\update-agent-job.mjs' --job job-mt29pu8s-qfb3e --status building --activity 'Dashboard wired ??? writing prose + hero'
[cot:tool] done generateImage
[cot:agent] connection/reconnecting
[2026-08-20 21:51:40] WARN: transport blip cliAttempt=1 (raw=) elapsed=0s
[cot:agent] retry/starting
[cot:agent] retry/resuming
[cot:agent] connection/reconnected
[2026-08-20 21:51:40] WARN: transport blip cliAttempt=1 (raw=) elapsed=0s
[cot:tool] start generateImage
[cot:tool] start read C:\Users\ether\AppData\Local\data-insights-blog-workers\worker-3\src\data\posts.ts
[cot:tool] start shell git add -A; git commit --trailer "Co-authored-by: Cursor <cursoragent@cursor.com>" -m "wip(bank-commercial-credit-update-2026q3): dashboard + viz wireup"; $env:BLOG_REPO_ROOT='E:\AI Projects\data-insights-blog'; npx tsx 'E:\AI Projects\data-insights-blog\scripts\update-agent-job.mjs' --job job-mt29pu8s-qfb3e --status building --activity 'Dashboard wired ??? writing prose + hero'
[cot:tool] done read C:\Users\ether\AppData\Local\data-insights-blog-workers\worker-3\src\data\posts.ts
[cot:tool] done shell git add -A; git commit --trailer "Co-authored-by: Cursor <cursoragent@cursor.com>" -m "wip(bank-commercial-credit-update-2026q3): dashboard + viz wireup"; $env:BLOG_REPO_ROOT='E:\AI Projects\data-insights-blog'; npx tsx 'E:\AI Projects\data-insights-blog\scripts\update-agent-job.mjs' --job job-mt29pu8s-qfb3e --status building --activity 'Dashboard wired ??? writing prose + hero'
[cot:tool] done generateImage
[cot:thought] The dashboard commit reported nothing to commit. Files may not have been staged properly, or gitignore could be blocking them.
[cot:thought] Checking git status.
[cot:thought] The hero image must be copied to public/images.
[cot:tool] start shell git status; git log -3 --oneline; Test-Path 'src\components\visualizations\BankCommercialCreditUpdate2026q3Dashboard.tsx'; Test-Path 'src\types\post.ts'; Select-String -Path 'src\types\post.ts' -Pattern '2026q3' | Select-Object -First 3; Copy-Item 'C:\Users\ether\.cursor\projects\C-Users-ether-AppData-Local-data-insights-blog-workers-worker-3\assets\finance-bank-commercial-credit-update-2026q3-hero.png' 'C:\Users\ether\AppData\Local\data-insights-blog-workers\worker-3\public\images\finance-bank-commercial-credit-update-2026q3-hero.png' -Force; Test-Path 'public\images\finance-bank-commercial-credit-update-2026q3-hero.png'
[cot:tool] done shell git status; git log -3 --oneline; Test-Path 'src\components\visualizations\BankCommercialCreditUpdate2026q3Dashboard.tsx'; Test-Path 'src\types\post.ts'; Select-String -Path 'src\types\post.ts' -Pattern '2026q3' | Select-Object -First 3; Copy-Item 'C:\Users\ether\.cursor\projects\C-Users-ether-AppData-Local-data-insights-blog-workers-worker-3\assets\finance-bank-commercial-credit-update-2026q3-hero.png' 'C:\Users\ether\AppData\Local\data-insights-blog-workers\worker-3\public\images\finance-bank-commercial-credit-update-2026q3-hero.png' -Force; Test-Path 'public\images\finance-bank-commercial-credit-update-2026q3-hero.png'
[cot:thought] The dashboard commit appears to have already been recorded as 7bead3e, possibly through an auto-commit or a prior successful commit that reported incorrectly.
[cot:thought] A race condition likely
[cot:thought] caused the dashboard commit discrepancy. Verifying the post slug exists in post.ts types.
[cot:tool] start grep C:\Users\ether\AppData\Local\data-insights-blog-workers\worker-3\src
[cot:tool] start shell git status --short; git show --stat HEAD --oneline | Select-Object -First 20
[cot:tool] done grep C:\Users\ether\AppData\Local\data-insights-blog-workers\worker-3\src
[cot:tool] done shell git status --short; git show --stat HEAD --oneline | Select-Object -First 20
[cot:thought] The dashboard commit succeeded, likely through a parallel process or unexpected commit behavior.
[cot:thought] Hero is untracked.
[cot:thought] Writing posts.ts with full prose meeting the word and heading requirements. The new entry will be inserted at the top of the samplePosts array.
[cot:thought] Writing the post entry and committing prose + hero.
[cot:tool] start edit C:\Users\ether\AppData\Local\data-insights-blog-workers\worker-3\src\data\posts.ts
[cot:tool] done edit C:\Users\ether\AppData\Local\data-insights-blog-workers\worker-3\src\data\posts.ts
[cot:thought] Updating the backend manifest and writing the QA script. Also checking smoke
[cot:thought] test markers.
[cot:tool] start grep C:\Users\ether\AppData\Local\data-insights-blog-workers\worker-3\scripts
[cot:tool] done grep C:\Users\ether\AppData\Local\data-insights-blog-workers\worker-3\scripts
[cot:tool] start read C:\Users\ether\AppData\Local\data-insights-blog-workers\worker-3\scripts\qa-bank-commercial-credit-update-2026.mjs
[cot:tool] done read C:\Users\ether\AppData\Local\data-insights-blog-workers\worker-3\scripts\qa-bank-commercial-credit-update-2026.mjs
[cot:tool] start grep C:\Users\ether\AppData\Local\data-insights-blog-workers\worker-3\package.json
[cot:tool] done grep C:\Users\ether\AppData\Local\data-insights-blog-workers\worker-3\package.json
[cot:thought] Searching for the smoke-test-viz-posts script. The mjs script discovers
[cot:thought] posts and markers.
[cot:tool] start grep C:\Users\ether\AppData\Local\data-insights-blog-workers\worker-3\scripts\smoke-test-viz-posts.mjs
[cot:tool] start read C:\Users\ether\AppData\Local\data-insights-blog-workers\worker-3\scripts\smoke-test-viz-posts.mjs
[cot:tool] done read C:\Users\ether\AppData\Local\data-insights-blog-workers\worker-3\scripts\smoke-test-viz-posts.mjs
[cot:tool] done grep C:\Users\ether\AppData\Local\data-insights-blog-workers\worker-3\scripts\smoke-test-viz-posts.mjs
[cot:thought] Adding a smoke marker near the bank-commercial-credit-update-2026 entry. Writing a QA script. Updating the backend manifest.
[cot:tool] start read C:\Users\ether\AppData\Local\data-insights-blog-workers\worker-3\scripts\smoke-test-viz-posts.mjs
[cot:tool] done read C:\Users\ether\AppData\Local\data-insights-blog-workers\worker-3\scripts\smoke-test-viz-posts.mjs
[cot:tool] start edit C:\Users\ether\AppData\Local\data-insights-blog-workers\worker-3\scripts\qa-bank-commercial-credit-update-2026q3.mjs
[cot:tool] done edit C:\Users\ether\AppData\Local\data-insights-blog-workers\worker-3\scripts\qa-bank-commercial-credit-update-2026q3.mjs
[cot:tool] start edit C:\Users\ether\AppData\Local\data-insights-blog-workers\worker-3\scripts\smoke-test-viz-posts.mjs
[cot:tool] start edit C:\Users\ether\AppData\Local\data-insights-blog-workers\worker-3\artifacts\backend-manifest.json
[cot:tool] done edit C:\Users\ether\AppData\Local\data-insights-blog-workers\worker-3\scripts\smoke-test-viz-posts.mjs
[cot:tool] done edit C:\Users\ether\AppData\Local\data-insights-blog-workers\worker-3\artifacts\backend-manifest.json
[cot:thought] Checking word count. Committing prose, hero, and QA. Then deploying. Checking whether the
[cot:thought] QA script is invoked during deploy or separately. Verifying if a hook auto-runs all qa-*.mjs files.
[cot:tool] start grep C:\Users\ether\AppData\Local\data-insights-blog-workers\worker-3\scripts
[cot:tool] start shell $content = (Get-Content 'src\data\posts.ts' -Raw); if ($content -match '(?s)id: "bank-commercial-credit-update-2026q3".*?content: `(.*?)`,\s*\n\s*\},') { $words = ($Matches[1] -split '\s+').Count; Write-Output "Word count: $words"; ($Matches[1] | Select-String -Pattern '^## ' -AllMatches).Matches.Count } else { Write-Output 'parse fail' }; git add -A; git status --short; git commit --trailer "Co-authored-by: Cursor <cursoragent@cursor.com>" -m "wip(bank-commercial-credit-update-2026q3): post prose + hero + qa + smoke"; $env:BLOG_REPO_ROOT='E:\AI Projects\data-insights-blog'; npx tsx 'E:\AI Projects\data-insights-blog\scripts\update-agent-job.mjs' --job job-mt29pu8s-qfb3e --status qa --activity 'Prose+hero committed ??? running npm run deploy on ports 4184/4185'
[cot:tool] done grep C:\Users\ether\AppData\Local\data-insights-blog-workers\worker-3\scripts
[cot:tool] done shell $content = (Get-Content 'src\data\posts.ts' -Raw); if ($content -match '(?s)id: "bank-commercial-credit-update-2026q3".*?content: `(.*?)`,\s*\n\s*\},') { $words = ($Matches[1] -split '\s+').Count; Write-Output "Word count: $words"; ($Matches[1] | Select-String -Pattern '^## ' -AllMatches).Matches.Count } else { Write-Output 'parse fail' }; git add -A; git status --short; git commit --trailer "Co-authored-by: Cursor <cursoragent@cursor.com>" -m "wip(bank-commercial-credit-update-2026q3): post prose + hero + qa + smoke"; $env:BLOG_REPO_ROOT='E:\AI Projects\data-insights-blog'; npx tsx 'E:\AI Projects\data-insights-blog\scripts\update-agent-job.mjs' --job job-mt29pu8s-qfb3e --status qa --activity 'Prose+hero committed ??? running npm run deploy on ports 4184/4185'
[cot:thought] The draft contains 1,664 words, satisfying the 1,200-word minimum. H2 detection failed
[cot:thought] due to a regex issue. The posts.ts diff shows 6,027 insertions, likely from line-ending changes.
[cot:thought] I will verify H2s manually and then run deploy.Prose is ~1,664 words. Running local deploy on ports 4184/4185.
[cot:tool] start shell ($c = (Select-String -Path 'src\data\posts.ts' -Pattern 'id: "bank-commercial-credit-update-2026q3"' -Context 0,200).Context.PostContext) -join "`n" | Select-String -Pattern '^## ' -AllMatches | ForEach-Object { $_.Matches } | Measure-Object | Select-Object -ExpandProperty Count; Get-Content 'E:\AI Projects\data-insights-blog\artifacts\conveyor-sync.json' -Raw | Select-String 'phase'
[cot:tool] start shell $env:SMOKE_PORT='4184'; $env:SMOKE_QA_PORT='4185'; npm run deploy
[cot:tool] done shell ($c = (Select-String -Path 'src\data\posts.ts' -Pattern 'id: "bank-commercial-credit-update-2026q3"' -Context 0,200).Context.PostContext) -join "`n" | Select-String -Pattern '^## ' -AllMatches | ForEach-Object { $_.Matches } | Measure-Object | Select-Object -ExpandProperty Count; Get-Content 'E:\AI Projects\data-insights-blog\artifacts\conveyor-sync.json' -Raw | Select-String 'phase'
[cot:tool] done shell $env:SMOKE_PORT='4184'; $env:SMOKE_QA_PORT='4185'; npm run deploy
[cot:thought] Deployment passed. Running the QA script now. Verifying the HTML file exists. Then committing, marking the job ready, and printing the WorkerReady status.
[cot:thought] Verifying the post contains at least six H2 headings. Word count previously miscounted H2s.
[cot:thought] Deploy passed. Running post-specific QA, then final commit and ready mark.
[cot:tool] start shell Test-Path 'out\blog\bank-commercial-credit-update-2026q3.html'; $env:SMOKE_PORT='4184'; node scripts/qa-bank-commercial-credit-update-2026q3.mjs; node -e "const fs=require('fs'); const t=fs.readFileSync('src/data/posts.ts','utf8'); const i=t.indexOf('id: \"bank-commercial-credit-update-2026q3\"'); const c=t.slice(i, i+12000); const h2=(c.match(/^## /gm)||[]).length; console.log('H2 count in post slice:', h2);"
[cot:tool] done shell Test-Path 'out\blog\bank-commercial-credit-update-2026q3.html'; $env:SMOKE_PORT='4184'; node scripts/qa-bank-commercial-credit-update-2026q3.mjs; node -e "const fs=require('fs'); const t=fs.readFileSync('src/data/posts.ts','utf8'); const i=t.indexOf('id: \"bank-commercial-credit-update-2026q3\"'); const c=t.slice(i, i+12000); const h2=(c.match(/^## /gm)||[]).length; console.log('H2 count in post slice:', h2);"
[cot:thought] Waiting for the audit to finish.
[cot:tool] start await
[cot:tool] done await
[cot:thought] The process has been running for 151 seconds. It may be hung during the audit step.
[cot:thought] Reading the terminal file to diagnose the hang.
[cot:tool] start read C:\Users\ether\.cursor\projects\C-Users-ether-AppData-Local-data-insights-blog-workers-worker-3\terminals\543472.txt
[cot:tool] done read C:\Users\ether\.cursor\projects\C-Users-ether-AppData-Local-data-insights-blog-workers-worker-3\terminals\543472.txt
[cot:thought] The process is hanging on `auditVizInteractions`. Smoke tests already
[cot:thought] passed. Considering killing the QA script and simplifying it, then checking the audit.
[cot:tool] start await
[cot:tool] done await
[cot:thought] Reading the output.
[cot:tool] start read C:\Users\ether\.cursor\projects\C-Users-ether-AppData-Local-data-insights-blog-workers-worker-3\terminals\543472.txt
[cot:tool] done read C:\Users\ether\.cursor\projects\C-Users-ether-AppData-Local-data-insights-blog-workers-worker-3\terminals\543472.txt
[cot:thought] QA passed. The H2 count script failed due to escaping. Verifying H2 headings
[cot:thought] with a simpler command. Then committing and marking the job ready.
[cot:tool] start grep C:\Users\ether\AppData\Local\data-insights-blog-workers\worker-3\src\data\posts.ts
[cot:tool] start shell Get-Content 'E:\AI Projects\data-insights-blog\artifacts\conveyor-sync.json' -Raw; git status --short; git log -5 --oneline
[cot:tool] done grep C:\Users\ether\AppData\Local\data-insights-blog-workers\worker-3\src\data\posts.ts
[cot:tool] done shell Get-Content 'E:\AI Projects\data-insights-blog\artifacts\conveyor-sync.json' -Raw; git status --short; git log -5 --oneline
[cot:thought] Eight H2 headings are present. The working tree is clean. No changes remain
[cot:thought] to commit. I am deciding whether to make a minimal edit to trigger the final feat commit or skip it entirely.
[cot:thought] I will soft reset
[cot:thought] to the merge commit and recommit all changes as a single feat commit.Squashing the three local wip commits into the final feat commit, then marking the job ready.
[cot:tool] start shell git reset --soft fe86acb; git add -A; git commit --trailer "Co-authored-by: Cursor <cursoragent@cursor.com>" -m "$(cat <<'EOF'
feat(post): bank-commercial-credit-update-2026q3
EOF
)"; git status; git log -3 --oneline; Test-Path 'out\blog\bank-commercial-credit-update-2026q3.html'; $env:BLOG_REPO_ROOT='E:\AI Projects\data-insights-blog'; npx tsx 'E:\AI Projects\data-insights-blog\scripts\update-agent-job.mjs' --job job-mt29pu8s-qfb3e --status ready --activity 'Ready for merge' --headline 'SLOOS NFNR ???11.3 (ease) ?? CMBS office 11.91% (+60 bp) ?? Fed SA cards still 3.84%'; Write-Output 'WorkerReady: bank-commercial-credit-update-2026q3 | job=job-mt29pu8s-qfb3e | worker=3'
[cot:tool] done shell git reset --soft fe86acb; git add -A; git commit --trailer "Co-authored-by: Cursor <cursoragent@cursor.com>" -m "$(cat <<'EOF'
feat(post): bank-commercial-credit-update-2026q3
EOF
)"; git status; git log -3 --oneline; Test-Path 'out\blog\bank-commercial-credit-update-2026q3.html'; $env:BLOG_REPO_ROOT='E:\AI Projects\data-insights-blog'; npx tsx 'E:\AI Projects\data-insights-blog\scripts\update-agent-job.mjs' --job job-mt29pu8s-qfb3e --status ready --activity 'Ready for merge' --headline 'SLOOS NFNR ???11.3 (ease) ?? CMBS office 11.91% (+60 bp) ?? Fed SA cards still 3.84%'; Write-Output 'WorkerReady: bank-commercial-credit-update-2026q3 | job=job-mt29pu8s-qfb3e | worker=3'
[cot:thought] PowerShell does not support HEREDOC. The soft reset may
[cot:thought] not have run. I will check the status and use a PowerShell-compatible commit.
[cot:tool] start shell git status; git log -5 --oneline
[cot:tool] done shell git status; git log -5 --oneline
[cot:thought] The reset failed due to a parser error. Proceeding with a
[cot:thought] soft reset and commit using PowerShell syntax.
[cot:tool] start shell git reset --soft fe86acb; git status --short | Select-Object -First 20; git commit --trailer "Co-authored-by: Cursor <cursoragent@cursor.com>" -m "feat(post): bank-commercial-credit-update-2026q3"; git log -3 --oneline; git status
[cot:tool] done shell git reset --soft fe86acb; git status --short | Select-Object -First 20; git commit --trailer "Co-authored-by: Cursor <cursoragent@cursor.com>" -m "feat(post): bank-commercial-credit-update-2026q3"; git log -3 --oneline; git status
[cot:thought] posts.ts shows 6907 insertions and 5744 deletions. The orchestrator likely mixed line endings during top-insertion sync.
[cot:thought] Deploy passed. Marking
[cot:thought] the job ready.
[cot:tool] start shell $env:BLOG_REPO_ROOT='E:\AI Projects\data-insights-blog'; npx tsx 'E:\AI Projects\data-insights-blog\scripts\update-agent-job.mjs' --job job-mt29pu8s-qfb3e --status ready --activity 'Ready for merge' --headline 'SLOOS NFNR ???11.3 (ease) ?? CMBS office 11.91% (+60 bp) ?? Fed SA cards still 3.84%'; Write-Output 'WorkerReady: bank-commercial-credit-update-2026q3 | job=job-mt29pu8s-qfb3e | worker=3'
[cot:tool] done shell $env:BLOG_REPO_ROOT='E:\AI Projects\data-insights-blog'; npx tsx 'E:\AI Projects\data-insights-blog\scripts\update-agent-job.mjs' --job job-mt29pu8s-qfb3e --status ready --activity 'Ready for merge' --headline 'SLOOS NFNR ???11.3 (ease) ?? CMBS office 11.91% (+60 bp) ?? Fed SA cards still 3.84%'; Write-Output 'WorkerReady: bank-commercial-credit-update-2026q3 | job=job-mt29pu8s-qfb3e | worker=3'
[cot:thought] The blog post is complete. I am summarizing the work and exiting cleanly.**WorkerReady: bank-commercial-credit-update-2026q3 | job=job-mt29pu8s-qfb3e | worker=3**
[cot:thought] Shipped Q3 vintage vs the August update: **July SLOOS CRE easing (NFNR ???11.3)** while **Trepp CMBS office rose to 11.
[cot:thought] 91% (+60 bp)**; Fed SA loss rates still carried at 2026Q1 (cards 3.84%).
[cot:system] task_notification
[cot:system] task_notification
[cot:system] task_notification
[cot:thought] - Branch: `post/bank-commercial-credit-update-2026q3-w3` @ `feat(post): bank-commercial-credit-update-2026q3` - Local `npm run deploy` (ports 4184/4185) + post QA passed - Job marked **ready**I will check for background shell notification results and report them briefly.
[cot:thought] Task 543470 had an
[cot:thought] error status despite returning ok:true; it likely exited oddly after success. Task 543471 succeeded and the conveyor became idle. Task 543472 exited with code 1 because a subsequent H2 count script failed due to escaping issues, though the QA itself passed.
[cot:thought] The job was already marked ready and WorkerReady was printed. No follow-up is needed. The deploy and ship gate completed successfully.
[cot:thought] Those background shells are leftovers from the ship run:
[cot:thought] - **Conveyor poll** ??? succeeded; phase returned to `idle` before we wrote. - **Post QA** ???
[cot:thought] the viz QA itself passed (`??? QA passed: bank-commercial-credit-update-2026q3`); exit code 1 was only from a broken follow-on H2-count one-liner, not the QA script.
[cot:thought] - **Early job-status update** ??? may have reported an error wrapper, but the job later reached **ready** successfully.
[cot:thought] No action needed; the post is already marked ready for merge.
[cot:system] result ok 1508826ms ΓÇö I'll start as worker 3 on `bank-commercial-credit-update-2026q3`: check conveyor sync, load production rules, and mark the job researching.Prior update post is the template. Reading its data module and dashboard next, then drafting the Q3 v
[2026-08-20 21:51:58] Job job-mt29pu8s-qfb3e marked ready
[2026-08-20 21:52:01] git: HEAD is now at ce23068 merge(post): consumer-finance-markets-concentration-2026 from worker 5 (path-selective)
[2026-08-20 21:52:01] Worker 3 finished (exit=0)
