[2026-08-20 19:51:04] Worker 2 starting job job-mt26bvvp-36ck2 (fiscal-industrial-policy-update-202608) in C:\Users\ether\AppData\Local\data-insights-blog-workers\worker-2 (branch post/fiscal-industrial-policy-update-202608-w2, container blog-worker-2)
[2026-08-20 19:51:04] Fetching origin (main merge target) into isolated clone
[2026-08-20 19:51:05] Creating post/fiscal-industrial-policy-update-202608-w2 from main 58830b6def761af29935a3761f7958ef967a6245
[2026-08-20 19:51:05] Resetting clone then checkout post/fiscal-industrial-policy-update-202608-w2 at 58830b6def761af29935a3761f7958ef967a6245 (never master)
[2026-08-20 19:51:05] git: HEAD is now at 58830b6 merge(post): chokepoint-commodities-update-2026q3 from worker 1 (path-selective)
[2026-08-20 19:51:05] git: HEAD is now at 58830b6 merge(post): chokepoint-commodities-update-2026q3 from worker 1 (path-selective)
[2026-08-20 19:51:06] git: Switched to a new branch 'post/fiscal-industrial-policy-update-202608-w2'
[2026-08-20 19:51:06] Worker 2 ports: SMOKE_PORT=4182 SMOKE_QA_PORT=4183 (isolated Node static servers)
[2026-08-20 19:51:06] WARN: Cursor CLI useHttp1ForAgent is not true - transport blips may be worse. Set network.useHttp1ForAgent=true in C:\Users\ether\.cursor\cli-config.json
[2026-08-20 19:51:06] Invoking agent for worker 2 (-p --force --trust --workspace clone C:\Users\ether\AppData\Local\data-insights-blog-workers\worker-2 / blog-worker-2)
[2026-08-20 19:51:06] Agent stream-json -> E:\AI Projects\data-insights-blog\artifacts\automation-logs\worker-2-2026-08-20_19-51-04.log (cot E:\AI Projects\data-insights-blog\artifacts\automation-logs\worker-2-2026-08-20_19-51-04.cot.log, raw E:\AI Projects\data-insights-blog\artifacts\automation-logs\worker-2-2026-08-20_19-51-04.ndjson)
[cot:system] session model=Auto cwd=C:\Users\ether\AppData\Local\data-insights-blog-workers\worker-2
[cot:user] You are a blog production WORKER in a parallel multi-agent system. ## Identity - Worker ID: 2 - Job ID: job-mt26bvvp-36ck2 - Assigned slug: fiscal-industrial-policy-update-202608 - Theme ID: fiscal-inΓÇª
[cot:thought] Beginning blog production as worker 2. I will generate the fiscal-industrial-policy update post and mark the job ready.
[cot:thought] Reading the autonomous
[cot:thought] production rules and checking conveyor-sync status. Reviewing existing posts on this theme for context. Setting the job status to researching.
[cot:thought] Starting the fiscal-industrial-policy update as worker 2 ??? checking conveyor sync, production rules, and prior theme posts, then marking the job researching.
[cot:tool] start read C:\Users\ether\AppData\Local\data-insights-blog-workers\worker-2\.cursor\rules\autonomous-blog-production.mdc
[cot:tool] start read C:\Users\ether\AppData\Local\data-insights-blog-workers\worker-2\artifacts\conveyor-sync.json
[cot:tool] start glob
[cot:tool] start shell $env:BLOG_REPO_ROOT='E:\AI Projects\data-insights-blog'; npx tsx "E:\AI Projects\data-insights-blog\scripts\update-agent-job.mjs" --job job-mt26bvvp-36ck2 --status researching --activity "Phase 0: checking prior theme posts + conveyor idle"
[cot:tool] done read ?
[cot:tool] done read ?
[cot:tool] done glob
[cot:tool] done shell $env:BLOG_REPO_ROOT='E:\AI Projects\data-insights-blog'; npx tsx "E:\AI Projects\data-insights-blog\scripts\update-agent-job.mjs" --job job-mt26bvvp-36ck2 --status researching --activity "Phase 0: checking prior theme posts + conveyor idle"
[cot:thought] Existing fiscal-industrial-policy posts were found, including a Q3 update and older versions.
[cot:thought] Checking the production
[cot:thought] rules file and the most recent fiscal-industrial-policy post to clarify the newest-vintage-versus-last-post requirement.
[cot:tool] start glob
[cot:tool] done glob
[cot:tool] start grep C:\Users\ether\AppData\Local\data-insights-blog-workers\worker-2\src
[cot:tool] start shell if (Test-Path "artifacts\conveyor-sync.json") { Get-Content "artifacts\conveyor-sync.json" } else { Write-Output "no conveyor-sync"; Get-ChildItem artifacts -ErrorAction SilentlyContinue | Select-Object Name }; git status -sb; git log --oneline -5
[cot:tool] done grep C:\Users\ether\AppData\Local\data-insights-blog-workers\worker-2\src
[cot:tool] done shell if (Test-Path "artifacts\conveyor-sync.json") { Get-Content "artifacts\conveyor-sync.json" } else { Write-Output "no conveyor-sync"; Get-ChildItem artifacts -ErrorAction SilentlyContinue | Select-Object Name }; git status -sb; git log --oneline -5
[cot:thought] The conveyor is idle. No sync file is present. Reviewing the prior
[cot:thought] Q3 update to identify changes. Then sourcing new data for the August 2026 vintage post.
[cot:thought] Prior theme post is the Q3 update. Reading its data module and dashboard pattern, then building the August vintage delta.
[cot:tool] start read C:\Users\ether\AppData\Local\data-insights-blog-workers\worker-2\src\data\fiscal-industrial-policy-update-2026q3-data.ts
[cot:tool] done read C:\Users\ether\AppData\Local\data-insights-blog-workers\worker-2\src\data\fiscal-industrial-policy-update-2026q3-data.ts
[cot:tool] start read C:\Users\ether\AppData\Local\data-insights-blog-workers\worker-2\src\components\visualizations\FiscalIndustrialPolicyUpdate2026q3Dashboard.tsx
[cot:tool] done read C:\Users\ether\AppData\Local\data-insights-blog-workers\worker-2\src\components\visualizations\FiscalIndustrialPolicyUpdate2026q3Dashboard.tsx
[cot:tool] start read C:\Users\ether\AppData\Local\data-insights-blog-workers\worker-2\src\data\posts.ts
[cot:tool] start glob
[cot:tool] done read C:\Users\ether\AppData\Local\data-insights-blog-workers\worker-2\src\data\posts.ts
[cot:tool] done glob
[cot:thought] The Q3 update carries a published timestamp of August 20, 2026, and references an August update.
[cot:thought] The August 2026 update
[cot:thought] slot is already occupied by `fiscal-industrial-policy-update-2026`. The existing Q3 post `fiscal-industrial-policy-update-2026q3` was published on August 20. This creates a naming conflict for the assigned slug.
[cot:thought] The brief suggests
[cot:thought] this post should compare the newest official vintage against the last theme post. The last post was Q3. The task is to identify what changed after ZG #88 and Market-Shaping Competition for a newer vintage.
[cot:thought] The Q3 post may have
[cot:thought] been merged by another worker. The 202608 slug implies a distinct August 2026 vintage.
[cot:thought] I will search for newer GTA or IMF industrial policy data beyond ZG #88 and review how other recent posts use the 202608 pattern.
[cot:thought] Checking recent GTA/IMF releases and how other `202608` update posts are structured.
[cot:tool] start grep C:\Users\ether\AppData\Local\data-insights-blog-workers\worker-2\src\data
[cot:tool] done grep C:\Users\ether\AppData\Local\data-insights-blog-workers\worker-2\src\data
[cot:agent] interaction_query/request
[cot:agent] interaction_query/response
[cot:tool] start webSearch
[cot:tool] start read C:\Users\ether\AppData\Local\data-insights-blog-workers\worker-2\src\data\fiscal-industrial-policy-update-2026-data.ts
[cot:tool] done read C:\Users\ether\AppData\Local\data-insights-blog-workers\worker-2\src\data\fiscal-industrial-policy-update-2026-data.ts
[cot:tool] done webSearch
[cot:thought] Reviewing the naming conventions carefully. The August 2026 slug
[cot:thought] conflicts with the prior Q3 2026 post. The new angle must delta against Q3 using newer official data such as IMF WP, OECD, or GTA Zeitgeist.
[cot:agent] interaction_query/request
[cot:agent] interaction_query/response
[cot:tool] start webSearch
[cot:tool] start webFetch
[cot:agent] interaction_query/request
[cot:agent] interaction_query/response
[cot:tool] start grep C:\Users\ether\AppData\Local\data-insights-blog-workers\worker-2\src\data\posts.ts
[cot:tool] done grep C:\Users\ether\AppData\Local\data-insights-blog-workers\worker-2\src\data\posts.ts
[cot:tool] done webFetch
[cot:tool] done webSearch
[cot:thought] The Teneo report and June 2026 GTA Monthly Roundup appear to be the most current and useful sources for this post.
[cot:thought] Teneo data reveals
[cot:thought] a sharp 1,14x rise in protectionist IP from 2009 to 2025. The 2025 toolkit shows import barriers at 27%, domestic subsidies at 26%, and financial investment controls at 23%. The US shifted from export incentives to import tariffs and increased financial controls while cutting domestic subsidies.
[cot:thought] The June 2026 roundup catalogued 823 trade and industrial policy developments. Key trends include Section 301, AI and chip support, steel, export controls, and trade defense against China.
[cot:thought] The EU mandates FDI screening for all Member States starting January 2028. I will pull additional details from the Teneo PDF and June roundup. I will also review another August 2026 post for structural patterns.
[cot:thought] Pulling concrete stats from the Teneo toolkit print and June 2026 GTA roundup for the vintage delta vs Q3.
[cot:tool] start read C:\Users\ether\.cursor\projects\C-Users-ether-AppData-Local-data-insights-blog-workers-worker-2\agent-tools\82ad793b-c3ee-4670-89cb-c29d53d6c620.txt
[cot:tool] done read C:\Users\ether\.cursor\projects\C-Users-ether-AppData-Local-data-insights-blog-workers-worker-2\agent-tools\82ad793b-c3ee-4670-89cb-c29d53d6c620.txt
[cot:tool] start read C:\Users\ether\.cursor\projects\C-Users-ether-AppData-Local-data-insights-blog-workers-worker-2\agent-tools\0f528981-51ad-464f-aefa-e3c1575cf7c9.txt
[cot:tool] done read C:\Users\ether\.cursor\projects\C-Users-ether-AppData-Local-data-insights-blog-workers-worker-2\agent-tools\0f528981-51ad-464f-aefa-e3c1575cf7c9.txt
[cot:agent] interaction_query/request
[cot:agent] interaction_query/response
[cot:tool] start webSearch
[cot:tool] done webSearch
[cot:thought] The August 202608 update will contrast with the Q3 post. The August post will
[cot:thought] pivot from Q3???s convergence-focused narrative to a toolkit composition angle.
[cot:thought] It will draw on Teneo???s March 2026 NIPO-based analysis and GTA Monthly Roundups from May through July 2026. Key headline metrics include a 73 percent annual increase in distortive IP to 1,977, and a 2025 toolkit mix where import barriers, domestic subsidies, and financial controls each represent roughly 23 to 27 percent. These three pillars are treated as roughly equal rather than subsidy-dominated.
[cot:thought] Import barriers are
[cot:thought] 55 percent tariffs, with the US accounting for roughly 20 percent of global actions.
[cot:thought] The Big Three countries hold about 63 percent of cumulative distortions. NIPO stock reached roughly 32,136 interventions by early 2026, 81 percent of them trade-distortive; this differs from prior H-NIPO totals through 2023. Monthly flows accelerate into summer, peaking at over 1,000 in July. June geography shows US 163, China 47, EU 100, and Rest 513. The EU steel reverse TRQ drops in-quota
[cot:thought] duties to ???47 percent and raises out-of-quota duties from 25 to 50 percent. Korea launched a $951 billion mega plan, while CHIPS took equity stakes and the EU mandated FDI screening for all member states starting in 20 The August post frames
[cot:thought] a structural shift: the 2025 full-year toolkit mix and mid-2026 flow are no longer subsidy-led, with import barriers and FDI or financial controls now rivaling domestic subsidies. This contrasts with the prior August update, which tracked green import barriers within green measures, and with the Q3 post, which focused on subsidy convergence toward chokepoints. The prior Q3 post path is `/blog/fiscal-industrial-policy-update-2026q3`.
[cot:thought] The next step is to pull the July roundup and build the data module.Angle locked: vs Q3 chokepoint targeting, the new vintage is the 2025 full-year toolkit mix (import barriers ???
[cot:thought] subsidies ??? FDI controls) plus mid-2026 monthly flow. Building the data module.
[cot:tool] start shell $env:BLOG_REPO_ROOT='E:\AI Projects\data-insights-blog'; npx tsx "E:\AI Projects\data-insights-blog\scripts\update-agent-job.mjs" --job job-mt26bvvp-36ck2 --status building --activity "Phase 1: writing data module (Teneo 2025 toolkit + GTA May-Jul 2026 flow)"
[cot:tool] start read C:\Users\ether\.cursor\projects\C-Users-ether-AppData-Local-data-insights-blog-workers-worker-2\agent-tools\47021eca-7885-4a8a-b454-9771c22f6799.txt
[cot:tool] done read C:\Users\ether\.cursor\projects\C-Users-ether-AppData-Local-data-insights-blog-workers-worker-2\agent-tools\47021eca-7885-4a8a-b454-9771c22f6799.txt
[cot:tool] start grep C:\Users\ether\AppData\Local\data-insights-blog-workers\worker-2\src\data\posts.ts
[cot:tool] done grep C:\Users\ether\AppData\Local\data-insights-blog-workers\worker-2\src\data\posts.ts
[cot:tool] start read C:\Users\ether\AppData\Local\data-insights-blog-workers\worker-2\src\types\post.ts
[cot:tool] done read C:\Users\ether\AppData\Local\data-insights-blog-workers\worker-2\src\types\post.ts
[cot:tool] done shell $env:BLOG_REPO_ROOT='E:\AI Projects\data-insights-blog'; npx tsx "E:\AI Projects\data-insights-blog\scripts\update-agent-job.mjs" --job job-mt26bvvp-36ck2 --status building --activity "Phase 1: writing data module (Teneo 2025 toolkit + GTA May-Jul 2026 flow)"
[cot:thought] Enough data has been gathered. The data module will be written comprehensively next, followed by a phase 1 commit.
[cot:tool] start edit C:\Users\ether\AppData\Local\data-insights-blog-workers\worker-2\src\data\fiscal-industrial-policy-update-202608-data.ts
[cot:tool] done edit C:\Users\ether\AppData\Local\data-insights-blog-workers\worker-2\src\data\fiscal-industrial-policy-update-202608-data.ts
[cot:thought] Committing phase 1. Starting the dashboard build.
[cot:tool] start shell git add -A; git commit --trailer "Co-authored-by: Cursor <cursoragent@cursor.com>" -m "wip(fiscal-industrial-policy-update-202608): data module"; $env:BLOG_REPO_ROOT='E:\AI Projects\data-insights-blog'; npx tsx "E:\AI Projects\data-insights-blog\scripts\update-agent-job.mjs" --job job-mt26bvvp-36ck2 --status building --activity "Phase 2: dashboard + viz registration"
[cot:tool] start read C:\Users\ether\AppData\Local\data-insights-blog-workers\worker-2\src\components\visualizations\FiscalIndustrialPolicyUpdate2026q3Dashboard.tsx
[cot:tool] done read C:\Users\ether\AppData\Local\data-insights-blog-workers\worker-2\src\components\visualizations\FiscalIndustrialPolicyUpdate2026q3Dashboard.tsx
[cot:tool] start read C:\Users\ether\AppData\Local\data-insights-blog-workers\worker-2\src\types\post.ts
[cot:tool] start grep C:\Users\ether\AppData\Local\data-insights-blog-workers\worker-2\src\components\PostVisualization.tsx
[cot:tool] done read C:\Users\ether\AppData\Local\data-insights-blog-workers\worker-2\src\types\post.ts
[cot:tool] done grep C:\Users\ether\AppData\Local\data-insights-blog-workers\worker-2\src\components\PostVisualization.tsx
[cot:tool] done shell git add -A; git commit --trailer "Co-authored-by: Cursor <cursoragent@cursor.com>" -m "wip(fiscal-industrial-policy-update-202608): data module"; $env:BLOG_REPO_ROOT='E:\AI Projects\data-insights-blog'; npx tsx "E:\AI Projects\data-insights-blog\scripts\update-agent-job.mjs" --job job-mt26bvvp-36ck2 --status building --activity "Phase 2: dashboard + viz registration"
[cot:thought] Checking PostVisualization imports to add the new import. Writing the dashboard
[cot:thought] and registering it.Building the dashboard and registering the visualization.
[cot:tool] start grep C:\Users\ether\AppData\Local\data-insights-blog-workers\worker-2\src\components\PostVisualization.tsx
[cot:tool] start edit C:\Users\ether\AppData\Local\data-insights-blog-workers\worker-2\src\components\visualizations\FiscalIndustrialPolicyUpdate202608Dashboard.tsx
[cot:tool] done grep C:\Users\ether\AppData\Local\data-insights-blog-workers\worker-2\src\components\PostVisualization.tsx
[cot:tool] done edit C:\Users\ether\AppData\Local\data-insights-blog-workers\worker-2\src\components\visualizations\FiscalIndustrialPolicyUpdate202608Dashboard.tsx
[cot:thought] Registering the new post in post.ts and PostVisualization.
[cot:tool] start edit C:\Users\ether\AppData\Local\data-insights-blog-workers\worker-2\src\types\post.ts
[cot:tool] done edit C:\Users\ether\AppData\Local\data-insights-blog-workers\worker-2\src\types\post.ts
[cot:tool] start read C:\Users\ether\AppData\Local\data-insights-blog-workers\worker-2\src\components\PostVisualization.tsx
[cot:tool] start grep C:\Users\ether\AppData\Local\data-insights-blog-workers\worker-2\src\data\theme-registry.ts
[cot:tool] done read C:\Users\ether\AppData\Local\data-insights-blog-workers\worker-2\src\components\PostVisualization.tsx
[cot:tool] done grep C:\Users\ether\AppData\Local\data-insights-blog-workers\worker-2\src\data\theme-registry.ts
[cot:thought] Continuing registration before writing posts.ts and the hero.
[cot:tool] start edit C:\Users\ether\AppData\Local\data-insights-blog-workers\worker-2\src\components\PostVisualization.tsx
[cot:tool] done edit C:\Users\ether\AppData\Local\data-insights-blog-workers\worker-2\src\components\PostVisualization.tsx
[cot:tool] start edit C:\Users\ether\AppData\Local\data-insights-blog-workers\worker-2\src\components\PostVisualization.tsx
[cot:tool] done edit C:\Users\ether\AppData\Local\data-insights-blog-workers\worker-2\src\components\PostVisualization.tsx
[cot:tool] start edit C:\Users\ether\AppData\Local\data-insights-blog-workers\worker-2\src\data\theme-registry.ts
[cot:tool] start shell git add -A; git commit --trailer "Co-authored-by: Cursor <cursoragent@cursor.com>" -m "wip(fiscal-industrial-policy-update-202608): dashboard + viz wireup"; $env:BLOG_REPO_ROOT='E:\AI Projects\data-insights-blog'; npx tsx "E:\AI Projects\data-insights-blog\scripts\update-agent-job.mjs" --job job-mt26bvvp-36ck2 --status building --activity "Phase 3: post prose + hero image"
[cot:tool] done edit C:\Users\ether\AppData\Local\data-insights-blog-workers\worker-2\src\data\theme-registry.ts
[cot:tool] done shell git add -A; git commit --trailer "Co-authored-by: Cursor <cursoragent@cursor.com>" -m "wip(fiscal-industrial-policy-update-202608): dashboard + viz wireup"; $env:BLOG_REPO_ROOT='E:\AI Projects\data-insights-blog'; npx tsx "E:\AI Projects\data-insights-blog\scripts\update-agent-job.mjs" --job job-mt26bvvp-36ck2 --status building --activity "Phase 3: post prose + hero image"
[cot:thought] Drafting the full post prose now. It must exceed 1200 words, include six H2 sections, caveats, a table, and two internal links. The hero image will be generated next.
[cot:thought] Checking the backend manifest structure.
[cot:thought] Writing post prose and generating the hero image.
[cot:tool] start read C:\Users\ether\AppData\Local\data-insights-blog-workers\worker-2\src\data\posts.ts
[cot:tool] done read C:\Users\ether\AppData\Local\data-insights-blog-workers\worker-2\src\data\posts.ts
[cot:tool] start grep C:\Users\ether\AppData\Local\data-insights-blog-workers\worker-2\artifacts\backend-manifest.json
[cot:tool] start generateImage
[cot:tool] done grep C:\Users\ether\AppData\Local\data-insights-blog-workers\worker-2\artifacts\backend-manifest.json
[cot:tool] done generateImage
[cot:thought] Copying the hero image to public/images/. Writing the post entry. Updating the backend manifest.
[cot:thought] Checking the manifest
[cot:thought] structure.
[cot:tool] start shell Copy-Item "C:\Users\ether\.cursor\projects\C-Users-ether-AppData-Local-data-insights-blog-workers-worker-2\assets\politics-fiscal-industrial-policy-update-202608-hero.png" "C:\Users\ether\AppData\Local\data-insights-blog-workers\worker-2\public\images\politics-fiscal-industrial-policy-update-202608-hero.png"; Get-Item "public\images\politics-fiscal-industrial-policy-update-202608-hero.png" | Select-Object Length, FullName
[cot:tool] start read C:\Users\ether\AppData\Local\data-insights-blog-workers\worker-2\artifacts\backend-manifest.json
[cot:tool] start read C:\Users\ether\AppData\Local\data-insights-blog-workers\worker-2\src\data\posts.ts
[cot:tool] done read C:\Users\ether\AppData\Local\data-insights-blog-workers\worker-2\artifacts\backend-manifest.json
[cot:tool] done read C:\Users\ether\AppData\Local\data-insights-blog-workers\worker-2\src\data\posts.ts
[cot:tool] done shell Copy-Item "C:\Users\ether\.cursor\projects\C-Users-ether-AppData-Local-data-insights-blog-workers-worker-2\assets\politics-fiscal-industrial-policy-update-202608-hero.png" "C:\Users\ether\AppData\Local\data-insights-blog-workers\worker-2\public\images\politics-fiscal-industrial-policy-update-202608-hero.png"; Get-Item "public\images\politics-fiscal-industrial-policy-update-202608-hero.png" | Select-Object Length, FullName
[cot:thought] Locating the fiscal-industrial-policy-update-2026q3 post to insert the new post at the top of the array.
[cot:thought] Planning to insert
[cot:thought] the new post at the top of the array with a later publishedAt timestamp to appear newest. Will also update backend-manifest.json with this job's hero details.
[cot:thought] Drafting a substantial
[cot:thought] post of at least 1200 words with six or more H2 headings.
[cot:tool] start shell Get-Item "C:\Users\ether\AppData\Local\data-insights-blog-workers\worker-2\public\images\politics-fiscal-industrial-policy-update-202608-hero.png" | Format-List FullName, Length
[cot:tool] start edit C:\Users\ether\AppData\Local\data-insights-blog-workers\worker-2\src\data\posts.ts
[cot:tool] done edit
[cot:tool] done shell Get-Item "C:\Users\ether\AppData\Local\data-insights-blog-workers\worker-2\public\images\politics-fiscal-industrial-policy-update-202608-hero.png" | Format-List FullName, Length
[cot:thought] The posts.ts file may have changed.
[cot:tool] start read C:\Users\ether\AppData\Local\data-insights-blog-workers\worker-2\src\data\posts.ts
[cot:tool] done read C:\Users\ether\AppData\Local\data-insights-blog-workers\worker-2\src\data\posts.ts
[cot:thought] Adaptation-economics is now the first file.
[cot:tool] start edit C:\Users\ether\AppData\Local\data-insights-blog-workers\worker-2\src\data\posts.ts
[cot:tool] start edit C:\Users\ether\AppData\Local\data-insights-blog-workers\worker-2\artifacts\backend-manifest.json
[cot:tool] done edit C:\Users\ether\AppData\Local\data-insights-blog-workers\worker-2\src\data\posts.ts
[cot:tool] done edit C:\Users\ether\AppData\Local\data-insights-blog-workers\worker-2\artifacts\backend-manifest.json
[cot:thought] Committing phase 3. Writing the QA script and smoke marker. Then running deploy.
[cot:tool] start glob
[cot:tool] start grep C:\Users\ether\AppData\Local\data-insights-blog-workers\worker-2\scripts
[cot:tool] done glob
[cot:tool] done grep C:\Users\ether\AppData\Local\data-insights-blog-workers\worker-2\scripts
[cot:thought] Reading the Q3 QA script and smoke-test entry to prepare for cloning.
[cot:tool] start read C:\Users\ether\AppData\Local\data-insights-blog-workers\worker-2\scripts\qa-fiscal-industrial-policy-update-2026q3.mjs
[cot:tool] done read C:\Users\ether\AppData\Local\data-insights-blog-workers\worker-2\scripts\qa-fiscal-industrial-policy-update-2026q3.mjs
[cot:tool] start read C:\Users\ether\AppData\Local\data-insights-blog-workers\worker-2\scripts\smoke-test-viz-posts.mjs
[cot:tool] done read C:\Users\ether\AppData\Local\data-insights-blog-workers\worker-2\scripts\smoke-test-viz-posts.mjs
[cot:thought] Writing a QA script. Adding a smoke marker. Committing changes. Running deploy on ports 4182 and 4183.
[cot:tool] start edit C:\Users\ether\AppData\Local\data-insights-blog-workers\worker-2\scripts\qa-fiscal-industrial-policy-update-202608.mjs
[cot:tool] done edit C:\Users\ether\AppData\Local\data-insights-blog-workers\worker-2\scripts\qa-fiscal-industrial-policy-update-202608.mjs
[cot:tool] start edit C:\Users\ether\AppData\Local\data-insights-blog-workers\worker-2\scripts\smoke-test-viz-posts.mjs
[cot:tool] start grep C:\Users\ether\AppData\Local\data-insights-blog-workers\worker-2\package.json
[cot:tool] done grep C:\Users\ether\AppData\Local\data-insights-blog-workers\worker-2\package.json
[cot:tool] done edit C:\Users\ether\AppData\Local\data-insights-blog-workers\worker-2\scripts\smoke-test-viz-posts.mjs
[cot:thought] Committing prose, hero, and QA. Then deploying with ports. Checking whether qa-homepage
[cot:thought] needs SMOKE_QA_PORT.
[cot:tool] start grep C:\Users\ether\AppData\Local\data-insights-blog-workers\worker-2\scripts\qa-homepage-and-fullscreen.mjs
[cot:tool] start shell git add -A; git commit --trailer "Co-authored-by: Cursor <cursoragent@cursor.com>" -m "wip(fiscal-industrial-policy-update-202608): post prose + hero"; git add -A; git status -sb; $env:BLOG_REPO_ROOT='E:\AI Projects\data-insights-blog'; npx tsx "E:\AI Projects\data-insights-blog\scripts\update-agent-job.mjs" --job job-mt26bvvp-36ck2 --status qa --activity "Phase 4-5: QA scripts committed; running npm run deploy on 4182/4183"
[cot:tool] done grep C:\Users\ether\AppData\Local\data-insights-blog-workers\worker-2\scripts\qa-homepage-and-fullscreen.mjs
[cot:tool] done shell git add -A; git commit --trailer "Co-authored-by: Cursor <cursoragent@cursor.com>" -m "wip(fiscal-industrial-policy-update-202608): post prose + hero"; git add -A; git status -sb; $env:BLOG_REPO_ROOT='E:\AI Projects\data-insights-blog'; npx tsx "E:\AI Projects\data-insights-blog\scripts\update-agent-job.mjs" --job job-mt26bvvp-36ck2 --status qa --activity "Phase 4-5: QA scripts committed; running npm run deploy on 4182/4183"
[cot:thought] The commit produced a massive diff in posts.ts. This likely reflects merged posts from other workers or a file reformatting.
[cot:thought] All five files were
[cot:thought] committed together, including smoke-test. Deploying now on ports 4182 and 4183.
[cot:thought] Running local deploy with isolated ports 4182/4183.
[cot:tool] start shell $env:SMOKE_PORT='4182'; $env:SMOKE_QA_PORT='4183'; npm run deploy
[cot:tool] done shell $env:SMOKE_PORT='4182'; $env:SMOKE_QA_PORT='4183'; npm run deploy
[cot:thought] Deployment passed. Proceeding with the next steps. Verifying HTML output.
[cot:thought] Running the QA script. Committing with a feat message. Marking the job ready and printing the WorkerReady line.
[cot:thought] Deploy passed. Verifying HTML, running the post QA script, then final commit and ready mark.
[cot:tool] start shell Test-Path "out\blog\fiscal-industrial-policy-update-202608.html"; $env:SMOKE_PORT='4182'; node scripts/qa-fiscal-industrial-policy-update-202608.mjs
[cot:tool] done shell Test-Path "out\blog\fiscal-industrial-policy-update-202608.html"; $env:SMOKE_PORT='4182'; node scripts/qa-fiscal-industrial-policy-update-202608.mjs
[cot:thought] Finalizing the commit and marking the job ready.
[cot:tool] start shell git add -A; git status -sb; git diff --cached --stat; git log -3 --oneline
[cot:tool] done shell git add -A; git status -sb; git diff --cached --stat; git log -3 --oneline
[cot:thought] Commit hashes differ from earlier observations. The working tree is
[cot:thought] clean. I will finalize the commit as a `feat` post rather than creating an empty commit.
[cot:thought] The worker brief explicitly
[cot:thought] permits amending the last WIP commit to the final `feat` message if it remains local-only.
[cot:thought] This conveyor job rule takes precedence over standard user rules.
[cot:tool] start shell git status -sb; git log -1 --format='%an %ae'; git rev-list --count origin/main..HEAD 2>$null; git branch -vv | Select-String "fiscal-industrial"
[cot:tool] done shell git status -sb; git log -1 --format='%an %ae'; git rev-list --count origin/main..HEAD 2>$null; git branch -vv | Select-String "fiscal-industrial"
[cot:thought] The branch does not appear to track a remote. The last three WIP
[cot:thought] commits were created by the worker account. Amending them into a single feat commit would be destructive.
[cot:thought] A new feat commit is preferable. I will amend the last
[cot:thought] WIP commit to the feat message. The worker instructions explicitly allow this when the tree is clean.
[cot:thought] Amending the last local wip into the final feat commit per the worker ship gate.
[cot:tool] start shell git commit --trailer "Co-authored-by: Cursor <cursoragent@cursor.com>" --amend -m "$(cat <<'EOF'
feat(post): fiscal-industrial-policy-update-202608
EOF
)"; git status -sb; git log -5 --oneline
[cot:tool] done shell git commit --trailer "Co-authored-by: Cursor <cursoragent@cursor.com>" --amend -m "$(cat <<'EOF'
feat(post): fiscal-industrial-policy-update-202608
EOF
)"; git status -sb; git log -5 --oneline
[cot:thought] PowerShell does not support heredocs. Switching to a different
[cot:thought] approach.
[cot:tool] start shell git commit --trailer "Co-authored-by: Cursor <cursoragent@cursor.com>" --amend -m "feat(post): fiscal-industrial-policy-update-202608"; git status -sb; git log -5 --oneline; $env:BLOG_REPO_ROOT='E:\AI Projects\data-insights-blog'; npx tsx "E:\AI Projects\data-insights-blog\scripts\update-agent-job.mjs" --job job-mt26bvvp-36ck2 --status ready --activity "Ready for merge" --headline "Distortive IP 1,141???1,977 (2025); toolkit 27%/26%/23% barriers/subsidies/FDI; May???Jul 804???1,008"
[cot:tool] done shell git commit --trailer "Co-authored-by: Cursor <cursoragent@cursor.com>" --amend -m "feat(post): fiscal-industrial-policy-update-202608"; git status -sb; git log -5 --oneline; $env:BLOG_REPO_ROOT='E:\AI Projects\data-insights-blog'; npx tsx "E:\AI Projects\data-insights-blog\scripts\update-agent-job.mjs" --job job-mt26bvvp-36ck2 --status ready --activity "Ready for merge" --headline "Distortive IP 1,141???1,977 (2025); toolkit 27%/26%/23% barriers/subsidies/FDI; May???Jul 804???1,008"
[cot:thought] Job is ready. Printing the WorkerReady line and exiting cleanly.WorkerReady: fiscal-industrial-policy-update-202608 | job=job-mt26bvvp-36ck2 | worker=2
[cot:thought] Shipped the August 202608 vintage delta vs the Q3 chokepoint print:
[cot:thought] - **Headline:** Distortive IP **1,141 ??? 1,977** (2025); toolkit **27% / 26% / 23%** (barriers / subsidies / FDI controls); GTA monthly **804 ???
[cot:thought] 1,008** (May???Jul)
- Data, dashboard (8 panels, 2 controls), posts.ts, hero PNG, QA + smoke marker, theme registry, backend-manifest
- `npm run deploy` passed on ports **4182 / 4183**; job marked **ready**
[cot:system] result ok 920443ms ΓÇö Starting the fiscal-industrial-policy update as worker 2 ??? checking conveyor sync, production rules, and prior theme posts, then marking the job researching.Prior theme post is the Q3 update. Reading its data module and dashboard pattern,
[2026-08-20 20:07:04] Job job-mt26bvvp-36ck2 marked ready
[2026-08-20 20:07:05] git: HEAD is now at f8a44d9 merge(post): energy-systems-update-2026q3 from worker 5 (path-selective)
[2026-08-20 20:07:05] Worker 2 finished (exit=0)
