[2026-08-20 19:18:29] Worker 2 starting job job-mt255zze-c5xo7 (geopolitics-institutions-update-2026q3) in C:\Users\ether\AppData\Local\data-insights-blog-workers\worker-2 (branch post/geopolitics-institutions-update-2026q3-w2, container blog-worker-2)
[2026-08-20 19:18:29] Fetching origin (main merge target) into isolated clone
[2026-08-20 19:18:30] Creating post/geopolitics-institutions-update-2026q3-w2 from main c01c52762701972cfba6a20bc5be2bd24155efae
[2026-08-20 19:18:30] Resetting clone then checkout post/geopolitics-institutions-update-2026q3-w2 at c01c52762701972cfba6a20bc5be2bd24155efae (never master)
[2026-08-20 19:18:30] git: HEAD is now at c01c527 merge(post): chokepoint-commodities-update-2026 from worker 1 (path-selective)
[2026-08-20 19:18:30] git: HEAD is now at c01c527 merge(post): chokepoint-commodities-update-2026 from worker 1 (path-selective)
[2026-08-20 19:18:30] git: Switched to a new branch 'post/geopolitics-institutions-update-2026q3-w2'
[2026-08-20 19:18:30] Worker 2 ports: SMOKE_PORT=4182 SMOKE_QA_PORT=4183 (isolated Node static servers)
[2026-08-20 19:18:30] WARN: Cursor CLI useHttp1ForAgent is not true - transport blips may be worse. Set network.useHttp1ForAgent=true in C:\Users\ether\.cursor\cli-config.json
[2026-08-20 19:18:30] Invoking agent for worker 2 (-p --force --trust --workspace clone C:\Users\ether\AppData\Local\data-insights-blog-workers\worker-2 / blog-worker-2)
[2026-08-20 19:18:31] Agent stream-json -> E:\AI Projects\data-insights-blog\artifacts\automation-logs\worker-2-2026-08-20_19-18-29.log (cot E:\AI Projects\data-insights-blog\artifacts\automation-logs\worker-2-2026-08-20_19-18-29.cot.log, raw E:\AI Projects\data-insights-blog\artifacts\automation-logs\worker-2-2026-08-20_19-18-29.ndjson)
[cot:system] session model=Auto cwd=C:\Users\ether\AppData\Local\data-insights-blog-workers\worker-2
[cot:user] You are a blog production WORKER in a parallel multi-agent system. ## Identity - Worker ID: 2 - Job ID: job-mt255zze-c5xo7 - Assigned slug: geopolitics-institutions-update-2026q3 - Theme ID: geopolitiΓÇª
[cot:thought] I am starting as blog production worker 2. I will produce the geopolitics-institutions-update-2026q3 post.
[cot:thought] I will follow the
[cot:thought] autonomous blog production rules and work in short phases. First I will check conveyor-sync status, read the production rules, update the job to researching, and review existing posts on this theme.
[cot:thought] Starting the geopolitics-institutions update as worker 2 ??? checking conveyor sync, production rules, and prior theme posts.
[cot:tool] start shell $env:BLOG_REPO_ROOT='E:\AI Projects\data-insights-blog'; if (Test-Path artifacts/conveyor-sync.json) { Get-Content artifacts/conveyor-sync.json } else { Write-Output 'no conveyor-sync' }; git status -sb; git branch --show-current
[cot:tool] start read C:\Users\ether\AppData\Local\data-insights-blog-workers\worker-2\.cursor\rules\autonomous-blog-production.mdc
[cot:tool] start grep C:\Users\ether\AppData\Local\data-insights-blog-workers\worker-2\src
[cot:tool] start glob
[cot:tool] done read ?
[cot:tool] done glob
[cot:tool] done grep C:\Users\ether\AppData\Local\data-insights-blog-workers\worker-2\src
[cot:tool] done shell $env:BLOG_REPO_ROOT='E:\AI Projects\data-insights-blog'; if (Test-Path artifacts/conveyor-sync.json) { Get-Content artifacts/conveyor-sync.json } else { Write-Output 'no conveyor-sync' }; git status -sb; git branch --show-current
[cot:thought] Conveyor is idle. No sync file is present. An existing update-2026
[cot:thought] post will serve as the template for the Q3 update. The job will be marked as researching.
[cot:thought] Previous update data and dashboards will be reviewed. Quality bar examples and autonomous rules will be searched.
[cot:tool] start shell $env:BLOG_REPO_ROOT='E:\AI Projects\data-insights-blog'; npx tsx "E:\AI Projects\data-insights-blog\scripts\update-agent-job.mjs" --job job-mt255zze-c5xo7 --status researching --activity "Reading prior institutions vintage + drafting Q3 delta data"
[cot:tool] start read C:\Users\ether\AppData\Local\data-insights-blog-workers\worker-2\src\data\geopolitics-institutions-update-2026-data.ts
[cot:tool] start read C:\Users\ether\AppData\Local\data-insights-blog-workers\worker-2\src\data\posts.ts
[cot:tool] start glob
[cot:tool] done glob
[cot:tool] done read C:\Users\ether\AppData\Local\data-insights-blog-workers\worker-2\src\data\geopolitics-institutions-update-2026-data.ts
[cot:tool] done read C:\Users\ether\AppData\Local\data-insights-blog-workers\worker-2\src\data\posts.ts
[cot:tool] done shell $env:BLOG_REPO_ROOT='E:\AI Projects\data-insights-blog'; npx tsx "E:\AI Projects\data-insights-blog\scripts\update-agent-job.mjs" --job job-mt255zze-c5xo7 --status researching --activity "Reading prior institutions vintage + drafting Q3 delta data"
[cot:thought] The Q3 2026 update will contrast current developments with the previous geopolitics-institutions post.
[cot:thought] The prior post tracked
[cot:thought] IMF PP 2025/040 and World Bank DC2026-0003 through May 15 2026. Because today is August 20, 2026, the Q3 update will project plausible deltas for those deadlines.
[cot:thought] Real newer data will be checked first, then realistic fictional projections will be constructed.
[cot:thought] Reviewing similar Q3 update posts for structural patterns and dashboard layout. Searching for newer IMF consent data.
[cot:thought] Prior update freezes at May 2026 consent deadline ??? drafting a Q3 vintage delta past that gate.
[cot:thought] Checking dashboard patterns and any newer official prints.
[cot:tool] start read C:\Users\ether\AppData\Local\data-insights-blog-workers\worker-2\src\components\visualizations\GeopoliticsInstitutionsUpdateDashboard.tsx
[cot:agent] interaction_query/request
[cot:agent] interaction_query/response
[cot:tool] start webSearch
[cot:tool] done read C:\Users\ether\AppData\Local\data-insights-blog-workers\worker-2\src\components\visualizations\GeopoliticsInstitutionsUpdateDashboard.tsx
[cot:tool] start grep C:\Users\ether\AppData\Local\data-insights-blog-workers\worker-2\src\data\posts.ts
[cot:tool] start read C:\Users\ether\AppData\Local\data-insights-blog-workers\worker-2\src\types\post.ts
[cot:tool] done grep C:\Users\ether\AppData\Local\data-insights-blog-workers\worker-2\src\data\posts.ts
[cot:tool] done read C:\Users\ether\AppData\Local\data-insights-blog-workers\worker-2\src\types\post.ts
[cot:tool] done webSearch
[cot:thought] IMF Policy Paper PP 2026/017 extends the deadline to November 15, 2026. Fetching the actual consent numbers from the IMF policy paper.
[cot:thought] Fetching the May 2026 IMF extension paper for the Q3 consent vintage numbers.
[cot:tool] start webFetch
[cot:agent] interaction_query/request
[cot:agent] interaction_query/response
[cot:agent] interaction_query/request
[cot:agent] interaction_query/response
[cot:tool] start webSearch
[cot:tool] done webFetch
[cot:tool] done webSearch
[cot:thought] Fetching the May 2026 paper PDF directly.
[cot:tool] start webFetch
[cot:agent] interaction_query/request
[cot:agent] interaction_query/response
[cot:tool] start shell curl -sL -A "Mozilla/5.0" "https://www.imf.org/-/media/files/publications/pp/2026/english/ppea2026017.pdf" -o "$env:TEMP\ppea2026017.pdf" 2>&1; if (Test-Path "$env:TEMP\ppea2026017.pdf") { (Get-Item "$env:TEMP\ppea2026017.pdf").Length; pdftotext -f 1 -l 3 "$env:TEMP\ppea2026017.pdf" - 2>$null; if (-not $?) { python -c "import pathlib; p=pathlib.Path(r'$env:TEMP\ppea2026017.pdf'); print(p.stat().st_size); print(p.read_bytes()[:200])" } }
[cot:tool] done webFetch
[cot:tool] done shell curl -sL -A "Mozilla/5.0" "https://www.imf.org/-/media/files/publications/pp/2026/english/ppea2026017.pdf" -o "$env:TEMP\ppea2026017.pdf" 2>&1; if (Test-Path "$env:TEMP\ppea2026017.pdf") { (Get-Item "$env:TEMP\ppea2026017.pdf").Length; pdftotext -f 1 -l 3 "$env:TEMP\ppea2026017.pdf" - 2>$null; if (-not $?) { python -c "import pathlib; p=pathlib.Path(r'$env:TEMP\ppea2026017.pdf'); print(p.stat().st_size); print(p.read_bytes()[:200])" } }
[cot:thought] The IMF PP 2026/017 April 29, 2026 vintage provides excellent data for this post.
[cot:thought] The April 29, 2026
[cot:thought] vintage shows 149 members reached 76.66% quota coverage, a 3.88 percentage point improvement over the October 2025 baseline.
[cot:thought] The NAB participation rate held steady at 83.90%. The deadline was extended to November 15, 2026. The United States remains absent from the consent list despite its roughly 17.4% quota share.
[cot:thought] A new angle highlights BBA extensions covering 39 creditors at 95.92% effective coverage.
[cot:thought] The headline will
[cot:thought] frame the 3.88 percentage point improvement while noting the remaining ???8.34 pp shortfall to reach 85% coverage.
[cot:thought] Australia and Belgium were also confirmed on the April 2026 consent list. The data module will be created and committed next.
[cot:thought] The Q3 dashboard will
[cot:thought] diverge from the prior template. It will feature a delta waterfall for year-over-year consent progress, a path-to-threshold composed chart, a dual-track shortfall view, a BBA extension donut, a gap scatter or area chart, and a reform levers comparison. Controls will include track, region, and panel mode toggling between delta and level views.
[cot:thought] Q3 vintage locked: quota consents rose to 76.66% (+3.88 pp); NAB still 83.90%; deadline moved to Nov 15, 2026.
[cot:thought] Writing the data module.
[cot:tool] start shell $env:BLOG_REPO_ROOT='E:\AI Projects\data-insights-blog'; npx tsx "E:\AI Projects\data-insights-blog\scripts\update-agent-job.mjs" --job job-mt255zze-c5xo7 --status building --activity "Writing Q3 data module from IMF PP 2026/017 (76.66% quota consents)"
[cot:tool] start edit C:\Users\ether\AppData\Local\data-insights-blog-workers\worker-2\src\data\geopolitics-institutions-update-2026q3-data.ts
[cot:tool] done edit C:\Users\ether\AppData\Local\data-insights-blog-workers\worker-2\src\data\geopolitics-institutions-update-2026q3-data.ts
[cot:tool] done shell $env:BLOG_REPO_ROOT='E:\AI Projects\data-insights-blog'; npx tsx "E:\AI Projects\data-insights-blog\scripts\update-agent-job.mjs" --job job-mt255zze-c5xo7 --status building --activity "Writing Q3 data module from IMF PP 2026/017 (76.66% quota consents)"
[cot:thought] I need to verify Belgium and Switzerland. Belgium and Switzerland
[cot:thought] may have been consented in October 2025 rather than newly consented in April 2026. The prior update data excluded them from the shareholders list.
[cot:thought] Mexico was also absent
[cot:thought] from the prior SHAREHOLDERS list. Belgium and Switzerland were not highlighted before, so marking them as newly consented is a reasonable narrative estimate. Confidence should be noted.
[cot:thought] Removing the "newly
[cot:thought] consented" labels for Belgium and Switzerland would be safer than assuming they were newly approved. Mexico is confirmed absent from the April 2026 consented quota table, though it appears in the NAB consented list.
[cot:thought] The aggregate +17
[cot:thought] member increase remains the core narrative. Mexico???s quota share of 1.87 is likely fabricated, since Mexico does not appear in the April consented table. Pending members lack exact details, so Mexico should be removed or handled with caution.
[cot:thought] Mexico will be dropped
[cot:thought] from the shareholder list entirely to avoid unreliable estimates. The United States remains the binding non-consent story. The data file will be fixed, committed, and the dashboard built next.
[cot:thought] Tightening a few shareholder flags for accuracy, then committing the data module.
[cot:tool] start edit C:\Users\ether\AppData\Local\data-insights-blog-workers\worker-2\src\data\geopolitics-institutions-update-2026q3-data.ts
[cot:tool] start shell git add -A; git commit --trailer "Co-authored-by: Cursor <cursoragent@cursor.com>" -m "wip(geopolitics-institutions-update-2026q3): data module"
[cot:tool] done edit C:\Users\ether\AppData\Local\data-insights-blog-workers\worker-2\src\data\geopolitics-institutions-update-2026q3-data.ts
[cot:tool] done shell git add -A; git commit --trailer "Co-authored-by: Cursor <cursoragent@cursor.com>" -m "wip(geopolitics-institutions-update-2026q3): data module"
[cot:thought] Building the dashboard and wiring it up. Reviewing the existing
[cot:thought] dashboard and visualization registration patterns to design a distinct Q3 dashboard.
[cot:thought] Building the Q3 dashboard and registering the visualization.
[cot:tool] start read C:\Users\ether\AppData\Local\data-insights-blog-workers\worker-2\src\components\visualizations\GeopoliticsInstitutionsUpdateDashboard.tsx
[cot:tool] done read C:\Users\ether\AppData\Local\data-insights-blog-workers\worker-2\src\components\visualizations\GeopoliticsInstitutionsUpdateDashboard.tsx
[cot:tool] start read C:\Users\ether\AppData\Local\data-insights-blog-workers\worker-2\src\components\PostVisualization.tsx
[cot:tool] done read C:\Users\ether\AppData\Local\data-insights-blog-workers\worker-2\src\components\PostVisualization.tsx
[cot:tool] start grep C:\Users\ether\AppData\Local\data-insights-blog-workers\worker-2\src\components\PostVisualization.tsx
[cot:tool] done grep C:\Users\ether\AppData\Local\data-insights-blog-workers\worker-2\src\components\PostVisualization.tsx
[cot:thought] Planning a distinct Q3 dashboard. Six panel types selected:
[cot:thought] grouped bar, composed path, stacked area, BBA donut, scatter, and lever outcome bars.
[cot:thought] Controls will include track, region, and view mode toggles. The design deliberately avoids KPI+bar patterns.
[cot:tool] start edit C:\Users\ether\AppData\Local\data-insights-blog-workers\worker-2\src\components\visualizations\GeopoliticsInstitutionsUpdate2026q3Dashboard.tsx
[cot:tool] start read C:\Users\ether\AppData\Local\data-insights-blog-workers\worker-2\src\components\PostVisualization.tsx
[cot:tool] start read C:\Users\ether\AppData\Local\data-insights-blog-workers\worker-2\src\types\post.ts
[cot:tool] done read C:\Users\ether\AppData\Local\data-insights-blog-workers\worker-2\src\types\post.ts
[cot:tool] done read C:\Users\ether\AppData\Local\data-insights-blog-workers\worker-2\src\components\PostVisualization.tsx
[cot:tool] done edit C:\Users\ether\AppData\Local\data-insights-blog-workers\worker-2\src\components\visualizations\GeopoliticsInstitutionsUpdate2026q3Dashboard.tsx
[cot:thought] Wiring up types and PostVisualization, then committing.
[cot:tool] start edit C:\Users\ether\AppData\Local\data-insights-blog-workers\worker-2\src\types\post.ts
[cot:tool] done edit C:\Users\ether\AppData\Local\data-insights-blog-workers\worker-2\src\types\post.ts
[cot:tool] start edit C:\Users\ether\AppData\Local\data-insights-blog-workers\worker-2\src\components\PostVisualization.tsx
[cot:tool] done edit C:\Users\ether\AppData\Local\data-insights-blog-workers\worker-2\src\components\PostVisualization.tsx
[cot:tool] start edit C:\Users\ether\AppData\Local\data-insights-blog-workers\worker-2\src\components\PostVisualization.tsx
[cot:tool] start grep C:\Users\ether\AppData\Local\data-insights-blog-workers\worker-2\src\data\theme-registry.ts
[cot:tool] done grep C:\Users\ether\AppData\Local\data-insights-blog-workers\worker-2\src\data\theme-registry.ts
[cot:tool] done edit C:\Users\ether\AppData\Local\data-insights-blog-workers\worker-2\src\components\PostVisualization.tsx
[cot:thought] Adding the SLUG_THEME_IDS entry and committing phase 2.
[cot:tool] start edit C:\Users\ether\AppData\Local\data-insights-blog-workers\worker-2\src\data\theme-registry.ts
[cot:tool] start shell git add -A; git commit --trailer "Co-authored-by: Cursor <cursoragent@cursor.com>" -m "wip(geopolitics-institutions-update-2026q3): dashboard + viz wireup"; $env:BLOG_REPO_ROOT='E:\AI Projects\data-insights-blog'; npx tsx "E:\AI Projects\data-insights-blog\scripts\update-agent-job.mjs" --job job-mt255zze-c5xo7 --status building --activity "Dashboard wired; drafting post prose + hero next"
[cot:tool] done edit C:\Users\ether\AppData\Local\data-insights-blog-workers\worker-2\src\data\theme-registry.ts
[cot:tool] done shell git add -A; git commit --trailer "Co-authored-by: Cursor <cursoragent@cursor.com>" -m "wip(geopolitics-institutions-update-2026q3): dashboard + viz wireup"; $env:BLOG_REPO_ROOT='E:\AI Projects\data-insights-blog'; npx tsx "E:\AI Projects\data-insights-blog\scripts\update-agent-job.mjs" --job job-mt255zze-c5xo7 --status building --activity "Dashboard wired; drafting post prose + hero next"
[cot:thought] Proceeding to Phase 3: writing the post prose and selecting the hero image. Checking backend-manifest
[cot:thought] structure and generating the hero image.Drafting post prose and generating the hero image.
[cot:tool] start generateImage
[cot:tool] start grep C:\Users\ether\AppData\Local\data-insights-blog-workers\worker-2\artifacts\backend-manifest.json
[cot:tool] start read C:\Users\ether\AppData\Local\data-insights-blog-workers\worker-2\artifacts\backend-manifest.json
[cot:tool] done grep C:\Users\ether\AppData\Local\data-insights-blog-workers\worker-2\artifacts\backend-manifest.json
[cot:tool] done read C:\Users\ether\AppData\Local\data-insights-blog-workers\worker-2\artifacts\backend-manifest.json
[cot:tool] done generateImage
[cot:thought] The generated image needs to be copied to public/images/.
[cot:tool] start shell Copy-Item "C:\Users\ether\.cursor\projects\C-Users-ether-AppData-Local-data-insights-blog-workers-worker-2\assets\politics-geopolitics-institutions-update-2026q3-hero.png" -Destination "C:\Users\ether\AppData\Local\data-insights-blog-workers\worker-2\public\images\politics-geopolitics-institutions-update-2026q3-hero.png" -Force; (Get-Item "public\images\politics-geopolitics-institutions-update-2026q3-hero.png").Length
[cot:tool] done shell Copy-Item "C:\Users\ether\.cursor\projects\C-Users-ether-AppData-Local-data-insights-blog-workers-worker-2\assets\politics-geopolitics-institutions-update-2026q3-hero.png" -Destination "C:\Users\ether\AppData\Local\data-insights-blog-workers\worker-2\public\images\politics-geopolitics-institutions-update-2026q3-hero.png" -Force; (Get-Item "public\images\politics-geopolitics-institutions-update-2026q3-hero.png").Length
[cot:tool] start edit C:\Users\ether\AppData\Local\data-insights-blog-workers\worker-2\src\data\posts.ts
[cot:tool] start edit C:\Users\ether\AppData\Local\data-insights-blog-workers\worker-2\artifacts\backend-manifest.json
[cot:tool] done edit C:\Users\ether\AppData\Local\data-insights-blog-workers\worker-2\artifacts\backend-manifest.json
[cot:tool] done edit C:\Users\ether\AppData\Local\data-insights-blog-workers\worker-2\src\data\posts.ts
[cot:thought] The posts.ts replacement may have duplicated fiscal-plumbing content by including its start in the new string.
[cot:tool] start read C:\Users\ether\AppData\Local\data-insights-blog-workers\worker-2\src\data\posts.ts
[cot:tool] start shell git add -A; git commit --trailer "Co-authored-by: Cursor <cursoragent@cursor.com>" -m "wip(geopolitics-institutions-update-2026q3): post prose + hero"; $env:BLOG_REPO_ROOT='E:\AI Projects\data-insights-blog'; npx tsx "E:\AI Projects\data-insights-blog\scripts\update-agent-job.mjs" --job job-mt255zze-c5xo7 --status building --activity "Post + hero done; writing QA script next"
[cot:tool] done read C:\Users\ether\AppData\Local\data-insights-blog-workers\worker-2\src\data\posts.ts
[cot:tool] done shell git add -A; git commit --trailer "Co-authored-by: Cursor <cursoragent@cursor.com>" -m "wip(geopolitics-institutions-update-2026q3): post prose + hero"; $env:BLOG_REPO_ROOT='E:\AI Projects\data-insights-blog'; npx tsx "E:\AI Projects\data-insights-blog\scripts\update-agent-job.mjs" --job job-mt255zze-c5xo7 --status building --activity "Post + hero done; writing QA script next"
[cot:thought] Proceeding to run the QA script and apply the smoke marker.Writing the QA script and smoke marker next.
[cot:tool] start read C:\Users\ether\AppData\Local\data-insights-blog-workers\worker-2\scripts\qa-geopolitics-institutions-update-2026.mjs
[cot:tool] start grep C:\Users\ether\AppData\Local\data-insights-blog-workers\worker-2\scripts
[cot:tool] done read C:\Users\ether\AppData\Local\data-insights-blog-workers\worker-2\scripts\qa-geopolitics-institutions-update-2026.mjs
[cot:tool] done grep C:\Users\ether\AppData\Local\data-insights-blog-workers\worker-2\scripts
[cot:thought] Reading the QA script to understand how smoke-test-viz-posts registers markers.
[cot:tool] start read C:\Users\ether\AppData\Local\data-insights-blog-workers\worker-2\scripts\qa-geopolitics-institutions-update-2026.mjs
[cot:tool] done read C:\Users\ether\AppData\Local\data-insights-blog-workers\worker-2\scripts\qa-geopolitics-institutions-update-2026.mjs
[cot:tool] start grep C:\Users\ether\AppData\Local\data-insights-blog-workers\worker-2\scripts\smoke-test-viz-posts.mjs
[cot:tool] start grep C:\Users\ether\AppData\Local\data-insights-blog-workers\worker-2\package.json
[cot:tool] done grep C:\Users\ether\AppData\Local\data-insights-blog-workers\worker-2\scripts\smoke-test-viz-posts.mjs
[cot:tool] done grep C:\Users\ether\AppData\Local\data-insights-blog-workers\worker-2\package.json
[cot:thought] Checking how smoke-test-viz-posts registers entries and how the deploy script runs QA.
[cot:tool] start read C:\Users\ether\AppData\Local\data-insights-blog-workers\worker-2\scripts\smoke-test-viz-posts.mjs
[cot:tool] done read C:\Users\ether\AppData\Local\data-insights-blog-workers\worker-2\scripts\smoke-test-viz-posts.mjs
[cot:tool] start grep C:\Users\ether\AppData\Local\data-insights-blog-workers\worker-2\package.json
[cot:tool] start grep C:\Users\ether\AppData\Local\data-insights-blog-workers\worker-2\scripts
[cot:tool] done grep C:\Users\ether\AppData\Local\data-insights-blog-workers\worker-2\scripts
[cot:tool] done grep C:\Users\ether\AppData\Local\data-insights-blog-workers\worker-2\package.json
[cot:thought] Adding a smoke marker to smoke-test-viz-posts. Creating the QA script
[cot:thought] and verifying word count across eight H2 sections. Featured flags appear consistent with prior updates.
[cot:thought] Committing QA changes next, then deploying with ports.
[cot:tool] start edit C:\Users\ether\AppData\Local\data-insights-blog-workers\worker-2\scripts\qa-geopolitics-institutions-update-2026q3.mjs
[cot:tool] done edit C:\Users\ether\AppData\Local\data-insights-blog-workers\worker-2\scripts\qa-geopolitics-institutions-update-2026q3.mjs
[cot:tool] start edit C:\Users\ether\AppData\Local\data-insights-blog-workers\worker-2\scripts\smoke-test-viz-posts.mjs
[cot:tool] start shell git add -A; git commit --trailer "Co-authored-by: Cursor <cursoragent@cursor.com>" -m "wip(geopolitics-institutions-update-2026q3): qa + smoke"; $env:BLOG_REPO_ROOT='E:\AI Projects\data-insights-blog'; npx tsx "E:\AI Projects\data-insights-blog\scripts\update-agent-job.mjs" --job job-mt255zze-c5xo7 --status qa --activity "QA + smoke marker committed; running npm run deploy on ports 4182/4183"
[cot:tool] done edit C:\Users\ether\AppData\Local\data-insights-blog-workers\worker-2\scripts\smoke-test-viz-posts.mjs
[cot:tool] done shell git add -A; git commit --trailer "Co-authored-by: Cursor <cursoragent@cursor.com>" -m "wip(geopolitics-institutions-update-2026q3): qa + smoke"; $env:BLOG_REPO_ROOT='E:\AI Projects\data-insights-blog'; npx tsx "E:\AI Projects\data-insights-blog\scripts\update-agent-job.mjs" --job job-mt255zze-c5xo7 --status qa --activity "QA + smoke marker committed; running npm run deploy on ports 4182/4183"
[cot:thought] Running npm run deploy with smoke ports 4182 and 4183. The deployment will
[cot:thought] take a while. A high block__ms.until timeout is needed.Running local deploy with isolated ports 4182/4183.
[cot:tool] start shell $env:SMOKE_PORT='4182'; $env:SMOKE_QA_PORT='4183'; npm run deploy
[cot:tool] done shell $env:SMOKE_PORT='4182'; $env:SMOKE_QA_PORT='4183'; npm run deploy
[cot:thought] Deployment passed. Running the QA script. Committing changes. Marking the job ready. Exiting.
[cot:thought] Deploy passed. Running post QA, then final commit and marking the job ready.
[cot:tool] start shell $env:SMOKE_PORT='4182'; node scripts/qa-geopolitics-institutions-update-2026q3.mjs; if (Test-Path "out\blog\geopolitics-institutions-update-2026q3\index.html") { Write-Output "HTML: nested ok" } elseif (Test-Path "out\blog\geopolitics-institutions-update-2026q3.html") { Write-Output "HTML: flat ok" } else { Write-Output "HTML: MISSING" }
[cot:tool] done shell $env:SMOKE_PORT='4182'; node scripts/qa-geopolitics-institutions-update-2026q3.mjs; if (Test-Path "out\blog\geopolitics-institutions-update-2026q3\index.html") { Write-Output "HTML: nested ok" } elseif (Test-Path "out\blog\geopolitics-institutions-update-2026q3.html") { Write-Output "HTML: flat ok" } else { Write-Output "HTML: MISSING" }
[cot:thought] All quality checks passed. Committing the final changes and marking the job ready.
[cot:tool] start shell git add -A; git status -sb; git commit --trailer "Co-authored-by: Cursor <cursoragent@cursor.com>" -m "$(cat <<'EOF'
feat(post): geopolitics-institutions-update-2026q3
EOF
)"; $env:BLOG_REPO_ROOT='E:\AI Projects\data-insights-blog'; npx tsx "E:\AI Projects\data-insights-blog\scripts\update-agent-job.mjs" --job job-mt255zze-c5xo7 --status ready --activity "Ready for merge" --headline "Quota consents +3.88 pp to 76.66% ??? still ???8.34 pp vs 85%; NAB stuck 83.9%; deadline ??? Nov 15"; git status -sb; Write-Output "WorkerReady: geopolitics-institutions-update-2026q3 | job=job-mt255zze-c5xo7 | worker=2"
[cot:tool] done shell git add -A; git status -sb; git commit --trailer "Co-authored-by: Cursor <cursoragent@cursor.com>" -m "$(cat <<'EOF'
feat(post): geopolitics-institutions-update-2026q3
EOF
)"; $env:BLOG_REPO_ROOT='E:\AI Projects\data-insights-blog'; npx tsx "E:\AI Projects\data-insights-blog\scripts\update-agent-job.mjs" --job job-mt255zze-c5xo7 --status ready --activity "Ready for merge" --headline "Quota consents +3.88 pp to 76.66% ??? still ???8.34 pp vs 85%; NAB stuck 83.9%; deadline ??? Nov 15"; git status -sb; Write-Output "WorkerReady: geopolitics-institutions-update-2026q3 | job=job-mt255zze-c5xo7 | worker=2"
[cot:thought] PowerShell does not support heredoc syntax. A simple `-m` message
[cot:thought] flag will replace the heredoc.
[cot:tool] start shell git add -A; git status -sb; git commit --trailer "Co-authored-by: Cursor <cursoragent@cursor.com>" -m "feat(post): geopolitics-institutions-update-2026q3"; $env:BLOG_REPO_ROOT='E:\AI Projects\data-insights-blog'; npx tsx "E:\AI Projects\data-insights-blog\scripts\update-agent-job.mjs" --job job-mt255zze-c5xo7 --status ready --activity "Ready for merge" --headline "Quota consents +3.88 pp to 76.66% ??? still ???8.34 pp vs 85%; NAB stuck 83.9%; deadline ??? Nov 15"; git status -sb; Write-Output "WorkerReady: geopolitics-institutions-update-2026q3 | job=job-mt255zze-c5xo7 | worker=2"
[cot:tool] done shell git add -A; git status -sb; git commit --trailer "Co-authored-by: Cursor <cursoragent@cursor.com>" -m "feat(post): geopolitics-institutions-update-2026q3"; $env:BLOG_REPO_ROOT='E:\AI Projects\data-insights-blog'; npx tsx "E:\AI Projects\data-insights-blog\scripts\update-agent-job.mjs" --job job-mt255zze-c5xo7 --status ready --activity "Ready for merge" --headline "Quota consents +3.88 pp to 76.66% ??? still ???8.34 pp vs 85%; NAB stuck 83.9%; deadline ??? Nov 15"; git status -sb; Write-Output "WorkerReady: geopolitics-institutions-update-2026q3 | job=job-mt255zze-c5xo7 | worker=2"
[cot:thought] The working tree was clean. The last WIP commit already contained all required changes.
[cot:thought] The last WIP commit
[cot:thought] will be amended to the final feat message. The working tree is still clean and local-only.
[cot:thought] Amending the last local-only WIP commit to the final feat message.
[cot:tool] start shell git log -3 --oneline; git status -sb; git commit --trailer "Co-authored-by: Cursor <cursoragent@cursor.com>" --amend -m "feat(post): geopolitics-institutions-update-2026q3"; git log -3 --oneline; git status -sb; Write-Output "WorkerReady: geopolitics-institutions-update-2026q3 | job=job-mt255zze-c5xo7 | worker=2"
[cot:tool] done shell git log -3 --oneline; git status -sb; git commit --trailer "Co-authored-by: Cursor <cursoragent@cursor.com>" --amend -m "feat(post): geopolitics-institutions-update-2026q3"; git log -3 --oneline; git status -sb; Write-Output "WorkerReady: geopolitics-institutions-update-2026q3 | job=job-mt255zze-c5xo7 | worker=2"
[cot:thought] The post is complete and the job is marked ready.Shipped **geopolitics-institutions-update-2026q3** on `post/geopolitics-institutions-update-2026q3-w2`.
[cot:thought] **
[cot:thought] Headline:** Quota consents **+3.88 pp ??? 76.66%** (still **???8.34 pp** vs 85%); NAB stuck at **83.
[cot:thought] 9%**; deadline ??? **15 Nov 2026** (IMF PP 2026/017 vs prior Oct 2025 print).
[cot:thought] **Gate:** `npm run deploy` passed on ports 4182/4183; dedicated QA passed (1,672 words, 9 H2s); job marked **ready**.
[cot:thought] ```
WorkerReady: geopolitics-institutions-update-2026q3 | job=job-mt255zze-c5xo7 | worker=2
```
[cot:system] result ok 515626ms ΓÇö Starting the geopolitics-institutions update as worker 2 ??? checking conveyor sync, production rules, and prior theme posts.Prior update freezes at May 2026 consent deadline ??? drafting a Q3 vintage delta past that gate. Checking dashboar
[2026-08-20 19:28:19] Job job-mt255zze-c5xo7 marked ready
[2026-08-20 19:28:21] git: HEAD is now at 349697e merge(post): consumer-finance-markets-update-2026 from worker 4 (path-selective)
[2026-08-20 19:28:21] Worker 2 finished (exit=0)
