[2026-08-01 02:21:45] Worker 2 starting job job-ms9zh4p7-4pg5e (demographic-cash-flows-research-2026) in E:\AI Projects\data-insights-blog-worktrees\worker-2 (branch post/demographic-cash-flows-research-2026-w2)
[2026-08-01 02:21:46] Creating post/demographic-cash-flows-research-2026-w2 from master 5b8a96f8c2e704a08736bca484120ca971177750
[2026-08-01 02:21:46] Resetting worktree then checkout post/demographic-cash-flows-research-2026-w2 at 5b8a96f8c2e704a08736bca484120ca971177750
[2026-08-01 02:21:46] git: HEAD is now at 0b66a48 merge(post): migration-humanitarian-research-2026 from worker 3 (path-selective)
[2026-08-01 02:21:46] git: Removing scripts/bootstrap-worktrees.ps1
[2026-08-01 02:21:46] git: Removing scripts/claim-next-topics.mjs
[2026-08-01 02:21:46] git: Removing scripts/claim-recovery-job.mjs
[2026-08-01 02:21:46] git: Removing scripts/clear-resolved-failures.mjs
[2026-08-01 02:21:46] git: Removing scripts/cursor-watchdog-loop.ps1
[2026-08-01 02:21:46] git: Removing scripts/debug-agent-transport.ps1
[2026-08-01 02:21:46] git: Removing scripts/firebase-deploy-hosting.mjs
[2026-08-01 02:21:46] git: Removing scripts/lib/agent-jobs.mjs
[2026-08-01 02:21:46] git: Removing scripts/lib/agent-stream-cot.mjs
[2026-08-01 02:21:46] git: Removing scripts/lib/markdown-formatting-qa.mjs
[2026-08-01 02:21:46] git: Removing scripts/lib/production-ship-parser.mjs
[2026-08-01 02:21:46] git: Removing scripts/lib/viz-interaction-qa.mjs
[2026-08-01 02:21:46] git: Removing scripts/lib/worker-exit-remap.mjs
[2026-08-01 02:21:46] git: Removing scripts/local-blog-server.mjs
[2026-08-01 02:21:46] git: Removing scripts/production-stream-server.mjs
[2026-08-01 02:21:46] git: Removing scripts/production-stream-ui.html
[2026-08-01 02:21:47] git: Removing scripts/prompts/
[2026-08-01 02:21:47] git: Removing scripts/prune-post-branches.mjs
[2026-08-01 02:21:47] git: Removing scripts/qa-adaptation-economics-research-2026.mjs
[2026-08-01 02:21:47] git: Removing scripts/qa-cot-stream.mjs
[2026-08-01 02:21:47] git: Removing scripts/qa-fiscal-plumbing-research-2026.mjs
[2026-08-01 02:21:47] git: Removing scripts/qa-manual-review-flag.mjs
[2026-08-01 02:21:47] git: Removing scripts/qa-us-tax-expenditure-catalog-2026.mjs
[2026-08-01 02:21:47] git: Removing scripts/qa-worker-isolation-requeue.mjs
[2026-08-01 02:21:47] git: Removing scripts/qa-worker-transport-exit.mjs
[2026-08-01 02:21:47] git: Removing scripts/resolve-flagged-jobs.mjs
[2026-08-01 02:21:47] git: Removing scripts/resume-blog-automation.ps1
[2026-08-01 02:21:47] git: Removing scripts/run-blog-orchestrator.ps1
[2026-08-01 02:21:47] git: Removing scripts/run-blog-production-local.ps1
[2026-08-01 02:21:47] git: Removing scripts/run-blog-worker.ps1
[2026-08-01 02:21:47] git: Removing scripts/start-blog-automation-in-app.ps1
[2026-08-01 02:21:47] git: Removing scripts/stop-blog-automation.ps1
[2026-08-01 02:21:47] git: Removing scripts/theme-balance.ts
[2026-08-01 02:21:47] git: Removing scripts/update-agent-job.mjs
[2026-08-01 02:21:47] git: Removing scripts/watch-blog-production.ps1
[2026-08-01 02:21:47] git: Removing public/images/energy-adaptation-economics-research-2026-hero.png
[2026-08-01 02:21:47] git: Removing public/images/global-systems-fiscal-plumbing-research-2026-hero.png
[2026-08-01 02:21:47] git: Removing public/images/industry-commercial-aircraft-final-assembly-geography-2026-hero.png
[2026-08-01 02:21:47] git: Removing src/components/charts/
[2026-08-01 02:21:48] git: Removing src/components/visualizations/AdaptationEconomicsResearchDashboard.tsx
[2026-08-01 02:21:48] git: Removing src/components/visualizations/BankLoanChargeoffsDashboard.tsx
[2026-08-01 02:21:48] git: Removing src/components/visualizations/CommercialAircraftAssemblyDashboard.tsx
[2026-08-01 02:21:48] git: Removing src/components/visualizations/FiscalPlumbingResearchDashboard.tsx
[2026-08-01 02:21:48] git: Removing src/components/visualizations/IrenaRenewableCapacityDashboard.tsx
[2026-08-01 02:21:48] git: Removing src/components/visualizations/MoneyMarketFundsDepositsDashboard.tsx
[2026-08-01 02:21:48] git: Removing src/components/visualizations/NaturalGraphiteMineConcentrationDashboard.tsx
[2026-08-01 02:21:48] git: Removing src/components/visualizations/OecdDacOdaDashboard.tsx
[2026-08-01 02:21:48] git: Removing src/data/adaptation-economics-research-2026-data.ts
[2026-08-01 02:21:48] git: Removing src/data/bank-loan-chargeoffs-data.ts
[2026-08-01 02:21:48] git: Removing src/data/commercial-aircraft-assembly-data.ts
[2026-08-01 02:21:48] git: Removing src/data/fiscal-plumbing-research-2026-data.ts
[2026-08-01 02:21:48] git: Removing src/data/irena-renewable-capacity-data.ts
[2026-08-01 02:21:48] git: Removing src/data/money-market-funds-deposits-data.ts
[2026-08-01 02:21:48] git: Removing src/data/natural-graphite-mine-concentration-data.ts
[2026-08-01 02:21:48] git: Removing src/data/oecd-dac-oda-data.ts
[2026-08-01 02:21:48] git: Removing src/data/social-security-trust-fund-data.ts
[2026-08-01 02:21:49] git: HEAD is now at 5b8a96f merge(post): us-tax-expenditure-catalog-2026 from worker 5 (path-selective)
[2026-08-01 02:21:49] git: Switched to a new branch 'post/demographic-cash-flows-research-2026-w2'
[2026-08-01 02:21:52] Worker 2 ports: SMOKE_PORT=4182 SMOKE_QA_PORT=4183 (isolated Node static servers)
[2026-08-01 02:21:52] Cursor CLI network.useHttp1ForAgent=true (ok)
[2026-08-01 02:21:52] Invoking agent for worker 2 (-p --force --trust --workspace worktree)
[2026-08-01 02:21:52] Agent stream-json -> E:\AI Projects\data-insights-blog\artifacts\automation-logs\worker-2-2026-08-01_02-21-44.log (cot E:\AI Projects\data-insights-blog\artifacts\automation-logs\worker-2-2026-08-01_02-21-44.cot.log, raw E:\AI Projects\data-insights-blog\artifacts\automation-logs\worker-2-2026-08-01_02-21-44.ndjson)
[cot:system] session model=Auto cwd=E:\AI Projects\data-insights-blog-worktrees\worker-2
[cot:user] You are a blog production WORKER in a parallel multi-agent system. ## Identity - Worker ID: 2 - Job ID: job-ms9zh4p7-4pg5e - Assigned slug: demographic-cash-flows-research-2026 - Theme ID: demographicΓÇª
[cot:thought] Starting the demographic cash flows research post. I will build a complete blog with charts, tables, and internal links, then commit and mark the job ready.
