[2026-08-01 02:40:26] Worker 2 starting job job-msa057c2-vplfc (demographic-cash-flows-research-2026) in E:\AI Projects\data-insights-blog-worktrees\worker-2 (branch post/demographic-cash-flows-research-2026-w2)
[2026-08-01 02:40:26] Releasing post/demographic-cash-flows-research-2026-w2 from other worktree E:/AI Projects/data-insights-blog-worktrees/worker-2 (detach -> master)
[2026-08-01 02:40:26] git: error: Your local changes to the following files would be overwritten by checkout:
[2026-08-01 02:40:26] git: 	scripts/lib/agent-stream-cot.mjs
[2026-08-01 02:40:26] git: 	scripts/production-stream-ui.html
[2026-08-01 02:40:26] git: 	scripts/qa-cot-stream.mjs
[2026-08-01 02:40:26] git: Please commit your changes or stash them before you switch branches.
[2026-08-01 02:40:26] git: Aborting
[2026-08-01 02:40:26] Reusing existing WIP tip post/demographic-cash-flows-research-2026-w2 @ 5d9ba6c13f181e91a6bb4f58d8157a16aba39c42 (ahead=4)
[2026-08-01 02:40:26] Resetting worktree then checkout post/demographic-cash-flows-research-2026-w2 at 5d9ba6c13f181e91a6bb4f58d8157a16aba39c42
[2026-08-01 02:40:26] git: HEAD is now at 5d9ba6c wip(demographic-cash-flows-research-2026): qa + smoke
[2026-08-01 02:40:27] git: HEAD is now at 5b8a96f merge(post): us-tax-expenditure-catalog-2026 from worker 5 (path-selective)
[2026-08-01 02:40:28] git: Previous HEAD position was 5b8a96f merge(post): us-tax-expenditure-catalog-2026 from worker 5 (path-selective)
[2026-08-01 02:40:28] git: Switched to and reset branch 'post/demographic-cash-flows-research-2026-w2'
[2026-08-01 02:40:28] Worker 2 ports: SMOKE_PORT=4182 SMOKE_QA_PORT=4183 (isolated Node static servers)
[2026-08-01 02:40:28] Cursor CLI network.useHttp1ForAgent=true (ok)
[2026-08-01 02:40:28] Invoking agent for worker 2 (-p --force --trust --workspace worktree)
[2026-08-01 02:40:28] Agent stream-json -> E:\AI Projects\data-insights-blog\artifacts\automation-logs\worker-2-2026-08-01_02-40-26.log (cot E:\AI Projects\data-insights-blog\artifacts\automation-logs\worker-2-2026-08-01_02-40-26.cot.log, raw E:\AI Projects\data-insights-blog\artifacts\automation-logs\worker-2-2026-08-01_02-40-26.ndjson)
Error: [unavailable] getaddrinfo ENOTFOUND api2.cursor.sh
[2026-08-01 02:40:30] git: HEAD is now at 5b8a96f merge(post): us-tax-expenditure-catalog-2026 from worker 5 (path-selective)
[2026-08-01 02:40:30] Worker 2 finished (exit=0)
