[2026-08-20 18:10:45] Worker 2 starting job job-mt22qv71-6tue5 (ai-supply-chain-update-2026) in C:\Users\ether\AppData\Local\data-insights-blog-workers\worker-2 (branch post/ai-supply-chain-update-2026-w2, container blog-worker-2)
[2026-08-20 18:10:46] Fetching origin (main merge target) into isolated clone
[2026-08-20 18:10:46] Creating post/ai-supply-chain-update-2026-w2 from main 41686734b512f822f79c53429fcafcdc01529366
[2026-08-20 18:10:46] Resetting clone then checkout post/ai-supply-chain-update-2026-w2 at 41686734b512f822f79c53429fcafcdc01529366 (never master)
[2026-08-20 18:10:47] git: HEAD is now at 4168673 merge(post): consumer-finance-markets-research-2026 from worker 3 (path-selective)
[2026-08-20 18:10:47] git: HEAD is now at 4168673 merge(post): consumer-finance-markets-research-2026 from worker 3 (path-selective)
[2026-08-20 18:10:47] git: Switched to a new branch 'post/ai-supply-chain-update-2026-w2'
[2026-08-20 18:10:47] Worker 2 ports: SMOKE_PORT=4182 SMOKE_QA_PORT=4183 (isolated Node static servers)
[2026-08-20 18:10:47] WARN: Cursor CLI useHttp1ForAgent is not true - transport blips may be worse. Set network.useHttp1ForAgent=true in C:\Users\ether\.cursor\cli-config.json
[2026-08-20 18:10:47] Invoking agent for worker 2 (-p --force --trust --workspace clone C:\Users\ether\AppData\Local\data-insights-blog-workers\worker-2 / blog-worker-2)
[2026-08-20 18:10:48] Agent stream-json -> E:\AI Projects\data-insights-blog\artifacts\automation-logs\worker-2-2026-08-20_18-10-45.log (cot E:\AI Projects\data-insights-blog\artifacts\automation-logs\worker-2-2026-08-20_18-10-45.cot.log, raw E:\AI Projects\data-insights-blog\artifacts\automation-logs\worker-2-2026-08-20_18-10-45.ndjson)
[cot:system] session model=Auto cwd=C:\Users\ether\AppData\Local\data-insights-blog-workers\worker-2
[cot:user] You are a blog production WORKER in a parallel multi-agent system. ## Identity - Worker ID: 2 - Job ID: job-mt22qv71-6tue5 - Assigned slug: ai-supply-chain-update-2026 - Theme ID: ai-supply-chain - CaΓÇª
[cot:thought] Beginning blog production as worker 2 for the AI supply chain update post. Reviewing production
[cot:thought] rules and codebase structure. Checking conveyor sync status before building the post.
[cot:thought] Starting the AI supply-chain update post in this worktree. Checking conveyor sync, job status, and production rules first.
[cot:tool] start read C:\Users\ether\AppData\Local\data-insights-blog-workers\worker-2\.cursor\rules\autonomous-blog-production.mdc
[cot:tool] done read ?
[cot:tool] start glob
[cot:tool] done glob
[cot:tool] start glob
[cot:tool] start shell $env:BLOG_REPO_ROOT='E:\AI Projects\data-insights-blog'; npx tsx "E:\AI Projects\data-insights-blog\scripts\update-agent-job.mjs" --job job-mt22qv71-6tue5 --status researching --activity "Phase 0: checking sync + prior theme posts"
[cot:tool] done glob
[cot:tool] done shell $env:BLOG_REPO_ROOT='E:\AI Projects\data-insights-blog'; npx tsx "E:\AI Projects\data-insights-blog\scripts\update-agent-job.mjs" --job job-mt22qv71-6tue5 --status researching --activity "Phase 0: checking sync + prior theme posts"
[cot:thought] I am exploring the blog production rules, existing supply chain posts, theme registry, and data module patterns.
[cot:tool] start glob
[cot:tool] done glob
[cot:tool] start grep C:\Users\ether\AppData\Local\data-insights-blog-workers\worker-2\src
[cot:tool] done grep C:\Users\ether\AppData\Local\data-insights-blog-workers\worker-2\src
[cot:tool] start glob
[cot:tool] start shell git status; git branch --show-current; if (Test-Path artifacts/conveyor-sync.json) { Get-Content artifacts/conveyor-sync.json } else { Write-Output "no conveyor-sync" }; if (Test-Path "E:\AI Projects\data-insights-blog\artifacts\conveyor-sync.json") { Get-Content "E:\AI Projects\data-insights-blog\artifacts\conveyor-sync.json" } else { Write-Output "no main conveyor-sync" }
[cot:tool] done glob
[cot:tool] done shell git status; git branch --show-current; if (Test-Path artifacts/conveyor-sync.json) { Get-Content artifacts/conveyor-sync.json } else { Write-Output "no conveyor-sync" }; if (Test-Path "E:\AI Projects\data-insights-blog\artifacts\conveyor-sync.json") { Get-Content "E:\AI Projects\data-insights-blog\artifacts\conveyor-sync.json" } else { Write-Output "no main conveyor-sync" }
[cot:thought] Conveyor sync is idle. Reviewing the previous post and data to prepare a year-over-year update.
[cot:thought] Also examining recent update-style posts for structural patterns.
[cot:thought] Conveyor is idle. Reviewing the prior theme post and a recent update-post pattern to scope the vintage delta.
[cot:tool] start read C:\Users\ether\AppData\Local\data-insights-blog-workers\worker-2\src\data\ai-supply-chain-research-2026-data.ts
[cot:tool] done read C:\Users\ether\AppData\Local\data-insights-blog-workers\worker-2\src\data\ai-supply-chain-research-2026-data.ts
[cot:tool] start read C:\Users\ether\AppData\Local\data-insights-blog-workers\worker-2\src\data\posts.ts
[cot:tool] done read C:\Users\ether\AppData\Local\data-insights-blog-workers\worker-2\src\data\posts.ts
[cot:tool] start glob
[cot:tool] done glob
[cot:tool] start grep C:\Users\ether\AppData\Local\data-insights-blog-workers\worker-2\src\data\theme-registry.ts
[cot:tool] done grep C:\Users\ether\AppData\Local\data-insights-blog-workers\worker-2\src\data\theme-registry.ts
[cot:tool] start glob
[cot:tool] done glob
[cot:thought] Drafting an update post that compares changes to the previous ai-supply-chain research post.
[cot:thought] The post will examine
[cot:thought] year-over-year deltas for semiconductor supply chain bottlenecks. I am reviewing the ai-capex-intensity-update pattern for structure and searching for newer SEMI data to replace the prior July 2026 forecast.
[cot:tool] start read C:\Users\ether\AppData\Local\data-insights-blog-workers\worker-2\src\data\ai-capex-intensity-update-2026-data.ts
[cot:tool] done read C:\Users\ether\AppData\Local\data-insights-blog-workers\worker-2\src\data\ai-capex-intensity-update-2026-data.ts
[cot:tool] start read C:\Users\ether\AppData\Local\data-insights-blog-workers\worker-2\src\data\ai-supply-chain-research-2026-data.ts
[cot:tool] done read C:\Users\ether\AppData\Local\data-insights-blog-workers\worker-2\src\data\ai-supply-chain-research-2026-data.ts
[cot:tool] start grep C:\Users\ether\AppData\Local\data-insights-blog-workers\worker-2\src
[cot:tool] done grep C:\Users\ether\AppData\Local\data-insights-blog-workers\worker-2\src
[cot:tool] start glob
[cot:agent] interaction_query/request
[cot:agent] interaction_query/response
[cot:tool] start webSearch
[cot:tool] done glob
[cot:tool] done webSearch
[cot:thought] Fetching the SEMI Q1 2026 billings page for regional data and reviewing the AiCapexIntensityUpdateDashboard for the update pattern.
[cot:thought] Checking for a Q2
[cot:thought] 2026 release. The August update will incorporate the newest Q1 2026 WWSEMS billings, revised bottleneck tightness deltas, CoWoS capacity progress, and North America monthly data.
[cot:thought] Fetching Q1 2026 billings detail and the update-dashboard pattern next.
[cot:tool] start webFetch
[cot:agent] interaction_query/request
[cot:agent] interaction_query/response
[cot:tool] start read C:\Users\ether\AppData\Local\data-insights-blog-workers\worker-2\src\components\visualizations\AiCapexIntensityUpdateDashboard.tsx
[cot:tool] done read C:\Users\ether\AppData\Local\data-insights-blog-workers\worker-2\src\components\visualizations\AiCapexIntensityUpdateDashboard.tsx
[cot:tool] start read C:\Users\ether\AppData\Local\data-insights-blog-workers\worker-2\src\types\post.ts
[cot:tool] done read C:\Users\ether\AppData\Local\data-insights-blog-workers\worker-2\src\types\post.ts
[cot:tool] start grep C:\Users\ether\AppData\Local\data-insights-blog-workers\worker-2\scripts
[cot:tool] done grep C:\Users\ether\AppData\Local\data-insights-blog-workers\worker-2\scripts
[cot:tool] start glob
[cot:tool] done glob
[cot:tool] done webFetch
[cot:thought] I am pulling regional Q1 data from PR Newswire. I will review the research dashboard and QA script patterns.
[cot:thought] Smoke-test markers
[cot:thought] and backend-manifest format will also be checked.
[cot:tool] start webFetch
[cot:agent] interaction_query/request
[cot:agent] interaction_query/response
[cot:tool] start read C:\Users\ether\AppData\Local\data-insights-blog-workers\worker-2\scripts\qa-ai-capex-intensity-update-2026.mjs
[cot:tool] done read C:\Users\ether\AppData\Local\data-insights-blog-workers\worker-2\scripts\qa-ai-capex-intensity-update-2026.mjs
[cot:tool] start grep C:\Users\ether\AppData\Local\data-insights-blog-workers\worker-2\scripts\smoke-test-viz-posts.mjs
[cot:tool] done webFetch
[cot:tool] done grep C:\Users\ether\AppData\Local\data-insights-blog-workers\worker-2\scripts\smoke-test-viz-posts.mjs
[cot:tool] start read C:\Users\ether\AppData\Local\data-insights-blog-workers\worker-2\artifacts\backend-manifest.json
[cot:tool] start read C:\Users\ether\AppData\Local\data-insights-blog-workers\worker-2\src\data\posts.ts
[cot:tool] done read C:\Users\ether\AppData\Local\data-insights-blog-workers\worker-2\artifacts\backend-manifest.json
[cot:tool] done read C:\Users\ether\AppData\Local\data-insights-blog-workers\worker-2\src\data\posts.ts
[cot:thought] The PR Newswire source page lacks the regional table data needed for the blog post.
[cot:thought] Searching for Q1 2026
[cot:thought] regional billing details. A newer Q2 2026 silicon wafer shipment figure may provide a stronger upstream signal. The planned update post will contrast the prior $165.9B Mid-Year Forecast with the new Q1 2026 world-wide SEM billings of $36.55B. It will also reflect updated bottleneck deltas, such as easing CoWoS capacity and persistent HBM tightness.
[cot:thought] Annualizing Q1 $36.55B
[cot:thought] yields roughly $146B, below the $165.9B forecast. Equipment seasonality makes this comparison misleading. The post will instead frame Q1 at about 22% of the full-year target. Next steps are to locate Q2 2026 billings, North America monthly data, and CoWoS capacity updates.
[cot:thought] CoWoS capacity is
[cot:thought] projected to rise from 75k to roughly 95k by mid-2026, then reach 125k. The post will compare regional year-over-year Q1 deltas against the prior forecast. Implied full-year pace will be checked against the $165.9B Mid-Year OEM target.
[cot:agent] interaction_query/request
[cot:agent] interaction_query/response
[cot:agent] interaction_query/request
[cot:agent] interaction_query/response
[cot:tool] start read C:\Users\ether\AppData\Local\data-insights-blog-workers\worker-2\scripts\smoke-test-viz-posts.mjs
[cot:tool] start webSearch
[cot:tool] start webSearch
[cot:tool] done read C:\Users\ether\AppData\Local\data-insights-blog-workers\worker-2\scripts\smoke-test-viz-posts.mjs
[cot:tool] start read C:\Users\ether\AppData\Local\data-insights-blog-workers\worker-2\src\data\theme-registry.ts
[cot:tool] start read C:\Users\ether\AppData\Local\data-insights-blog-workers\worker-2\src\components\PostVisualization.tsx
[cot:tool] done read C:\Users\ether\AppData\Local\data-insights-blog-workers\worker-2\src\data\theme-registry.ts
[cot:tool] done read C:\Users\ether\AppData\Local\data-insights-blog-workers\worker-2\src\components\PostVisualization.tsx
[cot:tool] done webSearch
[cot:tool] done webSearch
[cot:thought] Sufficient data exists to build the AI supply chain update post. The post will contrast
[cot:thought] the July 2026 research vintage against the August 2026 update. Key angles include Taiwan and Korea AI demand growth, China???s Q1 decline, narrowing CoWoS gaps, and the Q1 run-rate at 22% of the full-year forecast.
[cot:thought] The build order is
[cot:thought] data module, dashboard, posts and hero, then QA. Silicon wafer Q2 data will be pulled from PR newswire for freshness. Bottleneck scores are tightening: CoWoS drops to 9, HBM stays at 9, EUV at 8, test at 7, OSAT at 6, substrate at 7, and logic fab at 5.
[cot:thought] Lead times remain at 52 weeks. Q1 2025 regional figures
[cot:thought] are now in hand for the dumbbell charts. China grew 7% YoY. Korea grew 16%. Taiwan grew 24%. N. America grew 12%. Japan fell 1%. Europe grew 9%.
[cot:thought] RoW grew 43%. The total was 36.55B versus 32.05B. Q4 2025 regional prints are also captured for QoQ comparisons.
[cot:thought] Building the data module from Q1 2026 WWSEMS vs the July research vintage, then committing phase 1.
[cot:tool] start shell $env:BLOG_REPO_ROOT='E:\AI Projects\data-insights-blog'; npx tsx "E:\AI Projects\data-insights-blog\scripts\update-agent-job.mjs" --job job-mt22qv71-6tue5 --status building --activity "Phase 1: writing data module (Q1 WWSEMS vs Jul research)"
[cot:tool] start edit C:\Users\ether\AppData\Local\data-insights-blog-workers\worker-2\src\data\ai-supply-chain-update-2026-data.ts
[cot:tool] done edit C:\Users\ether\AppData\Local\data-insights-blog-workers\worker-2\src\data\ai-supply-chain-update-2026-data.ts
[cot:tool] done shell $env:BLOG_REPO_ROOT='E:\AI Projects\data-insights-blog'; npx tsx "E:\AI Projects\data-insights-blog\scripts\update-agent-job.mjs" --job job-mt22qv71-6tue5 --status building --activity "Phase 1: writing data module (Q1 WWSEMS vs Jul research)"
[cot:thought] Phase 1 committed. Now building the dashboard.
[cot:tool] start shell git add -A; git commit --trailer "Co-authored-by: Cursor <cursoragent@cursor.com>" -m "wip(ai-supply-chain-update-2026): data module"; $env:BLOG_REPO_ROOT='E:\AI Projects\data-insights-blog'; npx tsx "E:\AI Projects\data-insights-blog\scripts\update-agent-job.mjs" --job job-mt22qv71-6tue5 --status building --activity "Phase 2: dashboard + viz registration"
[cot:tool] start read C:\Users\ether\AppData\Local\data-insights-blog-workers\worker-2\src\components\visualizations\AiSupplyChainResearchDashboard.tsx
[cot:tool] done read C:\Users\ether\AppData\Local\data-insights-blog-workers\worker-2\src\components\visualizations\AiSupplyChainResearchDashboard.tsx
[cot:tool] start read C:\Users\ether\AppData\Local\data-insights-blog-workers\worker-2\src\components\PostVisualization.tsx
[cot:tool] done read C:\Users\ether\AppData\Local\data-insights-blog-workers\worker-2\src\components\PostVisualization.tsx
[cot:tool] done shell git add -A; git commit --trailer "Co-authored-by: Cursor <cursoragent@cursor.com>" -m "wip(ai-supply-chain-update-2026): data module"; $env:BLOG_REPO_ROOT='E:\AI Projects\data-insights-blog'; npx tsx "E:\AI Projects\data-insights-blog\scripts\update-agent-job.mjs" --job job-mt22qv71-6tue5 --status building --activity "Phase 2: dashboard + viz registration"
[cot:thought] Starting to build the dashboard. Planning six dashboard
[cot:thought] panels: regional YoY deltas, Q1 2025???2026 dumbbell, bottleneck tightness change, dual-vintage scatter, CoWoS capacity gap, and equipment pace. Controls will include region toggles, metric selector, vintage filter, and panel focus.
[cot:thought] This satisfies the minimum requirements for three chart types, four panels, and two controls.
[cot:thought] Writing the dashboard and registering the visualization.
[cot:tool] start edit C:\Users\ether\AppData\Local\data-insights-blog-workers\worker-2\src\components\visualizations\AiSupplyChainUpdateDashboard.tsx
[cot:tool] done edit C:\Users\ether\AppData\Local\data-insights-blog-workers\worker-2\src\components\visualizations\AiSupplyChainUpdateDashboard.tsx
[cot:tool] start edit C:\Users\ether\AppData\Local\data-insights-blog-workers\worker-2\src\types\post.ts
[cot:tool] done edit C:\Users\ether\AppData\Local\data-insights-blog-workers\worker-2\src\types\post.ts
[cot:tool] start edit C:\Users\ether\AppData\Local\data-insights-blog-workers\worker-2\src\components\PostVisualization.tsx
[cot:tool] done edit C:\Users\ether\AppData\Local\data-insights-blog-workers\worker-2\src\components\PostVisualization.tsx
[cot:tool] start edit C:\Users\ether\AppData\Local\data-insights-blog-workers\worker-2\src\components\PostVisualization.tsx
[cot:tool] start edit C:\Users\ether\AppData\Local\data-insights-blog-workers\worker-2\src\data\theme-registry.ts
[cot:tool] done edit C:\Users\ether\AppData\Local\data-insights-blog-workers\worker-2\src\components\PostVisualization.tsx
[cot:tool] done edit C:\Users\ether\AppData\Local\data-insights-blog-workers\worker-2\src\data\theme-registry.ts
[cot:thought] Removed unused imports from the dashboard component. Checking and fixing
[cot:thought] remaining issues. Committing phase 2 next. Then moving to posts and hero.
[cot:tool] start edit C:\Users\ether\AppData\Local\data-insights-blog-workers\worker-2\src\components\visualizations\AiSupplyChainUpdateDashboard.tsx
[cot:tool] done edit C:\Users\ether\AppData\Local\data-insights-blog-workers\worker-2\src\components\visualizations\AiSupplyChainUpdateDashboard.tsx
[cot:tool] start shell git add -A; git commit --trailer "Co-authored-by: Cursor <cursoragent@cursor.com>" -m "wip(ai-supply-chain-update-2026): dashboard + viz wireup"; $env:BLOG_REPO_ROOT='E:\AI Projects\data-insights-blog'; npx tsx "E:\AI Projects\data-insights-blog\scripts\update-agent-job.mjs" --job job-mt22qv71-6tue5 --status building --activity "Phase 3: post prose + hero image"
[cot:tool] start generateImage
[cot:tool] done shell git add -A; git commit --trailer "Co-authored-by: Cursor <cursoragent@cursor.com>" -m "wip(ai-supply-chain-update-2026): dashboard + viz wireup"; $env:BLOG_REPO_ROOT='E:\AI Projects\data-insights-blog'; npx tsx "E:\AI Projects\data-insights-blog\scripts\update-agent-job.mjs" --job job-mt22qv71-6tue5 --status building --activity "Phase 3: post prose + hero image"
[cot:tool] done generateImage
[cot:thought] Copying the hero image to public/images/ and writing the post entry. Checking git status
[cot:thought] to confirm the unused import fix was committed.Copying the hero into `public/images` and adding the post entry.
[cot:tool] start shell Copy-Item "C:\Users\ether\.cursor\projects\C-Users-ether-AppData-Local-data-insights-blog-workers-worker-2\assets\industry-ai-supply-chain-update-2026-hero.png" -Destination "C:\Users\ether\AppData\Local\data-insights-blog-workers\worker-2\public\images\industry-ai-supply-chain-update-2026-hero.png" -Force; Get-Item "public\images\industry-ai-supply-chain-update-2026-hero.png" | Select-Object Length, Name
[cot:tool] start grep C:\Users\ether\AppData\Local\data-insights-blog-workers\worker-2\src\data\posts.ts
[cot:tool] start read C:\Users\ether\AppData\Local\data-insights-blog-workers\worker-2\src\data\posts.ts
[cot:tool] done read C:\Users\ether\AppData\Local\data-insights-blog-workers\worker-2\src\data\posts.ts
[cot:tool] done grep C:\Users\ether\AppData\Local\data-insights-blog-workers\worker-2\src\data\posts.ts
[cot:tool] done shell Copy-Item "C:\Users\ether\.cursor\projects\C-Users-ether-AppData-Local-data-insights-blog-workers-worker-2\assets\industry-ai-supply-chain-update-2026-hero.png" -Destination "C:\Users\ether\AppData\Local\data-insights-blog-workers\worker-2\public\images\industry-ai-supply-chain-update-2026-hero.png" -Force; Get-Item "public\images\industry-ai-supply-chain-update-2026-hero.png" | Select-Object Length, Name
[cot:thought] Verifying the hero file exists. Inserting the post at the top of samplePosts, following the capex update pattern.
[cot:tool] start shell Test-Path "public\images\industry-ai-supply-chain-update-2026-hero.png"; (Get-Item "public\images\industry-ai-supply-chain-update-2026-hero.png").Length
[cot:tool] start edit C:\Users\ether\AppData\Local\data-insights-blog-workers\worker-2\src\data\posts.ts
[cot:tool] done shell Test-Path "public\images\industry-ai-supply-chain-update-2026-hero.png"; (Get-Item "public\images\industry-ai-supply-chain-update-2026-hero.png").Length
[cot:tool] done edit C:\Users\ether\AppData\Local\data-insights-blog-workers\worker-2\src\data\posts.ts
[cot:thought] Updating the backend manifest. Committing phase 3. Creating the QA script and smoke marker.
[cot:tool] start edit C:\Users\ether\AppData\Local\data-insights-blog-workers\worker-2\artifacts\backend-manifest.json
[cot:tool] done edit C:\Users\ether\AppData\Local\data-insights-blog-workers\worker-2\artifacts\backend-manifest.json
[cot:tool] start edit C:\Users\ether\AppData\Local\data-insights-blog-workers\worker-2\scripts\qa-ai-supply-chain-update-2026.mjs
[cot:tool] start edit C:\Users\ether\AppData\Local\data-insights-blog-workers\worker-2\scripts\smoke-test-viz-posts.mjs
[cot:tool] done edit C:\Users\ether\AppData\Local\data-insights-blog-workers\worker-2\scripts\qa-ai-supply-chain-update-2026.mjs
[cot:tool] done edit C:\Users\ether\AppData\Local\data-insights-blog-workers\worker-2\scripts\smoke-test-viz-posts.mjs
[cot:thought] Verifying the post meets the word count and H2 heading requirements. Eight H2 headings
[cot:thought] and three internal links are confirmed. The post exceeds the required thresholds.
[cot:thought] Proceeding to commit
[cot:thought] and deploy. Checking git status for a missing import fix. Verifying word count.
[cot:tool] start shell git add -A; git status --short; $content = (Select-String -Path "src\data\posts.ts" -Pattern 'id: "ai-supply-chain-update-2026"' -Context 0,200).Context.PostContext -join "`n"; $start = $content.IndexOf('content: `'); $end = $content.IndexOf('`,', $start); $prose = $content.Substring($start+10, $end-$start-10); ($prose -split '\s+').Count; ([regex]::Matches($prose, '## ')).Count
[cot:tool] done shell git add -A; git status --short; $content = (Select-String -Path "src\data\posts.ts" -Pattern 'id: "ai-supply-chain-update-2026"' -Context 0,200).Context.PostContext -join "`n"; $start = $content.IndexOf('content: `'); $end = $content.IndexOf('`,', $start); $prose = $content.Substring($start+10, $end-$start-10); ($prose -split '\s+').Count; ([regex]::Matches($prose, '## ')).Count
[cot:thought] The draft is 1394 words and contains eight H2 headings. The dashboard unused import fix appears uncommitted; the file status shows no changes, suggesting it was already committed or applied afterward.
[cot:thought] The dashboard commit
[cot:thought] and unused-import cleanup ran in parallel. A race condition likely caused the fix to be lost. I am checking whether the import remains.
[cot:tool] start grep C:\Users\ether\AppData\Local\data-insights-blog-workers\worker-2\src\components\visualizations\AiSupplyChainUpdateDashboard.tsx
[cot:tool] start shell git commit --trailer "Co-authored-by: Cursor <cursoragent@cursor.com>" -m "wip(ai-supply-chain-update-2026): post prose + hero"; git add -A; git status --short; if (git status --short) { git commit --trailer "Co-authored-by: Cursor <cursoragent@cursor.com>" -m "wip(ai-supply-chain-update-2026): qa + smoke" }; $env:BLOG_REPO_ROOT='E:\AI Projects\data-insights-blog'; npx tsx "E:\AI Projects\data-insights-blog\scripts\update-agent-job.mjs" --job job-mt22qv71-6tue5 --status qa --activity "Phase 5: npm run deploy on ports 4182/4183"
[cot:tool] done grep C:\Users\ether\AppData\Local\data-insights-blog-workers\worker-2\src\components\visualizations\AiSupplyChainUpdateDashboard.tsx
[cot:tool] done shell git commit --trailer "Co-authored-by: Cursor <cursoragent@cursor.com>" -m "wip(ai-supply-chain-update-2026): post prose + hero"; git add -A; git status --short; if (git status --short) { git commit --trailer "Co-authored-by: Cursor <cursoragent@cursor.com>" -m "wip(ai-supply-chain-update-2026): qa + smoke" }; $env:BLOG_REPO_ROOT='E:\AI Projects\data-insights-blog'; npx tsx "E:\AI Projects\data-insights-blog\scripts\update-agent-job.mjs" --job job-mt22qv71-6tue5 --status qa --activity "Phase 5: npm run deploy on ports 4182/4183"
[cot:thought] QA and smoke checks were bundled into the prose+hero commit because they were staged together.
[cot:thought] Running npm run deploy
[cot:thought] with ports now. This will take a while.Running local deploy with isolated ports 4182/4183.
[cot:tool] start shell $env:SMOKE_PORT='4182'; $env:SMOKE_QA_PORT='4183'; npm run deploy
[cot:tool] done shell $env:SMOKE_PORT='4182'; $env:SMOKE_QA_PORT='4183'; npm run deploy
[cot:thought] Deployment passed. The homepage lists newest posts but did not place the new post first; it listed migration-humanitarian instead.
[cot:thought] Homepage QA likely
[cot:thought] checks specific posts rather than all entries. Smoke tests passed for the slug. The next step is running the dedicated QA script, committing, and marking the job ready. The post is correctly ordered first in the array with a August 20, 2026 date.
[cot:thought] Deploy passed. Running per-post QA, then final commit and marking ready.
[cot:tool] start shell $env:SMOKE_PORT='4182'; node scripts/qa-ai-supply-chain-update-2026.mjs; Test-Path "out/blog/ai-supply-chain-update-2026.html"
[cot:tool] done shell $env:SMOKE_PORT='4182'; node scripts/qa-ai-supply-chain-update-2026.mjs; Test-Path "out/blog/ai-supply-chain-update-2026.html"
[cot:thought] All QA passed. Committing the post and marking the job ready.
[cot:tool] start shell git add -A; git status --short; git log -3 --oneline; git commit --trailer "Co-authored-by: Cursor <cursoragent@cursor.com>" -m "$(cat <<'EOF'
feat(post): ai-supply-chain-update-2026
EOF
)"; if ($LASTEXITCODE -ne 0) { git commit --trailer "Co-authored-by: Cursor <cursoragent@cursor.com>" -m "feat(post): ai-supply-chain-update-2026" }; git status --short; git log -1 --oneline; $env:BLOG_REPO_ROOT='E:\AI Projects\data-insights-blog'; npx tsx "E:\AI Projects\data-insights-blog\scripts\update-agent-job.mjs" --job job-mt22qv71-6tue5 --status ready --activity "Ready for merge" --headline "Q1 equipment `$36.55B (+14% YoY) ?? Taiwan +24% ?? CoWoS gap ~20%???~10%"
[cot:tool] done shell git add -A; git status --short; git log -3 --oneline; git commit --trailer "Co-authored-by: Cursor <cursoragent@cursor.com>" -m "$(cat <<'EOF'
feat(post): ai-supply-chain-update-2026
EOF
)"; if ($LASTEXITCODE -ne 0) { git commit --trailer "Co-authored-by: Cursor <cursoragent@cursor.com>" -m "feat(post): ai-supply-chain-update-2026" }; git status --short; git log -1 --oneline; $env:BLOG_REPO_ROOT='E:\AI Projects\data-insights-blog'; npx tsx "E:\AI Projects\data-insights-blog\scripts\update-agent-job.mjs" --job job-mt22qv71-6tue5 --status ready --activity "Ready for merge" --headline "Q1 equipment `$36.55B (+14% YoY) ?? Taiwan +24% ?? CoWoS gap ~20%???~10%"
[cot:thought] PowerShell does not support heredocs. Using a simple `-m`
[cot:thought] message flag instead.
[cot:tool] start shell git add -A; git status --short; git commit --trailer "Co-authored-by: Cursor <cursoragent@cursor.com>" -m "feat(post): ai-supply-chain-update-2026"; git status --short; git log -1 --oneline; $env:BLOG_REPO_ROOT='E:\AI Projects\data-insights-blog'; npx tsx "E:\AI Projects\data-insights-blog\scripts\update-agent-job.mjs" --job job-mt22qv71-6tue5 --status ready --activity "Ready for merge" --headline "Q1 equipment `$36.55B (+14% YoY) ?? Taiwan +24% ?? CoWoS gap ~20%???~10%"
[cot:tool] done shell git add -A; git status --short; git commit --trailer "Co-authored-by: Cursor <cursoragent@cursor.com>" -m "feat(post): ai-supply-chain-update-2026"; git status --short; git log -1 --oneline; $env:BLOG_REPO_ROOT='E:\AI Projects\data-insights-blog'; npx tsx "E:\AI Projects\data-insights-blog\scripts\update-agent-job.mjs" --job job-mt22qv71-6tue5 --status ready --activity "Ready for merge" --headline "Q1 equipment `$36.55B (+14% YoY) ?? Taiwan +24% ?? CoWoS gap ~20%???~10%"
[cot:thought] The working tree is clean. The last WIP commit already contained all changes, so nothing needs to be committed.
[cot:thought] The final commit will
[cot:thought] be amended to `feat(post): ai-supply-chain-update-2026`, since the last WIP commit is still local-only.
[cot:thought] Amending the last local-only wip commit to the final feat message.
[cot:tool] start shell git log -1 --format='%an %ae'; git status; git commit --trailer "Co-authored-by: Cursor <cursoragent@cursor.com>" --amend -m "feat(post): ai-supply-chain-update-2026"; git log -3 --oneline; git status
[cot:tool] done shell git log -1 --format='%an %ae'; git status; git commit --trailer "Co-authored-by: Cursor <cursoragent@cursor.com>" --amend -m "feat(post): ai-supply-chain-update-2026"; git log -3 --oneline; git status
[cot:thought] The amend only updated the last commit, which contained prose and hero content. Earlier commits remain
[cot:thought] WIP. The final HEAD is the completed post. The job is marked ready. Printing WorkerReady and exiting.
[cot:tool] start shell Write-Output "WorkerReady: ai-supply-chain-update-2026 | job=job-mt22qv71-6tue5 | worker=2"
[cot:tool] done shell Write-Output "WorkerReady: ai-supply-chain-update-2026 | job=job-mt22qv71-6tue5 | worker=2"
[cot:thought] The AI supply chain update post is complete. I committed the changes and marked the job ready.
[cot:thought] Shipped **ai-supply-chain-update-2026** on `post/ai-supply-chain-update-2026-w2`.
[cot:thought] **
[cot:thought] Headline:** Q1 equipment $36.55B (+14% YoY) ?? Taiwan +24% ?? CoWoS gap ~20%???~10%
[cot:thought] Vintage delta vs July research: newest WWSEMS Q1 print, regional YoY/QoQ, bottleneck score easing, CoWoS path revision.
[cot:thought] Local `npm run deploy` (ports 4182/4183) and dedicated QA passed. Job marked **ready**.
[cot:thought] `
[cot:thought] WorkerReady: ai-supply-chain-update-2026 | job=job-mt22qv71-6tue5 | worker=2`
[cot:system] result ok 468099ms ΓÇö Starting the AI supply-chain update post in this worktree. Checking conveyor sync, job status, and production rules first.Conveyor is idle. Reviewing the prior theme post and a recent update-post pattern to scope the vintage delta.Fetching 
[2026-08-20 18:19:03] Job job-mt22qv71-6tue5 marked ready
[2026-08-20 18:19:04] git: HEAD is now at 0c3cbbe merge(post): ai-capex-intensity-update-2026 from worker 2 (path-selective)
[2026-08-20 18:19:04] Worker 2 finished (exit=0)
