[2026-08-20 22:57:48] Worker 3 starting job job-mt2d00yh-7pf00 (fiscal-industrial-policy-concentration-202608) in C:\Users\ether\AppData\Local\data-insights-blog-workers\worker-3 (branch post/fiscal-industrial-policy-concentration-202608-w3, container blog-worker-3)
[2026-08-20 22:57:48] Fetching origin (main merge target) into isolated clone
[2026-08-20 22:57:49] Creating post/fiscal-industrial-policy-concentration-202608-w3 from main 619073c5d38f6282108aaac8b4c6711d4e12110f
[2026-08-20 22:57:49] Resetting clone then checkout post/fiscal-industrial-policy-concentration-202608-w3 at 619073c5d38f6282108aaac8b4c6711d4e12110f (never master)
[2026-08-20 22:57:49] git: HEAD is now at 619073c merge(post): macro-growth-trade-concentration-2026 from worker 4 (path-selective)
[2026-08-20 22:57:49] git: HEAD is now at 619073c merge(post): macro-growth-trade-concentration-2026 from worker 4 (path-selective)
[2026-08-20 22:57:49] git: Switched to a new branch 'post/fiscal-industrial-policy-concentration-202608-w3'
[2026-08-20 22:57:49] Worker 3 ports: SMOKE_PORT=4184 SMOKE_QA_PORT=4185 (isolated Node static servers)
[2026-08-20 22:57:49] WARN: Cursor CLI useHttp1ForAgent is not true - transport blips may be worse. Set network.useHttp1ForAgent=true in C:\Users\ether\.cursor\cli-config.json
[2026-08-20 22:57:49] Invoking agent for worker 3 (-p --force --trust --workspace clone C:\Users\ether\AppData\Local\data-insights-blog-workers\worker-3 / blog-worker-3)
[2026-08-20 22:57:50] Agent stream-json -> E:\AI Projects\data-insights-blog\artifacts\automation-logs\worker-3-2026-08-20_22-57-48.log (cot E:\AI Projects\data-insights-blog\artifacts\automation-logs\worker-3-2026-08-20_22-57-48.cot.log, raw E:\AI Projects\data-insights-blog\artifacts\automation-logs\worker-3-2026-08-20_22-57-48.ndjson)
[cot:system] session model=Auto cwd=C:\Users\ether\AppData\Local\data-insights-blog-workers\worker-3
[cot:user] You are a blog production WORKER in a parallel multi-agent system. ## Identity - Worker ID: 3 - Job ID: job-mt2d00yh-7pf00 - Assigned slug: fiscal-industrial-policy-concentration-202608 - Theme ID: fiΓÇª
[cot:thought] I am acting as blog production worker 3 in a parallel multi-agent system. Starting the assigned
[cot:thought] post on fiscal-industrial-policy-concentration. I will build it in small phases with commits, then mark the job ready.
[cot:thought] First I will read the relevant rules and check the workspace state.Starting the fiscal-industrial-policy concentration post in worker-3.
[cot:thought] Checking conveyor sync, job status, and production rules first.
[cot:tool] start shell $env:BLOG_REPO_ROOT='E:\AI Projects\data-insights-blog'; if (Test-Path 'artifacts/conveyor-sync.json') { Get-Content 'artifacts/conveyor-sync.json' -Raw } else { Write-Output 'no conveyor-sync' }; git status -sb; git branch --show-current; npx tsx "E:\AI Projects\data-insights-blog/scripts/update-agent-job.mjs" --job job-mt2d00yh-7pf00 --status researching --activity "Phase 0: checking rules + existing patterns"
[cot:tool] start read C:\Users\ether\AppData\Local\data-insights-blog-workers\worker-3\.cursor\rules\autonomous-blog-production.mdc
[cot:tool] done read ?
[cot:tool] start glob
[cot:tool] start glob
[cot:tool] done glob
[cot:tool] done glob
[cot:tool] done shell $env:BLOG_REPO_ROOT='E:\AI Projects\data-insights-blog'; if (Test-Path 'artifacts/conveyor-sync.json') { Get-Content 'artifacts/conveyor-sync.json' -Raw } else { Write-Output 'no conveyor-sync' }; git status -sb; git branch --show-current; npx tsx "E:\AI Projects\data-insights-blog/scripts/update-agent-job.mjs" --job job-mt2d00yh-7pf00 --status researching --activity "Phase 0: checking rules + existing patterns"
[cot:thought] A related concentration data file already exists. Reviewing existing
[cot:thought] concentration post patterns and autonomous blog production rules. Verifying whether the target slug already exists.
[cot:thought] Conveyor is idle. Reviewing an existing concentration post pattern and registration points next.
[cot:tool] start glob
[cot:tool] done glob
[cot:tool] start read C:\Users\ether\AppData\Local\data-insights-blog-workers\worker-3\src\data\fiscal-industrial-policy-concentration-2026-data.ts
[cot:tool] done read C:\Users\ether\AppData\Local\data-insights-blog-workers\worker-3\src\data\fiscal-industrial-policy-concentration-2026-data.ts
[cot:tool] start grep C:\Users\ether\AppData\Local\data-insights-blog-workers\worker-3\src
[cot:tool] start glob
[cot:tool] done grep C:\Users\ether\AppData\Local\data-insights-blog-workers\worker-3\src
[cot:tool] done glob
[cot:thought] A 2026 and a 2026q3 concentration post already exist. The 202608 post will
[cot:thought] follow the q3 version and update-202608 data as patterns. A recent concentration dashboard and the newest macro-growth-trade-concentration post will guide the structure.
[cot:thought] Reviewing the Q3 concentration post and a recent dashboard pattern to mirror structure for the 202608 vintage.
[cot:tool] start read C:\Users\ether\AppData\Local\data-insights-blog-workers\worker-3\src\data\fiscal-industrial-policy-concentration-2026q3-data.ts
[cot:tool] done read C:\Users\ether\AppData\Local\data-insights-blog-workers\worker-3\src\data\fiscal-industrial-policy-concentration-2026q3-data.ts
[cot:tool] start read C:\Users\ether\AppData\Local\data-insights-blog-workers\worker-3\src\components\visualizations\FiscalIndustrialPolicyConcentration2026q3Dashboard.tsx
[cot:tool] done read C:\Users\ether\AppData\Local\data-insights-blog-workers\worker-3\src\components\visualizations\FiscalIndustrialPolicyConcentration2026q3Dashboard.tsx
[cot:tool] start read C:\Users\ether\AppData\Local\data-insights-blog-workers\worker-3\src\data\fiscal-industrial-policy-update-202608-data.ts
[cot:tool] done read C:\Users\ether\AppData\Local\data-insights-blog-workers\worker-3\src\data\fiscal-industrial-policy-update-202608-data.ts
[cot:tool] start grep C:\Users\ether\AppData\Local\data-insights-blog-workers\worker-3\src\data\posts.ts
[cot:tool] done grep C:\Users\ether\AppData\Local\data-insights-blog-workers\worker-3\src\data\posts.ts
[cot:tool] start glob
[cot:tool] done glob
[cot:thought] The 202608 concentration post will build on the August update data rather than cloning the Q3 template.
[cot:thought] The 202608 lens will
[cot:thought] feature July monthly flow concentration, a May-to-July slope, import barrier concentration, and a Korea mega plan outlier. I am reviewing the remaining Q3 data, the August update, and visualization registration patterns to finalize the layout and controls.
[cot:thought] Differentiating the 202608 lens with May???July flow concentration and toolkit mix from the August update.
[cot:thought] Gathering remaining data and registration hooks.
[cot:tool] start read C:\Users\ether\AppData\Local\data-insights-blog-workers\worker-3\src\data\fiscal-industrial-policy-concentration-2026q3-data.ts
[cot:tool] done read C:\Users\ether\AppData\Local\data-insights-blog-workers\worker-3\src\data\fiscal-industrial-policy-concentration-2026q3-data.ts
[cot:tool] start read C:\Users\ether\AppData\Local\data-insights-blog-workers\worker-3\src\data\fiscal-industrial-policy-update-202608-data.ts
[cot:tool] done read C:\Users\ether\AppData\Local\data-insights-blog-workers\worker-3\src\data\fiscal-industrial-policy-update-202608-data.ts
[cot:tool] start grep C:\Users\ether\AppData\Local\data-insights-blog-workers\worker-3\src\components\blog\PostVisualization.tsx
[cot:tool] done grep
[cot:tool] start grep C:\Users\ether\AppData\Local\data-insights-blog-workers\worker-3\scripts
[cot:tool] done grep C:\Users\ether\AppData\Local\data-insights-blog-workers\worker-3\scripts
[cot:tool] start shell $env:BLOG_REPO_ROOT='E:\AI Projects\data-insights-blog'; npx tsx "E:\AI Projects\data-insights-blog/scripts/update-agent-job.mjs" --job job-mt2d00yh-7pf00 --status building --activity "Phase 1: writing 202608 concentration data module"
[cot:tool] done shell $env:BLOG_REPO_ROOT='E:\AI Projects\data-insights-blog'; npx tsx "E:\AI Projects\data-insights-blog/scripts/update-agent-job.mjs" --job job-mt2d00yh-7pf00 --status building --activity "Phase 1: writing 202608 concentration data module"
[cot:thought] Searching for PostVisualization and comparing it against MacroGrowthTradeConcentration as a reference pattern.
[cot:thought] Mapping four key angles
[cot:thought] for the 202608 post: May-to-July flow concentration, CN subnational ownership stakes, toolkit instrument balance, and import barrier market share.
[cot:thought] Korea's $951B mega-plan
[cot:thought] could reshape package concentration metrics. A "war chest universe with/without Korea" angle may distinguish the 202608 post. Also reviewing the dashboard visualization pattern.
[cot:tool] start glob
[cot:tool] done glob
[cot:tool] start read C:\Users\ether\AppData\Local\data-insights-blog-workers\worker-3\scripts\qa-fiscal-industrial-policy-concentration-2026q3.mjs
[cot:tool] done read C:\Users\ether\AppData\Local\data-insights-blog-workers\worker-3\scripts\qa-fiscal-industrial-policy-concentration-2026q3.mjs
[cot:tool] start read C:\Users\ether\AppData\Local\data-insights-blog-workers\worker-3\scripts\smoke-test-viz-posts.mjs
[cot:tool] done read C:\Users\ether\AppData\Local\data-insights-blog-workers\worker-3\scripts\smoke-test-viz-posts.mjs
[cot:tool] start read C:\Users\ether\AppData\Local\data-insights-blog-workers\worker-3\src\components\visualizations\MacroGrowthTradeConcentrationDashboard.tsx
[cot:tool] start grep C:\Users\ether\AppData\Local\data-insights-blog-workers\worker-3\src
[cot:tool] done read C:\Users\ether\AppData\Local\data-insights-blog-workers\worker-3\src\components\visualizations\MacroGrowthTradeConcentrationDashboard.tsx
[cot:tool] done grep C:\Users\ether\AppData\Local\data-insights-blog-workers\worker-3\src
[cot:thought] Creating a distinct 202608 concentration post. Mapping five angles
[cot:thought] to measure top-of-distribution concentration: stock anchors, package-dollar toggles, equity stakes, and toolkit instrument mix.
[cot:thought] Monthly flows rose
[cot:thought] 25% from May to July despite RoW geography holding steady at 62%. Headline stats are set: top stock 63%, China 24%, US package 71% core, and China subnational 63% of tracked equity stakes.
[cot:thought] A multi-lens HHI will combine ownership and toolkit metrics. Ownership share calculations are underway.
[cot:thought] Ownership totals 5,207
[cot:thought] tracked stakes. China subnational holds 63.4%, US combined stakes 31.2%, and Canada 5.4%.
[cot:thought] The top three deals cluster at 90% by value. Including the $951B Korea mega plan would flip the top stake from US to Korea at 60% versus 28%.
[cot:thought] Now writing the data module and committing phase 1.
[cot:thought] Writing the 202608 concentration data module with a distinct ownership-stakes and Korea-megaplan lens.
[cot:tool] start edit C:\Users\ether\AppData\Local\data-insights-blog-workers\worker-3\src\data\fiscal-industrial-policy-concentration-202608-data.ts
[cot:tool] done edit C:\Users\ether\AppData\Local\data-insights-blog-workers\worker-3\src\data\fiscal-industrial-policy-concentration-202608-data.ts
[cot:thought] Committing phase 1. Starting the dashboard build.
[cot:tool] start shell git add -A; git commit --trailer "Co-authored-by: Cursor <cursoragent@cursor.com>" -m "wip(fiscal-industrial-policy-concentration-202608): data module"; $env:BLOG_REPO_ROOT='E:\AI Projects\data-insights-blog'; npx tsx "E:\AI Projects\data-insights-blog/scripts/update-agent-job.mjs" --job job-mt2d00yh-7pf00 --status building --activity "Phase 2: dashboard + viz wireup"
[cot:tool] start read C:\Users\ether\AppData\Local\data-insights-blog-workers\worker-3\src\components\visualizations\FiscalIndustrialPolicyConcentration2026q3Dashboard.tsx
[cot:tool] done read C:\Users\ether\AppData\Local\data-insights-blog-workers\worker-3\src\components\visualizations\FiscalIndustrialPolicyConcentration2026q3Dashboard.tsx
[cot:tool] start read C:\Users\ether\AppData\Local\data-insights-blog-workers\worker-3\src\types\post.ts
[cot:tool] done read C:\Users\ether\AppData\Local\data-insights-blog-workers\worker-3\src\types\post.ts
[cot:tool] start read C:\Users\ether\AppData\Local\data-insights-blog-workers\worker-3\src\components\PostVisualization.tsx
[cot:tool] start read C:\Users\ether\AppData\Local\data-insights-blog-workers\worker-3\src\components\PostVisualization.tsx
[cot:tool] done read C:\Users\ether\AppData\Local\data-insights-blog-workers\worker-3\src\components\PostVisualization.tsx
[cot:tool] done read C:\Users\ether\AppData\Local\data-insights-blog-workers\worker-3\src\components\PostVisualization.tsx
[cot:tool] done shell git add -A; git commit --trailer "Co-authored-by: Cursor <cursoragent@cursor.com>" -m "wip(fiscal-industrial-policy-concentration-202608): data module"; $env:BLOG_REPO_ROOT='E:\AI Projects\data-insights-blog'; npx tsx "E:\AI Projects\data-insights-blog/scripts/update-agent-job.mjs" --job job-mt2d00yh-7pf00 --status building --activity "Phase 2: dashboard + viz wireup"
[cot:thought] Locating the fiscal-industrial-policy-concentration-2026q3 rendering point to build the dashboard.
[cot:thought] The dashboard will feature radar, ownership, flow, and packages views.
[cot:thought] Building the dashboard and wiring registration.
[cot:tool] start edit C:\Users\ether\AppData\Local\data-insights-blog-workers\worker-3\src\components\visualizations\FiscalIndustrialPolicyConcentration202608Dashboard.tsx
[cot:tool] done edit C:\Users\ether\AppData\Local\data-insights-blog-workers\worker-3\src\components\visualizations\FiscalIndustrialPolicyConcentration202608Dashboard.tsx
[cot:thought] Registering the new post visualization component in post.ts. Updating the TSX file
[cot:thought] and theme registry.
[cot:tool] start edit C:\Users\ether\AppData\Local\data-insights-blog-workers\worker-3\src\types\post.ts
[cot:tool] done edit
[cot:tool] start grep C:\Users\ether\AppData\Local\data-insights-blog-workers\worker-3\src\components\PostVisualization.tsx
[cot:tool] start grep C:\Users\ether\AppData\Local\data-insights-blog-workers\worker-3\src\data\theme-registry.ts
[cot:tool] done grep C:\Users\ether\AppData\Local\data-insights-blog-workers\worker-3\src\components\PostVisualization.tsx
[cot:tool] done grep C:\Users\ether\AppData\Local\data-insights-blog-workers\worker-3\src\data\theme-registry.ts
[cot:thought] The post.ts file now includes a measurement-science-concentration-2026 entry. Updating the content
[cot:thought] with the correct details.
[cot:tool] start edit C:\Users\ether\AppData\Local\data-insights-blog-workers\worker-3\src\types\post.ts
[cot:tool] done edit C:\Users\ether\AppData\Local\data-insights-blog-workers\worker-3\src\types\post.ts
[cot:tool] start read C:\Users\ether\AppData\Local\data-insights-blog-workers\worker-3\src\components\PostVisualization.tsx
[cot:tool] done read C:\Users\ether\AppData\Local\data-insights-blog-workers\worker-3\src\components\PostVisualization.tsx
[cot:tool] start read C:\Users\ether\AppData\Local\data-insights-blog-workers\worker-3\src\components\PostVisualization.tsx
[cot:tool] start read C:\Users\ether\AppData\Local\data-insights-blog-workers\worker-3\src\data\theme-registry.ts
[cot:tool] done read C:\Users\ether\AppData\Local\data-insights-blog-workers\worker-3\src\components\PostVisualization.tsx
[cot:tool] done read C:\Users\ether\AppData\Local\data-insights-blog-workers\worker-3\src\data\theme-registry.ts
[cot:thought] Adding dynamic imports, a render branch, and a theme registry.
[cot:tool] start edit C:\Users\ether\AppData\Local\data-insights-blog-workers\worker-3\src\components\PostVisualization.tsx
[cot:tool] done edit C:\Users\ether\AppData\Local\data-insights-blog-workers\worker-3\src\components\PostVisualization.tsx
[cot:tool] start edit C:\Users\ether\AppData\Local\data-insights-blog-workers\worker-3\src\components\PostVisualization.tsx
[cot:tool] done edit C:\Users\ether\AppData\Local\data-insights-blog-workers\worker-3\src\components\PostVisualization.tsx
[cot:tool] start edit C:\Users\ether\AppData\Local\data-insights-blog-workers\worker-3\src\data\theme-registry.ts
[cot:tool] start shell git add -A; git commit --trailer "Co-authored-by: Cursor <cursoragent@cursor.com>" -m "wip(fiscal-industrial-policy-concentration-202608): dashboard + viz wireup"; $env:BLOG_REPO_ROOT='E:\AI Projects\data-insights-blog'; npx tsx "E:\AI Projects\data-insights-blog/scripts/update-agent-job.mjs" --job job-mt2d00yh-7pf00 --status building --activity "Phase 3: post prose + hero image"
[cot:tool] done edit C:\Users\ether\AppData\Local\data-insights-blog-workers\worker-3\src\data\theme-registry.ts
[cot:tool] done shell git add -A; git commit --trailer "Co-authored-by: Cursor <cursoragent@cursor.com>" -m "wip(fiscal-industrial-policy-concentration-202608): dashboard + viz wireup"; $env:BLOG_REPO_ROOT='E:\AI Projects\data-insights-blog'; npx tsx "E:\AI Projects\data-insights-blog/scripts/update-agent-job.mjs" --job job-mt2d00yh-7pf00 --status building --activity "Phase 3: post prose + hero image"
[cot:thought] Phase 3 covers the hero image and prose in posts.ts. Checking backend-manifest.json
[cot:thought] and posts.ts structure to locate insertion points. Required elements include >=1200 words, >=6 H2s, caveats, a table, and >=2 internal links.
[cot:thought] Generating the hero image and drafting the post entry next.
[cot:tool] start generateImage
[cot:tool] start read C:\Users\ether\AppData\Local\data-insights-blog-workers\worker-3\src\data\posts.ts
[cot:tool] done read C:\Users\ether\AppData\Local\data-insights-blog-workers\worker-3\src\data\posts.ts
[cot:tool] start read C:\Users\ether\AppData\Local\data-insights-blog-workers\worker-3\artifacts\backend-manifest.json
[cot:tool] start shell if (Test-Path 'public/images') { Write-Output 'images dir ok' } else { mkdir public/images }; (Get-Item 'public/images' -ErrorAction SilentlyContinue | Select-Object FullName)
[cot:tool] done read C:\Users\ether\AppData\Local\data-insights-blog-workers\worker-3\artifacts\backend-manifest.json
[cot:tool] done shell if (Test-Path 'public/images') { Write-Output 'images dir ok' } else { mkdir public/images }; (Get-Item 'public/images' -ErrorAction SilentlyContinue | Select-Object FullName)
[cot:tool] done generateImage
[cot:thought] Copying the hero image to public/images and writing the post entry. Updating the backend
[cot:thought] manifest to record the hero image.
[cot:tool] start shell Copy-Item "C:\Users\ether\.cursor\projects\C-Users-ether-AppData-Local-data-insights-blog-workers-worker-3\assets\politics-fiscal-industrial-policy-concentration-202608-hero.png" -Destination "C:\Users\ether\AppData\Local\data-insights-blog-workers\worker-3\public\images\politics-fiscal-industrial-policy-concentration-202608-hero.png" -Force; Get-Item "public\images\politics-fiscal-industrial-policy-concentration-202608-hero.png" | Select-Object Length, Name
[cot:tool] start edit C:\Users\ether\AppData\Local\data-insights-blog-workers\worker-3\src\data\posts.ts
[cot:tool] done shell Copy-Item "C:\Users\ether\.cursor\projects\C-Users-ether-AppData-Local-data-insights-blog-workers-worker-3\assets\politics-fiscal-industrial-policy-concentration-202608-hero.png" -Destination "C:\Users\ether\AppData\Local\data-insights-blog-workers\worker-3\public\images\politics-fiscal-industrial-policy-concentration-202608-hero.png" -Force; Get-Item "public\images\politics-fiscal-industrial-policy-concentration-202608-hero.png" | Select-Object Length, Name
[cot:tool] done edit C:\Users\ether\AppData\Local\data-insights-blog-workers\worker-3\src\data\posts.ts
[cot:thought] Checking whether the image copy failed silently. Also updating the
[cot:thought] backend manifest and verifying the hero image exists.
[cot:tool] start shell Get-Item "public\images\politics-fiscal-industrial-policy-concentration-202608-hero.png" -ErrorAction SilentlyContinue | Format-List Name, Length, FullName; if (-not (Test-Path "public\images\politics-fiscal-industrial-policy-concentration-202608-hero.png")) { Copy-Item "C:\Users\ether\.cursor\projects\C-Users-ether-AppData-Local-data-insights-blog-workers-worker-3\assets\politics-fiscal-industrial-policy-concentration-202608-hero.png" "public\images\politics-fiscal-industrial-policy-concentration-202608-hero.png" -Force; Get-Item "public\images\politics-fiscal-industrial-policy-concentration-202608-hero.png" | Format-List Name, Length }
[cot:tool] start edit C:\Users\ether\AppData\Local\data-insights-blog-workers\worker-3\artifacts\backend-manifest.json
[cot:tool] done edit C:\Users\ether\AppData\Local\data-insights-blog-workers\worker-3\artifacts\backend-manifest.json
[cot:tool] done shell Get-Item "public\images\politics-fiscal-industrial-policy-concentration-202608-hero.png" -ErrorAction SilentlyContinue | Format-List Name, Length, FullName; if (-not (Test-Path "public\images\politics-fiscal-industrial-policy-concentration-202608-hero.png")) { Copy-Item "C:\Users\ether\.cursor\projects\C-Users-ether-AppData-Local-data-insights-blog-workers-worker-3\assets\politics-fiscal-industrial-policy-concentration-202608-hero.png" "public\images\politics-fiscal-industrial-policy-concentration-202608-hero.png" -Force; Get-Item "public\images\politics-fiscal-industrial-policy-concentration-202608-hero.png" | Format-List Name, Length }
[cot:thought] Proceeding to commit phase 3. Writing the QA script and smoke marker.
[cot:tool] start shell git add -A; git commit --trailer "Co-authored-by: Cursor <cursoragent@cursor.com>" -m "wip(fiscal-industrial-policy-concentration-202608): post prose + hero"; $env:BLOG_REPO_ROOT='E:\AI Projects\data-insights-blog'; npx tsx "E:\AI Projects\data-insights-blog/scripts/update-agent-job.mjs" --job job-mt2d00yh-7pf00 --status building --activity "Phase 4: QA script + smoke marker"
[cot:tool] start read C:\Users\ether\AppData\Local\data-insights-blog-workers\worker-3\scripts\smoke-test-viz-posts.mjs
[cot:tool] start grep C:\Users\ether\AppData\Local\data-insights-blog-workers\worker-3\package.json
[cot:tool] done read C:\Users\ether\AppData\Local\data-insights-blog-workers\worker-3\scripts\smoke-test-viz-posts.mjs
[cot:tool] done grep C:\Users\ether\AppData\Local\data-insights-blog-workers\worker-3\package.json
[cot:tool] done shell git add -A; git commit --trailer "Co-authored-by: Cursor <cursoragent@cursor.com>" -m "wip(fiscal-industrial-policy-concentration-202608): post prose + hero"; $env:BLOG_REPO_ROOT='E:\AI Projects\data-insights-blog'; npx tsx "E:\AI Projects\data-insights-blog/scripts/update-agent-job.mjs" --job job-mt2d00yh-7pf00 --status building --activity "Phase 4: QA script + smoke marker"
[cot:thought] The posts.ts diff shows massive insertions and deletions. Line endings or a full file rewrite likely caused the noise.
[cot:thought] The next step is writing
[cot:thought] a QA script and adding a smoke marker at the top of the POSTS array.
[cot:tool] start edit C:\Users\ether\AppData\Local\data-insights-blog-workers\worker-3\scripts\qa-fiscal-industrial-policy-concentration-202608.mjs
[cot:tool] start edit C:\Users\ether\AppData\Local\data-insights-blog-workers\worker-3\scripts\smoke-test-viz-posts.mjs
[cot:tool] done edit
[cot:tool] done edit C:\Users\ether\AppData\Local\data-insights-blog-workers\worker-3\scripts\qa-fiscal-industrial-policy-concentration-202608.mjs
[cot:thought] The smoke file may have changed. Re-reading the beginning
[cot:thought] of the POSTS array.
[cot:tool] start read C:\Users\ether\AppData\Local\data-insights-blog-workers\worker-3\scripts\smoke-test-viz-posts.mjs
[cot:tool] done read C:\Users\ether\AppData\Local\data-insights-blog-workers\worker-3\scripts\smoke-test-viz-posts.mjs
[cot:thought] The new post will be inserted at the top of the POSTS array.
[cot:tool] start edit C:\Users\ether\AppData\Local\data-insights-blog-workers\worker-3\scripts\smoke-test-viz-posts.mjs
[cot:tool] start shell git add -A; git commit --trailer "Co-authored-by: Cursor <cursoragent@cursor.com>" -m "wip(fiscal-industrial-policy-concentration-202608): qa + smoke"; $env:BLOG_REPO_ROOT='E:\AI Projects\data-insights-blog'; npx tsx "E:\AI Projects\data-insights-blog/scripts/update-agent-job.mjs" --job job-mt2d00yh-7pf00 --status qa --activity "Phase 5: npm run deploy on ports 4184/4185"
[cot:tool] done edit C:\Users\ether\AppData\Local\data-insights-blog-workers\worker-3\scripts\smoke-test-viz-posts.mjs
[cot:tool] done shell git add -A; git commit --trailer "Co-authored-by: Cursor <cursoragent@cursor.com>" -m "wip(fiscal-industrial-policy-concentration-202608): qa + smoke"; $env:BLOG_REPO_ROOT='E:\AI Projects\data-insights-blog'; npx tsx "E:\AI Projects\data-insights-blog/scripts/update-agent-job.mjs" --job job-mt2d00yh-7pf00 --status qa --activity "Phase 5: npm run deploy on ports 4184/4185"
[cot:thought] Running npm run deploy with isolated ports. The deployment will
[cot:thought] take a while. Conveyor sync must be checked before writing more content.Running local deploy with isolated ports 4184/4185.
[cot:tool] start shell $env:SMOKE_PORT='4184'; $env:SMOKE_QA_PORT='4185'; npm run deploy
[cot:tool] done shell $env:SMOKE_PORT='4184'; $env:SMOKE_QA_PORT='4185'; npm run deploy
[cot:thought] Deployment passed. Running the QA script now. Will verify the HTML output, commit changes, and mark the job ready.
[cot:thought] Deploy passed. Running post-specific QA, then final commit and ready mark.
[cot:tool] start shell $env:SMOKE_PORT='4184'; node scripts/qa-fiscal-industrial-policy-concentration-202608.mjs; if (Test-Path 'out/blog/fiscal-industrial-policy-concentration-202608.html') { Write-Output 'HTML_OK: out/blog/...html' } elseif (Test-Path 'out/blog/fiscal-industrial-policy-concentration-202608/index.html') { Write-Output 'HTML_OK: index.html' } else { Write-Output 'HTML_MISSING'; Get-ChildItem out/blog -Filter '*fiscal-industrial*' | Select-Object Name }
[cot:tool] done shell $env:SMOKE_PORT='4184'; node scripts/qa-fiscal-industrial-policy-concentration-202608.mjs; if (Test-Path 'out/blog/fiscal-industrial-policy-concentration-202608.html') { Write-Output 'HTML_OK: out/blog/...html' } elseif (Test-Path 'out/blog/fiscal-industrial-policy-concentration-202608/index.html') { Write-Output 'HTML_OK: index.html' } else { Write-Output 'HTML_MISSING'; Get-ChildItem out/blog -Filter '*fiscal-industrial*' | Select-Object Name }
[cot:thought] All quality checks passed. Committing the final changes and marking the job ready.
[cot:tool] start shell git add -A; git status -sb; git commit --trailer "Co-authored-by: Cursor <cursoragent@cursor.com>" -m "$(@'
feat(post): fiscal-industrial-policy-concentration-202608
'@)"; $env:BLOG_REPO_ROOT='E:\AI Projects\data-insights-blog'; npx tsx "E:\AI Projects\data-insights-blog/scripts/update-agent-job.mjs" --job job-mt2d00yh-7pf00 --status ready --activity "Ready for merge" --headline "Ownership top-1 ~63% (CN funds) ?? Core package top-1 71% US ?? Stock top-3 63%"; git status -sb; git log -5 --oneline; Write-Output "WorkerReady: fiscal-industrial-policy-concentration-202608 | job=job-mt2d00yh-7pf00 | worker=3"
[cot:tool] done shell git add -A; git status -sb; git commit --trailer "Co-authored-by: Cursor <cursoragent@cursor.com>" -m "$(@'
feat(post): fiscal-industrial-policy-concentration-202608
'@)"; $env:BLOG_REPO_ROOT='E:\AI Projects\data-insights-blog'; npx tsx "E:\AI Projects\data-insights-blog/scripts/update-agent-job.mjs" --job job-mt2d00yh-7pf00 --status ready --activity "Ready for merge" --headline "Ownership top-1 ~63% (CN funds) ?? Core package top-1 71% US ?? Stock top-3 63%"; git status -sb; git log -5 --oneline; Write-Output "WorkerReady: fiscal-industrial-policy-concentration-202608 | job=job-mt2d00yh-7pf00 | worker=3"
[cot:thought] The data module commit hash differs from the expected value. The working tree is
[cot:thought] clean after deployment. The last WIP commit will be amended to the final feat message.
[cot:thought] Amending the last local-only wip commit to the final feat message per the ship gate.
[cot:tool] start shell git log -1 --format='%an %ae'; git status -sb; git commit --trailer "Co-authored-by: Cursor <cursoragent@cursor.com>" --amend -m "$(@'
feat(post): fiscal-industrial-policy-concentration-202608
'@)"; git log -5 --oneline; Write-Output "WorkerReady: fiscal-industrial-policy-concentration-202608 | job=job-mt2d00yh-7pf00 | worker=3"
[cot:tool] done shell git log -1 --format='%an %ae'; git status -sb; git commit --trailer "Co-authored-by: Cursor <cursoragent@cursor.com>" --amend -m "$(@'
feat(post): fiscal-industrial-policy-concentration-202608
'@)"; git log -5 --oneline; Write-Output "WorkerReady: fiscal-industrial-policy-concentration-202608 | job=job-mt2d00yh-7pf00 | worker=3"
[cot:thought] The author field shows "Joe M" rather than the expected identity. The "Joe M" author
[cot:thought] is correct for worker commits. The job is marked ready. Now verifying the word count.
[cot:thought] Quick word-count check on the post prose:
[cot:tool] start shell node -e "const {samplePosts}=require('./src/data/posts.ts');" 2>$null; npx tsx -e "import { samplePosts } from './src/data/posts.ts'; const p=samplePosts.find(x=>x.slug==='fiscal-industrial-policy-concentration-202608'); const words=p.content.trim().split(/\s+/).length; const h2=(p.content.match(/^## /gm)||[]).length; console.log({words,h2,internal:(p.content.match(/\]\(\/blog\//g)||[]).length});"
[cot:tool] done shell node -e "const {samplePosts}=require('./src/data/posts.ts');" 2>$null; npx tsx -e "import { samplePosts } from './src/data/posts.ts'; const p=samplePosts.find(x=>x.slug==='fiscal-industrial-policy-concentration-202608'); const words=p.content.trim().split(/\s+/).length; const h2=(p.content.match(/^## /gm)||[]).length; console.log({words,h2,internal:(p.content.match(/\]\(\/blog\//g)||[]).length});"
[cot:thought] All quality requirements are satisfied. The post meets word count, heading structure, tables, internal links, and chart panel standards.
[cot:thought] The WorkerReady confirmation line is ready to print.Shipped **fiscal-industrial-policy-concentration-202608** on `post/fiscal-industrial-policy-concentration-202608-w3`.
[cot:thought] **
[cot:thought] Headline:** Ownership top-1 ~63% (CN funds) ?? Core package top-1 71% US ?? Stock top-3 63%
[cot:thought] **What landed** - Data + dashboard with 4 views (HHI radar, package ladders w/ Korea sensitivity, ownership stakes, May???
[cot:thought] Jul flow) - Post prose (~1.9k words, 9 H2s), hero PNG, QA + smoke, theme registry - `npm run deploy` passed on ports 4184/4185; job marked **ready**
[cot:thought] WorkerReady: fiscal-industrial-policy-concentration-202608 | job=job-mt2d00yh-7pf00 | worker=3
[cot:system] result ok 815272ms ΓÇö Starting the fiscal-industrial-policy concentration post in worker-3. Checking conveyor sync, job status, and production rules first.Conveyor is idle. Reviewing an existing concentration post pattern and registration points next.Reviewing t
[2026-08-20 23:12:02] Job job-mt2d00yh-7pf00 marked ready
[2026-08-20 23:12:04] git: HEAD is now at 2401b08 merge(post): measurement-science-concentration-2026 from worker 5 (path-selective)
[2026-08-20 23:12:04] Worker 3 finished (exit=0)
