[2026-08-01 02:59:08] Worker 3 starting job job-msa0sb5p-8jgdg (bank-commercial-credit-research-2026) in E:\AI Projects\data-insights-blog-worktrees\worker-3 (branch post/bank-commercial-credit-research-2026-w3)
[2026-08-01 02:59:09] Creating post/bank-commercial-credit-research-2026-w3 from master da533056328f4f8f5f6381c47b066cd4ac217d94
[2026-08-01 02:59:09] Resetting worktree then checkout post/bank-commercial-credit-research-2026-w3 at da533056328f4f8f5f6381c47b066cd4ac217d94
[2026-08-01 02:59:09] git: HEAD is now at 7c3de5a merge(post): copper-mine-vs-refinery-geography-2026 from worker 3 (path-selective)
[2026-08-01 02:59:09] git: Removing scripts/bootstrap-worktrees.ps1
[2026-08-01 02:59:09] git: Removing scripts/claim-next-topics.mjs
[2026-08-01 02:59:09] git: Removing scripts/claim-recovery-job.mjs
[2026-08-01 02:59:09] git: Removing scripts/clear-resolved-failures.mjs
[2026-08-01 02:59:09] git: Removing scripts/cursor-watchdog-loop.ps1
[2026-08-01 02:59:09] git: Removing scripts/debug-agent-transport.ps1
[2026-08-01 02:59:09] git: Removing scripts/firebase-deploy-hosting.mjs
[2026-08-01 02:59:09] git: Removing scripts/lib/agent-jobs.mjs
[2026-08-01 02:59:09] git: Removing scripts/lib/agent-stream-cot.mjs
[2026-08-01 02:59:09] git: Removing scripts/lib/markdown-formatting-qa.mjs
[2026-08-01 02:59:09] git: Removing scripts/lib/production-ship-parser.mjs
[2026-08-01 02:59:09] git: Removing scripts/lib/viz-interaction-qa.mjs
[2026-08-01 02:59:09] git: Removing scripts/lib/worker-exit-remap.mjs
[2026-08-01 02:59:09] git: Removing scripts/local-blog-server.mjs
[2026-08-01 02:59:09] git: Removing scripts/production-stream-server.mjs
[2026-08-01 02:59:09] git: Removing scripts/production-stream-ui.html
[2026-08-01 02:59:09] git: Removing scripts/prompts/
[2026-08-01 02:59:09] git: Removing scripts/prune-post-branches.mjs
[2026-08-01 02:59:09] git: Removing scripts/qa-cot-stream.mjs
[2026-08-01 02:59:09] git: Removing scripts/qa-fiscal-plumbing-research-2026.mjs
[2026-08-01 02:59:09] git: Removing scripts/qa-global-shipbuilding-gt-delivery-concentration-2026.mjs
[2026-08-01 02:59:09] git: Removing scripts/qa-manual-review-flag.mjs
[2026-08-01 02:59:09] git: Removing scripts/qa-worker-isolation-requeue.mjs
[2026-08-01 02:59:09] git: Removing scripts/qa-worker-transport-exit.mjs
[2026-08-01 02:59:09] git: Removing scripts/resolve-flagged-jobs.mjs
[2026-08-01 02:59:09] git: Removing scripts/resume-blog-automation.ps1
[2026-08-01 02:59:09] git: Removing scripts/run-blog-orchestrator.ps1
[2026-08-01 02:59:09] git: Removing scripts/run-blog-production-local.ps1
[2026-08-01 02:59:09] git: Removing scripts/run-blog-worker.ps1
[2026-08-01 02:59:09] git: Removing scripts/start-blog-automation-in-app.ps1
[2026-08-01 02:59:09] git: Removing scripts/stop-blog-automation.ps1
[2026-08-01 02:59:09] git: Removing scripts/theme-balance.ts
[2026-08-01 02:59:09] git: Removing scripts/update-agent-job.mjs
[2026-08-01 02:59:09] git: Removing scripts/watch-blog-production.ps1
[2026-08-01 02:59:09] git: Removing public/images/global-systems-fiscal-plumbing-research-2026-hero.png
[2026-08-01 02:59:09] git: Removing public/images/industry-commercial-aircraft-final-assembly-geography-2026-hero.png
[2026-08-01 02:59:09] git: Removing public/images/industry-global-shipbuilding-gt-delivery-concentration-2026-hero.png
[2026-08-01 02:59:09] git: Removing src/components/charts/
[2026-08-01 02:59:09] git: Removing src/components/visualizations/BankLoanChargeoffsDashboard.tsx
[2026-08-01 02:59:09] git: Removing src/components/visualizations/CommercialAircraftAssemblyDashboard.tsx
[2026-08-01 02:59:09] git: Removing src/components/visualizations/FiscalPlumbingResearchDashboard.tsx
[2026-08-01 02:59:09] git: Removing src/components/visualizations/GlobalShipbuildingGtDeliveryDashboard.tsx
[2026-08-01 02:59:09] git: Removing src/components/visualizations/IrenaRenewableCapacityDashboard.tsx
[2026-08-01 02:59:09] git: Removing src/components/visualizations/MoneyMarketFundsDepositsDashboard.tsx
[2026-08-01 02:59:09] git: Removing src/components/visualizations/NaturalGraphiteMineConcentrationDashboard.tsx
[2026-08-01 02:59:09] git: Removing src/components/visualizations/OecdDacOdaDashboard.tsx
[2026-08-01 02:59:09] git: Removing src/data/bank-loan-chargeoffs-data.ts
[2026-08-01 02:59:09] git: Removing src/data/commercial-aircraft-assembly-data.ts
[2026-08-01 02:59:09] git: Removing src/data/fiscal-plumbing-research-2026-data.ts
[2026-08-01 02:59:09] git: Removing src/data/global-shipbuilding-gt-delivery-concentration-data.ts
[2026-08-01 02:59:09] git: Removing src/data/irena-renewable-capacity-data.ts
[2026-08-01 02:59:09] git: Removing src/data/money-market-funds-deposits-data.ts
[2026-08-01 02:59:09] git: Removing src/data/natural-graphite-mine-concentration-data.ts
[2026-08-01 02:59:09] git: Removing src/data/oecd-dac-oda-data.ts
[2026-08-01 02:59:09] git: Removing src/data/social-security-trust-fund-data.ts
[2026-08-01 02:59:09] git: Previous HEAD position was 7c3de5a merge(post): copper-mine-vs-refinery-geography-2026 from worker 3 (path-selective)
[2026-08-01 02:59:09] git: HEAD is now at da53305 merge(post): global-shipbuilding-gt-delivery-concentration-2026
[2026-08-01 02:59:10] git: Switched to a new branch 'post/bank-commercial-credit-research-2026-w3'
[2026-08-01 02:59:11] Worker 3 ports: SMOKE_PORT=4184 SMOKE_QA_PORT=4185 (isolated Node static servers)
[2026-08-01 02:59:11] Cursor CLI network.useHttp1ForAgent=true (ok)
[2026-08-01 02:59:11] Invoking agent for worker 3 (-p --force --trust --workspace worktree)
[2026-08-01 02:59:11] Agent stream-json -> E:\AI Projects\data-insights-blog\artifacts\automation-logs\worker-3-2026-08-01_02-59-08.log (cot E:\AI Projects\data-insights-blog\artifacts\automation-logs\worker-3-2026-08-01_02-59-08.cot.log, raw E:\AI Projects\data-insights-blog\artifacts\automation-logs\worker-3-2026-08-01_02-59-08.ndjson)
[cot:system] session model=Auto cwd=E:\AI Projects\data-insights-blog-worktrees\worker-3
[cot:user] You are a blog production WORKER in a parallel multi-agent system. ## Identity - Worker ID: 3 - Job ID: job-msa0sb5p-8jgdg - Assigned slug: bank-commercial-credit-research-2026 - Theme ID: bank-commerΓÇª
[cot:thought] Starting the bank and commercial credit research blog post. I will follow the
[cot:thought] user's explicit instructions. This task requires no Firebase deployment. I will build only the assigned post in this worktree and commit in small phases.
[cot:thought] The worker brief overrides
[cot:thought] the usual commit rule, so I will commit after each phase. I am now reading the production rules, updating the job status to researching, and exploring existing related files for patterns.
[cot:thought] Starting the bank commercial credit post as worker 3 ??? checking the production rules and current worktree state, then researching in a short first phase.
[cot:tool] start read E:\AI Projects\data-insights-blog-worktrees\worker-3\.cursor\rules\autonomous-blog-production.mdc
[cot:tool] start shell $env:BLOG_REPO_ROOT='E:\AI Projects\data-insights-blog'; npx tsx "E:\AI Projects\data-insights-blog\scripts\update-agent-job.mjs" --job job-msa0sb5p-8jgdg --status researching --activity "Phase 1: exploring patterns + gathering bank/CRE credit data"; git status -sb; git branch --show-current; ls src/data/*bank* src/components/visualizations/*Bank* 2>$null; ls src/data/*credit* src/components/visualizations/*Credit* 2>$null
[cot:tool] start glob
[cot:tool] start grep E:\AI Projects\data-insights-blog-worktrees\worker-3\src
[cot:tool] done read ?
[cot:tool] done glob
[cot:tool] done grep E:\AI Projects\data-insights-blog-worktrees\worker-3\src
[cot:tool] done shell $env:BLOG_REPO_ROOT='E:\AI Projects\data-insights-blog'; npx tsx "E:\AI Projects\data-insights-blog\scripts\update-agent-job.mjs" --job job-msa0sb5p-8jgdg --status researching --activity "Phase 1: exploring patterns + gathering bank/CRE credit data"; git status -sb; git branch --show-current; ls src/data/*bank* src/components/visualizations/*Bank* 2>$null; ls src/data/*credit* src/components/visualizations/*Credit* 2>$null
[cot:thought] Existing bank-loan-chargeoffs data and dashboard may be leftover artifacts from another theme.
[cot:thought] Reviewing existing
[cot:thought] bank credit posts and recent patterns for guidance. Need to locate the autonomous blog production rules, possibly via a different path.
[cot:thought] There's leftover bank-loan-chargeoffs work in the tree ??? I'll inspect existing finance posts and a recent dashboard pattern, then start the data module.
[cot:tool] start glob
[cot:tool] start read E:\AI Projects\data-insights-blog-worktrees\worker-3\src\data\bank-loan-chargeoffs-data.ts
[cot:tool] start read E:\AI Projects\data-insights-blog-worktrees\worker-3\src\data\posts.ts
[cot:tool] start grep E:\AI Projects\data-insights-blog-worktrees\worker-3\src
[cot:tool] start read E:\AI Projects\data-insights-blog-worktrees\worker-3\src\data\money-market-funds-deposits-data.ts
[cot:tool] done glob
[cot:tool] done read E:\AI Projects\data-insights-blog-worktrees\worker-3\src\data\bank-loan-chargeoffs-data.ts
[cot:tool] done read E:\AI Projects\data-insights-blog-worktrees\worker-3\src\data\posts.ts
[cot:tool] done grep E:\AI Projects\data-insights-blog-worktrees\worker-3\src
[cot:tool] done read E:\AI Projects\data-insights-blog-worktrees\worker-3\src\data\money-market-funds-deposits-data.ts
[cot:thought] A bank-loan-chargeoffs post already exists on this theme. The new post will
[cot:thought] synthesize Federal Reserve data on CRE delinquency, charge-offs, and commercial lending to answer where stress is appearing on bank loan books and CRE portfolios.
[cot:thought] It will follow recent research-style post patterns and avoid reusing the existing charge-offs article.
[cot:thought] The next step is fetching the required Federal data. A synthesis dashboard will map stress across bank loan books and CRE portfolios.
[cot:thought] Existing charge-offs post stays; I'll ship a distinct research synthesis on loan-book vs CRE stress.
[cot:thought] Checking a recent dashboard + QA pattern, then building the data module.
[cot:tool] start read E:\AI Projects\data-insights-blog-worktrees\worker-3\src\components\visualizations\FiscalPlumbingResearchDashboard.tsx
[cot:tool] start read E:\AI Projects\data-insights-blog-worktrees\worker-3\scripts\qa-fiscal-plumbing-research-2026.mjs
[cot:tool] start grep E:\AI Projects\data-insights-blog-worktrees\worker-3\src\data\posts.ts
[cot:tool] start read E:\AI Projects\data-insights-blog-worktrees\worker-3\src\data\bank-loan-chargeoffs-data.ts
[cot:agent] interaction_query/request
[cot:agent] interaction_query/response
[cot:tool] done read E:\AI Projects\data-insights-blog-worktrees\worker-3\src\components\visualizations\FiscalPlumbingResearchDashboard.tsx
[cot:tool] done read E:\AI Projects\data-insights-blog-worktrees\worker-3\scripts\qa-fiscal-plumbing-research-2026.mjs
[cot:tool] done grep E:\AI Projects\data-insights-blog-worktrees\worker-3\src\data\posts.ts
[cot:tool] done read E:\AI Projects\data-insights-blog-worktrees\worker-3\src\data\bank-loan-chargeoffs-data.ts
[cot:tool] start webSearch
[cot:tool] done webSearch
[cot:thought] Fed data is available. Next step is locating CRE by bank size delinquency data in the repository and reviewing how visualization types are registered.
[cot:thought] Planning a research
[cot:thought] synthesis post titled "Where is stress showing up." It will feature a dual-meter view comparing delinquency against charge-offs, a category stress map, CRE-specific lag analysis, bank size splits, and consumer versus commercial divergence.
[cot:thought] This work will be distinct from the existing bank-loan-chargeoffs-2026 post. Fetching additional CRE size-split data. Reviewing PostVisualization registration patterns, package.json deploy scripts, and smoke test markers.
[cot:tool] start webFetch
[cot:agent] interaction_query/request
[cot:agent] interaction_query/response
[cot:tool] start grep E:\AI Projects\data-insights-blog-worktrees\worker-3\src
[cot:tool] done grep E:\AI Projects\data-insights-blog-worktrees\worker-3\src
[cot:tool] start read E:\AI Projects\data-insights-blog-worktrees\worker-3\src\types\post.ts
[cot:tool] done read E:\AI Projects\data-insights-blog-worktrees\worker-3\src\types\post.ts
[cot:tool] start grep E:\AI Projects\data-insights-blog-worktrees\worker-3\package.json
[cot:tool] start grep E:\AI Projects\data-insights-blog-worktrees\worker-3\artifacts
[cot:tool] done grep E:\AI Projects\data-insights-blog-worktrees\worker-3\package.json
[cot:tool] done grep E:\AI Projects\data-insights-blog-worktrees\worker-3\artifacts
[cot:tool] done webFetch
[cot:thought] Confirmed that `npm run deploy` is local-only, handling build and smoke tests without touching Firebase.
[cot:thought] Fetching CRE size-split
[cot:thought] data from FRED. Reviewing smoke test marker registration. Preparing fiscal plumbing data structure as a template for research posts.
[cot:tool] start webFetch
[cot:agent] interaction_query/request
[cot:agent] interaction_query/response
[cot:tool] start grep E:\AI Projects\data-insights-blog-worktrees\worker-3\scripts\smoke-test-viz-posts.mjs
[cot:tool] start read E:\AI Projects\data-insights-blog-worktrees\worker-3\src\data\posts.ts
[cot:tool] done grep E:\AI Projects\data-insights-blog-worktrees\worker-3\scripts\smoke-test-viz-posts.mjs
[cot:tool] done read E:\AI Projects\data-insights-blog-worktrees\worker-3\src\data\posts.ts
[cot:tool] start read E:\AI Projects\data-insights-blog-worktrees\worker-3\artifacts\backend-manifest.json
[cot:tool] start grep E:\AI Projects\data-insights-blog-worktrees\worker-3\scripts
[cot:tool] done read E:\AI Projects\data-insights-blog-worktrees\worker-3\artifacts\backend-manifest.json
[cot:tool] done grep E:\AI Projects\data-insights-blog-worktrees\worker-3\scripts
[cot:tool] done webFetch
[cot:thought] Fetching CRE size split data. Reviewing smoke-test-viz-posts registration patterns.
[cot:thought] Examining a research dashboard for chart diversity.
[cot:tool] start webFetch
[cot:agent] interaction_query/request
[cot:agent] interaction_query/response
[cot:tool] start read E:\AI Projects\data-insights-blog-worktrees\worker-3\scripts\smoke-test-viz-posts.mjs
[cot:tool] start read E:\AI Projects\data-insights-blog-worktrees\worker-3\src\components\visualizations\BankLoanChargeoffsDashboard.tsx
[cot:tool] start grep E:\AI Projects\data-insights-blog-worktrees\worker-3\src\data\theme-registry.ts
[cot:tool] done webFetch
[cot:tool] done read E:\AI Projects\data-insights-blog-worktrees\worker-3\scripts\smoke-test-viz-posts.mjs
[cot:tool] done read E:\AI Projects\data-insights-blog-worktrees\worker-3\src\components\visualizations\BankLoanChargeoffsDashboard.tsx
[cot:tool] done grep E:\AI Projects\data-insights-blog-worktrees\worker-3\src\data\theme-registry.ts
[cot:thought] Fetching size-split CRE delinquency data for the top 100 banks versus other banks to differentiate this post from the chargeoffs analysis.
[cot:thought] Planning a research
[cot:thought] synthesis post titled "Where is stress showing up?". The post will feature five visual layers: a dual meter comparing delinquency to charge-off by category, a CRE dual-path curve tracking delinquency rise against muted charge-offs, size-cohort CRE delinquency splits, a stress-gap ratio ranking, and a consumer versus CRE versus C&I divergence area chart.
[cot:tool] start webFetch
[cot:agent] interaction_query/request
[cot:agent] interaction_query/response
[cot:tool] start shell $env:BLOG_REPO_ROOT='E:\AI Projects\data-insights-blog'; npx tsx "E:\AI Projects\data-insights-blog\scripts\update-agent-job.mjs" --job job-msa0sb5p-8jgdg --status building --activity "Phase 1: writing bank-commercial-credit-research-2026 data module"
[cot:tool] start read E:\AI Projects\data-insights-blog-worktrees\worker-3\src\components\PostVisualization.tsx
[cot:tool] done read E:\AI Projects\data-insights-blog-worktrees\worker-3\src\components\PostVisualization.tsx
[cot:tool] done webFetch
[cot:tool] done shell $env:BLOG_REPO_ROOT='E:\AI Projects\data-insights-blog'; npx tsx "E:\AI Projects\data-insights-blog\scripts\update-agent-job.mjs" --job job-msa0sb5p-8jgdg --status building --activity "Phase 1: writing bank-commercial-credit-research-2026 data module"
[cot:thought] Fetching CRE size split data from the Federal Reserve to compare the top 100 banks against the rest.
[cot:thought] Searching the existing
[cot:agent] interaction_query/request
[cot:agent] interaction_query/response
[cot:thought] post content for known FRED values.
[cot:tool] start grep E:\AI Projects\data-insights-blog-worktrees\worker-3\src\data\posts.ts
[cot:tool] start webSearch
[cot:tool] done grep E:\AI Projects\data-insights-blog-worktrees\worker-3\src\data\posts.ts
[cot:tool] done webSearch
[cot:thought] Enough data has been gathered to write the data module. The data module will
[cot:thought] synthesize five datasets: dual meter stress maps, CRE dual paths, size cohort comparisons, stress gap ratios, and cards versus CRE divergence. Phase 1 will be committed next.
[cot:thought] More historical data is needed for the size cohort path. FRED API will supply
[cot:thought] the remaining historical data. Disclosed quarterly points will anchor the size cohort path, with estimates labeled where needed. The existing all-banks series will provide the historical trajectory.
[cot:thought] Writing the data module with Fed Q1 2026 dual-meter (delinquency vs charge-off) and CRE size-cohort series.
[cot:tool] start webFetch
[cot:agent] interaction_query/request
[cot:agent] interaction_query/response
[cot:tool] start edit E:\AI Projects\data-insights-blog-worktrees\worker-3\src\data\bank-commercial-credit-research-2026-data.ts
[cot:tool] done webFetch
[cot:tool] done edit E:\AI Projects\data-insights-blog-worktrees\worker-3\src\data\bank-commercial-credit-research-2026-data.ts
[cot:thought] The full FRED CSV is now available. I will replace the estimated CRE_SIZE_PATH values with accurate disclosed figures.
[cot:thought] Updating the size-cohort path with exact FRED values, then committing phase 1.
[cot:tool] start edit E:\AI Projects\data-insights-blog-worktrees\worker-3\src\data\bank-commercial-credit-research-2026-data.ts
[cot:tool] start shell git add src/data/bank-commercial-credit-research-2026-data.ts; git commit --trailer "Co-authored-by: Cursor <cursoragent@cursor.com>" -m "wip(bank-commercial-credit-research-2026): data module"; $env:BLOG_REPO_ROOT='E:\AI Projects\data-insights-blog'; npx tsx "E:\AI Projects\data-insights-blog\scripts\update-agent-job.mjs" --job job-msa0sb5p-8jgdg --status building --activity "Phase 1 done: data module committed; starting dashboard"
[cot:tool] done edit E:\AI Projects\data-insights-blog-worktrees\worker-3\src\data\bank-commercial-credit-research-2026-data.ts
[cot:tool] done shell git add src/data/bank-commercial-credit-research-2026-data.ts; git commit --trailer "Co-authored-by: Cursor <cursoragent@cursor.com>" -m "wip(bank-commercial-credit-research-2026): data module"; $env:BLOG_REPO_ROOT='E:\AI Projects\data-insights-blog'; npx tsx "E:\AI Projects\data-insights-blog\scripts\update-agent-job.mjs" --job job-msa0sb5p-8jgdg --status building --activity "Phase 1 done: data module committed; starting dashboard"
[cot:thought] Phase 1 is complete. The dashboard will now be built with diverse chart types, panels, and controls. Registration wiring follows.
[cot:thought] Phase 1 committed. Building the dashboard with dual-meter, CRE path, size cohort, and gap-rank panels.
[cot:tool] start read E:\AI Projects\data-insights-blog-worktrees\worker-3\src\components\PostVisualization.tsx
[cot:tool] start edit E:\AI Projects\data-insights-blog-worktrees\worker-3\src\components\visualizations\BankCommercialCreditResearchDashboard.tsx
[cot:tool] done read E:\AI Projects\data-insights-blog-worktrees\worker-3\src\components\PostVisualization.tsx
[cot:tool] done edit E:\AI Projects\data-insights-blog-worktrees\worker-3\src\components\visualizations\BankCommercialCreditResearchDashboard.tsx
[cot:thought] The slope panel's ComposedChart with Lines is too messy. A custom dumbbell HTML component is already available.
[cot:thought] The slope panel will
[cot:thought] be simplified to use the dumbbell component and drop the broken ComposedChart. Unused imports will be cleaned up. Then the panel will be registered in post.ts and PostVisualization.tsx.
[cot:thought] Simplifying the slope panel (removing the broken chart) and wiring visualization registration.
[cot:tool] start edit E:\AI Projects\data-insights-blog-worktrees\worker-3\src\components\visualizations\BankCommercialCreditResearchDashboard.tsx
[cot:tool] done edit E:\AI Projects\data-insights-blog-worktrees\worker-3\src\components\visualizations\BankCommercialCreditResearchDashboard.tsx
[cot:tool] start edit E:\AI Projects\data-insights-blog-worktrees\worker-3\src\types\post.ts
[cot:tool] start edit E:\AI Projects\data-insights-blog-worktrees\worker-3\src\components\PostVisualization.tsx
[cot:tool] done edit E:\AI Projects\data-insights-blog-worktrees\worker-3\src\types\post.ts
[cot:tool] start edit E:\AI Projects\data-insights-blog-worktrees\worker-3\src\data\theme-registry.ts
[cot:tool] done edit E:\AI Projects\data-insights-blog-worktrees\worker-3\src\components\PostVisualization.tsx
[cot:tool] start edit E:\AI Projects\data-insights-blog-worktrees\worker-3\src\components\PostVisualization.tsx
[cot:tool] done edit E:\AI Projects\data-insights-blog-worktrees\worker-3\src\data\theme-registry.ts
[cot:tool] done edit E:\AI Projects\data-insights-blog-worktrees\worker-3\src\components\PostVisualization.tsx
[cot:thought] Phase 2 is committed. Next: posts and hero.
[cot:tool] start shell git add src/components/visualizations/BankCommercialCreditResearchDashboard.tsx src/types/post.ts src/components/PostVisualization.tsx src/data/theme-registry.ts; git commit --trailer "Co-authored-by: Cursor <cursoragent@cursor.com>" -m "wip(bank-commercial-credit-research-2026): dashboard + viz wireup"; $env:BLOG_REPO_ROOT='E:\AI Projects\data-insights-blog'; npx tsx "E:\AI Projects\data-insights-blog\scripts\update-agent-job.mjs" --job job-msa0sb5p-8jgdg --status building --activity "Phase 2 done: dashboard wired; writing post prose + hero"
[cot:tool] start generateImage
[cot:tool] done shell git add src/components/visualizations/BankCommercialCreditResearchDashboard.tsx src/types/post.ts src/components/PostVisualization.tsx src/data/theme-registry.ts; git commit --trailer "Co-authored-by: Cursor <cursoragent@cursor.com>" -m "wip(bank-commercial-credit-research-2026): dashboard + viz wireup"; $env:BLOG_REPO_ROOT='E:\AI Projects\data-insights-blog'; npx tsx "E:\AI Projects\data-insights-blog\scripts\update-agent-job.mjs" --job job-msa0sb5p-8jgdg --status building --activity "Phase 2 done: dashboard wired; writing post prose + hero"
[cot:tool] done generateImage
[cot:thought] Copying the hero image to public/images/ and writing the posts.ts entry. Drafting the full
[cot:thought] post now. It will exceed 1200 words with at least six H2 sections, caveats, a table, and two internal links.
[cot:thought] Copying the hero into `public/images` and writing the post prose.
[cot:tool] start shell Copy-Item "C:\Users\ether\.cursor\projects\E-AI-Projects-data-insights-blog-worktrees-worker-3\assets\finance-bank-commercial-credit-research-2026-hero.png" "E:\AI Projects\data-insights-blog-worktrees\worker-3\public\images\finance-bank-commercial-credit-research-2026-hero.png" -Force; Test-Path "E:\AI Projects\data-insights-blog-worktrees\worker-3\public\images\finance-bank-commercial-credit-research-2026-hero.png"
[cot:tool] start read E:\AI Projects\data-insights-blog-worktrees\worker-3\src\data\posts.ts
[cot:tool] done read E:\AI Projects\data-insights-blog-worktrees\worker-3\src\data\posts.ts
[cot:tool] done shell Copy-Item "C:\Users\ether\.cursor\projects\E-AI-Projects-data-insights-blog-worktrees-worker-3\assets\finance-bank-commercial-credit-research-2026-hero.png" "E:\AI Projects\data-insights-blog-worktrees\worker-3\public\images\finance-bank-commercial-credit-research-2026-hero.png" -Force; Test-Path "E:\AI Projects\data-insights-blog-worktrees\worker-3\public\images\finance-bank-commercial-credit-research-2026-hero.png"
[cot:thought] The new post will be inserted at the beginning of the samplePosts array, since featured posts typically appear first.
[cot:tool] start edit E:\AI Projects\data-insights-blog-worktrees\worker-3\src\data\posts.ts
[cot:tool] done edit E:\AI Projects\data-insights-blog-worktrees\worker-3\src\data\posts.ts
[cot:thought] Updating the backend manifest, committing phase 3, and writing the QA script with a smoke marker.
[cot:tool] start edit E:\AI Projects\data-insights-blog-worktrees\worker-3\artifacts\backend-manifest.json
[cot:tool] start shell git add src/data/posts.ts public/images/finance-bank-commercial-credit-research-2026-hero.png artifacts/backend-manifest.json; git commit --trailer "Co-authored-by: Cursor <cursoragent@cursor.com>" -m "wip(bank-commercial-credit-research-2026): post prose + hero"; $env:BLOG_REPO_ROOT='E:\AI Projects\data-insights-blog'; npx tsx "E:\AI Projects\data-insights-blog\scripts\update-agent-job.mjs" --job job-msa0sb5p-8jgdg --status building --activity "Phase 3 done: post + hero; writing QA + smoke marker"
[cot:tool] done edit E:\AI Projects\data-insights-blog-worktrees\worker-3\artifacts\backend-manifest.json
[cot:tool] done shell git add src/data/posts.ts public/images/finance-bank-commercial-credit-research-2026-hero.png artifacts/backend-manifest.json; git commit --trailer "Co-authored-by: Cursor <cursoragent@cursor.com>" -m "wip(bank-commercial-credit-research-2026): post prose + hero"; $env:BLOG_REPO_ROOT='E:\AI Projects\data-insights-blog'; npx tsx "E:\AI Projects\data-insights-blog\scripts\update-agent-job.mjs" --job job-msa0sb5p-8jgdg --status building --activity "Phase 3 done: post + hero; writing QA + smoke marker"
[cot:thought] Running the QA script and smoke marker. Then deploying with isolated ports.
[cot:tool] start edit E:\AI Projects\data-insights-blog-worktrees\worker-3\scripts\qa-bank-commercial-credit-research-2026.mjs
[cot:tool] done edit E:\AI Projects\data-insights-blog-worktrees\worker-3\scripts\qa-bank-commercial-credit-research-2026.mjs
[cot:tool] start edit E:\AI Projects\data-insights-blog-worktrees\worker-3\scripts\smoke-test-viz-posts.mjs
[cot:tool] start shell git add scripts/qa-bank-commercial-credit-research-2026.mjs scripts/smoke-test-viz-posts.mjs; git commit --trailer "Co-authored-by: Cursor <cursoragent@cursor.com>" -m "wip(bank-commercial-credit-research-2026): qa + smoke"; $env:BLOG_REPO_ROOT='E:\AI Projects\data-insights-blog'; npx tsx "E:\AI Projects\data-insights-blog\scripts\update-agent-job.mjs" --job job-msa0sb5p-8jgdg --status qa --activity "Phase 4 done: running npm run deploy on ports 4184/4185"
[cot:tool] done edit E:\AI Projects\data-insights-blog-worktrees\worker-3\scripts\smoke-test-viz-posts.mjs
[cot:tool] done shell git add scripts/qa-bank-commercial-credit-research-2026.mjs scripts/smoke-test-viz-posts.mjs; git commit --trailer "Co-authored-by: Cursor <cursoragent@cursor.com>" -m "wip(bank-commercial-credit-research-2026): qa + smoke"; $env:BLOG_REPO_ROOT='E:\AI Projects\data-insights-blog'; npx tsx "E:\AI Projects\data-insights-blog\scripts\update-agent-job.mjs" --job job-msa0sb5p-8jgdg --status qa --activity "Phase 4 done: running npm run deploy on ports 4184/4185"
[cot:thought] Running npm run deploy with SMOKE_PORT=4184 and SMOKE_QA_PORT=4185. The build and smoke tests will take some time.
[cot:thought] Running the local deploy gate on ports 4184/4185.
[cot:tool] start shell $env:SMOKE_PORT='4184'; $env:SMOKE_QA_PORT='4185'; npm run deploy
[cot:tool] done shell $env:SMOKE_PORT='4184'; $env:SMOKE_QA_PORT='4185'; npm run deploy
[cot:thought] A pre-existing type error was found in GlobalShipbuildingGtDeliveryDashboard. The TSX file is blocking
[cot:thought] the build. A minimal fix is needed to unblock the post deployment.Fixing a pre-existing TypeScript error that's blocking the build.
[cot:tool] start read E:\AI Projects\data-insights-blog-worktrees\worker-3\src\components\visualizations\GlobalShipbuildingGtDeliveryDashboard.tsx
[cot:tool] done read E:\AI Projects\data-insights-blog-worktrees\worker-3\src\components\visualizations\GlobalShipbuildingGtDeliveryDashboard.tsx
[cot:thought] A simple fix is needed for the onMouseEnter handler. Recharts Bar changed
[cot:thought] its onMouseEnter signature. The fix is to pass the bar index and look up the segment from segmentBars. Removing the hover handlers entirely is another option.
[cot:tool] start edit E:\AI Projects\data-insights-blog-worktrees\worker-3\src\components\visualizations\GlobalShipbuildingGtDeliveryDashboard.tsx
[cot:tool] start shell $env:SMOKE_PORT='4184'; $env:SMOKE_QA_PORT='4185'; npm run deploy
[cot:tool] done edit E:\AI Projects\data-insights-blog-worktrees\worker-3\src\components\visualizations\GlobalShipbuildingGtDeliveryDashboard.tsx
[cot:tool] done shell $env:SMOKE_PORT='4184'; $env:SMOKE_QA_PORT='4185'; npm run deploy
[cot:thought] Pre-existing type errors are surfacing. I'll fix them as they appear or look for a pattern.
[cot:thought] Grepping for `itemSorter={sortTooltipPayload}`
[cot:thought] to batch-fix multiple related type errors.
[cot:tool] start grep E:\AI Projects\data-insights-blog-worktrees\worker-3\src
[cot:tool] start read E:\AI Projects\data-insights-blog-worktrees\worker-3\src\components\charts\SortedTooltip.tsx
[cot:tool] done read E:\AI Projects\data-insights-blog-worktrees\worker-3\src\components\charts\SortedTooltip.tsx
[cot:tool] done grep E:\AI Projects\data-insights-blog-worktrees\worker-3\src
[cot:thought] Fixing a tooltip item sorter reference in MeasurementScienceResearchDashboard.
[cot:tool] start shell (Get-Content "src\components\visualizations\MeasurementScienceResearchDashboard.tsx" -Raw) -replace 'itemSorter=\{sortTooltipPayload\}','itemSorter={tooltipItemSorter}' -replace "sortTooltipPayload","tooltipItemSorter" | Set-Content "src\components\visualizations\MeasurementScienceResearchDashboard.tsx" -NoNewline; Select-String -Path "src\components\visualizations\MeasurementScienceResearchDashboard.tsx" -Pattern "sortTooltip|tooltipItemSorter" | Select-Object -First 15
[cot:tool] done shell (Get-Content "src\components\visualizations\MeasurementScienceResearchDashboard.tsx" -Raw) -replace 'itemSorter=\{sortTooltipPayload\}','itemSorter={tooltipItemSorter}' -replace "sortTooltipPayload","tooltipItemSorter" | Set-Content "src\components\visualizations\MeasurementScienceResearchDashboard.tsx" -NoNewline; Select-String -Path "src\components\visualizations\MeasurementScienceResearchDashboard.tsx" -Pattern "sortTooltip|tooltipItemSorter" | Select-Object -First 15
[cot:thought] Confirmed the import replacement correctly renamed the tooltip payload helper. Checking whether sortTooltipPayload
[cot:thought] is still referenced elsewhere in the file, since Tooltip custom content may depend on it.
[cot:tool] start grep E:\AI Projects\data-insights-blog-worktrees\worker-3\src\components\visualizations\MeasurementScienceResearchDashboard.tsx
[cot:tool] start shell $env:SMOKE_PORT='4184'; $env:SMOKE_QA_PORT='4185'; npm run deploy
[cot:tool] done grep E:\AI Projects\data-insights-blog-worktrees\worker-3\src\components\visualizations\MeasurementScienceResearchDashboard.tsx
[cot:tool] done shell $env:SMOKE_PORT='4184'; $env:SMOKE_QA_PORT='4185'; npm run deploy
[cot:thought] The visualization union type needs to include the industrial-robotics-research-2026 slug. Dashboard wiring should follow if the dashboard exists.
[cot:tool] start grep E:\AI Projects\data-insights-blog-worktrees\worker-3\src
[cot:tool] start shell npx tsc --noEmit 2>&1 | Select-Object -First 40
[cot:tool] done grep E:\AI Projects\data-insights-blog-worktrees\worker-3\src
[cot:tool] done shell npx tsc --noEmit 2>&1 | Select-Object -First 40
[cot:thought] The IndustrialRoboticsResearchDashboard component is missing from post.ts type definitions and PostVisualization.
[cot:thought] Adding the missing
[cot:thought] component now and awaiting TypeScript compilation output.
[cot:tool] start await
[cot:tool] start grep E:\AI Projects\data-insights-blog-worktrees\worker-3\src\components\PostVisualization.tsx
[cot:tool] start grep E:\AI Projects\data-insights-blog-worktrees\worker-3\src\data\posts.ts
[cot:tool] done await
[cot:tool] done grep E:\AI Projects\data-insights-blog-worktrees\worker-3\src\components\PostVisualization.tsx
[cot:tool] done grep E:\AI Projects\data-insights-blog-worktrees\worker-3\src\data\posts.ts
[cot:thought] Several visualization keys in posts.ts may be missing from the type union. Three specific posts
[cot:thought] were flagged as potentially missing from the type union: industrial-robotics-research-2026, ai-supply-chain-research-2026, and us-billion-dollar-weather-disasters-ms94skof.
[cot:thought] The next step is to inspect the TypeScript compiler output and post.ts type definitions to identify and add the missing entries.
[cot:tool] start read C:\Users\ether\.cursor\projects\E-AI-Projects-data-insights-blog-worktrees-worker-3\terminals\20574.txt
[cot:tool] done read C:\Users\ether\.cursor\projects\E-AI-Projects-data-insights-blog-worktrees-worker-3\terminals\20574.txt
[cot:tool] start read E:\AI Projects\data-insights-blog-worktrees\worker-3\src\types\post.ts
[cot:tool] start grep E:\AI Projects\data-insights-blog-worktrees\worker-3\src\components\PostVisualization.tsx
[cot:tool] done read E:\AI Projects\data-insights-blog-worktrees\worker-3\src\types\post.ts
[cot:tool] done grep E:\AI Projects\data-insights-blog-worktrees\worker-3\src\components\PostVisualization.tsx
[cot:tool] start glob
[cot:tool] start glob
[cot:tool] start glob
[cot:tool] done glob
[cot:tool] done glob
[cot:tool] done glob
[cot:thought] Three missing visualization types must be added to post.ts and wired into PostVisualization.
[cot:thought] Reviewing existing
[cot:thought] dashboard export patterns to guide the TSX wiring.Registering three missing visualizations that are blocking the typecheck.
[cot:tool] start grep E:\AI Projects\data-insights-blog-worktrees\worker-3\src\components\visualizations
[cot:tool] start read E:\AI Projects\data-insights-blog-worktrees\worker-3\src\components\PostVisualization.tsx
[cot:tool] done grep E:\AI Projects\data-insights-blog-worktrees\worker-3\src\components\visualizations
[cot:tool] done read E:\AI Projects\data-insights-blog-worktrees\worker-3\src\components\PostVisualization.tsx
[cot:thought] Adding three dashboard types and wiring them together.
[cot:tool] start edit E:\AI Projects\data-insights-blog-worktrees\worker-3\src\types\post.ts
[cot:tool] start edit E:\AI Projects\data-insights-blog-worktrees\worker-3\src\components\PostVisualization.tsx
[cot:tool] done edit E:\AI Projects\data-insights-blog-worktrees\worker-3\src\types\post.ts
[cot:tool] start shell $env:SMOKE_PORT='4184'; $env:SMOKE_QA_PORT='4185'; npm run deploy
[cot:tool] done edit E:\AI Projects\data-insights-blog-worktrees\worker-3\src\components\PostVisualization.tsx
[cot:tool] start edit E:\AI Projects\data-insights-blog-worktrees\worker-3\src\components\PostVisualization.tsx
[cot:tool] done edit E:\AI Projects\data-insights-blog-worktrees\worker-3\src\components\PostVisualization.tsx
[cot:agent] connection/reconnecting
[2026-08-01 03:21:59] WARN: transport blip cliAttempt=1 (raw=) elapsed=0s
[cot:agent] retry/starting
[cot:agent] retry/resuming
[cot:agent] connection/reconnecting
[2026-08-01 03:22:00] WARN: transport blip cliAttempt=1 (raw=) elapsed=0s
[cot:agent] retry/starting
[cot:agent] retry/resuming
[cot:agent] connection/reconnecting
[2026-08-01 03:22:00] WARN: transport blip cliAttempt=1 (raw=) elapsed=0s
[cot:agent] retry/starting
[cot:agent] retry/resuming
[cot:agent] connection/reconnecting
[2026-08-01 03:22:00] WARN: transport blip cliAttempt=1 (raw=) elapsed=0s
[cot:agent] retry/starting
[cot:agent] retry/resuming
[cot:agent] connection/reconnecting
[2026-08-01 03:22:00] WARN: transport blip cliAttempt=1 (raw=) elapsed=0s
[cot:agent] retry/starting
[cot:agent] retry/resuming
[cot:agent] connection/reconnecting
[2026-08-01 03:22:00] WARN: transport blip cliAttempt=1 (raw=) elapsed=0s
[cot:agent] retry/starting
[cot:agent] retry/resuming
[cot:agent] connection/reconnecting
[2026-08-01 03:22:00] WARN: transport blip cliAttempt=1 (raw=) elapsed=0s
[cot:agent] retry/starting
[cot:agent] retry/resuming
[cot:agent] connection/reconnecting
[2026-08-01 03:22:00] WARN: transport blip cliAttempt=1 (raw=) elapsed=0s
[cot:agent] retry/starting
[cot:agent] retry/resuming
[cot:agent] connection/reconnecting
[2026-08-01 03:22:00] WARN: transport blip cliAttempt=1 (raw=) elapsed=0s
[cot:agent] retry/starting
[cot:agent] retry/resuming
[cot:agent] connection/reconnecting
[2026-08-01 03:22:00] WARN: transport blip cliAttempt=1 (raw=) elapsed=0s
[cot:agent] retry/starting
[cot:agent] retry/resuming
RetriableError: Connection failed repeatedly
[2026-08-01 03:22:01] INFO: remapping exit 0 -> transport_kill (Cursor connection failed repeatedly)
[2026-08-01 03:22:01] Parking job-msa0sb5p-8jgdg for manual review after transport_kill (auto-rerun refused)
[2026-08-01 03:22:02] git: error: Your local changes to the following files would be overwritten by checkout:
[2026-08-01 03:22:02] git: 	src/components/PostVisualization.tsx
[2026-08-01 03:22:02] git: 	src/types/post.ts
[2026-08-01 03:22:02] git: Please commit your changes or stash them before you switch branches.
[2026-08-01 03:22:02] git: Aborting
[2026-08-01 03:22:02] Keeping WIP branch post/bank-commercial-credit-research-2026-w3 for recovery (ahead=4)
[2026-08-01 03:22:02] Worker 3 finished (exit=75)
