[2026-08-20 20:31:06] [cot:system] session model=Auto cwd=C:\Users\ether\AppData\Local\data-insights-blog-workers\worker-1
[2026-08-20 20:31:06] [cot:user] You are a blog production WORKER in a parallel multi-agent system. ## Identity - Worker ID: 1 - Job ID: job-mt27e0ni-m95fr - Assigned slug: macro-growth-trade-update-2026q3 - Theme ID: macro-growth-trΓÇª
[2026-08-20 20:31:06] [cot:thought] Beginning blog production work as worker 1. Preparing to draft the macro-growth-trade update post.
[2026-08-20 20:31:06] [cot:thought] Reviewing the workspace state and production rules before drafting the post.
[2026-08-20 20:31:06] [cot:thought] I'll start as worker 1 on `macro-growth-trade-update-2026q3`: check conveyor sync, mark the job researching, then pull the production rules and prior theme posts.
[2026-08-20 20:31:06] [cot:tool] start shell $env:BLOG_REPO_ROOT='E:\AI Projects\data-insights-blog'; if (Test-Path 'artifacts/conveyor-sync.json') { Get-Content 'artifacts/conveyor-sync.json' -Raw } else { Write-Output 'no conveyor-sync' }; git branch --show-current; git status -sb
[2026-08-20 20:31:06] [cot:tool] start read C:\Users\ether\AppData\Local\data-insights-blog-workers\worker-1\.cursor\rules\autonomous-blog-production.mdc
[2026-08-20 20:31:06] [cot:tool] start glob
[2026-08-20 20:31:07] [cot:tool] start grep C:\Users\ether\AppData\Local\data-insights-blog-workers\worker-1\src
[2026-08-20 20:31:07] [cot:tool] done read ?
[2026-08-20 20:31:07] [cot:tool] done glob
[2026-08-20 20:31:07] [cot:tool] done grep C:\Users\ether\AppData\Local\data-insights-blog-workers\worker-1\src
[2026-08-20 20:31:07] [cot:tool] done shell $env:BLOG_REPO_ROOT='E:\AI Projects\data-insights-blog'; if (Test-Path 'artifacts/conveyor-sync.json') { Get-Content 'artifacts/conveyor-sync.json' -Raw } else { Write-Output 'no conveyor-sync' }; git branch --show-current; git status -sb
[2026-08-20 20:31:07] [cot:thought] Found previous posts on this theme. Marking the job as
[2026-08-20 20:31:07] [cot:thought] researching. Will review production rules and the previous update post as a template.
[2026-08-20 20:31:07] [cot:thought] Need to identify the newest data vintage for this Q3 2026 update.
[2026-08-20 20:31:07] [cot:tool] start shell $env:BLOG_REPO_ROOT='E:\AI Projects\data-insights-blog'; npx tsx "E:\AI Projects\data-insights-blog\scripts\update-agent-job.mjs" --job job-mt27e0ni-m95fr --status researching --activity "Reading prior theme post + production rules"
[2026-08-20 20:31:07] [cot:tool] start glob
[2026-08-20 20:31:07] [cot:tool] done glob
[2026-08-20 20:31:07] [cot:tool] start read C:\Users\ether\AppData\Local\data-insights-blog-workers\worker-1\src\data\macro-growth-trade-update-2026-data.ts
[2026-08-20 20:31:07] [cot:tool] done read C:\Users\ether\AppData\Local\data-insights-blog-workers\worker-1\src\data\macro-growth-trade-update-2026-data.ts
[2026-08-20 20:31:07] [cot:tool] start read C:\Users\ether\AppData\Local\data-insights-blog-workers\worker-1\src\data\posts.ts
[2026-08-20 20:31:07] [cot:tool] done read C:\Users\ether\AppData\Local\data-insights-blog-workers\worker-1\src\data\posts.ts
[2026-08-20 20:31:07] [cot:tool] done shell $env:BLOG_REPO_ROOT='E:\AI Projects\data-insights-blog'; npx tsx "E:\AI Projects\data-insights-blog\scripts\update-agent-job.mjs" --job job-mt27e0ni-m95fr --status researching --activity "Reading prior theme post + production rules"
[2026-08-20 20:31:07] [cot:thought] The prior update referenced the July 2026 IMF WEO rather than April 2026. The August 20, 2026
[2026-08-20 20:31:07] [cot:thought] posting date falls between the July WEO Update and the October full WEO release. Alternative sources such as WTO Global Trade Outlook, OECD Economic Outlook, World Bank Global Economic Prospects, and national Q2 GDP data are being evaluated to identify the newest official vintage.
[2026-08-20 20:31:07] [cot:thought] The prior post was
[2026-08-20 20:31:07] [cot:thought] published on August 20, 2026. The Q3 vintage must therefore come from data released between July and mid-August.
[2026-08-20 20:31:07] [cot:thought] Plausible official vintages are being considered since this appears to be a fictional future timeline.
[2026-08-20 20:31:07] [cot:thought] The search is narrowing
[2026-08-20 20:31:07] [cot:thought] to four specific data sources: WTO Global Trade Outlook, OECD Interim Economic Outlook, World Bank commodity price data, and national Q2 GDP releases. Prior data modules and dashboard patterns will also be reviewed.
[2026-08-20 20:31:07] [cot:thought] A production brief or agent job may contain additional source hints.
[2026-08-20 20:31:08] [cot:thought] Prior post used IMF July 2026 vs April; I'll locate a newer Q3 vintage and mirror the dashboard/registration pattern.
[2026-08-20 20:31:08] [cot:tool] start shell $env:BLOG_REPO_ROOT='E:\AI Projects\data-insights-blog'; npx tsx "E:\AI Projects\data-insights-blog\scripts\update-agent-job.mjs" --job job-mt27e0ni-m95fr --status researching --activity "Finding Q3 vintage sources vs July IMF update"
[2026-08-20 20:31:08] [cot:tool] start webSearch
[2026-08-20 20:31:08] [cot:tool] start read C:\Users\ether\AppData\Local\data-insights-blog-workers\worker-1\src\data\macro-growth-trade-update-2026-data.ts
[2026-08-20 20:31:08] [cot:tool] done read C:\Users\ether\AppData\Local\data-insights-blog-workers\worker-1\src\data\macro-growth-trade-update-2026-data.ts
[2026-08-20 20:31:08] [cot:tool] start read C:\Users\ether\AppData\Local\data-insights-blog-workers\worker-1\src\components\visualizations\MacroGrowthTradeUpdateDashboard.tsx
[2026-08-20 20:31:08] [cot:tool] done read C:\Users\ether\AppData\Local\data-insights-blog-workers\worker-1\src\components\visualizations\MacroGrowthTradeUpdateDashboard.tsx
[2026-08-20 20:31:08] [cot:tool] start glob
[2026-08-20 20:31:08] [cot:tool] done glob
[2026-08-20 20:31:08] [cot:tool] done webSearch
[2026-08-20 20:31:08] [cot:tool] done shell $env:BLOG_REPO_ROOT='E:\AI Projects\data-insights-blog'; npx tsx "E:\AI Projects\data-insights-blog\scripts\update-agent-job.mjs" --job job-mt27e0ni-m95fr --status researching --activity "Finding Q3 vintage sources vs July IMF update"
[2026-08-20 20:31:08] [cot:thought] Determining the newest official data vintage for the August 2026 Q3 update, likely following the July IMF WEO Update.
[2026-08-20 20:31:08] [cot:thought] Checking WTO Global
[2026-08-20 20:31:08] [cot:thought] Trade Outlook, OECD Interim Economic Outlook, World Bank commodity prices, national Q2 GDP, and CPB World Trade Monitor for August 2026 data.
[2026-08-20 20:31:08] [cot:tool] start webSearch
[2026-08-20 20:31:08] [cot:tool] start webSearch
[2026-08-20 20:31:08] [cot:tool] start grep C:\Users\ether\AppData\Local\data-insights-blog-workers\worker-1\.cursor\rules
[2026-08-20 20:31:08] [cot:tool] start glob
[2026-08-20 20:31:09] [cot:tool] done grep C:\Users\ether\AppData\Local\data-insights-blog-workers\worker-1\.cursor\rules
[2026-08-20 20:31:09] [cot:tool] done glob
[2026-08-20 20:31:09] [cot:tool] done webSearch
[2026-08-20 20:31:09] [cot:tool] done webSearch
[2026-08-20 20:31:09] [cot:thought] The OECD page cites an interim report dated September 202. This likely corresponds to September 2026.
[2026-08-20 20:31:09] [cot:thought] Searching for the
[2026-08-20 20:31:09] [cot:thought] specific OECD interim report. Checking CPB World Trade Monitor for May and June 2026 data, expected to publish in July or August.
[2026-08-20 20:31:09] [cot:tool] start webSearch
[2026-08-20 20:31:09] [cot:tool] start webSearch
[2026-08-20 20:31:09] [cot:tool] start webFetch
[2026-08-20 20:31:09] [cot:tool] done webSearch
[2026-08-20 20:31:09] [cot:tool] done webSearch
[2026-08-20 20:31:09] [cot:tool] done webFetch
[2026-08-20 20:31:09] [cot:thought] The OECD Economic Outlook Volume 2026 Issue 1 from June 2026 contains global GDP data for the post.
[2026-08-20 20:31:09] [cot:thought] The post will contrast
[2026-08-20 20:31:09] [cot:thought] the June OECD outlook with CPB May trade data and commodity prices. The prior July IMF post used 3.0% GDP and 4.7% CPI. New data may include WTO August interim and World Bank Pink Sheet.
[2026-08-20 20:31:09] [cot:thought] CPB June trade data
[2026-08-20 20:31:09] [cot:thought] likely won't be available until August 25. The focus now shifts to fetching CPB May 2026 and the OECD June Economic Outlook for country-level trade details. World Bank commodity data and national Q2 GDP releases remain under review.
[2026-08-20 20:31:09] [cot:tool] start webFetch
[2026-08-20 20:31:09] [cot:tool] start webSearch
[2026-08-20 20:31:09] [cot:tool] start grep C:\Users\ether\.cursor\projects\C-Users-ether-AppData-Local-data-insights-blog-workers-worker-1\agent-tools\84624724-4b43-4108-8dee-c76c648077c1.txt
[2026-08-20 20:31:09] [cot:tool] start read C:\Users\ether\AppData\Local\data-insights-blog-workers\worker-1\scripts\qa-macro-growth-trade-update-2026.mjs
[2026-08-20 20:31:10] [cot:tool] done webFetch
[2026-08-20 20:31:10] [cot:tool] done grep C:\Users\ether\.cursor\projects\C-Users-ether-AppData-Local-data-insights-blog-workers-worker-1\agent-tools\84624724-4b43-4108-8dee-c76c648077c1.txt
[2026-08-20 20:31:10] [cot:tool] done read C:\Users\ether\AppData\Local\data-insights-blog-workers\worker-1\scripts\qa-macro-growth-trade-update-2026.mjs
[2026-08-20 20:31:10] [cot:tool] done webSearch
[2026-08-20 20:31:10] [cot:thought] The OECD June 2026 Economic Outlook contains solid figures for the post. The June OECD outlook
[2026-08-20 20:31:10] [cot:thought] is older than the July IMF Update. The CPB World Trade Monitor from July 24 is the newest post-July data source available.
[2026-08-20 20:31:10] [cot:thought] CPB June data is too
[2026-08-20 20:31:10] [cot:thought] late. US BEA Q2 advance estimates and the World Bank Pink Sheet are the next likely sources.
[2026-08-20 20:31:10] [cot:thought] The post could compare CPB trade monitor outturns through May against Q2 national accounts and commodity prices.
[2026-08-20 20:31:10] [cot:thought] Alternatively it could hard-check the July IMF vintage using CPB monitors plus Q2 data and oil futures.
[2026-08-20 20:31:10] [cot:thought] Fetching CPB April and May trade data. Checking US Q2 GDP and oil prices. Reviewing the agent job brief for additional hints.
[2026-08-20 20:31:10] [cot:thought] July IMF is already covered; I'll use post-July hard data (CPB trade monitor, Q2 GDP, commodities) as the Q3 vintage delta.
[2026-08-20 20:31:10] [cot:tool] start webFetch
[2026-08-20 20:31:10] [cot:tool] start webSearch
[2026-08-20 20:31:10] [cot:tool] start webSearch
[2026-08-20 20:31:10] [cot:tool] start grep E:\AI Projects\data-insights-blog\artifacts
[2026-08-20 20:31:10] [cot:tool] done grep E:\AI Projects\data-insights-blog\artifacts
[2026-08-20 20:31:10] [cot:tool] done webFetch
[2026-08-20 20:31:10] [cot:tool] done webSearch
[2026-08-20 20:31:10] [cot:tool] done webSearch
[2026-08-20 20:31:10] [cot:thought] The Q3 update story is now clear. The Q3 revision will
[2026-08-20 20:31:10] [cot:thought] contrast the July vintage with late-July???mid-August hard data. CPB World Trade Monitor shows US merchandise exports rose 1.0% MoM in July, recovering from the March war shock. BEA Q2 2026 advance reports US GDP at +1.5% SAAR, PCE at +5.1%, core PCE at +3.4%, and purchases price index at +5.7%.
[2026-08-20 20:31:10] [cot:thought] Eurostat and China Q2 figures may also be included, along with updated oil futures.
[2026-08-20 20:31:10] [cot:thought] April CPB trade growth
[2026-08-20 20:31:10] [cot:thought] was revised down to +0.3% from the initial +0.7% print. The Q3 narrative will pair this April revision with May???s +1.0% MoM rise. Additional Q2 GDP figures from other economies are still needed.
[2026-08-20 20:31:10] [cot:thought] The post will frame
[2026-08-20 20:31:10] [cot:thought] its headline around a forecast-versus-outcome vintage comparison against the July IMF path. I am fetching BEA, Euro area, and China Q2 data, plus August 2026 oil prices.
[2026-08-20 20:31:10] [cot:thought] A different visual design is planned to avoid cloning the prior KPI+bar template.
[2026-08-20 20:31:10] [cot:tool] start webFetch
[2026-08-20 20:31:10] [cot:tool] start webSearch
[2026-08-20 20:31:10] [cot:tool] start read C:\Users\ether\AppData\Local\data-insights-blog-workers\worker-1\src\components\visualizations\MacroGrowthTradeUpdateDashboard.tsx
[2026-08-20 20:31:11] [cot:tool] done read C:\Users\ether\AppData\Local\data-insights-blog-workers\worker-1\src\components\visualizations\MacroGrowthTradeUpdateDashboard.tsx
[2026-08-20 20:31:11] [cot:tool] start grep C:\Users\ether\AppData\Local\data-insights-blog-workers\worker-1
[2026-08-20 20:31:11] [cot:tool] done grep C:\Users\ether\AppData\Local\data-insights-blog-workers\worker-1
[2026-08-20 20:31:11] [cot:tool] done webFetch
[2026-08-20 20:31:11] [cot:tool] done webSearch
[2026-08-20 20:31:11] [cot:thought] I have enough information to build the post. The Q3 update will
[2026-08-20 20:31:11] [cot:thought] check the July IMF vintage against CPB May trade (+1.0% MoM), US Q2 GDP (1.5% SAAR), EA Q2 (+0.4% QoQ), and US PCE prices (5.1% SAAR). The headline will highlight the soft US GDP and hot PCE. Next steps are pulling China and Korea Q2 GDP, reviewing the smoke-test registration pattern, writing the data module, and committing.
[2026-08-20 20:31:11] [cot:tool] start grep C:\Users\ether\AppData\Local\data-insights-blog-workers\worker-1\scripts\smoke-test-viz-posts.mjs
[2026-08-20 20:31:11] [cot:tool] start webSearch
[2026-08-20 20:31:11] [cot:tool] done grep C:\Users\ether\AppData\Local\data-insights-blog-workers\worker-1\scripts\smoke-test-viz-posts.mjs
[2026-08-20 20:31:11] [cot:tool] start read C:\Users\ether\AppData\Local\data-insights-blog-workers\worker-1\src\components\PostVisualization.tsx
[2026-08-20 20:31:11] [cot:tool] done read C:\Users\ether\AppData\Local\data-insights-blog-workers\worker-1\src\components\PostVisualization.tsx
[2026-08-20 20:31:11] [cot:tool] start grep C:\Users\ether\AppData\Local\data-insights-blog-workers\worker-1\artifacts\backend-manifest.json
[2026-08-20 20:31:11] [cot:tool] done grep C:\Users\ether\AppData\Local\data-insights-blog-workers\worker-1\artifacts\backend-manifest.json
[2026-08-20 20:31:11] [cot:tool] done webSearch
[2026-08-20 20:31:11] [cot:thought] Solid data has been gathered. The next step is to mark the job as building and create the data module.
[2026-08-20 20:31:11] [cot:thought] The Q3 update will
[2026-08-20 20:31:11] [cot:thought] stress-test the prior IMF July vintage against CPB WTM May, BEA Q2, Eurostat Q2, NBS China Q2, and BOK Korea Q2.
[2026-08-20 20:31:11] [cot:thought] A headline will highlight CPB May trade growth, US Q2 GDP, and PCE. The dashboard will feature an area chart tracking CPB monthly trade from March through May with war shock annotations.
[2026-08-20 20:31:11] [cot:thought] The dashboard will
[2026-08-20 20:31:11] [cot:thought] include grouped bars comparing Q2 GDP to the July IMF annual pace, a radar-style triad scoring growth, trade, and prices, a composed dual-axis chart for US GDP and PCE, a slope chart for country-level Q1-to-Q2 growth, and a scatter plot linking growth to inflation. Controls will allow filtering by region, selecting a metric focus, toggling between MoM and YoY views, and choosing individual countries.
[2026-08-20 20:31:11] [cot:thought] Enough vintage delta for a hard-data Q3 update. Writing the data module next, then committing.
[2026-08-20 20:31:11] [cot:tool] start shell $env:BLOG_REPO_ROOT='E:\AI Projects\data-insights-blog'; npx tsx "E:\AI Projects\data-insights-blog\scripts\update-agent-job.mjs" --job job-mt27e0ni-m95fr --status building --activity "Writing Q3 hard-data module (CPB/BEA/Eurostat)"
[2026-08-20 20:31:11] [cot:tool] start edit C:\Users\ether\AppData\Local\data-insights-blog-workers\worker-1\src\data\macro-growth-trade-update-2026q3-data.ts
[2026-08-20 20:31:11] [cot:tool] done edit C:\Users\ether\AppData\Local\data-insights-blog-workers\worker-1\src\data\macro-growth-trade-update-2026q3-data.ts
[2026-08-20 20:31:12] [cot:tool] done shell $env:BLOG_REPO_ROOT='E:\AI Projects\data-insights-blog'; npx tsx "E:\AI Projects\data-insights-blog\scripts\update-agent-job.mjs" --job job-mt27e0ni-m95fr --status building --activity "Writing Q3 hard-data module (CPB/BEA/Eurostat)"
[2026-08-20 20:31:12] [cot:thought] Japan, UK, and Brazil data appear to be estimates. I will handle these carefully.
[2026-08-20 20:31:12] [cot:thought] I will commit the
[2026-08-20 20:31:12] [cot:thought] data module and build the dashboard now. Estimated rows for Japan, UK, and Brazil are acceptable if clearly disclosed. The disclosed markets???US, EA, China, and Korea???will take priority.
[2026-08-20 20:31:12] [cot:tool] start shell git add src/data/macro-growth-trade-update-2026q3-data.ts; git commit --trailer "Co-authored-by: Cursor <cursoragent@cursor.com>" -m "wip(macro-growth-trade-update-2026q3): data module"
[2026-08-20 20:31:12] [cot:tool] start read C:\Users\ether\AppData\Local\data-insights-blog-workers\worker-1\src\types\post.ts
[2026-08-20 20:31:12] [cot:tool] start grep C:\Users\ether\AppData\Local\data-insights-blog-workers\worker-1\src\components\PostVisualization.tsx
[2026-08-20 20:31:12] [cot:tool] done read C:\Users\ether\AppData\Local\data-insights-blog-workers\worker-1\src\types\post.ts
[2026-08-20 20:31:12] [cot:tool] done grep C:\Users\ether\AppData\Local\data-insights-blog-workers\worker-1\src\components\PostVisualization.tsx
[2026-08-20 20:31:12] [cot:tool] done shell git add src/data/macro-growth-trade-update-2026q3-data.ts; git commit --trailer "Co-authored-by: Cursor <cursoragent@cursor.com>" -m "wip(macro-growth-trade-update-2026q3): data module"
[2026-08-20 20:31:12] [cot:thought] Creating the dashboard with diverse chart types. Six chart types are
[2026-08-20 20:31:12] [cot:thought] planned: area and bar for CPB monthly MoM, horizontal gap bars for print versus IMF, a composed dual-axis US GDP and PCE plot, a radar or scorecard for the triad track, a scatter of growth versus price, and a line for Q1-to-Q2 slope.
[2026-08-20 20:31:12] [cot:thought] Controls will include region, meter focus, CPB window, and gap mode. Both post.ts and PostVisualization need registration.
[2026-08-20 20:31:12] [cot:thought] Building the dashboard and wiring registration next.
[2026-08-20 20:31:12] [cot:tool] start read C:\Users\ether\AppData\Local\data-insights-blog-workers\worker-1\src\components\PostVisualization.tsx
[2026-08-20 20:31:12] [cot:tool] start read C:\Users\ether\AppData\Local\data-insights-blog-workers\worker-1\src\types\post.ts
[2026-08-20 20:31:12] [cot:tool] start shell $env:BLOG_REPO_ROOT='E:\AI Projects\data-insights-blog'; npx tsx "E:\AI Projects\data-insights-blog\scripts\update-agent-job.mjs" --job job-mt27e0ni-m95fr --status building --activity "Building Q3 dashboard + viz registration"
[2026-08-20 20:31:12] [cot:tool] done read C:\Users\ether\AppData\Local\data-insights-blog-workers\worker-1\src\components\PostVisualization.tsx
[2026-08-20 20:31:12] [cot:tool] done read C:\Users\ether\AppData\Local\data-insights-blog-workers\worker-1\src\types\post.ts
[2026-08-20 20:31:12] [cot:tool] done shell $env:BLOG_REPO_ROOT='E:\AI Projects\data-insights-blog'; npx tsx "E:\AI Projects\data-insights-blog\scripts\update-agent-job.mjs" --job job-mt27e0ni-m95fr --status building --activity "Building Q3 dashboard + viz registration"
[2026-08-20 20:31:12] [cot:thought] Checking the visualization type union and how Q3 dashboards are registered.
[2026-08-20 20:31:12] [cot:tool] start read C:\Users\ether\AppData\Local\data-insights-blog-workers\worker-1\src\types\post.ts
[2026-08-20 20:31:12] [cot:tool] done read C:\Users\ether\AppData\Local\data-insights-blog-workers\worker-1\src\types\post.ts
[2026-08-20 20:31:12] [cot:tool] start grep C:\Users\ether\AppData\Local\data-insights-blog-workers\worker-1\src
[2026-08-20 20:31:13] [cot:tool] start edit C:\Users\ether\AppData\Local\data-insights-blog-workers\worker-1\src\components\visualizations\MacroGrowthTradeUpdate2026q3Dashboard.tsx
[2026-08-20 20:31:13] [cot:tool] done grep C:\Users\ether\AppData\Local\data-insights-blog-workers\worker-1\src
[2026-08-20 20:31:13] [cot:tool] done edit C:\Users\ether\AppData\Local\data-insights-blog-workers\worker-1\src\components\visualizations\MacroGrowthTradeUpdate2026q3Dashboard.tsx
[2026-08-20 20:31:13] [cot:thought] Registering the visualization type and dynamic import. Reviewing the ai-power-grid-update-2026q3
[2026-08-20 20:31:13] [cot:thought] template as a reference.
[2026-08-20 20:31:13] [cot:tool] start grep C:\Users\ether\AppData\Local\data-insights-blog-workers\worker-1\src\components\PostVisualization.tsx
[2026-08-20 20:31:13] [cot:tool] done grep C:\Users\ether\AppData\Local\data-insights-blog-workers\worker-1\src\components\PostVisualization.tsx
[2026-08-20 20:31:13] [cot:tool] start edit C:\Users\ether\AppData\Local\data-insights-blog-workers\worker-1\src\types\post.ts
[2026-08-20 20:31:13] [cot:tool] start read C:\Users\ether\AppData\Local\data-insights-blog-workers\worker-1\src\components\PostVisualization.tsx
[2026-08-20 20:31:13] [cot:tool] done read C:\Users\ether\AppData\Local\data-insights-blog-workers\worker-1\src\components\PostVisualization.tsx
[2026-08-20 20:31:13] [cot:tool] done edit C:\Users\ether\AppData\Local\data-insights-blog-workers\worker-1\src\types\post.ts
[2026-08-20 20:31:13] [cot:thought] Adding a dynamic import and conditional branch for the new dashboard.
[2026-08-20 20:31:13] [cot:tool] start edit C:\Users\ether\AppData\Local\data-insights-blog-workers\worker-1\src\components\PostVisualization.tsx
[2026-08-20 20:31:13] [cot:tool] done edit C:\Users\ether\AppData\Local\data-insights-blog-workers\worker-1\src\components\PostVisualization.tsx
[2026-08-20 20:31:13] [cot:tool] start edit C:\Users\ether\AppData\Local\data-insights-blog-workers\worker-1\src\components\PostVisualization.tsx
[2026-08-20 20:31:13] [cot:tool] done edit C:\Users\ether\AppData\Local\data-insights-blog-workers\worker-1\src\components\PostVisualization.tsx
[2026-08-20 20:31:13] [cot:tool] start edit C:\Users\ether\AppData\Local\data-insights-blog-workers\worker-1\src\data\theme-registry.ts
[2026-08-20 20:31:14] [cot:tool] done edit
[2026-08-20 20:31:14] [cot:tool] start shell git add src/data/macro-growth-trade-update-2026q3-data.ts src/components/visualizations/MacroGrowthTradeUpdate2026q3Dashboard.tsx src/types/post.ts src/components/PostVisualization.tsx src/data/theme-registry.ts; git commit --trailer "Co-authored-by: Cursor <cursoragent@cursor.com>" -m "wip(macro-growth-trade-update-2026q3): dashboard + viz wireup"
[2026-08-20 20:31:14] [cot:tool] done shell git add src/data/macro-growth-trade-update-2026q3-data.ts src/components/visualizations/MacroGrowthTradeUpdate2026q3Dashboard.tsx src/types/post.ts src/components/PostVisualization.tsx src/data/theme-registry.ts; git commit --trailer "Co-authored-by: Cursor <cursoragent@cursor.com>" -m "wip(macro-growth-trade-update-2026q3): dashboard + viz wireup"
[2026-08-20 20:31:14] [cot:thought] The theme-registry update failed and was excluded from the commit. PostVisualization
[2026-08-20 20:31:14] [cot:thought] and post.ts were committed. Only three files were staged. The macro-growth theme-registry entry still needs fixing.
[2026-08-20 20:31:14] [cot:tool] start grep C:\Users\ether\AppData\Local\data-insights-blog-workers\worker-1\src\data\theme-registry.ts
[2026-08-20 20:31:14] [cot:tool] start grep C:\Users\ether\AppData\Local\data-insights-blog-workers\worker-1\src
[2026-08-20 20:31:14] [cot:tool] done grep C:\Users\ether\AppData\Local\data-insights-blog-workers\worker-1\src\data\theme-registry.ts
[2026-08-20 20:31:14] [cot:tool] done grep C:\Users\ether\AppData\Local\data-insights-blog-workers\worker-1\src
[2026-08-20 20:31:14] [cot:thought] Adding a theme registry entry. Verifying the dynamic
[2026-08-20 20:31:14] [cot:thought] import exists.Next: theme registry, post prose, and hero image.
[2026-08-20 20:31:14] [cot:tool] start edit C:\Users\ether\AppData\Local\data-insights-blog-workers\worker-1\src\data\theme-registry.ts
[2026-08-20 20:31:15] [cot:tool] done edit
[2026-08-20 20:31:15] [cot:tool] start grep C:\Users\ether\AppData\Local\data-insights-blog-workers\worker-1\src\components\PostVisualization.tsx
[2026-08-20 20:31:15] [cot:tool] done grep C:\Users\ether\AppData\Local\data-insights-blog-workers\worker-1\src\components\PostVisualization.tsx
[2026-08-20 20:31:15] [cot:tool] start read C:\Users\ether\AppData\Local\data-insights-blog-workers\worker-1\src\data\posts.ts
[2026-08-20 20:31:15] [cot:tool] start generateImage
[2026-08-20 20:31:15] [cot:tool] done read C:\Users\ether\AppData\Local\data-insights-blog-workers\worker-1\src\data\posts.ts
[2026-08-20 20:31:15] [cot:tool] done generateImage
[2026-08-20 20:31:15] [cot:thought] The theme registry replacement failed. Line endings or the jolts line placement after macro-growth may be the cause.
[2026-08-20 20:31:15] [cot:thought] Reading the relevant file section. The hero image must also be copied to public/images/.
[2026-08-20 20:31:15] [cot:tool] start read C:\Users\ether\AppData\Local\data-insights-blog-workers\worker-1\src\data\theme-registry.ts
[2026-08-20 20:31:15] [cot:tool] start shell Copy-Item -Force "C:\Users\ether\.cursor\projects\C-Users-ether-AppData-Local-data-insights-blog-workers-worker-1\assets\economics-macro-growth-trade-update-2026q3-hero.png" "C:\Users\ether\AppData\Local\data-insights-blog-workers\worker-1\public\images\economics-macro-growth-trade-update-2026q3-hero.png"; Test-Path "C:\Users\ether\AppData\Local\data-insights-blog-workers\worker-1\public\images\economics-macro-growth-trade-update-2026q3-hero.png"
[2026-08-20 20:31:15] [cot:tool] done read C:\Users\ether\AppData\Local\data-insights-blog-workers\worker-1\src\data\theme-registry.ts
[2026-08-20 20:31:15] [cot:tool] done shell Copy-Item -Force "C:\Users\ether\.cursor\projects\C-Users-ether-AppData-Local-data-insights-blog-workers-worker-1\assets\economics-macro-growth-trade-update-2026q3-hero.png" "C:\Users\ether\AppData\Local\data-insights-blog-workers\worker-1\public\images\economics-macro-growth-trade-update-2026q3-hero.png"; Test-Path "C:\Users\ether\AppData\Local\data-insights-blog-workers\worker-1\public\images\economics-macro-growth-trade-update-2026q3-hero.png"
[2026-08-20 20:31:15] [cot:thought] The jolts line does not immediately follow the macro-growth-trade-update-2026 slug.
[2026-08-20 20:31:15] [cot:thought] The insertion point
[2026-08-20 20:31:15] [cot:thought] is line 446.
[2026-08-20 20:31:15] [cot:tool] start edit C:\Users\ether\AppData\Local\data-insights-blog-workers\worker-1\src\data\theme-registry.ts
[2026-08-20 20:31:16] [cot:tool] start shell $env:BLOG_REPO_ROOT='E:\AI Projects\data-insights-blog'; npx tsx "E:\AI Projects\data-insights-blog\scripts\update-agent-job.mjs" --job job-mt27e0ni-m95fr --status building --activity "Writing post prose + wiring hero"
[2026-08-20 20:31:16] [cot:tool] done edit C:\Users\ether\AppData\Local\data-insights-blog-workers\worker-1\src\data\theme-registry.ts
[2026-08-20 20:31:16] [cot:tool] done shell $env:BLOG_REPO_ROOT='E:\AI Projects\data-insights-blog'; npx tsx "E:\AI Projects\data-insights-blog\scripts\update-agent-job.mjs" --job job-mt27e0ni-m95fr --status building --activity "Writing post prose + wiring hero"
[2026-08-20 20:31:16] [cot:thought] Writing the post entry in posts.ts. Placing the new entry
[2026-08-20 20:31:16] [cot:thought] at the top of samplePosts. Preparing to meet the word-count and structural requirements, including caveats, tables, and internal links. Will also update backend-manifest.json with the hero image.
[2026-08-20 20:31:16] [cot:thought] Writing the post entry and updating the backend manifest.
[2026-08-20 20:31:16] [cot:tool] start edit C:\Users\ether\AppData\Local\data-insights-blog-workers\worker-1\src\data\posts.ts
[2026-08-20 20:31:16] [cot:tool] done edit C:\Users\ether\AppData\Local\data-insights-blog-workers\worker-1\src\data\posts.ts
[2026-08-20 20:31:16] [cot:thought] Updating the backend manifest and committing the prose and hero sections. Removing estimated
[2026-08-20 20:31:16] [cot:thought] figures for Japan, UK, Brazil, and India to satisfy quality requirements.
[2026-08-20 20:31:16] [cot:tool] start read C:\Users\ether\AppData\Local\data-insights-blog-workers\worker-1\artifacts\backend-manifest.json
[2026-08-20 20:31:16] [cot:tool] start shell git add src/data/posts.ts src/data/theme-registry.ts public/images/economics-macro-growth-trade-update-2026q3-hero.png; git status -sb
[2026-08-20 20:31:16] [cot:tool] done read C:\Users\ether\AppData\Local\data-insights-blog-workers\worker-1\artifacts\backend-manifest.json
[2026-08-20 20:31:16] [cot:tool] done shell git add src/data/posts.ts src/data/theme-registry.ts public/images/economics-macro-growth-trade-update-2026q3-hero.png; git status -sb
[2026-08-20 20:31:16] [cot:thought] Updating the backend manifest and committing the prose and hero sections. Writing the QA script
[2026-08-20 20:31:16] [cot:thought] and smoke marker.
[2026-08-20 20:31:16] [cot:tool] start edit C:\Users\ether\AppData\Local\data-insights-blog-workers\worker-1\artifacts\backend-manifest.json
[2026-08-20 20:31:16] [cot:tool] done edit C:\Users\ether\AppData\Local\data-insights-blog-workers\worker-1\artifacts\backend-manifest.json
[2026-08-20 20:31:16] [cot:tool] start read C:\Users\ether\AppData\Local\data-insights-blog-workers\worker-1\scripts\qa-macro-growth-trade-update-2026.mjs
[2026-08-20 20:31:16] [cot:tool] start read C:\Users\ether\AppData\Local\data-insights-blog-workers\worker-1\scripts\smoke-test-viz-posts.mjs
[2026-08-20 20:31:16] [cot:tool] done read C:\Users\ether\AppData\Local\data-insights-blog-workers\worker-1\scripts\qa-macro-growth-trade-update-2026.mjs
[2026-08-20 20:31:16] [cot:tool] done read C:\Users\ether\AppData\Local\data-insights-blog-workers\worker-1\scripts\smoke-test-viz-posts.mjs
[2026-08-20 20:31:16] [cot:thought] Adding a smoke test entry. Smoke tests cover
[2026-08-20 20:31:16] [cot:thought] all posts in a list. The new slug belongs near the beginning or with other Q3 entries.
[2026-08-20 20:31:16] [cot:tool] start grep C:\Users\ether\AppData\Local\data-insights-blog-workers\worker-1\scripts\smoke-test-viz-posts.mjs
[2026-08-20 20:31:17] [cot:tool] done grep C:\Users\ether\AppData\Local\data-insights-blog-workers\worker-1\scripts\smoke-test-viz-posts.mjs
[2026-08-20 20:31:17] [cot:tool] start edit C:\Users\ether\AppData\Local\data-insights-blog-workers\worker-1\scripts\qa-macro-growth-trade-update-2026q3.mjs
[2026-08-20 20:31:17] [cot:tool] start edit C:\Users\ether\AppData\Local\data-insights-blog-workers\worker-1\scripts\smoke-test-viz-posts.mjs
[2026-08-20 20:31:17] [cot:tool] done edit C:\Users\ether\AppData\Local\data-insights-blog-workers\worker-1\scripts\qa-macro-growth-trade-update-2026q3.mjs
[2026-08-20 20:31:17] [cot:tool] done edit C:\Users\ether\AppData\Local\data-insights-blog-workers\worker-1\scripts\smoke-test-viz-posts.mjs
[2026-08-20 20:31:17] [cot:thought] Checking whether homepage QA needs a prose marker entry.
[2026-08-20 20:31:17] [cot:tool] start grep C:\Users\ether\AppData\Local\data-insights-blog-workers\worker-1\scripts\qa-homepage-and-fullscreen.mjs
[2026-08-20 20:31:17] [cot:tool] done grep C:\Users\ether\AppData\Local\data-insights-blog-workers\worker-1\scripts\qa-homepage-and-fullscreen.mjs
[2026-08-20 20:31:17] [cot:tool] start shell git add -A; git commit --trailer "Co-authored-by: Cursor <cursoragent@cursor.com>" -m "wip(macro-growth-trade-update-2026q3): post prose + hero"; git add scripts/qa-macro-growth-trade-update-2026q3.mjs scripts/smoke-test-viz-posts.mjs artifacts/backend-manifest.json; git status -sb; git log -3 --oneline
[2026-08-20 20:31:17] [cot:tool] done shell git add -A; git commit --trailer "Co-authored-by: Cursor <cursoragent@cursor.com>" -m "wip(macro-growth-trade-update-2026q3): post prose + hero"; git add scripts/qa-macro-growth-trade-update-2026q3.mjs scripts/smoke-test-viz-posts.mjs artifacts/backend-manifest.json; git status -sb; git log -3 --oneline
[2026-08-20 20:31:17] [cot:thought] The prose commit already includes QA, smoke, and manifest files. Verifying word count
[2026-08-20 20:31:17] [cot:thought] is at least 1200 words. Conveyor sync will be checked before deploying on ports 4180 and 4181.
[2026-08-20 20:31:17] [cot:tool] start shell $env:BLOG_REPO_ROOT='E:\AI Projects\data-insights-blog'; npx tsx "E:\AI Projects\data-insights-blog\scripts\update-agent-job.mjs" --job job-mt27e0ni-m95fr --status qa --activity "Running npm run deploy on ports 4180/4181"; $post = Get-Content "src\data\posts.ts" -Raw; if ($post -match "id: `"macro-growth-trade-update-2026q3`"[\s\S]*?content: ``([\s\S]*?)``") { $words = ($Matches[1] -split '\s+').Count; Write-Output "Word count approx: $words" } else { Write-Output "Could not extract content" }; if (Test-Path 'artifacts/conveyor-sync.json') { Get-Content 'artifacts/conveyor-sync.json' -Raw } else { 'no conveyor-sync' }
[2026-08-20 20:31:17] [cot:tool] done shell $env:BLOG_REPO_ROOT='E:\AI Projects\data-insights-blog'; npx tsx "E:\AI Projects\data-insights-blog\scripts\update-agent-job.mjs" --job job-mt27e0ni-m95fr --status qa --activity "Running npm run deploy on ports 4180/4181"; $post = Get-Content "src\data\posts.ts" -Raw; if ($post -match "id: `"macro-growth-trade-update-2026q3`"[\s\S]*?content: ``([\s\S]*?)``") { $words = ($Matches[1] -split '\s+').Count; Write-Output "Word count approx: $words" } else { Write-Output "Could not extract content" }; if (Test-Path 'artifacts/conveyor-sync.json') { Get-Content 'artifacts/conveyor-sync.json' -Raw } else { 'no conveyor-sync' }
[2026-08-20 20:31:17] [cot:thought] The post reached 1808 words. Now deploying with smoke ports 4180 and 4181.
[2026-08-20 20:31:17] [cot:tool] start shell $env:SMOKE_PORT='4180'; $env:SMOKE_QA_PORT='4181'; npm run deploy
[2026-08-20 20:31:17] [cot:tool] done shell $env:SMOKE_PORT='4180'; $env:SMOKE_QA_PORT='4181'; npm run deploy
[2026-08-20 20:31:17] [cot:thought] Deployment passed. Verifying the generated HTML file exists in the output directory.
[2026-08-20 20:31:17] [cot:thought] Committing the post.
[2026-08-20 20:31:17] [cot:thought] Marking the job ready. Printing the WorkerReady line. Exiting. Checking for uncommitted changes.
[2026-08-20 20:31:17] [cot:thought] Deploy passed. Final commit and marking the job ready.
[2026-08-20 20:31:17] [cot:tool] start shell Test-Path "out/blog/macro-growth-trade-update-2026q3/index.html"; Test-Path "out/blog/macro-growth-trade-update-2026q3.html"; git status -sb; git add -A; git status -sb; git diff --cached --stat
[2026-08-20 20:31:18] [cot:tool] done shell Test-Path "out/blog/macro-growth-trade-update-2026q3/index.html"; Test-Path "out/blog/macro-growth-trade-update-2026q3.html"; git status -sb; git add -A; git status -sb; git diff --cached --stat
[2026-08-20 20:31:18] [cot:thought] The generated HTML file is present at the expected path. Working tree is clean.
[2026-08-20 20:31:18] [cot:thought] The final `feat(post)` commit will replace the last WIP commit, since it is still local-only.
[2026-08-20 20:31:18] [cot:tool] start shell git log -1 --format='%an %ae %s'; git status -sb; git commit --trailer "Co-authored-by: Cursor <cursoragent@cursor.com>" --amend -m "$(cat <<'EOF'
[2026-08-20 20:31:18] [cot:tool] done shell git log -1 --format='%an %ae %s'; git status -sb; git commit --trailer "Co-authored-by: Cursor <cursoragent@cursor.com>" --amend -m "$(cat <<'EOF'
[2026-08-20 20:31:18] [cot:thought] PowerShell does not support heredocs. The git commit message
[2026-08-20 20:31:18] [cot:thought] will use a simple `-m` flag.
[2026-08-20 20:31:18] [cot:tool] start shell git log -1 --format='%an %ae %s'; git status -sb; git commit --trailer "Co-authored-by: Cursor <cursoragent@cursor.com>" --amend -m "feat(post): macro-growth-trade-update-2026q3"; git log -3 --oneline; git status -sb
[2026-08-20 20:31:18] [cot:tool] done shell git log -1 --format='%an %ae %s'; git status -sb; git commit --trailer "Co-authored-by: Cursor <cursoragent@cursor.com>" --amend -m "feat(post): macro-growth-trade-update-2026q3"; git log -3 --oneline; git status -sb
[2026-08-20 20:31:18] [cot:thought] The author is Joe M, not me. I committed the changes in this conversation. Amend succeeded. Marking
[2026-08-20 20:31:18] [cot:thought] the job ready.
[2026-08-20 20:31:18] [cot:tool] start shell $env:BLOG_REPO_ROOT='E:\AI Projects\data-insights-blog'; npx tsx "E:\AI Projects\data-insights-blog\scripts\update-agent-job.mjs" --job job-mt27e0ni-m95fr --status ready --activity "Ready for merge" --headline "CPB May trade +1.0% MoM ?? US Q2 GDP 1.5% SAAR ?? PCE 5.1%"; Write-Output "WorkerReady: macro-growth-trade-update-2026q3 | job=job-mt27e0ni-m95fr | worker=1"
[2026-08-20 20:31:18] [cot:tool] done shell $env:BLOG_REPO_ROOT='E:\AI Projects\data-insights-blog'; npx tsx "E:\AI Projects\data-insights-blog\scripts\update-agent-job.mjs" --job job-mt27e0ni-m95fr --status ready --activity "Ready for merge" --headline "CPB May trade +1.0% MoM ?? US Q2 GDP 1.5% SAAR ?? PCE 5.1%"; Write-Output "WorkerReady: macro-growth-trade-update-2026q3 | job=job-mt27e0ni-m95fr | worker=1"
[2026-08-20 20:31:18] [cot:thought] The macro-growth-trade-update-2026q3 post is complete. The HTML file was generated, committed, and the job marked ready.
[2026-08-20 20:31:19] [cot:thought] Shipped **macro-growth-trade-update-2026q3** on `post/macro-growth-trade-update-2026q3-w1`.
[2026-08-20 20:31:19] [cot:thought] **
[2026-08-20 20:31:19] [cot:thought] Headline:** CPB May trade **+1.0% MoM** ?? US Q2 GDP **1.5% SAAR** ?? PCE **5.1%** ???
[2026-08-20 20:31:19] [cot:thought] first hard-data check of the July IMF vintage (trade rebound, US growth soft, prices hot).
[2026-08-20 20:31:19] [cot:thought] **
[2026-08-20 20:31:19] [cot:thought] Deliverables:** data module, 6-panel dashboard (area / bars / composed / scatter), posts + hero PNG, QA + smoke marker, theme registry, backend manifest.
[2026-08-20 20:31:19] [cot:thought] `npm run deploy` passed on ports **4180/4181**.
[2026-08-20 20:31:19] [cot:thought] WorkerReady: macro-growth-trade-update-2026q3 | job=job-mt27e0ni-m95fr | worker=1
[2026-08-20 20:31:19] [cot:system] result ok 615705ms ΓÇö I'll start as worker 1 on `macro-growth-trade-update-2026q3`: check conveyor sync, mark the job researching, then pull the production rules and prior theme posts.Prior post used IMF July 2026 vs April; I'll locate a newer Q3 vintage and mir
