[2026-08-01 00:05:46] Worker 3 starting job job-ms9u7axx-e38na (copper-mine-vs-refinery-geography-2026) in E:\AI Projects\data-insights-blog-worktrees\worker-3 (branch post/copper-mine-vs-refinery-geography-2026-w3)
[2026-08-01 00:05:48] Releasing post/copper-mine-vs-refinery-geography-2026-w3 from other worktree E:/AI Projects/data-insights-blog-worktrees/worker-3 (detach -> master)
[2026-08-01 00:05:49] git: HEAD is now at 0b66a48 merge(post): migration-humanitarian-research-2026 from worker 3 (path-selective)
[2026-08-01 00:05:50] git: M	package.json
[2026-08-01 00:05:50] git: M	src/components/PostVisualization.tsx
[2026-08-01 00:05:50] git: M	src/types/post.ts
[2026-08-01 00:05:50] Existing post/copper-mine-vs-refinery-geography-2026-w3 is empty vs master - resetting from master 0b66a4802791867de514152eb05422337974e9c4
[2026-08-01 00:05:50] Resetting worktree then checkout post/copper-mine-vs-refinery-geography-2026-w3 at 0b66a4802791867de514152eb05422337974e9c4
[2026-08-01 00:05:51] git: HEAD is now at 0b66a48 merge(post): migration-humanitarian-research-2026 from worker 3 (path-selective)
[2026-08-01 00:05:52] git: Removing scripts/bootstrap-worktrees.ps1
[2026-08-01 00:05:53] git: Removing scripts/claim-next-topics.mjs
[2026-08-01 00:05:53] git: Removing scripts/claim-recovery-job.mjs
[2026-08-01 00:05:53] git: Removing scripts/clear-resolved-failures.mjs
[2026-08-01 00:05:53] git: Removing scripts/cursor-watchdog-loop.ps1
[2026-08-01 00:05:53] git: Removing scripts/debug-agent-transport.ps1
[2026-08-01 00:05:53] git: Removing scripts/lib/agent-jobs.mjs
[2026-08-01 00:05:53] git: Removing scripts/lib/production-ship-parser.mjs
[2026-08-01 00:05:53] git: Removing scripts/lib/viz-interaction-qa.mjs
[2026-08-01 00:05:54] git: Removing scripts/local-blog-server.mjs
[2026-08-01 00:05:54] git: Removing scripts/production-stream-server.mjs
[2026-08-01 00:05:54] git: Removing scripts/production-stream-ui.html
[2026-08-01 00:05:54] git: Removing scripts/prompts/
[2026-08-01 00:05:54] git: Removing scripts/prune-post-branches.mjs
[2026-08-01 00:05:54] git: Removing scripts/qa-fiscal-plumbing-research-2026.mjs
[2026-08-01 00:05:54] git: Removing scripts/resolve-flagged-jobs.mjs
[2026-08-01 00:05:55] git: Removing scripts/resume-blog-automation.ps1
[2026-08-01 00:05:55] git: Removing scripts/run-blog-orchestrator.ps1
[2026-08-01 00:05:55] git: Removing scripts/run-blog-production-local.ps1
[2026-08-01 00:05:55] git: Removing scripts/run-blog-worker.ps1
[2026-08-01 00:05:55] git: Removing scripts/start-blog-automation-in-app.ps1
[2026-08-01 00:05:55] git: Removing scripts/stop-blog-automation.ps1
[2026-08-01 00:05:55] git: Removing scripts/theme-balance.ts
[2026-08-01 00:05:55] git: Removing scripts/update-agent-job.mjs
[2026-08-01 00:05:55] git: Removing scripts/watch-blog-production.ps1
[2026-08-01 00:05:57] git: Removing public/images/global-systems-fiscal-plumbing-research-2026-hero.png
[2026-08-01 00:05:57] git: Removing public/images/industry-commercial-aircraft-final-assembly-geography-2026-hero.png
[2026-08-01 00:05:57] git: Removing src/components/charts/
[2026-08-01 00:05:57] git: Removing src/components/visualizations/BankLoanChargeoffsDashboard.tsx
[2026-08-01 00:05:57] git: Removing src/components/visualizations/CommercialAircraftAssemblyDashboard.tsx
[2026-08-01 00:05:57] git: Removing src/components/visualizations/FiscalPlumbingResearchDashboard.tsx
[2026-08-01 00:05:57] git: Removing src/components/visualizations/IrenaRenewableCapacityDashboard.tsx
[2026-08-01 00:05:57] git: Removing src/components/visualizations/MoneyMarketFundsDepositsDashboard.tsx
[2026-08-01 00:05:57] git: Removing src/components/visualizations/NaturalGraphiteMineConcentrationDashboard.tsx
[2026-08-01 00:05:58] git: Removing src/components/visualizations/OecdDacOdaDashboard.tsx
[2026-08-01 00:05:58] git: Removing src/data/bank-loan-chargeoffs-data.ts
[2026-08-01 00:05:58] git: Removing src/data/commercial-aircraft-assembly-data.ts
[2026-08-01 00:05:58] git: Removing src/data/fiscal-plumbing-research-2026-data.ts
[2026-08-01 00:05:58] git: Removing src/data/irena-renewable-capacity-data.ts
[2026-08-01 00:05:58] git: Removing src/data/money-market-funds-deposits-data.ts
[2026-08-01 00:05:58] git: Removing src/data/natural-graphite-mine-concentration-data.ts
[2026-08-01 00:05:58] git: Removing src/data/oecd-dac-oda-data.ts
[2026-08-01 00:05:58] git: Removing src/data/social-security-trust-fund-data.ts
[2026-08-01 00:05:59] git: HEAD is now at 0b66a48 merge(post): migration-humanitarian-research-2026 from worker 3 (path-selective)
[2026-08-01 00:06:00] git: Switched to and reset branch 'post/copper-mine-vs-refinery-geography-2026-w3'
[2026-08-01 00:06:07] Invoking agent for worker 3 (-p --force --trust --workspace worktree)
Connection lost, reconnecting to https://api2.cursor.sh (attempt 1)...
[2026-08-01 00:07:49] WARN: transport blip cliAttempt=1 (raw=1) elapsed=0s
Retry attempt 1...
[2026-08-01 00:07:52] WARN: transport blip cliAttempt=1 (raw=1) elapsed=2s
Connection lost, reconnecting to https://api2.cursor.sh (attempt 2)...
[2026-08-01 00:09:10] WARN: transport blip cliAttempt=2 (raw=2) elapsed=80s
Retry attempt 2...
[2026-08-01 00:09:14] WARN: transport blip cliAttempt=2 (raw=2) elapsed=85s
Connection lost, reconnecting to https://api2.cursor.sh (attempt 3)...
[2026-08-01 00:09:53] WARN: transport blip cliAttempt=3 (raw=3) elapsed=124s
Retry attempt 3...
[2026-08-01 00:10:03] WARN: transport blip cliAttempt=3 (raw=3) elapsed=134s
Connection lost, reconnecting to https://api2.cursor.sh (attempt 4)...
[2026-08-01 00:12:31] INFO: blip streak reset after quiet gap
[2026-08-01 00:12:32] WARN: transport blip cliAttempt=1 (raw=4) elapsed=0s
Retry attempt 4...
[2026-08-01 00:12:49] WARN: transport blip cliAttempt=1 (raw=4) elapsed=18s
Connection lost, reconnecting to https://api2.cursor.sh (attempt 5)...
[2026-08-01 00:14:22] WARN: transport blip cliAttempt=2 (raw=5) elapsed=110s
Retry attempt 5...
[2026-08-01 00:14:58] WARN: transport blip cliAttempt=2 (raw=5) elapsed=147s
Connection lost, reconnecting to https://api2.cursor.sh (attempt 6)...
[2026-08-01 00:16:29] WARN: transport blip cliAttempt=3 (raw=6) elapsed=238s
Retry attempt 6...
[2026-08-01 00:17:33] WARN: transport blip cliAttempt=3 (raw=6) elapsed=302s
Connection lost, reconnecting to https://api2.cursor.sh (attempt 7)...
[2026-08-01 00:19:41] INFO: blip streak reset after quiet gap
[2026-08-01 00:19:42] WARN: transport blip cliAttempt=1 (raw=7) elapsed=0s
Retry attempt 7...
[2026-08-01 00:20:43] WARN: transport blip cliAttempt=1 (raw=7) elapsed=61s
Connection lost, reconnecting to https://api2.cursor.sh (attempt 8)...
[2026-08-01 00:21:24] WARN: transport blip cliAttempt=2 (raw=8) elapsed=103s
Retry attempt 8...
[2026-08-01 00:22:27] WARN: transport blip cliAttempt=2 (raw=8) elapsed=166s
Connection lost, reconnecting to https://api2.cursor.sh (attempt 9)...
[2026-08-01 00:24:44] INFO: blip streak reset after quiet gap
[2026-08-01 00:24:44] WARN: transport blip cliAttempt=1 (raw=9) elapsed=0s
Retry attempt 9...
[2026-08-01 00:25:47] WARN: transport blip cliAttempt=1 (raw=9) elapsed=63s
Connection lost, reconnecting to https://api2.cursor.sh (attempt 10)...
[2026-08-01 00:31:07] INFO: blip streak reset after quiet gap
[2026-08-01 00:31:08] WARN: transport blip cliAttempt=1 (raw=10) elapsed=0s
Retry attempt 10...
[2026-08-01 00:32:16] WARN: transport blip cliAttempt=1 (raw=10) elapsed=69s
RetriableError: Connection failed repeatedly
[2026-08-01 00:43:47] git: HEAD is now at 0b66a48 merge(post): migration-humanitarian-research-2026 from worker 3 (path-selective)
[2026-08-01 00:43:48] git: M	artifacts/backend-manifest.json
[2026-08-01 00:43:49] git: M	scripts/smoke-test-viz-posts.mjs
[2026-08-01 00:43:49] git: M	src/components/PostVisualization.tsx
[2026-08-01 00:43:49] git: M	src/data/posts.ts
[2026-08-01 00:43:49] git: M	src/data/theme-registry.ts
[2026-08-01 00:43:49] git: M	src/types/post.ts
[2026-08-01 00:43:49] Deleting post branch post/copper-mine-vs-refinery-geography-2026-w3 (status=failed ahead=0)
[2026-08-01 00:43:54] git: Deleted branch post/copper-mine-vs-refinery-geography-2026-w3 (was 0b66a48).
[2026-08-01 00:43:55] Worker 3 finished (exit=1)
